; Map created with FinalAlert 2(tm) Mission Editor
; Get it at http://www.westwood.com
; note that all comments were truncated

[Header]
Width=95
Height=24
StartX=208
StartY=56
Waypoint1=220,67
Waypoint2=242,68
Waypoint3=268,68
Waypoint4=293,68
Waypoint5=0,0
Waypoint6=0,0
Waypoint7=0,0
Waypoint8=0,0
NumberStartingPoints=4

[CAOILD]
ProduceCashDelay=200
ProduceCashAmount=40
ProduceCashStartup=2500

[General]
MaximumQueuedObjects=50


[Preview]
Size=0,0,200,30

[PreviewPack]
1=QA4AIAbVs23Vs2zVs2yAASBDLwCGYTQgD6wBCbeiZaGVUaKUT7qlZSAP7AAgBrwAAAHXsW
2=zftWvZs2zWsWzhunDXsGvVjAEM4rx1vKdyyq9zQUNZQUNYSgBCREABSABsAVACCUJFWU5V
3=W3d5XeW9dEwHA+a/cue+cFwILdwBA7WiZJySUlwXTBkDmo9Ss6BiXAstjACYAUAxSABAMU
4=gAQAFJAG1IBkAHMLwAIA9cACp8AQaLajiVe0WbgEuQAiisAZgBUA5IAFACSABAAUgAB23G
5=pWfAnmTBn2SABChcAJgBQARIAFACSABAAScIAFgBSAC4AUABSADMASc0BFgHJywAWBkgD2
6=QEWAeYIlgKUAtIAAFshmY8kAJsAYgDQAFIAEAESABAAUgAQwFsvKXESlBKSEtIAEABUDJQ
7=EScsACADHAFMBFgWM3QGSANDEOO5bUhCSABUQkgAQAEM3Lh4zbF30rN4c39hQURZXEdIAK
8=BJgQFYlABdAlpETQlbZ17cu3vhwIHlwn9MBwLlvHHYsnwXkAtvGZmRT0AWSABcF0sAoJFV
9=iAMrjABYEJACfAVMASeMA1wFQAdIAEABTB9MBFgiQApAVUAxSACQAkkJbSpcAEoMxadYcH
10=wCSAZACokAbT9ECSfcAZkKbVgBQA1LJ72cYCocAT4sANQYWAQnBAEnLABAClgZA5uQUqeU
11=V1AaTAFIAEABSABYGUgAiA8u5AJYB4gYIAFfAI9uPpAFKAwCmAFAB0gAxBqsECfcAUABSA
12=BAEEgAQAFIAEABmBBQCEgAQAcHbMOiaMOhZLqXXZgQK7QFM8wCSE6/At61a1RCSABISwnS
13=tHx/km1+imhZYl6oSCl1CVgnLAAJR0xYu6Vs27h35L98QAdIAE8H3LZugBncEVg9vBRIFU
14=ABSABAAS3MAiq8AEAxrARYBEABA6iWWZ+VVKwBvBRcGlwCSABQAkgAUAJIAIEKbFAFvDVI
15=NipMAUwBBo5zPpl/Rpx/SkwBiABsJUABWA1QLERHTAGJAGxYDVAIJywAQA1IAEANSAxMJa
16=wBXAVAB6wBXAIqLABAB4haWB9JAGxIYFgESABECFQSRBQnLABEBUAHVA+8AkgDSA9YBEAE
17=SABAAUQLRA4ndANcBYgAxBc8LAA2dAkqPAJIDCqkAyosAEAQSABABEwZWLVYagbAnGHCoW
18=HDomYn3AFABEgATARIAFAUSABAFlQzUBonXABAfAPWsm7ctW1Ljd22bqRECdG1fXWAZXF9
19=ZFdiXXdLRFlAYeJZTJTISwhEWXF7X9vAi+DEjVCVUEpQlSfcAUABSAxcJkgAQA1IAEAQSA
20=BAAUgYUClMFkwEiABsJURQJ2wFQAQnXABcBUgAQAdIAEABSABAAUgAQAFIAEABSABQGqwB
21=TA2AB2w6TBxMAQZ3VzOGaj+RdURMAYgAbA1AATBsApgiQAdIAGwEQASsClwLQAFIAEABSA
22=BAAUgAQAFIAEABSABAAUgAQAFIAEABUAuID2TOJ0QDKoQCLSwAUC+JIWxYB0gARAhIAEAB
23=SABAAUgAXAVIAJgTQBNYE0gAQAFIAEABSABAAUgAQAFIAEABSABAAUsAbHhhNGQcQFhQC0
24=gAUAtYCkQdJ3wBVDC8AkgDUAInbAKQGmwKSBtcBSeMAEABSABQBUgAQAEnvANMAVgHUAtc
25=BSfsACpkHAnPs3p0fWBJT1g/QlekSid0CQZQV17Tt37jvnhQ4EhRUEpYUrwIWBNIY1Q8XA
26=tIAFAOSABAAUgAQAFQSiesAbwFQHNQgE8BppRXiANRI2wq/AInpAmsIlsEoJBVSAlACkgD
27=QAoqLACYNFAgSwBsxIc0HCVYE0wHSABAB0gAQAFIAEABiCHcvFgBUAJIAEABSABAAUgAQA
28=FIAEABSABAAUgAQAEnPAVAMUQCiBh0DypEA6QXUAVABEgAQAFIAEABUBcnvAAwjAAnZAFY
29=NLwFgCVQC0gAdCQn7ABMDTMsADB0CbQzSA9ACkgAQAFIACd8AbQ2tCoqbAIqfAEtnAJQBY
30=gPfBFACkgAQApIAEwKQCKYMQFs17JtSJZY4lyPCdCwb3mOaFxoX01UWkyUSABglwVDWExT
31=WtS5g1vf4sGBhUpyWN9IAJAL3B1AIir0ByqsAVgNmDdYEMQ4TBlQAqwEXCYzRAkqXAMqLA
32=BATCfcASosAEwECc6pZcmqZq58RnlmQieMAFwCQCtYE1AjTB9QDkgAQAFIAEABWBCsE0wB
33=SABQAkgAQAFIAEABSABAAUgAQAFIACo8BUAKvAKADUgbSABIIUgAQAFIAEABSAB87FgESA
34=BYB0gAWA1IAKQOKtQDQAQnRAZEC0gALbQCiAZACkgAUAtIAAFtw6JoI3AxLiwABnRhP2hY
35=PIdfLoAT3AVACrQzREdMAUgALXwBTBMqvAAzLABIBioEBC38Aid8AUfpvpxgW+i6l11IS0
36=BGSEsFwqxzdXxgRkudlUVI4QFYS1Faet+4d0AESABMBC1ECTMMAkQ+UBdYJUAWSABQJpgE
37=UCAiXCQnXABAAUgVUB1IAEATJ4wAgAHMIiAPLwDFnFozxC5cEUgMQBNMDUwBSABAJUwTTB
38=BIAEABSABAAUgAQAFIAEABSABAAUgAQAEnPAgnPAKsoFxWJ0QArAFALkBnLbwMRAhIAEgJ
39=SABAASr0ASdUAiocAUAESACkFEgkiAN3J8OiZ7Q2QDdAAUgAQAFIAAzDomaVgE6EcEKGYz
40=enhEcnvACAATEkBVALSAAwfAE2vAAqXABAHEgYQBlIACpsAieMAAPAnmTGpWhIlkvh37Vr
41=IWA4BX+SbV1qX0lOnZVDInAlSJYqDDhY30gGA8OhY9Ctal0IeIAAvClYAYABWB8oXBJAEF
42=BKrKNABEiHWDFYLlwCSBJIPEgAXAKIAEAHSABQIEgAQAFIAEABSABAAQRsiHFFmH1II3A9
43=WAFQAkgAQAFIAEABSABAAUkAbTbELjN8AUwQSABQI0gAQAFIAEABSABAAUgAQAFIAEABSA
44=BAAUgASEsqLAPsCij0AaQCQBxIBkgASAZIAEABJ6QDSEisBEAlKiwAkAIuHAEtjAA2RAlY
45=MQOWfUh9YzlTSrGMUIgJSCFIAEAKSABAAUgAQAFIAEABSABAAUgAQAEijCdQGpChWAFQAk
46=gAQAFIAEABSABAAUgAQAFIAEABKwwpXBpIAEAckDtABEgAbASAEMwBJ78S2byEKHwlBEVZ
47=TFJa3L5E4AF64754UJUkv0u8m2Ih/EqASisQAFwgKkwBWGG8DkgPLVwASCq8hipcADYvAJ
48=+BSIgDbBZDKHZcNiMIIVgBUBdIAEABSAAgAVRBkAjcBSrEDVAUvBFcFEwBSABAAUgAQAFI
49=AEABSABAAUgAQAFIACocAYwBdA/gAWwBUwucklJEBUgGSABAAUgAgATUDyASLABQy1CAXJ
50=JAlEgAQAFIAEABSABAAUTOWCJQI1RLLRQGNqwBUBQnbAJQZZgEUBdIADcUUSeMAEQ7SACs
51=nS3sACePALycYySkVFyVDuO9d3mBYFBYXE1UWkBDWEpQROABYN+8e0RKSABE4EgAKyQJLz
52=AAkBpsEypcErwXkGJAK0gAQARIAEABSABAAUgAQAFIAEABSABAAUgAQQFsUI8nnAKAAdwC
53=QChYKCd0CTPUGyq8ADMsAFgiWIiIA2wNgAF8C1wCQBYn3AQnjAC8AkgDUEQsLAN0BoAfN7
54=xIIAxMECckAqwKmAFlFL0mVE0DwJxhvZ1jWAFAAVBKXJUnjABYIlAjPHQJSDMwdANNDbcm
55=TF5QYkAWQEaAkUgPQBxIAEABSABAAUgAQQFsUHEn3AFAAaxBXAigAVQAR0rlvXRAAUgAUe
56=BBIrBdZOBAAQNUXFyamm5cAkgASEtUAKgAXJugASoUACpMAVwCUBdID1ySQDEndAZMBEwQ
57=iABsEydsF0RukALMFjZECSqMAAmcgEqYekOPbj6Xfk1cAkQOSAAtfAFcAogAbA2AAdwLIA
58=MsAFAXmAQr7ABUSy8sA0AEWApIACX8SkAEUPtUHlBQSABAAUgAIAOkBpgNfAggEhQDVEJI
59=DIFebFRLUCMjuGcobAItTAEqdANETSecAkABSANUNkgYOTwCSC2oACqMAKQCNhcASU5aIZ
60=BBUEqoAANjb1/cxpRRShSAACfUAALGso3dt8hOTBYnXAAqIABcAircAS0sACdsFyrHDYpq
61=OZgEQCJIAFAsSABAAUgAQAFIAEABSABAAUgAQAFIAEABSABAAUgAQAFIAEABSABAAUgAQA
62=FIAEABSABAAUgAQAFIAEABSABAAUgAQAFIAEABSABAAUgAQAFIAEABSABAAUgAQAFIAEAB
63=SABBAWxEYlsWw6FjMLQCUDKQAmQFXFAgBqQGiAZkC4ABbAc89ASYBHwFVEJIeEANtFcndA
64=lQbj90CVAIWweZkU9MlFwUP4wSXAVIACqIB6wBM1AASwPnvnNUAEsAUlpdIsBKKTRnlEku
65=EABEBUsAu66WrB9MAS0IALwCA8qoY8+taKwBSA+AAUghUCZIAEEBbFC5J1wAA21aOnxlPy
66=OJQGwqNAGABNwFOS8A+voASACIDFAFSAB8Czm8AIgDIByMAFjQUAhUOVQAiAAxNAFZiLoi
67=qHdJA21LUbubYyNwQFgTSABQAkgAQAFIAEABSABAAUgAQAFIAEABSABAAUgAQAFIAEABSA
68=BAAUgAQAErlARUQkgAUBFIAEhLJ4QIVEsDlHtGiWc7OWQEWFIn7ACAGdwLLSwAWCuoAFwC
69=KoAGJywAKlwAQ5HcuHghZCUC0rN4WWOTSkNZQiKFQVkuMAmfAeHAgzMfAcOiZrwCA82qZs
70=mlYlQABsqmYbKNT7mWVZwGBhQUFBTVs23VsxEAAJ8OACAIbdWzbNWzbPr6APqIAJgBUAJI
71=AA9srnxGj3NEnHNEpYNM1LRx1bNQAkkAbCqMADYsAPQJKLwApAJUACAMHAE2fAEtXAAGt6
72=JloZVRopRPkAsxhAIDtaJknJJSSAAAA5qPUqCRVcWnZcCeZL6cYMOiZtCtai00AZAIKOQC
73=mAExTAEnXQB4NQAASBJIAFQSSABQBVMUuqVlTA0GhWs9mH1IhmY8TAFcAogA3AsnnAJAB0
74=gAQwezoGKABNwRQCg2CAAnFAIqvAAACteybea/cuW9dNK0fH+SbXR9YEtRWkJFWUFEWRTg
75=AEAH6wEUR0soXABQAkgDLQsAupddKnwBJy8Au5ZVXAUDwp9eyKVhKlwDtBWYBMwcAAPUtW
76=7RsmjRr2bcunPBpGWchlXWt3O0DIAHWARQHUgAQQFsTAqoAIkDbbQJMBQAKnwBICQsAEAx
77=vC9IMEABLRQGSAwDvKVlmZFPREpUAwObkFKnlFdIAFwCiwBswJxQIARtzaZcyJ9VpBe8Ai
78=AGLACoHrQApCNUAFQekAhnI5+VVFwOSABYE0gAVFpABEgAXAsGnIBKmHpDj24+TAEnvABI
79=FVAFvBRcBScsAEBhJ4wAXAsnCABMBycsAEABJ4wAXAIDxqVnwZ5kXkrjuWhLCee+cNm8hK
80=qeaElPWKAWLRQAUE0tRAC4AVhSQBZIACADJA4JtZBRvZhXu5hXz6xnTBBcEQK/nVzDn0lR
81=bEQIJwgAAAPevnniwnzFqWatklh3Zj1pUziWfUq8BUgGgAFQSkAoSABoS5ACbAFIA1gcKg
82=gAiANQBUgA1E5MBJAC3AUgGCwAKuwGkAhIDEgAWApIAEABAWyolllANFg0pEon3BBQBQPM
83=o1jOpllLAMWYTWoAmU0tVwL/AAAnCABcBYgAbAqAAdwLKiwALcgDWF5IWkgPQBBIACdgBU
84=ABgA0HbJuCT7eGS6hxPZgBQApLAGygkFBcQAFIAMwBrBAqjAAqoAEtLABQCycIAFxKQENQ
85=SgPGrXN5jmioRS0UACpECUAHJ3QAA1tnXty7e0QCSwDlvHFUAEgApHGIHtwgJ2wCLRgCuA
86=EDupRVupVVrwGxjVBECKgAAtWybMClqLEJbI5oPnxlP4NjOZR8N3QJTB+wCFQATAGAEHwj
87=KiwASANIAIgDzBMgISwAVEtUgaRHJzQBSEhUOVg6UDtUAyosAAPZt2/gwHJESkhLvgXFmW
88=hLA8meVdOvabQVpCYqFAC8AlAXqABAB6ABVAAqLAC4AVAFLfwRqCpUAEgDCJh+SpF7TbB1
89=P69+UClIJEgAdCFQpyqECyr0AawBTAdMDYkAbEANSAAqLABQC6sAxqVooAFUAKhLJ8AIJy
90=AAVOFIALgBWARIAKwBCUxSWty+g+S/euO+eE8H4bpwSAMqCACsELwRKhQAXAJcETYIALwU
91=TARAAVguUC9YxCe8AwOSaD3Uk0tIA0AEC6t1PsCKTM+wbM2XVYdsSLpQI0gA3B28C1gEoA
92=G0AEAH4QFsLEgCQAdIAGwrTASIACAHLABQ3VCSSEsn1ABEArRIUEpAAUgAQAFIAEABtMxH
93=UOC/crwFA+nGfua9bycIAJACKCQCsBRUGCdcAPwXbAQqLABMBLgBtAAnvAC8jwADupZV2r
94=Vp1K5jRz8zspBRlHRBqXhFJ4wATAdILZgBdB5YWycsAKAQtACkCzAUAJAFfBFcCCcACE8B
95=3bZuJzgArEa2AENHKBwloAS/AkBDWCEAJgNxe1/buHdESkgATJ1IACe8ErAFVABQC0gAtB
96=K0AEwQMGACpAJIA1AFiQBtJ0QPkALMFmhpSMYvvBgJz6xav4dGzo5Hm4JMJ7wArAo2FACw
97=ESoUALwOmAdsK4AB3A4gAywAoEYnpACshUBJWElIAEABSABAAUgAJ4wAREonLwDJn1YnLA
98=A8JAI2RAMqXACICSsUAw/Cn12YeUeykU/QrWOSc0a/kk4njAAqRwnQrGZQSifMFCeMAIAB
99=1CFADZgBK/wO8ALMBIEEbUBALQsA1LZ1qEgtFwBBQ1lA4nYARFmk4APhwIHlwn8q+ABMCr
100=gBvCO0/KzBJDQ0XAL4EGwTXAVYAagAKiwACerGfuPCe+C8b+LBeVwCWx/OpllMlzd2CbBs
101=QEwCyJRTjHMrJA6kCy0UAEwQTAq8SqwBWAGAAVgxUCNIAEABSABAAUgAQAFIAEABSABAAU
102=gAQAFIAEEBbEAcrEYwBAFQmEgDSABYSUgATE9Ar0gYgQ1tphrXtV0IbWI6n1aAOngBgARQ
103=CzEsAC8gAyiMACpoAJARSANQCA1snINPvJNRsnU9l3tKvZtUiAN8AoABbAREXFwsVy3jvn
104=BEpydcAJgQQARIANwFJ4gBTAQnLAAqIABcAogA3AWnQbKsn6ABtAAqUwlBQ1hIAFBKSAAI
105=P0JXWmZdmJ1w3bpk4ESVqAC0BrQAJ3ABLeQOKgwCJywAXBdMASfIAEwBSAC4AVAvogHgwG
106=DHVB5IAFwvVEszZw2fgUi8BawKXAgzCAAnjACAASjcBJgBzCIgCSwAXEdMRi08OCe8CaRK
107=JwQWJ+QCpBpAOoFnbCdcAEQXiA8xVAIzLAMwUACYB3QYKhwlvDJUAAAGz6xox6Vit5RTr4
108=pMyKViv51cupVVvJZUTAEJxqNhvZlYxZ9dz6xnKiwABc+taLiWVq6JfAUwuAFEAlwFAtSy
109=bNSxcA5cFyfkCEwBkBFvGb2ukSEkL0AQqAAG37x4aG9fSU5aWEkPWVFWRElYTFNacXpj17
110=6K4sKEpEpI4UgAJywAQuLYsqoMbbwjrD1MK1h2J7wSJ6wBSBJMAVQAqABPAbeiZSGkRbgB
111=rDGkerwvQGpAATNnDXVhPFgHgBlID9CwvAgqXACkAlQAkAJ8HYkGbVhAUKpID0MQmo9SkE
112=R8CJgEQAFIAFAFSABAASiMEpkEbUgGQAcwpAC8TSdcAKSwSBhIY5ACdAlYATNcALQS5AtQ
113=DlAFSABAAdC8gARYAVACSABwAlAaJwgAXAsGjnRCTToomHVGTAGoOScUAEwHA8ynYsijX0
114=gDTwHUsGtQTawBA9OvatKwazAvAMqkYVwFA7CKTNa0bVwFJ6ABoAEJwp9eyqdj07Br1rFs
115=pEFIS1AIJ8QBoAEF47lt37Vr4by0AQR4UFhcQENZuN8JREhYvKhz1LmD5L98QEnEBAJ4eN
116=61a0AKSABTAty2bkwKiABBH2xESkgAS0unlFeQAnwgWBkqLAC4E1QAWARUACcIACrMBVhJ
117=iAZsCoAB3giOcyTQLtwCJ0gCKiAAKrwAUAuYAdwFrAEtXBVIYLwCLZwCkAJ8DkxGUBpIAE
118=AWSABIUVQAJ3QANtQAIAlcALxxSF1EC0gAgFhAFicMC2wBmA1AAUgASBJIAEABSABAAUgA
119=BGx/Zj7Lq1oqjACgIi0MArACVAAtXACAB3wIvAIDw6JowZ9krAGJA2xYAVACJHRXQEZIPw
120=bkvXTcvYDjwoVMAUAKNggABsqucWt6ZUFEV2RKC0VaQkRZTU9Z1rZ54754RJUz1ABUS1CV
121=vA5MEFCAJ+QFJ7wAXAJABCokDkA9MAgAP2QHXwiKajlICUABiABQINiUJ6wBLSAAkAVYBF
122=AvSABAAUgAQAEo/BFMQ0AWKhwHiAZsBIAB3AVMAbw+vAVIBkABUAKYEFAFWARIAEABSABA
123=AUgAQAFIAEABSABAAUgANIQIWCIn9wGolllIAEBYUAtIDEgAQAFIAEAESACkTSq8AIAQ3A
124=tQlVJKy5tAeWwNiANAAUgAQARIAEABSABAAUgAK9hQRCaQBXwCWBlYAScLAMOhZEgAI9Bb
125=B2y+nGDGpWjDoWNIAAAG17Fs4rx1vKdyyq9zj49pTlVbhYVn48OFJ+AAQAFHTdKxb0AEBc
126=GpcnSBY0FEJKEuWFjfW5TdunghYEFMBEQFMAkA1Sm0ZSpECUAiSABAIoghxOOkcbwCsEqs
127=AVgEWAEn3ARMCkgJUAXgzdwdCJJ0T8alYaR2RJF7IgRGQGdYZ1wgXAUnYAItLABYAYAEKD
128=wFWAFYQzbsBkBbI6hZK7wAKhwHQBZIAEAWSABAAbQbM5QBkALEF0wBUA5Yo1AaWBxIAIAH
129=K2wLUAJIALwCRAtIAEgMSABAAUgAQAFIAEABSABAAUgASBUq1ANQSicEHFgNWByIAEAQSA
130=BYGUgAQAFIAEABLlAJJxwBNiAAREpLAMKhYadK5b10IdhTAAnIrnRzf2FCRVlVUVlZUFZT
131=WF1bZ16Zm2vhwYRXRdi3c0yUQ09qdWMhlC7IAA5EWVRZXG51YpidcN6+hOW8cljcUN1cBS
132=foAZAX3BRYQCe8A0ABSABAH0sAm5BSmARsGUg5WAFY4lwCQARIAEABSABAAUgAQAFIAEAr
133=rAFcL0ABvAWAPUANSAB8CAZZRi6TdESTfE0knF+8HSPQbUAESABsBJAOPSwAXBFIACdkEK
134=wNWBNMB0BJiVpsUEFYEEATSABAAUgAQAFIAEABSABAAVAFmDdQDlgNSABAASi0CJBEUAJI
135=AHwCWA1IACfEAaQIUAhAAUgAQAFIAEABJ4wASBK8C0gGXAJIAEAESAAnXACID1ALSAAxBB
136=ysByqMAC0sACcoBzkgAFgrtAOQSgRkwZ5kvppeRNQAD9W1c+O9ds+zeldiXUdHWEBDWEdM
137=WXJ9Y9y7e+O9d9KzeMyUJug3XEpA3wZtcV6Dh2rXuYCkSlBKUIO9odgi4XhtWAEnrBBQL0
138=RxXB1AH0geSDNMAUABJ1wDWDRIA1ACVEVQAlBQQAFYAVACSABAAUgAQAFIAEABSABAAVgH
139=XAhIAFwFiAB8MoABbiiufiSYVG8BxKRmWP2IA8wEWA20QlACrA2YAVAFSADMBEgDkCwuHC
140=isGVgTLYQLSBJAE0gAQAFIAEABSABNBNYiNDRYCkgAK2QBpEG0GC1cDFgHSABYB0gAQAFI
141=AEABSABAAUAKilFspiVQKswKtBisBFiUgApIA1AOSABBAWxQlSAJBBwB1bNs1REAAGADUA
142=YJs23Vs23Vs2zVs2x4NQAAgARZBGxMBAi9nGDXsWzftWvZs1kBbawBABXnvnDfvHhob19J
143=Tlo/QldKUFpOVVuSjmHYuHl5gWBBRFlCRVlBQ1hIAAxNT1ltcV54eWHWtnnmv3JABwnctm
144=7GpWe+nGDCoWFLAMalaJgNBGzEpGbDomasAVwOCaiWWaaUV6CQVaeUV5AC3BEGtaJkoZVR
145=opRPSABDAZuQUkAErAFYAUABSABAAUgAQAFIAEABSABAAUgAKhwBKiwACcigXY5zPpl/Rp
146=x/SipcAEwBCbylZZmRT5ySUpqPUrwITAFAAUgAQAoDs6Bit6JlSANAAUwWUAVbFp+VVEsD
147=oJFVWAdQAkgAUAJIALwCQAdIAEAESABAAUgAQAFIAEABrBm3Btaxa4AB1B4nLABAIicsAE
148=QLKjQEWAeJA2xADVQJSABYCkgAWBNTEcWnZVwFQARQFKQaQARIBlQnSABcAogASDwJbJqC
149=ULOMUMuSULqMqBguDAK8CCe8AIABMYwAKnAJLYwAA9eybeO5bVBKSEJIAFRCSAAJ4rx1cn
150=5iTFRaTVRaREcBQUNZQkBJAkRZa3JfWElIAFACVAADVFlcbnViKkQJTAcJ4bpw5bxx2LJs
151=wJ5kSEsDw6FkupddXhTDosRNmAFQFEgAbBwtPAKYAXwmQCKsASqcBS08BVwmSABAK0gAQA
152=FIAEABmCtQC0gA3As2RAm8C0wTQAdIAEwHSABAAUgPQDGsAVgBQAFIAEw3SAC0S1hhJ+wA
153=KtQJUAVIAFAFSABAAUgAQAFIAEABrApYCgbZs23////bvH6mCNewLnQJQgq6pWREWEMwrA
154=qAEEgbSQBsRCNABFARQAFEC4AKfAJEGjZcAAmZgE7Bmle1eUGWcUsqvAAgMywAW0nlvHJQ
155=jFRCREoGeYFfVl9dT1ZbsJJkSqiTSUtFuZRZXEpIAAmDh2rXuYDdt27Ys2xYB0ABA7ycY8
156=mnZVgBVEhYoAbAnGHDoWO9nWMoLgCcYIgYxD4gFSwAWChcJlA1SDZIAEABSABAAUgAWHYq
157=TAEGn4FIk3VAkXVEkALMLjMsAERWSD+IA3w1gAF8BVwCUAtYDUABLXwBM9wHTARcBUgAQA
158=FIAEABSABAAQmnlFfXsWzVs23Vs2wRAAA=

[63811828]
0=4,MGTK
1=3,SREF
Name=3 Prism Tanks, 4 Mirages
Group=-1

[63811829]
0=54,0
1=53,0
2=0,1
3=11,15
Name=AI Prism+Mirage Attack

[63811830]
Max=5
Full=no
Name=Prism+Mirage Attack
Group=-1
House=Neutral
Script=63811829
Whiner=no
Droppod=no
Suicide=no
Loadable=no
Prebuild=no
Priority=5
Waypoint=A
Annoyance=yes
IonImmune=no
Recruiter=yes
Reinforce=no
TaskForce=63811828
TechLevel=0
Aggressive=yes
Autocreate=no
GuardSlower=no
OnTransOnly=no
AvoidThreats=no
LooseRecruit=no
VeteranLevel=1
IsBaseDefense=no
UseTransportOrigin=no
MindControlDecision=0
OnlyTargetHouseEnemy=no
TransportsReturnOnUnload=no
AreTeamMembersRecruitable=yes

[AITriggerTypes]
01000008=Prism+Mirage Attack,63811830,<all>,1,1,GATECH,01000000030000000000000000000000000000000000670100000000cc869412,250.000000,230.000000,250.000000,1,0,1,0,<none>,1,1,1

[AITriggerTypesEnable]
01000008=yes
07673690=yes
089450E0=yes
0A083A90=yes
03DAEDC0-G=yes
041CFAE0-G=yes
0439D1FC-G=yes
0439D5BC-G=yes
0439D91C-G=yes
0439DB9C-G=yes
043F40BC-G=yes
043F521C-G=yes
043F874C-G=yes
044082BC-G=yes
05CB5B6C-G=yes
05CB830C-G=yes
05CBAEDC-G=yes
05CBC04C-G=yes
05CBC19C-G=yes
05CBC2EC-G=yes
05FC088C-G=yes
05FC0C9C-G=yes
05FC13EC-G=yes
05FC1A8C-G=yes
05FC1C5C-G=yes
05FC333C-G=yes
05FC37CC-G=yes
05FC3C9C-G=yes
05FC50EC-G=yes
05FC747C-G=yes
05FC75CC-G=yes
05FFA7DC-G=yes
05FFB18C-G=yes
06002BFC-G=yes
0611A1EC-G=yes
0611A33C-G=yes
0612B11C-G=yes
0612CD8C-G=yes
0612EAEC-G=yes
0612F46C-G=yes
0612F9AC-G=yes
0616004C-G=yes
06C551AC-G=yes
07340030-G=yes
07340140-G=yes
07340250-G=yes
07340360-G=yes
07340690-G=yes
073409C0-G=yes
07340AD0-G=yes
07341030-G=yes
07341140-G=yes
07341250-G=yes
07341BE0-G=yes
07342470-G=yes
07342BE0-G=yes
07343360-G=yes
07343690-G=yes
07343F10-G=yes
0748F220-G=yes
074AC080-G=yes
074ADF20-G=yes
074B3330-G=yes
075A52F0-G=yes
075A53F0-G=yes
075A5EC0-G=yes
0762D170-G=yes
0762D280-G=yes
076731E0-G=yes
076732D0-G=yes
076733C0-G=yes
076734B0-G=yes
076735A0-G=yes
07673780-G=yes
07673870-G=yes
07673960-G=yes
07673A50-G=yes
07673B40-G=yes
07673C30-G=yes
07673D20-G=yes
07673E10-G=yes
07740B20-G=yes
0775E120-G=yes
0775E220-G=yes
0775E320-G=yes
0775FF20-G=yes
0779BBE0-G=yes
0779EBE0-G=yes
07836E0C-G=yes
078816AC-G=yes
078817EC-G=yes
078F4B2C-G=yes
0796E0F0-G=yes
079804AC-G=yes
079807CC-G=yes
0798090C-G=yes
07981BAC-G=yes
0798490C-G=yes
0798565C-G=yes
079863BC-G=yes
0798717C-G=yes
079E5CAC-G=yes
07A3C33C-G=yes
07A3DC7C-G=yes
07AE6320-G=yes
07AE6520-G=yes
07C04C7C-G=yes
07C04EDC-G=yes
07C0B14C-G=yes
07C30A5C-G=yes
07C310BC-G=yes
07C3266C-G=yes
07C329FC-G=yes
07C330CC-G=yes
07C33DDC-G=yes
07C4853C-G=yes
07CC6030-G=yes
07CC6140-G=yes
07CC6250-G=yes
07CC6360-G=yes
07CC6470-G=yes
07CC6580-G=yes
07CC66F0-G=yes
07CC6800-G=yes
07CC6AD0-G=yes
07CC6BE0-G=yes
07CC6CF0-G=yes
07CC6E00-G=yes
07CC6F10-G=yes
07CC7690-G=yes
07CC77A0-G=yes
07CC78B0-G=yes
07CC79C0-G=yes
07CC7AD0-G=yes
07CC7BE0-G=yes
07CC7CF0-G=yes
07CC7E00-G=yes
07CC7F10-G=yes
07CDB770-G=yes
07D2CE60-G=yes
07D39280-G=yes
07D39360-G=yes
07D39440-G=yes
07D39600-G=yes
07D396E0-G=yes
07D5E8A0-G=yes
07D70470-G=yes
07D70D20-G=yes
07E30560-G=yes
07E30660-G=yes
07E57AE0-G=yes
07E6F250-G=yes
07E6FCC0-G=yes
07E6FDC0-G=yes
07E8B210-G=yes
07E8B310-G=yes
07E8B410-G=yes
07E8BB50-G=yes
07E8BC50-G=yes
07E8BD50-G=yes
07E8BE50-G=yes
07E8C9B0-G=yes
07E8CAB0-G=yes
07E8CBB0-G=yes
07E8CCB0-G=yes
07EA53C0-G=yes
07EA54C0-G=yes
07EB4490-G=yes
07EB5AD0-G=yes
07EB5BE0-G=yes
07EB5CF0-G=yes
07ECC040-G=yes
07ECC2E0-G=yes
07ECC580-G=yes
07ECC820-G=yes
07EF8A30-G=yes
07EF8B30-G=yes
07F232E0-G=yes
07F26720-G=yes
07F3D830-G=yes
07F3EC20-G=yes
07F3EE20-G=yes
07F3EF20-G=yes
07FC4E50-G=yes
07FC5110-G=yes
07FC53B0-G=yes
07FC5650-G=yes
07FC59C0-G=yes
07FC5AD0-G=yes
080991C4-G=yes
080AB180-G=yes
080C70E0-G=yes
080C71E0-G=yes
080CF120-G=yes
080CF220-G=yes
080D0120-G=yes
080D0220-G=yes
080D0320-G=yes
080D0420-G=yes
080D0520-G=yes
080D0620-G=yes
080D0720-G=yes
080D0820-G=yes
080D0920-G=yes
080D0A20-G=yes
080D0B20-G=yes
080D0C20-G=yes
080D1120-G=yes
080D1220-G=yes
080D1320-G=yes
080D1420-G=yes
080D1520-G=yes
080D1620-G=yes
080D1720-G=yes
080D1820-G=yes
080D1920-G=yes
080D1A20-G=yes
080D1C20-G=yes
080D1D20-G=yes
080D1E20-G=yes
080D1F20-G=yes
080D2120-G=yes
080D2220-G=yes
080D2320-G=yes
080D2420-G=yes
080D2520-G=yes
080D2620-G=yes
080D2720-G=yes
080D2820-G=yes
080D2920-G=yes
080D2C20-G=yes
080D2D20-G=yes
080D2E20-G=yes
080D2F20-G=yes
080D312C-G=yes
080D326C-G=yes
080D348C-G=yes
080D3520-G=yes
080D3620-G=yes
080D3720-G=yes
080D3920-G=yes
080D3A20-G=yes
080D3B20-G=yes
080D3C20-G=yes
080D3D20-G=yes
080D3E20-G=yes
080D3F20-G=yes
080D4120-G=yes
080D4220-G=yes
080D4320-G=yes
080D4420-G=yes
080D4520-G=yes
080D4620-G=yes
080D4720-G=yes
080D4820-G=yes
080D4D20-G=yes
080D4E20-G=yes
080D4F20-G=yes
080D5120-G=yes
080D5220-G=yes
080D5320-G=yes
080D5420-G=yes
080D5520-G=yes
080D5620-G=yes
080D5720-G=yes
080D5820-G=yes
080D5920-G=yes
080D5A20-G=yes
080D5B20-G=yes
080D5C20-G=yes
080D5D20-G=yes
080D5E20-G=yes
080D5F20-G=yes
080D6120-G=yes
080D6220-G=yes
080D6320-G=yes
080D6420-G=yes
080D6520-G=yes
080D6620-G=yes
080D6720-G=yes
080D6820-G=yes
080D6920-G=yes
080D6A20-G=yes
080D6B20-G=yes
080D6C20-G=yes
080D6D20-G=yes
080D6E20-G=yes
080D6F20-G=yes
080D7620-G=yes
080D7720-G=yes
080D7820-G=yes
080D7D20-G=yes
080D7E20-G=yes
080D7F20-G=yes
080D8620-G=yes
080D8920-G=yes
080D9320-G=yes
080D9420-G=yes
080D9520-G=yes
080DA220-G=yes
080DA320-G=yes
080DA820-G=yes
080DA920-G=yes
080DAE20-G=yes
080DAF20-G=yes
080DBB20-G=yes
080DBC20-G=yes
080DDBE0-G=yes
080DF140-G=yes
080E2360-G=yes
080E8920-G=yes
080E8A20-G=yes
080E8B20-G=yes
080E8C20-G=yes
080E8D20-G=yes
080E8E20-G=yes
080E8F20-G=yes
080F9470-G=yes
080FB470-G=yes
081E326C-G=yes
081E462C-G=yes
081E476C-G=yes
081E48AC-G=yes
081E4DAC-G=yes
082069BC-G=yes
08225C6C-G=yes
0822663C-G=yes
08278740-G=yes
08278840-G=yes
08278940-G=yes
08278A40-G=yes
082D7D50-G=yes
082F625C-G=yes
082F7C6C-G=yes
082F7DAC-G=yes
082F7EEC-G=yes
083AC250-G=yes
083D1030-G=yes
083D2360-G=yes
083D2690-G=yes
083D2AD0-G=yes
083D430C-G=yes
08440550-G=yes
08440650-G=yes
08440750-G=yes
08440850-G=yes
08440950-G=yes
08440AE0-G=yes
084712B0-G=yes
08471C20-G=yes
08472A20-G=yes
08472B20-G=yes
08472C20-G=yes
08472D20-G=yes
08472E20-G=yes
08472F20-G=yes
084756C0-G=yes
084EF620-G=yes
084EF720-G=yes
084EF820-G=yes
084EF920-G=yes
084EFA20-G=yes
084EFB20-G=yes
084EFC20-G=yes
084EFF20-G=yes
084F0A20-G=yes
084F0B20-G=yes
084F4130-G=yes
084F4230-G=yes
084F7D20-G=yes
08500120-G=yes
08507720-G=yes
085696F0-G=yes
0856AD20-G=yes
0856AF20-G=yes
085940B0-G=yes
085944D0-G=yes
085945B0-G=yes
085945D0-G=yes
085946B0-G=yes
085947B0-G=yes
085948B0-G=yes
085949B0-G=yes
08594AB0-G=yes
08595620-G=yes
08595720-G=yes
08595E20-G=yes
08595F20-G=yes
08596050-G=yes
08596350-G=yes
08596450-G=yes
08596550-G=yes
08596650-G=yes
08596750-G=yes
08596850-G=yes
08596B20-G=yes
08596C20-G=yes
08596D20-G=yes
08597420-G=yes
08597520-G=yes
08597720-G=yes
08597820-G=yes
08597920-G=yes
08597A20-G=yes
08597B20-G=yes
08597C20-G=yes
08597D20-G=yes
08597E20-G=yes
085980D0-G=yes
085981D0-G=yes
085982D0-G=yes
085983D0-G=yes
085984D0-G=yes
085985D0-G=yes
085986D0-G=yes
085987D0-G=yes
085988D0-G=yes
08598A20-G=yes
08598B20-G=yes
08598C20-G=yes
08598D20-G=yes
08598E20-G=yes
08598F20-G=yes
08599F20-G=yes
0859A060-G=yes
0859A160-G=yes
0859A820-G=yes
0859AB20-G=yes
0859B030-G=yes
0859B130-G=yes
0859B330-G=yes
0859B430-G=yes
0859B630-G=yes
0859B930-G=yes
0859BA30-G=yes
0859BB30-G=yes
0859BD20-G=yes
0859BE20-G=yes
0859BF20-G=yes
0859C0E0-G=yes
0859C1E0-G=yes
0859C2E0-G=yes
0859C3E0-G=yes
0859C720-G=yes
0859C820-G=yes
0859C920-G=yes
0859CA20-G=yes
0859CB20-G=yes
0859CC20-G=yes
0859CD20-G=yes
0859CE20-G=yes
0859CF20-G=yes
0859D2C0-G=yes
0859DE20-G=yes
0859DF20-G=yes
0859E070-G=yes
0859E170-G=yes
0859E270-G=yes
0859ED20-G=yes
0859F140-G=yes
0859F240-G=yes
0859F340-G=yes
0859F440-G=yes
0859F540-G=yes
0859F640-G=yes
0859F740-G=yes
0859F840-G=yes
0859F940-G=yes
0859FD20-G=yes
0859FE20-G=yes
0859FF20-G=yes
085A0320-G=yes
085A0420-G=yes
085A0D20-G=yes
085A0E20-G=yes
085A0F20-G=yes
085A10A0-G=yes
085A11A0-G=yes
085A12A0-G=yes
085A13A0-G=yes
085A17F0-G=yes
085A18F0-G=yes
085A1BF0-G=yes
085A1D20-G=yes
085A1E20-G=yes
085A1F20-G=yes
085A20A0-G=yes
085A21A0-G=yes
085A22A0-G=yes
085A23A0-G=yes
085A24A0-G=yes
085A25A0-G=yes
085A26A0-G=yes
085A2A20-G=yes
085A2B20-G=yes
085A2C20-G=yes
085A30B0-G=yes
085A31B0-G=yes
085A32B0-G=yes
085A3480-G=yes
085A3580-G=yes
085A3680-G=yes
085A3780-G=yes
085A3880-G=yes
085A3B80-G=yes
085A3D20-G=yes
085A3E20-G=yes
085A3F20-G=yes
085A4230-G=yes
085A4430-G=yes
085A4530-G=yes
085A4630-G=yes
085A4730-G=yes
085A4C20-G=yes
085A4D20-G=yes
085A4E20-G=yes
085A4F20-G=yes
085A5320-G=yes
085A5420-G=yes
085A5520-G=yes
085A5A20-G=yes
085A5B20-G=yes
085A5C20-G=yes
085A5D20-G=yes
085AD3A0-G=yes
085ED0F0-G=yes
085FE470-G=yes
085FE690-G=yes
085FE8B0-G=yes
0861A2CC-G=yes
0861AACC-G=yes
0862B8BC-G=yes
086331FC-G=yes
08633A3C-G=yes
0863498C-G=yes
086C804C-G=yes
086D9900-G=yes
086D9A00-G=yes
086DC220-G=yes
086DC320-G=yes
086DCB90-G=yes
086DD0C0-G=yes
086DD1C0-G=yes
086DF430-G=yes
08715120-G=yes
08715320-G=yes
08716820-G=yes
08716E20-G=yes
087CE320-G=yes
087CE920-G=yes
087CEA20-G=yes
087CEF20-G=yes
087D5AA0-G=yes
088082C0-G=yes
088083C0-G=yes
0880E0C0-G=yes
0880E310-G=yes
0880E410-G=yes
0880E510-G=yes
0880E610-G=yes
0880E710-G=yes
08815C6C-G=yes
08815DAC-G=yes
088163AC-G=yes
088164EC-G=yes
0881662C-G=yes
08816B2C-G=yes
0881A0F0-G=yes
0881A3C0-G=yes
0881BA20-G=yes
0881BB20-G=yes
0881BC20-G=yes
0881BE20-G=yes
0881BF20-G=yes
08821CF0-G=yes
08821E00-G=yes
08821F10-G=yes
08823100-G=yes
08823200-G=yes
08823300-G=yes
08823520-G=yes
08823630-G=yes
08823740-G=yes
08823F10-G=yes
08825F20-G=yes
08841090-G=yes
08843F30-G=yes
08850F10-G=yes
08860AF0-G=yes
08860C00-G=yes
08860D10-G=yes
088BE5D0-G=yes
088BE6D0-G=yes
088BE7D0-G=yes
088BE8D0-G=yes
088C8EDC-G=yes
08947770-G=yes
0895BC20-G=yes
089A2120-G=yes
089A3110-G=yes
089A4120-G=yes
089A5120-G=yes
089A7120-G=yes
089C93F0-G=yes
089C94F0-G=yes
089C96F0-G=yes
08A76DAC-G=yes
08A76EEC-G=yes
08B2476C-G=yes
08B248AC-G=yes
08B24B2C-G=yes
08B35320-G=yes
08B35420-G=yes
08B35520-G=yes
08B35620-G=yes
08B35720-G=yes
08B35820-G=yes
08B35920-G=yes
08B56C60-G=yes
08B56DA0-G=yes
08B80660-G=yes
08B80760-G=yes
08B8EE80-G=yes
08B902EC-G=yes
08B90B1C-G=yes
08B911BC-G=yes
08B9154C-G=yes
08B9213C-G=yes
08B9305C-G=yes
08B9356C-G=yes
08B940EC-G=yes
08B9423C-G=yes
08B9483C-G=yes
08B9586C-G=yes
08B9641C-G=yes
08B9708C-G=yes
08B9767C-G=yes
08B97C6C-G=yes
08BBC3E0-G=yes
08BBC4E0-G=yes
08BBCA80-G=yes
08BBCB80-G=yes
08BBCE20-G=yes
08BBCF20-G=yes
08BBE8C0-G=yes
08BBE9C0-G=yes
08BF8520-G=yes
08BF8620-G=yes
08C6019C-G=yes
08C7876C-G=yes
08C874FC-G=yes
08C87B2C-G=yes
08CBA8B0-G=yes
08CBAAD0-G=yes
08CBACF0-G=yes
08CBAE00-G=yes
08CBB250-G=yes
08CBB580-G=yes
08CBC250-G=yes
08CBC360-G=yes
08CBC470-G=yes
08CBC580-G=yes
08CBCAD0-G=yes
08CBCCF0-G=yes
08CBCF10-G=yes
08CBD690-G=yes
08CBD7A0-G=yes
08CBD8B0-G=yes
08CBDCF0-G=yes
08CCA360-G=yes
08CCB030-G=yes
08CCB360-G=yes
08CCCCF0-G=yes
08CCCF10-G=yes
08CF8120-G=yes
08D1EB2C-G=yes
08D427F0-G=yes
08D42900-G=yes
08D42A10-G=yes
08DC0CCC-G=yes
08DF462C-G=yes
08E45520-G=yes
08E45620-G=yes
08E45720-G=yes
08E4A360-G=yes
08E4A470-G=yes
08E4A580-G=yes
08E4A690-G=yes
08E4A7A0-G=yes
08E4A8B0-G=yes
08EAA220-G=yes
08EAA320-G=yes
08EAA420-G=yes
08EAA520-G=yes
08EAA620-G=yes
08EAA720-G=yes
08EBF8B0-G=yes
08EC1360-G=yes
08EC4030-G=yes
08EC5250-G=yes
08EC5360-G=yes
08EC5470-G=yes
08EC58B0-G=yes
08EC5E00-G=yes
08EC98B0-G=yes
08ECBF10-G=yes
08F7A220-G=yes
08F7A720-G=yes
08F7A820-G=yes
08F7AB20-G=yes
08F7AE20-G=yes
08F7AF20-G=yes
09093DB0-G=yes
090B8BE0-G=yes
090B8F10-G=yes
090C7510-G=yes
090C7600-G=yes
090C76F0-G=yes
090C77E0-G=yes
090C78D0-G=yes
090C79C0-G=yes
090C7AB0-G=yes
090C7BA0-G=yes
090C7C90-G=yes
090C7D80-G=yes
090EFB90-G=yes
090EFC90-G=yes
090F8D20-G=yes
090F8E20-G=yes
090F8F20-G=yes
090F9350-G=yes
090FA500-G=yes
090FA600-G=yes
090FA700-G=yes
090FC820-G=yes
090FD760-G=yes
090FD860-G=yes
090FD960-G=yes
090FDA60-G=yes
090FDB60-G=yes
090FDE20-G=yes
090FDF20-G=yes
091001C0-G=yes
091002C0-G=yes
09100F20-G=yes
09101470-G=yes
09101920-G=yes
09101A20-G=yes
09101B20-G=yes
09101D20-G=yes
09101F20-G=yes
09102140-G=yes
09102240-G=yes
09102C20-G=yes
09103A20-G=yes
09103B20-G=yes
09103C20-G=yes
09103F20-G=yes
09114120-G=yes
09114220-G=yes
09114320-G=yes
09114420-G=yes
09114520-G=yes
09114620-G=yes
09114720-G=yes
09114820-G=yes
09114920-G=yes
09115E20-G=yes
09115F20-G=yes
0914DE20-G=yes
091C9EE4-G=yes
091F4720-G=yes
09210B20-G=yes
0921D770-G=yes
0926C520-G=yes
0926C820-G=yes
0926DD20-G=yes
0926DE20-G=yes
0926DF20-G=yes
09276220-G=yes
09276820-G=yes
09277D20-G=yes
09277F20-G=yes
092945FC-G=yes
092A237C-G=yes
092A24BC-G=yes
092A25FC-G=yes
092AD9EC-G=yes
092EE9C0-G=yes
092EECF0-G=yes
09300B20-G=yes
09300D20-G=yes
09300E20-G=yes
09300F20-G=yes
093011F0-G=yes
093013F0-G=yes
09301B20-G=yes
09305620-G=yes
09306E20-G=yes
09308120-G=yes
09308220-G=yes
09308320-G=yes
09308920-G=yes
09308A20-G=yes
09308B20-G=yes
09309420-G=yes
09309520-G=yes
09309620-G=yes
09309A20-G=yes
09309B20-G=yes
0930A120-G=yes
0930A240-G=yes
0930A520-G=yes
0930A720-G=yes
0930A820-G=yes
0930B220-G=yes
0930B320-G=yes
0930B420-G=yes
0930B520-G=yes
0930BA20-G=yes
0930BB20-G=yes
0930BC20-G=yes
0930BD20-G=yes
0930BDC0-G=yes
0930C920-G=yes
0930D620-G=yes
0930D720-G=yes
0930DF20-G=yes
09345B44-G=yes
093652D4-G=yes
09366EE4-G=yes
0936A0D4-G=yes
0936A224-G=yes
0936A524-G=yes
0940E76C-G=yes
09443120-G=yes
09443260-G=yes
094439E0-G=yes
09443B20-G=yes
09444120-G=yes
09444260-G=yes
094443A0-G=yes
09445C60-G=yes
09445DA0-G=yes
09445EE0-G=yes
094B21CC-G=yes
094B37BC-G=yes
094B50CC-G=yes
09504B94-G=yes
0950B470-G=yes
0950B580-G=yes
09513904-G=yes
09521A04-G=yes
095C6030-G=yes
095C6250-G=yes
095C6470-G=yes
095C67A0-G=yes
095C77A0-G=yes
095C8CF0-G=yes
095CE250-G=yes
09601030-G=yes
09601140-G=yes
09601250-G=yes
09601360-G=yes
09601470-G=yes
09601580-G=yes
09601690-G=yes
096017A0-G=yes
096018B0-G=yes
096019C0-G=yes
09601AD0-G=yes
09601CF0-G=yes
09601F10-G=yes
09602030-G=yes
09602140-G=yes
09602250-G=yes
09602470-G=yes
09602580-G=yes
09602E00-G=yes
09602F10-G=yes
09603F10-G=yes
0964A030-G=yes
0964A140-G=yes
0964A250-G=yes
0964A360-G=yes
0964A470-G=yes
0964B030-G=yes
0964B8B0-G=yes
0964B9C0-G=yes
0964BAD0-G=yes
0964BBE0-G=yes
0964BCF0-G=yes
0964BE00-G=yes
0964BF10-G=yes
0964C250-G=yes
0964C360-G=yes
0964C470-G=yes
0964C580-G=yes
0964C690-G=yes
0964C7A0-G=yes
0964C8B0-G=yes
0964C9C0-G=yes
0964CAD0-G=yes
096B3220-G=yes
096B39B0-G=yes
096B83F0-G=yes
096B8810-G=yes
096B9910-G=yes
096B9A00-G=yes
096BAA80-G=yes
096E8480-G=yes
096E8580-G=yes
096E8880-G=yes
096EF4EC-G=yes
096EF9EC-G=yes
096EFB2C-G=yes
096EFDAC-G=yes
096FD76C-G=yes
09710B2C-G=yes
0972A990-G=yes
0972B140-G=yes
0972B220-G=yes
0975962C-G=yes
0978576C-G=yes
09798200-G=yes
097985A0-G=yes
09799C80-G=yes
09799F20-G=yes
097DC030-G=yes
097DC580-G=yes
097DDCF0-G=yes
097DDE00-G=yes
097DDF10-G=yes
0989D5DC-G=yes
0989D85C-G=yes
098EB0F0-G=yes
0990BC30-G=yes
099166F0-G=yes
09916A40-G=yes
0995A3F0-G=yes
0995BE80-G=yes
09960060-G=yes
099B4D5C-G=yes
099EDAF4-G=yes
09A8E030-G=yes
09A8E210-G=yes
09A8E300-G=yes
09A8E4E0-G=yes
09A8E5D0-G=yes
09A8E6C0-G=yes
09A8E7B0-G=yes
09A8E8A0-G=yes
09A8E990-G=yes
09A8EB70-G=yes
09A8EC60-G=yes
09A8EF30-G=yes
09A8FD40-G=yes
09A92A20-G=yes
09B15B00-G=yes
09B15BF0-G=yes
09B15CE0-G=yes
09B15DD0-G=yes
09B8158C-G=yes
09B816CC-G=yes
09B8180C-G=yes
09B8693C-G=yes
09B8757C-G=yes
09B8F460-G=yes
09B8F640-G=yes
09B90F30-G=yes
09BA5A80-G=yes
09BA5B70-G=yes
09BA5C60-G=yes
09BA5D50-G=yes
09BA5E40-G=yes
09BA5F30-G=yes
09BA6280-G=yes
09BA6370-G=yes
09BA6460-G=yes
09BA65D0-G=yes
09BA66C0-G=yes
09BA67B0-G=yes
09BD203C-G=yes
09BDB62C-G=yes
09BDC76C-G=yes
09C4ABBC-G=yes
09C9481C-G=yes
09C9495C-G=yes
09CB212C-G=yes
09CB3EEC-G=yes
09CEAC20-G=yes
09CEBE20-G=yes
09D20220-G=yes
09D20320-G=yes
09D20420-G=yes
09D20620-G=yes
09D20720-G=yes
09D20820-G=yes
09D20920-G=yes
09D20A20-G=yes
09D20B20-G=yes
09D20F20-G=yes
09D21520-G=yes
09D21620-G=yes
09D21820-G=yes
09D21A20-G=yes
09D21E20-G=yes
09D21F20-G=yes
09D22420-G=yes
09D22520-G=yes
09D22620-G=yes
09D22720-G=yes
09D22820-G=yes
09D22920-G=yes
09D22A20-G=yes
09D22B20-G=yes
09D22D20-G=yes
09D22E20-G=yes
09D22F20-G=yes
09D558AC-G=yes
09D559EC-G=yes
09D55C6C-G=yes
09D733AC-G=yes
09D76C7C-G=yes
09D7732C-G=yes
09D9712C-G=yes
09DA7560-G=yes
09DB676C-G=yes
09DF1120-G=yes
09DF9B2C-G=yes
09DF9C6C-G=yes
09DFA64C-G=yes
09E40030-G=yes
09E40250-G=yes
09E40580-G=yes
09E42AD0-G=yes
09E42BE0-G=yes
09E42CF0-G=yes
09E42E00-G=yes
09E42F10-G=yes
09E4562C-G=yes
09E9E7A0-G=yes
09EA08AC-G=yes
09EA2DAC-G=yes
09EEBCD0-G=yes
09EF4430-G=yes
09EF4530-G=yes
09EF4C6C-G=yes
09EF626C-G=yes
09F2BB2C-G=yes
09F2E320-G=yes
09F2E520-G=yes
09F2E920-G=yes
09F2EA20-G=yes
09F2EB20-G=yes
09F30210-G=yes
09F30310-G=yes
09F30410-G=yes
09F30510-G=yes
09FA7EEC-G=yes
09FADEEC-G=yes
09FF2320-G=yes
09FF2420-G=yes
09FF2520-G=yes
09FF2620-G=yes
09FF2720-G=yes
09FF2820-G=yes
09FF2920-G=yes
09FF2A20-G=yes
09FF83AC-G=yes
09FF84EC-G=yes
0A001350-G=yes
0A0115B0-G=yes
0A0116B0-G=yes
0A0119EC-G=yes
0A0494EC-G=yes
0A063980-G=yes
0A067480-G=yes
0A068B2C-G=yes
0A068C6C-G=yes
0A068DAC-G=yes
0A068EEC-G=yes
0A06A12C-G=yes
0A06B76C-G=yes
0A06B9EC-G=yes
0A06BEEC-G=yes
0A083980-G=yes
0A083BA0-G=yes
0A0850A0-G=yes
0A0851B0-G=yes
0A0852C0-G=yes
0A0853D0-G=yes
0A0854E0-G=yes
0A087050-G=yes
0A087160-G=yes
0A087270-G=yes
0A087380-G=yes
0A0A00E0-G=yes
0A0A02C0-G=yes
0A0A05C0-G=yes
0A0A06B0-G=yes
0A0A0A70-G=yes
0A0A0B60-G=yes
0A0A0D40-G=yes
0A0A0E40-G=yes
0A0A0F30-G=yes
0A0A7DC0-G=yes
0A0BB12C-G=yes
0A0BEEEC-G=yes
0A0C3030-G=yes
0A0C4990-G=yes
0A0C4B70-G=yes
0A0C4D50-G=yes
0A0F84EC-G=yes
0A113690-G=yes
0A1138B0-G=yes
0A1139C0-G=yes
0A113BE0-G=yes
0A1758AC-G=yes
0A1759EC-G=yes
0A175B2C-G=yes
0A19312C-G=yes
0A1BE9EC-G=yes
0A1BEB2C-G=yes
0A1F44B0-G=yes
0A1F4830-G=yes
0A1F4920-G=yes
0A1F4A10-G=yes
0A1F4B00-G=yes
0A1F4BF0-G=yes
0A1F4CE0-G=yes
0A1F4DD0-G=yes
0A1FD830-G=yes
0A1FD920-G=yes
0A1FDA10-G=yes
0A1FDB00-G=yes
0A1FDBF0-G=yes
0A1FDDD0-G=yes
0A2108F0-G=yes
0A21AA2C-G=yes
0A21AB7C-G=yes
0A21FD8C-G=yes
0A21FEDC-G=yes
0A23D4BC-G=yes
0A251890-G=yes
0A275780-G=yes
0A2B66E0-G=yes
0A2B69D0-G=yes
0A2B6AE0-G=yes
0A2DF48C-G=yes
0A2DFDAC-G=yes
0A30F62C-G=yes
0A30F76C-G=yes
0A31295C-G=yes
0A314390-G=yes
0A316C10-G=yes
0A31876C-G=yes
0A3188AC-G=yes
0A318C6C-G=yes
0A325C20-G=yes
0A325D20-G=yes
0A325E20-G=yes
0A35032C-G=yes
0A354EEC-G=yes
0A386D30-G=yes
0A389A20-G=yes
0A389B20-G=yes
0A38E0C0-G=yes
0A38FD20-G=yes
0A3914EC-G=yes
0A3B7A00-G=yes
0A3E7080-G=yes
0A3E7280-G=yes
0A3E7380-G=yes
0A3F1030-G=yes
0A3F3760-G=yes
0A3F39E0-G=yes
0A3F6070-G=yes
0A3F6170-G=yes
0A3F6270-G=yes
0A3F7120-G=yes
0A3F7220-G=yes
0A3F7320-G=yes
0A3F7420-G=yes
0A3F7520-G=yes
0A3F7620-G=yes
0A3F7720-G=yes
0A3F7820-G=yes
0A3F7920-G=yes
0A3F7A20-G=yes
0A3F7B20-G=yes
0A3F7C20-G=yes
0A3F7D20-G=yes
0A3F7E20-G=yes
0A3F7F20-G=yes
0A41A0D0-G=yes
0A41B800-G=yes
0A4274E0-G=yes
0A42E050-G=yes
0A42FE20-G=yes
0A42FF20-G=yes
0A430A20-G=yes
0A430B20-G=yes
0A44DB00-G=yes
0A44F17C-G=yes
0A44F2CC-G=yes
0A4510A0-G=yes
0A452C6C-G=yes
0A452E5C-G=yes
0A473380-G=yes
0A473560-G=yes
0A474340-G=yes
0A4744E0-G=yes
0A4745D0-G=yes
0A477100-G=yes
0A4771F0-G=yes
0A4772E0-G=yes
0A47E1D0-G=yes
0A4AE8AC-G=yes
0A4AEC6C-G=yes
0A4AEDAC-G=yes
0A502E40-G=yes
0A502F30-G=yes
0A505050-G=yes
0A506C20-G=yes
0A506D10-G=yes
0A506E00-G=yes
0A506EF0-G=yes
0A514540-G=yes
0A514630-G=yes
0A514780-G=yes
0A538260-G=yes
0A538350-G=yes
0A538440-G=yes
0A538530-G=yes
0A538620-G=yes
0A538710-G=yes
0A538800-G=yes
0A538A70-G=yes
0A53B610-G=yes
0A53B700-G=yes
0A53B7F0-G=yes
0A53B8E0-G=yes
0A564530-G=yes
0A595E20-G=yes
0A5DD8C0-G=yes
0A5DD9C0-G=yes
0A5DDAC0-G=yes
0A5DDBC0-G=yes
0A5DDCC0-G=yes
0A619AEC-G=yes
0A620030-G=yes
0A620140-G=yes
0A620250-G=yes
0A620360-G=yes
0A620470-G=yes
0A620580-G=yes
0A620690-G=yes
0A6207A0-G=yes
0A6208B0-G=yes
0A6209C0-G=yes
0A620AD0-G=yes
0A621360-G=yes
0A621470-G=yes
0A621580-G=yes
0A621690-G=yes
0A6217A0-G=yes
0A6218B0-G=yes
0A6219C0-G=yes
0A621AD0-G=yes
0A621BE0-G=yes
0A621CF0-G=yes
0A621E00-G=yes
0A621F10-G=yes
0A627EDC-G=yes
0A671030-G=yes
0A671130-G=yes
0A672E20-G=yes
0A672F20-G=yes
0A705CD0-G=yes
0A70E220-G=yes
0A70E330-G=yes
0A70E440-G=yes
0A70F040-G=yes
0A70F310-G=yes
0A70F420-G=yes
0A70F530-G=yes
0A70F800-G=yes
0A70F910-G=yes
0A70FA20-G=yes
0A70FCF0-G=yes
0A70FE00-G=yes
0A70FF10-G=yes
0A758A0C-G=yes
0A759B2C-G=yes
0A759C6C-G=yes
0A759DAC-G=yes
0A75AACC-G=yes
0A75F2DC-G=yes
0A75F4BC-G=yes
0A764A9C-G=yes
0A764C7C-G=yes
0A774C6C-G=yes
0A774DAC-G=yes
0A779650-G=yes
0A7798E0-G=yes
0A7799E0-G=yes
0A779AE0-G=yes
0A779BE0-G=yes
0A779CE0-G=yes
0A779DE0-G=yes
0A77C340-G=yes
0A7E612C-G=yes
0A7E626C-G=yes
0A7E63AC-G=yes
0A7E6C6C-G=yes
0A7E6DAC-G=yes
0A7E73AC-G=yes
0A7E7EEC-G=yes
0A83476C-G=yes
0A8349EC-G=yes
0A8B9140-G=yes
0A8BA030-G=yes
0A8BA140-G=yes
0A8BA250-G=yes
0A8BA690-G=yes
0A8BA7A0-G=yes
0A8BAF10-G=yes
0A8BBF10-G=yes
0A8C0A90-G=yes
0A8C0B70-G=yes
0A8C0C50-G=yes
0A8C0D30-G=yes
0A8C0F40-G=yes
0A8EF9EC-G=yes
0A8EFB2C-G=yes
0A8EFC6C-G=yes
0A93E580-G=yes
0A9C007C-G=yes
0AA29C30-G=yes
0AA29D10-G=yes
0AA29E80-G=yes
0AA34260-G=yes
0AA34360-G=yes
0AA34800-G=yes
0AA34900-G=yes
0AA34BA0-G=yes
0AA34CA0-G=yes
0AA35070-G=yes
0AA35980-G=yes
0AA35E20-G=yes
0AA35F20-G=yes
0AA36C80-G=yes
0AA36D80-G=yes
0AA3B420-G=yes
0AA3C520-G=yes
0AA3C620-G=yes
0AA3C720-G=yes
0AA3C820-G=yes
0AA3C920-G=yes
0AA3E7D0-G=yes
0AA3E8B0-G=yes
0AA3E990-G=yes
0AA3EA70-G=yes
0AA3EB50-G=yes
0AA3ED10-G=yes
0AA3EF40-G=yes
0AA4F100-G=yes
0AA50F20-G=yes
0AA845AC-G=yes
0AA846FC-G=yes
0AAC5B20-G=yes
0AB10DC0-G=yes
0AB1A1B0-G=yes
0AB1C640-G=yes
0AB27520-G=yes
0AB3896C-G=yes
0AB3B21C-G=yes
0AB3B35C-G=yes
0AB3DC6C-G=yes
0AB3DDAC-G=yes
0AB3DEEC-G=yes
0AB3ECC0-G=yes
0AB3EDC0-G=yes
0AB629E0-G=yes
0AB6726C-G=yes
0ABC484C-G=yes
0ABD7C34-G=yes
0ABDD734-G=yes
0ABDD884-G=yes
0AC2F6C0-G=yes
0AC2F7D0-G=yes
0AC31410-G=yes
0AC31520-G=yes
0AC31630-G=yes
0AC61080-G=yes
0AC61180-G=yes
0AC93E20-G=yes
0AC93F20-G=yes
0AC9A6FC-G=yes
0ACB13AC-G=yes
0ACD70C0-G=yes
0ACD72E0-G=yes
0ACD73F0-G=yes
0AD03EDC-G=yes
0AD118AC-G=yes
0AD119EC-G=yes
0AD11B2C-G=yes
0AD1687C-G=yes
0AD169BC-G=yes
0AD16AFC-G=yes
0AD178BC-G=yes
0AD179FC-G=yes
0AD17C6C-G=yes
0AD20DAC-G=yes
0AD2226C-G=yes
0AD2276C-G=yes
0AD22C6C-G=yes
0AD2BAEC-G=yes
0AD6CB20-G=yes
0ADB099C-G=yes
0ADB0D8C-G=yes
0ADC2060-G=yes
0ADC2150-G=yes
0ADC22F0-G=yes
0ADC23E0-G=yes
0ADC24D0-G=yes
0ADC26B0-G=yes
0ADC27A0-G=yes
0ADC2890-G=yes
0ADC2980-G=yes
0ADC2A70-G=yes
0ADC2DD0-G=yes
0ADC7A80-G=yes
0ADC7B70-G=yes
0ADC7C60-G=yes
0ADC7D50-G=yes
0ADC7E40-G=yes
0ADC7F30-G=yes
0AE2DD8C-G=yes
0AE2DEDC-G=yes
0AE95C3C-G=yes
0AE965AC-G=yes
0AEBAF20-G=yes
0AF3EF10-G=yes
0AF444EC-G=yes
0AF911E4-G=yes
0AF93254-G=yes
0AF93A44-G=yes
0B00230C-G=yes
0B00245C-G=yes
0B0025AC-G=yes
0B0026FC-G=yes
0B00284C-G=yes
0B002AEC-G=yes
0B002D8C-G=yes
0B002EDC-G=yes
0B0031BC-G=yes
0B0035AC-G=yes
0B0036FC-G=yes
0B00E9E0-G=yes
0B00FDA0-G=yes
0B00FEE0-G=yes
0B05B6FC-G=yes
0B0A0EB4-G=yes
0B0E1C6C-G=yes
0B0F547C-G=yes
0B0F5D5C-G=yes
0B1351C0-G=yes
0B1377D0-G=yes
0B137910-G=yes
0B13995C-G=yes
0B139BAC-G=yes
0B13A2EC-G=yes
0B13ABDC-G=yes
0B13E84C-G=yes
0B13F55C-G=yes
0B14AEEC-G=yes
0B14B26C-G=yes
0B14B8AC-G=yes
0B14B9EC-G=yes
0B14BB2C-G=yes
0B14BC6C-G=yes
0B14BDAC-G=yes
0B1998AC-G=yes
0B1999EC-G=yes
0B199B2C-G=yes
0B224B2C-G=yes
0B2253AC-G=yes
0B2254EC-G=yes
0B2258AC-G=yes
0B2299EC-G=yes
0B27A920-G=yes
0B27AA20-G=yes
0B27AB20-G=yes
0B27AC20-G=yes
0B27AD20-G=yes
0B27AE20-G=yes
0B27AF20-G=yes
0B2CCC2C-G=yes
0B2CD76C-G=yes
0B2E6814-G=yes
0B2E6AF4-G=yes
0B2E9C3C-G=yes
0B2E9EDC-G=yes
0B2EA1BC-G=yes
0B2EA45C-G=yes
0B2EA5AC-G=yes
0B2EA6FC-G=yes
0B2EA84C-G=yes
0B2EA99C-G=yes
0B2EAAEC-G=yes
0B2EAC3C-G=yes
0B2EAD8C-G=yes
0B2EAEDC-G=yes
0B2EB5AC-G=yes
0B2EB6FC-G=yes
0B2EB84C-G=yes
0B2EB99C-G=yes
0B2EBAEC-G=yes
0B3182DC-G=yes
0B4689D0-G=yes
0B468AB0-G=yes
0B47C35C-G=yes
0B484620-G=yes
0B484760-G=yes
0B4848A0-G=yes
0B4849E0-G=yes
0B484B20-G=yes
0B4F1AEC-G=yes
0B4F1C3C-G=yes
0B4F1D8C-G=yes
0B5250C0-G=yes
0B5251B0-G=yes
0B525480-G=yes
0B525660-G=yes
0B5258F0-G=yes
0B5259E0-G=yes
0B525AD0-G=yes
0B526E40-G=yes
0B526F30-G=yes
0B615D1C-G=yes
0B6DC10C-G=yes
0B6DDDAC-G=yes
0B6DDEEC-G=yes
0B74062C-G=yes
0B74076C-G=yes
0B9E3EEC-G=yes
0BA2725C-G=yes
0BA274CC-G=yes
0BA2760C-G=yes
0BA928AC-G=yes
0BB2862C-G=yes
0BB2876C-G=yes
0BB289EC-G=yes
0BB28B2C-G=yes
0BC8910C-G=yes
0BCD04F0-G=yes
0BCD0630-G=yes
0BCD85C0-G=yes
0BCD8700-G=yes
0BCD8840-G=yes
0BCD8A50-G=yes
0BDE70E4-G=yes
0BDE8754-G=yes
0BDE8EE4-G=yes
0BDED464-G=yes
0BDED804-G=yes
0BDEE6F4-G=yes
0BDEF144-G=yes
0BE862B4-G=yes
0BE86654-G=yes
0BE86D84-G=yes
0BF26EDC-G=yes
0C009D6C-G=yes
0C0C7AEC-G=yes
0C0D184C-G=yes
0C0D251C-G=yes
0C10045C-G=yes
0C1005AC-G=yes
0C1006FC-G=yes
0C10084C-G=yes
0C10099C-G=yes
0C1036FC-G=yes
0C10384C-G=yes
0C10C1BC-G=yes
0C10C45C-G=yes
0C10C84C-G=yes
0C10C99C-G=yes
0C10CAEC-G=yes
0C10CD8C-G=yes
0C10ED8C-G=yes
0C10F84C-G=yes
0C10F99C-G=yes
0C10FAEC-G=yes
0C10FC3C-G=yes
0C10FD8C-G=yes
0C1245AC-G=yes
0C1246FC-G=yes
0C1E79EC-G=yes
0C26099C-G=yes
0C32599C-G=yes
0C32D84C-G=yes
0C4A01A0-G=yes
0C4A02B0-G=yes
0C4A03C0-G=yes
0C4A04D0-G=yes
0C58330C-G=yes
0C5C48A0-G=yes
0C5C49E0-G=yes
0C5D030C-G=yes
0C5D099C-G=yes
0C6C076C-G=yes
0C6C08AC-G=yes
0C6E84EC-G=yes
0C6E89EC-G=yes
0C6E8C6C-G=yes
0C6E976C-G=yes
0C7BBD8C-G=yes
0C7BBEDC-G=yes
0C87B45C-G=yes
0C87B99C-G=yes
0C87E5AC-G=yes
0C8B81BC-G=yes
0C8BC5AC-G=yes
0C8C2AEC-G=yes
0C8C2C3C-G=yes
0C8C430C-G=yes
0C8C4C3C-G=yes
0C8C51BC-G=yes
0C8C56FC-G=yes
0C8C645C-G=yes
0C8C6EDC-G=yes
0C8C71BC-G=yes
0C8E2C3C-G=yes
0C8EE1BC-G=yes
0C8EEAEC-G=yes
0C8EEEDC-G=yes
0C91D45C-G=yes
0C92C1BC-G=yes
0C92C45C-G=yes
0C955AEC-G=yes
0C955C3C-G=yes
0C9561BC-G=yes
0C9565AC-G=yes
0C96F45C-G=yes
0C96F5AC-G=yes
0CA1F84C-G=yes
0CA24D8C-G=yes
0CA2A04C-G=yes
0CA2B06C-G=yes
0CA2D99C-G=yes
0CA2FEDC-G=yes
0CA5945C-G=yes
0CA6621C-G=yes
0CA6AEDC-G=yes
0CAA9B5C-G=yes
0CAAC48C-G=yes
0CAB276C-G=yes
0CAB28AC-G=yes
0CAB29EC-G=yes
0CAB2B2C-G=yes
0CAB2DAC-G=yes
0CAB2EEC-G=yes
0CAB6EEC-G=yes
0CAD0B2C-G=yes
0CAD0C7C-G=yes
0CAD0DCC-G=yes
0CAD130C-G=yes
0CAD145C-G=yes
0CAD25AC-G=yes
0CAD2AEC-G=yes
0CAD2C3C-G=yes
0CAD5AEC-G=yes
0CADD99C-G=yes
0CADDEDC-G=yes
0CB29EDC-G=yes
0CB2CEDC-G=yes
0CBA13AC-G=yes
0CDF899C-G=yes
0CDF8D8C-G=yes
0CDF8EDC-G=yes
0CE2395C-G=yes
0CE23AAC-G=yes
0CE26B5C-G=yes
0CE26CAC-G=yes
0CE2E8DC-G=yes
0CE2EA2C-G=yes
0CE44D0C-G=yes
0CFF36FC-G=yes
0D022B1C-G=yes
0D022C6C-G=yes
0D052AEC-G=yes
0D0803CC-G=yes
0D08461C-G=yes
0D0848BC-G=yes
0D084A0C-G=yes
0D084B5C-G=yes
0D0873DC-G=yes
0D087D8C-G=yes
0D0B3B9C-G=yes
0D2769BC-G=yes
0D2C41EC-G=yes
0D2C448C-G=yes
0D2C45DC-G=yes
0D53099C-G=yes
0D53130C-G=yes
0D53430C-G=yes
0D535EDC-G=yes
0D62145C-G=yes
0D6215AC-G=yes
0D6216FC-G=yes
0D62199C-G=yes
0DC7984C-G=yes
0ECCB2BC-G=yes
0ECCB40C-G=yes
0ECCB55C-G=yes
0ECCB7FC-G=yes
0ECCBC3C-G=yes
0ECCF14C-G=yes
0ECCF29C-G=yes
0ECCF68C-G=yes
0ECCFA7C-G=yes
0ECCFCAC-G=yes
0F2611BC-G=yes
0F26145C-G=yes
0F549B20-G=yes
0F54D160-G=yes
0F9D86FC-G=yes
0F9D945C-G=yes

[Actions]
01000000=1,99,7,_Amb_River,0,0,0,0,AO
01000002=1,14,0,4475,0,0,0,0,A
01000004=1,14,0,4478,0,0,0,0,A
01000006=1,11,4,MISSION:Clones,0,0,0,0,A
01000009=1,102,0,0,0,0,0,0,CM
01000011=1,102,0,0,0,0,0,0,CM
01000013=1,103,4,MISSION:C41Rig,0,0,0,0,A

[Africans]
IQ=0
Edge=North
Color=DarkRed
Allies=Africans
Country=Africans
Credits=0
NodeCount=0
TechLevel=1
PercentBuilt=0
PlayerControl=no

[Alliance]
IQ=0
Edge=North
Color=Gold
Allies=Alliance
Country=Alliance
Credits=0
NodeCount=0
TechLevel=1
PercentBuilt=0
PlayerControl=no

[Americans]
IQ=0
Edge=North
Color=Gold
Allies=Americans
Country=Americans
Credits=0
NodeCount=0
TechLevel=1
PercentBuilt=0
PlayerControl=no

[Arabs]
IQ=0
Edge=North
Color=DarkRed
Allies=Arabs
Country=Arabs
Credits=0
NodeCount=0
TechLevel=1
PercentBuilt=0
PlayerControl=no

[Basic]
Name=Dry Out (2 vs 2)
Percent=0
GameMode=standard, meatgrind
HomeCell=98
InitTime=10000
Official=no
EndOfGame=no
FreeRadar=no
MaxPlayer=4
MinPlayer=2
SkipScore=no
TrainCrate=no
TruckCrate=no
AltHomeCell=99
OneTimeOnly=no
CarryOverCap=0
NewINIFormat=4
NextScenario=
SkipMapSelect=no
CarryOverMoney=0.000000
AltNextScenario=
MultiplayerOnly=1
IceGrowthEnabled=yes
VeinGrowthEnabled=yes
TiberiumGrowthEnabled=yes
IgnoreGlobalAITriggers=no
TiberiumDeathToVisceroid=no

[British]
IQ=0
Edge=North
Color=Gold
Allies=British
Country=British
Credits=0
NodeCount=0
TechLevel=1
PercentBuilt=0
PlayerControl=no

[Confederation]
IQ=0
Edge=North
Color=DarkRed
Allies=Confederation
Country=Confederation
Credits=0
NodeCount=0
TechLevel=1
PercentBuilt=0
PlayerControl=no

[Events]
01000000=1,8,0,0
01000002=1,8,0,0
01000004=1,8,0,0
01000006=1,13,0,7
01000009=1,13,0,16
01000011=1,13,0,64
01000013=1,13,0,50

[French]
IQ=0
Edge=North
Color=Gold
Allies=French
Country=French
Credits=0
NodeCount=0
TechLevel=1
PercentBuilt=0
PlayerControl=no

[GDI]
IQ=0
Edge=North
Color=Gold
Allies=GDI
Country=GDI
Credits=0
NodeCount=0
TechLevel=1
PercentBuilt=0
PlayerControl=no

[Germans]
IQ=0
Edge=North
Color=Gold
Allies=Germans
Country=Germans
Credits=0
NodeCount=0
TechLevel=1
PercentBuilt=0
PlayerControl=no

[Houses]
0=Americans
1=Alliance
2=French
3=Germans
4=British
5=Africans
6=Arabs
7=Confederation
8=Russians
9=YuriCountry
10=GDI
11=Nod
12=Neutral
13=Special

[Infantry]
0=Neutral,YURI,256,66,64,0,Hunt,64,None,0,-1,1,1,0
1=Neutral,YURI,256,70,63,1,Hunt,64,None,0,-1,1,1,0
2=Neutral,YURI,256,70,65,0,Hunt,64,None,0,-1,1,1,0
3=Neutral,YURI,256,70,68,0,Hunt,64,None,0,-1,1,1,0
4=Neutral,YURI,256,70,63,2,Hunt,64,None,0,-1,1,1,0
5=Neutral,YURI,256,66,62,1,Hunt,64,None,0,-1,1,1,0
6=Neutral,YURI,256,66,63,1,Hunt,64,None,0,-1,1,1,0
7=Neutral,YURI,256,66,62,2,Hunt,64,None,0,-1,1,1,0
8=Neutral,YURI,256,66,62,3,Hunt,64,None,0,-1,1,1,0
9=Neutral,CAML,256,55,93,1,Guard,64,None,0,-1,0,1,0
10=Neutral,CAML,256,55,94,1,Guard,64,None,0,-1,0,1,0
11=Neutral,CAML,256,54,93,1,Guard,64,None,0,-1,0,1,0
12=Neutral,CAML,256,54,93,2,Guard,64,None,0,-1,0,1,0
13=Neutral,CAML,256,47,105,0,Guard,64,None,0,-1,0,1,0
14=Neutral,CAML,256,47,104,0,Guard,64,None,0,-1,0,1,0
15=Neutral,CAML,256,46,104,0,Guard,64,None,0,-1,0,1,0
16=Neutral,CAML,256,87,61,1,Guard,64,None,0,-1,0,1,0
17=Neutral,CAML,256,86,61,1,Guard,64,None,0,-1,0,1,0
18=Neutral,CAML,256,86,61,2,Guard,64,None,0,-1,0,1,0
19=Neutral,CAML,256,86,61,3,Guard,64,None,0,-1,0,1,0
20=Neutral,CAML,256,91,31,1,Guard,64,None,0,-1,0,1,0
21=Neutral,CAML,256,91,31,2,Guard,64,None,0,-1,0,1,0
22=Neutral,CAML,256,91,31,3,Guard,64,None,0,-1,0,1,0

[IsoMapPack5]
1=jg0AIAFkAAEAgAACBgBjAAKEAQEABgBkKCkAZSgrAGIAA+EEYygpAGQoKQBlKCkAZigrAG
2=EABPkGYigpAGMoKQBkSQGNawQGAGVJAYWpAWYoKQBnSQGHtwJgAAVhAQBRFGEoKQBiKCkA
3=YygpAGRJAYx0BX8KBQCDqQFmVALJAWcoKQBoSAHJDF9MC2gFWQBgTADJAWEoKQBiSAHdFW
4=NIAd0VZEgB3QplKCkAZigpAGcoKQBoKCkAaUgBxwheAAeQDUUCXygpAGAoKQBhKCkAYkgB
5=zRtjSAHBD2QoKQBlKCkAZigpAGdJAYhzDAYAaCgpAGlIAcUIaigoAAJdAAgAjHdDBgBeSQ
6=GGqQFfSAFgCFEUYCgpAGFIAckiYkgB0QljKCkAZCgpAGUoKQBmSQGGdwkGAGdIAWQBXQpo
7=KCkAaUkBkHsCBgBqSAHJF2tJAYq3AlwACWABfUFdSQGPsRReSQGJqQFfSAGHBAYAYEgB0R
8=RhSAHRFGIoKQBjKCkAZCgpAGUoKQBmSAEnvAIn4QFoVALJDGkoKQBqKCkAaygpAGwoKwBb
9=AAqUBkUeXCgpAF1IAdEUXkgByUNfKCkAYEgByRdhKCkAYigpAGMoKQBkKCkAZSgpAGZIAS
10=cUAycNAmhUAp8RBgBpKCkAaigpAGsoKQBsKCkAbSgrAFoAC4AIQRpbKCkAXCgpAF1IAdFW
11=XkgB1RhfKCkAYCgpAGEoKQBiKCkAYygpAGQoKQBlKCkAZigpAGdIAdknaCgpAGlIAcF9ak
12=gBgxYGAGsoKQBsKCkAbSgpAG4oKwBZAAyUBlkcWkgB0TVbSAHVDVwoKQBdSAHRVl5IASfF
13=Awz1kWAoVQBhKCkAYigpAGMoKQBkKCkAZSgpAGYoKQBnKCkAaCgpAGkoKQBqSAHRFGsoKQ
14=BsSAHJIm1IAZMbBgBuSAHZf29IAdt/WAANnANRH1koKQBaSAHBO1tIAdkcXEgB3UxdSAGc
15=Bm6JDQDNBV9UAs0FYCgpAGEoKQBiKCkAYygpAGQoKQBlKCkAZigpAGcoKQBoKCkAaSgpAG
16=ooKQBrKCkAbEgB3RVtSAHdFW5JAYutiW9JAYWpAXBIAcMEVwAOhAFJIlgoKQBZKCkAWkgB
17=0ZhbSAHdQVxIAdGYXUgBiAh2Iw4AzQVfVAIndQQO4UZhKFUAYigpAGMoKQBkKCkAZSgpAG
18=YoKQBnKCkAaCgpAGlIAcUTaigpAGsoKQBsSAHdFW1IAd0VbkgB0a5vSAHRrnBIAcEEcUgB
19=y2RWAA+QAkElV0oB//9XAQYAWEgBQAFluFkoKQBaKCkAWygpAFwoKQBdKCkAXigpAF9IAd
20=knYEgB2SdhKCkAYigpAGMoKQBkKCkAZSgpAGYoKQBnKCkAaEgB1URpSAHJF2ooKQBrKCkA
21=bCgpAG0oKQBuKCkAbygpAHBIAcElcUgByRdyKCgAAlUAEABVew0GAFZIAWQBhikQACclBR
22=CQAlUCWUAE0QlaSAHNflsoKQBcKCkAXSgpAF5IAcWBX0gBlAl95hDldmFUAsUTYigpAGMo
23=KQBkKCkAZSgpAGYoKQBnKCkAaEgBJyQFJ+kCalQCwQ9rKCkAbCgpAG0oKQBuKCkAbygpAH
24=BIAcWMcUgB3RVyKCkAc0gBww9UABG5JwJNKxFPAAAAAX0rEYgQRSlXQASMAWRVJ1UAWVQC
25=yQxaSAHJDFsoKQBcKCkAXSgpAF4oKQBfSAHZMmBIAcUIYSgpAGIoKQBjKCkAZCgpAGUoKQ
26=BmKCkAZ0gB3XhoSAHFdmlIAdUYaigpAGsoKQBsKCkAbSgpAG4oKQBvKCkAcEgB0R9xSAHJ
27=F3IoKQBzKCkAdEgB2xxTABLpLVQoKQBVSAEnVQsSjBSULicpAFhABJsCBgBZSAHBD1pIAc
28=EPWygpAFwoKQBdKCkAXigpAF8oKQBgKCkAYSgpAGIoKQBjKCkAZEgB0SplKCkAZkgB3Stn
29=SAHRFGgoKQBpKCkAaigpAGsoKQBsKCkAbSgpAG4oKQBvKCkAcEgByZtxSAHZEXIoKQBzKC
30=kAdEgB1SN1KCsAUgAT4TBTKCkAVCgpAFVIAWwxhWATnBmMMScpAFhABJgCbTET8YJaVALV
31=DVsoKQBcKCkAXSgpAF5IAckXXygpAGBIAcUIYSgpAGIoKQBjSAHJLWRIAc0QZSgpAGYoKQ
32=BnKCkAaCgpAGkoKQBqKCkAaygpAGxIAcGpbUgByQxuKCkAbygpAHAoKQBxKCkAcigpAHMo
33=KQB0SAHdNnVIAdEfdkgBy5BRABT5MlIoKQBTKCkAVCgpAFVJAVRoE22UFGABfeZXVAKMAW
34=yUJ1UAWVQCwQ9aSAHdK1soKQBcKCkAXUgB2RFeSAHRCV8oKQBgSAHJb2FIAdEJYkgB2QZj
35=SAHZBmQoKQBlKCkAZigpAGcoKQBoKCkAaSgpAGooKQBrKCkAbCgpAG0oKQBuKCkAbygpAH
36=AoKQBxKCkAcigpAHMoKQB0KCkAdSgpAHZIAcUed0gB05hQABXxNVEoKQBSKCkAUygpAFQo
37=KQBVSAF8NoVrFZwkhGsnKQBYQASYAmRrJ1UAWlQCyThbSAHNR1woKQBdSAHdYl5IAcUIXy
38=gpAGBIAdUYYUgBJ94GFQAn3AYntQFkQATFCGUoKQBmKCkAZygpAGgoKQBpKCkAaigpAGso
39=KQBsKCkAbSgpAG4oKQBvKCkAcCgpAHEoKQByKCkAcygpAHQoKQB1KCkAdkgBxR53SAHFHn
40=hIAcceTwAW6ThQKCkAUSgpAFIoKQBTKCkAVCgpAFVJAVNkJXVwFmABtHAnKQBYQASYAnQ5
41=J1UAWihVAFsoKQBcKCkAXSgpAF4oKQBfKCkAYEgB3UFhSAHdQWJIAdFAY0gBwQ9kKCkAZS
42=gpAGYoKQBnKCkAaCgpAGkoKQBqKCkAaygpAGwoKQBtKCkAbigpAG8oKQBwKCkAcSgpAHIo
43=KQBzKCkAdCgpAHUoKQB2SAHFHndIAcUeeEgBxR55SAHHHk4AF+E7T0gBI/8rAgBQSAGTdw
44=IAUUgBI3srAgBSSAGXvQIAUygpAFQoKQBVSQExYAttPBdgAaw8JykAWEAEmAJsPCdVAFoo
45=VQBbKCkAXCgpAF0oKQBeKCkAXygpAGAoKQBhSAGTFAYAYkgB1Q1jSAHVAmQoKQBlSAHBBG
46=YoKQBnKCkAaCgpAGkoKQBqKCkAaygpAGwoKQBtKCkAbigpAG8oKQBwKCkAcSgpAHIoKQBz
47=KCkAdCgpAHUoKQB2KCkAdygpAHgoKQB5SAGXOQYAekgBlDkCBgBNABj5PU4oKQBPSAGYf2
48=U/GCTUPGU/GKCeZD8n2QBTTAWHKQIAVCgpAFVIAWQ/AQICAFbIAQEDBgBXSQE3YCxu7BgA
49=aAFRuVlUAiLEJFG5WkgBfANJAVsoKQBcKCkAXSgpAF4oKQBfKCkAYCgpAGEoKQBiKCkAY0
50=gBnBUihF7UGCJtWxicDkEPZkAEjAEiPFUnVQBoKFUAaSgpAGooKQBrKCkAbCgpAG0oKQBu
51=KCkAbygpAHBIAdkRcUgBwQ9yKCkAcygpAHQoKQB1SAHZBnZIAcE7d0gBwTt4KCkAeUgBxb
52=h6KCkAeygrAEwAGfFATSgpAE4oKQBPSAGAiH5BGQCAiH1BGSg8CCcFAVNMBYQTfEEnVQBV
53=KFUAVkgBakMFAl1BGZBAVURYVAJ8QQEDAgBZSAF8QUlDWkgBySJbKCkAXCgpAF0oKQBeKC
54=kAXygpAGAoKQBhKCkAYigpAGMoKQBkKCkAZSgpAGYoKQBnKCkAaCgpAGkoKQBqKCkAaygp
55=AGwoKQBtKCkAbigpAG8oKQBwSAGbJwYAcUgB0R9yKCkAcygpAHQoKQB1SAHZBnZIAZN3Bg
56=B3SAHFP3goKQB5KCkAeigpAHsoKQB8KCsASwAa6UNMKCkATSgpAE4oKQBPKCkAUCgpAFFI
57=AZgRdoYaAJhTfsUaANXIVEAEiBci9EAntQFWKFUAVygpAFgoKQBZSAEiNChFdlpIAcElWy
58=gpAFwoKQBdKCkAXkgBlw0GAF8oKQBgSAHFCGEoKQBiKCkAY0gB2QZkSAHNBWUoKQBmKCkA
59=ZygpAGgoKQBpKCkAaigpAGsoKQBsKCkAbSgpAG4oKQBvKCkAcCgpAHEoKQByKCkAcygpAH
60=QoKQB1SAHVGHZIAYh6dUQaq3oGAHhUApd7BgB5SAHNR3ooKQB7KCkAfCgpAH1IASVjKEoA
61=G+FGS0gBg5MCAExIAcU/TSgpAE4oKQBPKCkAUCgpAFFIAYwQbUcb/dBTVAKUDWSMJ7UBVV
62=QCjBtkzidVAFcoVQBYKCkAWUgBbEeFjBuQOVlIW1QCjwEGAFwoKQBdKCkAXigpAF8oKQBg
63=KCkAYSgpAGIoKQBjSAGEE2TOJ7UBZShVAGZIAcEPZygpAGgoKQBpKCkAaigpAGsoKQBsKC
64=kAbSgpAG4oKQBvKCkAcCgpAHEoKQByKCkAcygpAHQoKQB1SAHVGHYoKQB3KCkAeCgpAHlI
65=AdFLekgBizgGAHsoKQB8KCkAfSgpAH5IAZREAgYASQAc+UhKKCkAS0gBzYlMSAGfCgIATS
66=gpAE4oKQBPKCkAUCgpAFEoKQBSSAGMXXaRHAAjKCxkSifhAVVABIQeZEonVQBXKFQABVgA
67=HAD//wAAEQAATw0AIAYAAgBZABwAVQBAAAIGAFoAHFwASwAGAFsoKQBcKCkAXSgpAF4oKQ
68=BfKCkAYCgpAGEoKQBiKCkAYygpAGQoKQBlKCkAZigpAGcoKQBoKCkAaSgpAGooKQBrKCkA
69=bCgpAG0oKQBuKCkAbygpAHAoKQBxKCkAcigpAHMoKQB0KCkAdUoB//+BJXYoKQB3KCkAeC
70=gpAHkoKQB6SQGMVAYBAAYAe0kBg6kBfCgpAH0oKQB+KCkAfygoAAFIAB0Agw8CAEkoKQBK
71=KCkAS0kBkH8KAgBMSAGLDAIATSgpAE4oKQBPKCkAUCgpAFFJAYalCFJIAdUNUygpAFQoKQ
72=BVKCkAVigpAFcoKQBYKCkAWUgBfUwBfUwdYQwAXSBbVAKPAQYAXCgpAF0oKQBeKCkAXygp
73=AGAoKQBhKCkAYigpAGMoKQBkKCkAZUgBgxoGAGYoKQBnKCkAaCgpAGlIAcUTaigpAGsoKQ
74=BsKCkAbSgpAG4oKQBvKCkAcCgpAHEoKQByKCkAcygpAHQoKQB1SAHdFXYoKQB3KCkAeEkB
75=jXcUBgB5SQGFqQF6SAGEP35MHQDJAXwoVQB9KCkAfigpAH9IAYc/BgCASgHZAVQJAgYARw
76=Ae6U5ISAGUDXZPHgCXDQIASlUCh0gFTYlLSAGcFXZPHgCMXXVPHq8QAgBOQASbEQIATygp
77=AFBJAYilCFFJAYqpAVJIAdEJUygpAFQoKQBVKCkAVigpAFcoKQBYKCkAWUgBdE9JTlpIAW
78=QMSQFbKCkAXCgpAF0oKQBeKCkAXygpAGAoKQBhKCkAYigpAGMoKQBkKCkAZUgBgBp0T9Mq
79=BgBnKFUAaCgpAGlIAdEUaigpAGsoKQBsKCkAbSgpAG4oKQBvKCkAcCgpAHEoKQByKCkAcy
80=gpAHQoKQB1SAHdFXYoKQB3KCkAeEgBjDx0T888BgB6VAKMPHRPJ1UAfChVAH0oKQB+KCkA
81=f0gBJ/cJHgDWtU+BVALfIEYAH+FRR0gBwVFISAGUDW1SH/1MSihVAEtIAcVVTEgBzQVNKC
82=kATigpAE9IAdVPUEgBkx8CAFEoKQBSKCkAUygpAFQoKQBVKCkAVigpAFcoKQBYKCkAWUgB
83=bFKFoh+UHIxSJykAXEAEmwIGAF0oKQBeKCkAXygpAGAoKQBhKCkAYigpAGMoKQBkKCkAZU
84=gBmBxsUtwrbFInKQBoKIEAaUgB2RFqKCkAaygpAGwoKQBtKCkAbigpAG8oKQBwSAGLOAYA
85=cUgBhzQGAHJIAY+JBgBzSAHVDXQoKQB1SAHdFXYoKQB3KCkAeEgBgOBsUtxBbFInKQB7QA
86=STQAYAfCgpAH0oKQB+KCkAf0gBJ00KHyhMCieHBkUAIO1SRkgBgRoCSaYg4VFIVAKUDXhT
87=J1UASihVAEsoKQBMKCkATUgBxaJOSAHNUk9IAZMfAgBQKCkAUSgpAFIoKQBTKCkAVCgpAF
88=UoKQBWKCkAVygpAFgoKQBZSQFWZzAGAFpIAWQBmVMghAFJAVwoVQBdKCkAXigpAF8oKQBg
89=KCkAYSgpAGIoKQBjKCkAZCgpAGUoKQBmKCkAZygpAGgoKQBpKCkAaigpAGsoKQBsKCkAbS
90=gpAG4oKQBvSAGLOAYAcEgBnDZ4U9w2elMgAN1Bc0AEgyEGAHQoKQB1SAGHNAYAdigpAHco
91=KQB4KCkAeUgB1ad6SAHVDXsoKQB8KCkAfSgpAH4oKQB/SAHZEYBJAdyrpkQAIe1SRSgpAE
92=ZIAZQNeVMhKHgKJykASUAEyU5KSAGbEQIASygpAExIAZQNZPoniQFOVAKEHmT6J1UAUChV
93=AFEoKQBSSQFNcyYGAFNJAUqpAVRJAUmpAVXIAUWiVsgBXUxXyAFVAlhJAUetBVnIAVUCWk
94=gBcAJNBVsoKQBcKCkAXSgpAF4oKQBfKCkAYCgpAGEoKQBiKCkAYygpAGQoKQBlKCkAZigp
95=AGcoKQBoKCkAaSgpAGooKQBrKCkAbCgpAG0oKQBuKCkAb0gBiDh4U9w2eFMnKQByQAScNn
96=WnISR8JnhTJykAdUAE2at2SAGfNgYAd0gB2V54SAHJsXlIAdEJeigpAHsoKQB8KCkAfSgp
97=AH4oKQB/KCsAQwAi7VJEKCkARSgpAEZIAYwbeVMiKHkKIrxtdKcnBQFKKK0AS0gBkBQiwC
98=knrQBNVAKMGyLAKSfZAE8oVQBQKCkAUSgpAFJJAVN8SHlTImABIoUyVFQCjwEGAFUoKQBW
99=KCkAVygpAFgoKQBZKCkAWigpAFsoKQBcKCkAXSgpAF4oKQBfKCkAYCgpAGEoKQBiKCkAYy
100=gpAGQoKQBlKCkAZigpAGcoKQBoKCkAaSgpAGooKQBrKCkAbCgpAG0oKQBuKCkAb0gBxe9w
101=SAGYMnhT1Dl0pycpAHMogQB0KCkAdUgBhIx0pycBBndUAotDBgB4SAHdCnkoKQB6KCkAey
102=gpAHwoKQB9KCkAfigrAEIAI+1SQygpAEQoKQBFKCkARkgBjBB5UyMoeQojKHgKJzEBSiit
103=AEtIAZwVeFMnrQBNVAIneAon2QBPKFUAUCgpAFEoKQBSSAF4U0GeU0gBzVJUKCkAVSgpAF
104=YoKQBXKCkAWCgpAFkoKQBaKCkAWygpAFwoKQBdKCkAXigpAF8oKQBgKCkAYSgpAGIoKQBj
105=KCkAZCgpAGUoKQBmKCkAZygpAGgoKQBpKCkAaigpAGsoKQBsKCkAbSgpAG4oKQBvKCkAcE
106=gBlDl4U9Q5eFMnKQBzQAScNnSnJ1UAdVQCJ3kKI5wvRc53VALZXnhIAYjoIu4pIwDJAXpU
107=AtEJeygpAHwoKQB9KCsAQQAk7VJCKCkAQygpAEQoKQBFKCkARkgBgBp5UyQoeQokKHgKJ1
108=0BSiitAEtIAYQTeFMnrQBNVAIneAon2QBPKFUAUCgpAFEoKQBSSQFUcCJ1pyRgAbSnxAh0
109=pycpAFZMBYsMBgBXSAGTBQYAWCgpAFkoKQBaKCkAWygpAFwoKQBdKCkAXigpAF8oKQBgKC
110=kAYSgpAGIoKQBjKCkAZCgpAGUoKQBmKCkAZygpAGgoKQBpKCkAaigpAGsoKQBsKCkAbSgp
111=AG4oKQBvKCkAcEgBlDl4U9Q5eFMnKQBzQAScNnhTJ1UAdVQCJ3gKJwEGd1QC3St4KCkAeS
112=gpAHpIAdUNe0gB3Qp8KCsAQAAl7VJBKCkAQigpAEMoKQBEKCkARSgpAEZIAYhkeVMlv2IC
113=AEhUAiVhM0lIAZxBIjVJJSbdSEtUApgRelMlAM0FTVQCzQVOKCkATygpAFAoKQBRKCkAUk
114=gBeFOVpyWEIlF3VFQCkAl4U9scBgBWKFUAV0gBkAV4UyfZAFkoVQBaKCkAWygpAFwoKQBd
115=KCkAXigpAF8oKQBgKCkAYSgpAGIoKQBjKCkAZCgpAGUoKQBmKCkAZygpAGgoKQBpSAHZHG
116=pIAcEaaygpAGwoKQBtKCkAbigpAG8oKQBwSAGUOXhT1Dl4UycpAHNABM2fdEgBizgGAHUo
117=KQB2SAElGSp3SAHZEXhIASUZKnlIASUZKnpIAcUIeygrAD8AJu1SQCgpAEEoKQBCKCkAQy
118=gpAEQoKQBFKCkARigpAEcoKQBIKCkASUgBhBN5Uyb5q0tUApxteFMnOQJNVAKILSLsKSdV
119=AE8oVQBQKCkAUSgpAFJIAXhTTVJTSAHJIlQoKQBVKCkAVigpAFcoKQBYKCkAWSgpAFooKQ
120=BbKCkAXCgpAF0oKQBeKCkAXygpAGAoKQBhKCkAYigpAGMoKQBkKCkAZSgpAGYoKQBnKCkA
121=aCgpAGkoKQBqKCkAaygpAGwoKQBtKCkAbigpAG8oKQBwKCkAcSgpAHIoKQBzKCkAdEgBzZ
122=91SAHdTHZIAYA7Imk0JogxWTJ4VALNBXlIAc0FeigoAAE+ACcA1UQ/SAGfVwIAQEgBj10C
123=AEFIAclDQigpAEMoKQBEKCkARSgpAEYoKQBHSAHJDEhIAckMSUgBmBF5UycoeQon9f9MQA
124=TBD00oKQBOKCkATygpAFAoKQBRKCkAUkgBeFOVpyfpIlRUAowBdKcnVQBWKFUAVygpAFgo
125=KQBZKCkAWigpAFsoKQBcKCkAXSgpAF4oKQBfKCkAYCgpAGEoKQBiKCkAYygpAGQoKQBlKC
126=kAZigpAGcoKQBoKCkAaSgpAGooKQBrKCkAbCgpAG0oKQBuKCkAbygpAHAoKQBxKCkAcigp
127=AHMoKQB0SAHFrXVIAc2qdkgBjOF4UyfVBXhUAs0FeUgBzwU9ACjtUj5IAdVEPygpAEAoKQ
128=BBSAHFSkIoKQBDSAHdV0RIAdlIRSgpAEYoKQBHSAGIZHH7KOFRSVQCwQ9KKCkAS0gBkGx1
129=pyjxuU1UAskMTigpAE8oKQBQKCkAUSgpAFJIASWpUlNIAc1SVCgpAFUoKQBWKCkAVygpAF
130=goKQBZKCkAWigpAFsoKQBcKCkAXSgpAF4oKQBfSQE1cxAGAGDIAUFnYUkBOLUCYkgBwQRj
131=yAFBBGRIASKAN1GNZUgBaAVJAWYoKQBnKCkAaCgpAGkoKQBqKCkAaygpAGwoKQBtKCgAAm
132=4AKAAAEQAANA8AIAYAAAAABgBvAChcAEgAAQYAcAAnKQBxKCkAcigpAHMoKQB0KCkAdSgp
133=AHYoKQB3KCkAeCgoAAM8ACkA//9XDQIAPUkBjEQBAQACAD5JAYOpAT8oKQBAKCkAQSgpAE
134=IoKQBDSQGGuQZESAHdCkUoKQBGKCkAR0kBkK0FSEkBiKkBSUgBwQ9KKCkAS0gB3QpMSAHd
135=Ck0oKQBOKCkATygpAFAoKQBRKCkAUkkBU3cNBgBTSAFkAQEABgBUKCkAVSgpAFYoKQBXKC
136=kAWCgpAFkoKQBaKCkAWygpAFwoKQBdKCkAXkkBPGcPAgBfSQE1SAEBAgIAYMgBAQMCAGFJ
137=AThUAgEBAgBiSAHBBGPIAUEEZEgBdBgBAQYAZUgBSAVtR2YoKQBnKCkAaCgpAGkoKQBqKC
138=kAaygpAGwoKQBtKCkAbigpAG8oKQBwSAGPMQYAcUgBzRBySQGNbwEGAHNJAYWpAXQoKQB1
139=KCkAdkkBh6EEd0gBZAFPMTsAKu1SPCgpAD1IAcFGPkgB1UQ/KCkAQCgpAEEoKQBCKCkAQ0
140=gB2UhESAGLFwIARSgpAEYoKQBHKCkASCgpAElIAclkSkgBzRBLSAHdCkxIAd0KTSgpAE5K
141=AYwBVxsCAE9JAYSpAVBJAYapAVFIAdkGUkgBwTtTSAFQBmE7VCgpAFVJAWRYBgEBBQBWyA
142=EBAgUAV0kBZVQCAQAFAFjIAUEEWUgBxQhaKCkAW0gBlw0GAFxJATpnBAYAXcgBSU5eSAGA
143=BHhTJy0GYChVAGEoKQBiKCkAYygpAGRJAVa9CmVIAWQBQTtmKCkAZygpAGgoKQBpKCkAai
144=gpAGsoKQBsKCkAbSgpAG4oKQBvSAHVT3BIAdVPcSgpAHJIAZw2elMqAMkBdChVAHUoKQB2
145=SAGAOwIGADoAK+1SOygpADwoKQA9KCkAPkgBxVU/SAGLDAIAQCgpAEEoKQBCKCkAQygpAE
146=RIAYgXelMrAMkBRlQCl2UCAEdIAcU0SCgpAElIAcEPSkgBzapLSQGKZzACAExIAdkGTSgp
147=AE5JAYtsR3tTKwCCqQFQVQKFqQFRSAHZBlJJATJwCXenKwA3qQFUVAJsUgEDBgBVyQEEel
148=MrAHYCBQRaUysAelMDBFhTqAFBBFlMBXQCAQUGAFpIAdEJW8gBSZtcSAF4U1GjXUgBzRBe
149=KCkAXygpAGAoKQBhKCkAYigpAGMoKQBkSAEneQorbBhxbGZUAo8BBgBnKCkAaCgpAGkoKQ
150=BqKCkAaygpAGwoKQBtKCkAbigpAG9IAYCIcfsr9U9xVQKDZw8GAHIoKQBzKCkAdCgpAHVJ
151=AYisBQI5ACwA16U0OkkB0akBO0gBwSU8KCkAPSgpAD4oKQA/SAGYEXlTLLsRAgBBVAKbEQ
152=IAQigpAEMoKQBEKCkARSgpAEZJAYZkE3lTLPVlSFQC2RFJKCkASigpAEsoKQBMKCkATSgp
153=AE5JAY+tG09IASd6CiwAJ3gKJ7UBUkAEeFNRmFNIAWRKTUdUSAFiUQYCWVMsjlIHAlSnqg
154=EIA1lTLJpTBgNYU6gBQQRZWAZ6UwgCWVMsjF1RCVtUAnwKUfBcSAHNG10oKQBeKCkAXygp
155=AGAoKQBhKCkAYigpAGMoKQBkSQFUZSkGUfssYAG4UycpAGdABJsCBgBoKCkAaSgpAGooKQ
156=BrKCkAbCgpAG0oKQBuKCkAb0gBnEF4U9xBcPsnKQByQATVT3MoKQB0SAGEjAIGADgALe1S
157=OUkBzb02OigpADtIAcVVPEgB2Sc9KCkAPigpAD9IAZgReVMtKHgKJykAQkAExVVDKCkARE
158=gBkBR0pyetAEZUAs0FR0kBh38nAgBISAHNEEkoKQBKKCkASygpAEwoKQBNKCkATigpAE9I
159=AcVVUEkBibEfUUgByQxSKCkAUygpAFQoKQBVSAFlVQp5Uy2GVQsCWVMtmlMJAlhTqAFBBF
160=lMBd0KWkkBIaEaW0kBHqkBXCgpAF0oKQBeKCkAXygpAGAoKQBhSQEipQhiSAHJDGMoKQBk
161=SAF4U0G0ZUgBaAWR+y2EAUkBZyhVAGgoKQBpKCkAaigpAGsoKQBsKCkAbUgB2fhuSQGFZw
162=sGAG9IAYg4eFPAO3pTLQCcjnSnJw0Cc0wFdAZbETcALiGgI1EBAltTLgCARAEBAAIAOVQC
163=aAFJhTpIAcVVO0kB0L02PEgB0R89KCkAPigpAD9IASd5Ci4oeAonKQBCQATBUUNIAYtkAg
164=BESAHdCkVIAcUIRkgBjBt0pycFAUhUApMfAgBJKCkASkgB3VdLSAHRCUwoKQBNKCkATigp
165=AE8oKQBQKCkAUSgpAFIoKQBTKCkAVCgpAFUoKQBWSQHARClZJ1fIAVGjWEgB2RFZSAHNUl
166=pJASVMBVUuW0gBZgEAA0kyLoQBSQFdVAKPBQMAXkgBn1cDAF9IAYNRAwBgSAGfCgMAYUkB
167=H2AHImk0LvnMY1QCgwQCAGRIASdwH8sMBgBmVAJ2BgAGUPsnVQBoVAIjZy4GAGlIASM7Lg
168=YAakgBzQVrKCkAbCgpAG1IAZ82BgBuSAGcNnhT3DZ4UycpAHFABIQ/eFMn4AEFNgAvACEB
169=AABZJzdJAVxYDUkBOEgBbFJFKTnIAVnMOkgBJ3oKLwDJATxUAsGpPUgB0R8+KCkAP0gBJT
170=UoQEgBwVFBSAGYEXH7L/knQ1QCxQhEKCkARUgBxQhGSAHFCEdIAYQedacv+V5JKFUASkgB
171=g3ICAEtIAd0KTCgpAE0oKQBOKCkATygpAFAoKQBRKCkAUigpAFMoKQBUKCkAVUkBwEQpTS
172=ZWyQEEdqcvAHUCBXSnJ8UDWUEEHUwFTVJaSAFkAUFRWygpAFwoKQBdSAGMBXlTL4oFAARa
173=Uy8AgFF7Uy8AJ3wCIuc+LwAjqQFiWAbRH2MoKQBkSQFTYARw+9AJeFMnKQBnQATNUmhIAS
174=O8I3lTLyRlLgZaUy8AxVVrQARsCQEABgBsKCkAbUgBnDZ4U8Q0eFMnKQBwQASENHSnJ+MB
175=NQAwjFJVTzbIAUUpN0kBIkRVVQI4SQF0eA12pzAAaAFRVjpUAs1SOygpADxIAcGpPUgB3S
176=A+KCkAPygpAEAoKQBBKCkAQigpAEMoKQBEKCkARSgpAEYoKQBHSAGMc3lTMCh4CicpAEpA
177=BMVgS0gBxRNMKCkATSgpAE4oKQBPKCkAUCgpAFEoKQBSKCkAUygpAFRJAblMJlknVcgBUS
178=pWSQHAVQIHeVMw9XBYVALZEVlIAYhOIuwpwwQDAFtUAt1MXEgBI3dQAgBdSQEkUAldV15J
179=ASCpAV9IAYBReVMwpFV4U9AJdKcnKQBjTAXBD2RIASIFLQB7UzAANHAJeVMwYQEAVQJnQA
180=QjkyMGAGhJAYdIQ1UCaSgpAGpIASPrIwYAa0gBnAZ4UycFAW0oVQBuSAHFVW9IAYSMdqcw
181=AIU0Bl8PMQAeSAxaJzUAqAFFdjbIAVVPN0kBJkAEVQI4SQF3eA16UzEAaAFBBDpVAoC1Aj
182=vIAVUCPEgB0VY9SAHBqT5IAd0gPygpAEAoKQBBKCkAQigpAEMoKQBEKCkARSgpAEYoKQBH
183=SAGEHnpTMQCEHnH7MaceAgBKQATNEEsoKQBMKCkATSgpAE4oKQBPKCkAUCgpAFEoKQBSKC
184=kAU0gBbFJFolTIASNqNDEAdAJNUlZUAs0QVygpAFgoKQBZSAGITnpTMQCJTgJZUzHtn1xA
185=BN1XXUgBkAl1pzFlMQBFVV9UAslZYEgBhFV5UzHxYWJUApsGAgBjKCkAZEgBeFNJOGVIAX
186=hTSUNmyQEDc/sxADNwDHhT1A10pycpAGpMBXwDUVZrKCkAbCgpAG0oKQBuKCkAbygoAAMz
187=ADIAIQFNCAJbUzIAIKkBNVQCaAFFEzZIAQEhAQAATVI3SQEgqQE4SAFsUl0VOcgBRYE6SA
188=F4U1UCO8gBVQI8SAEnegoyAMGpPlQCySI/KCkAQCgpAEEoKQBCKCkAQygpAEQoKQBFKCkA
189=RigpAEcoKQBIKCkASSgpAEooKQBLKCkATCgpAE0oKQBOKCkATygpAFAoKQBRKCkAUkgBdE
190=8BCAIAU8gBAQkCAFTJAQoi5T4y6UNWVALdIFcoKQBYKCkAWSgpAFooKQBbKCkAXEgB3Vdd
191=SAHBqV5JAQBgACLtKTLppmBUAtUNYSgpAGIoKQBjKCkAZCgpAGUoKQBmSAFkVV1tZ0gBeF
192=NZPWjIAVFWaUgBIkQ1TVJqSAFoEEkBaygpAGwoKQBtKCkAbigpADJRXh+9TDPIAUFRNEoB
193=IQFbCQIANcgBVQI2SAFsBUkBN0kBIEAEWRE4yAFVTzlIAcn+OkoBcgBDAAIAO8gBWQY8SA
194=EneQozKHkKM+U0P0AEzSZAKCkAQSgpAEIoKQBDKCkARCgpAEUoKQBGKCkARygpAEgoKQBJ
195=KCkASigpAEtJAaJEF1VwTMgBSRdNSQHKtQJOyAFVAk/IAV0gUMgBXSBRSQGdrQVSyAFNBV
196=NIAWVVDXhTJ8UDVVQCxR5WKCkAVygpAFgoKQBZKCkAWigpAFsoKQBcKCkAXUgBxVVeSQEg
197=uRFfSAHJpmBIAcEPYSgpAGIoKQBjKCkAZCgpAGUoKQBmKCkAZygpAGhIAWRVUVZpSAF5Uw
198=Ei7ClsAlAQcPsnKQBsQARMAiJ5IG0oKQAxWaNjeQICXVQ0VbgAIrkzM1YCIQGJATRIAXD7
199=RTQ1yAFdKzZJASChBDdLASEBAGGpOMgBQQQ5yAFZBjpIAXhTXTY7yAFdNjxIASd5CjQoeg
200=o0ACNfLQIAP0AEIwctAgBASAHZJ0EoKQBCKCkAQygpAEQoKQBFKCkARigpAEcoKQBIKCkA
201=SSgpAEpJAcF8GSJqNDQAaAFdFUxUAmRVSQFNSAF4UwEEAgBOyAFBME/IAVX0UMgBVfRRSA
202=F4U1EfUsgBRQhTSAHBGlQoKQBVKCkAVigpAFcoKQBYKCkAWSgpAFooKQBbKCkAXCgpAF0o
203=KQBeKCkAXygpAGAoKQBhSAEjUEci7Sk0JlVjY1QCJTFDZEgByRdlKCkAZigpAGcoKQBoKC
204=kAaUgBeFNJpmpIAVgrYVFrKCkAbCgpADBAoSXNXDFIAXhTWScyyAFZJzNIAQEhAQAASQE0
205=SAF4U0EENcgBVQI2SQEgoQQ3SAEBIQEAAEEEOMgBQQQ5yAFVAjpIASKUNEVVO8gBXVc8SA
206=EneAoINQDNAQAAAAIAPgARAACsDgAgDTUA0QEAAAACAD8ANQCFAQBpAUBJAdepAUFJAc+p
207=AUJIAc0FQ0oB//+NBUQoKQBFKCkARigpAEcoKQBIKCkASUkBwUAIAQUCAErIAQEGAgBLyA
208=EBBwIATEgByQxNKCkATigpAE8oKQBQKCkAUSgpAFIoKQBTKCkAVCgpAFUoKQBWKCkAVygp
209=AFgoKQBZKCkAWigpAFtJAY1UGFknXEkBhakBXSgpAF5JAYe1Al9IAcEaYCgpAGFJAYyhBG
210=JJAYOpAWNJAYapAWRIAdkGZSgpAGYoKQBnKCkAaCgpAGlJAVRECAEBBgBqSAFEAQIAAAYA
211=aygoAAEvADYA3QowSQHWrTwxSQFkcwUCADLIAQEBAgAzSQEiQARJATTIAUUeNcgBVQI2KC
212=kAN8gBAQICADjIAQEDAgA5SQEfpQg6SQF3qQw7yAFFCDxJAYC1Aj3IAVUCPkkB0FgGVQ0/
213=SQGRqQFASAHdFUFJAc21AkIoKQBDSAHRVkRIAdFWRUgBxR5GKCkARygpAEhJAcFMEAEIAg
214=BJyQEJelM2AHUCCnhTJ80ETEAE0QlNKCkATigpAE8oKQBQKCkAUSgpAFIoKQBTKCkAVCgp
215=AFUoKQBWKCkAVygpAFgoKQBZKCkAWkgBzVJbSAHFSlwoKQBdKCkAXkgB3UxfSAHBGmAoKQ
216=BhSAEnego2ANEJY1QC2QZkSAHZBmUoKQBmKCkAZygpAGgoKQBpSQFTSC1NUmpIAWQBSAEB
217=LgA3AN2OL0gByTgwSAHNPDFJAXxwBXpTNwBoAVVEM1UCa7UCNMgBVQI1SQFstQI2SQFoqQ
218=E3yAFBBDhIAWxSRVU5yAFFVTpIAXhTVQI7yAFVAjxIAXhTVQI9yAFVAj5IAcUTP0gB3RVA
219=SAHVAkEoKQBCSQHSpVVDKCkAREkB1LUCRUgBxSlGKCkAR0kBjKEESEkBhqkBSUgBbVINeV
220=M3/XhLVALFCEwoKQBNKCkATigpAE8oKQBQKCkAUSgpAFIoKQBTKCkAVCgpAFUoKQBWKCkA
221=VygpAFgoKQBZKCkAWkgBxUpbSAHFSlwoKQBdKCkAXigpAF9IAdmrYCgpAGFIAcUIYigpAG
222=NIASd4Cid1BGVUAtUjZigpAGcoKQBoKCkAaUgBeFMBAQYALViYzVIuSAHBOy8oKQAwKCkA
223=MUgBbFJVRDLIAVVEM0gBeFNVAjTIAVUCNUgBeFNBUTZIAXhTQQQ3yAFBBDhJASBYPUEEOc
224=gBWaA6yAFVAjtIAd1XPEoBcQBDAAIAPcgBQQQ+SAHdFT8oKQBAKCkAQUgB2atCSAHVI0NJ
225=AbhAD1UNREkBsqkBRUgBwQRGKCkAR0kBi6EESEkBgqkBSUkBhKkBSkgB0VZLSAHFCEwoKQ
226=BNKCkATigpAE8oKQBQKCkAUSgpAFIoKQBTKCkAVCgpAFUoKQBWKCkAVygpAFgoKQBZKCkA
227=WkkBkEApUR9bSAHRS1woKQBdKCkAXigpAF8oKQBgKCkAYSgpAGIoKQBjKCkAZEgB1VplSA
228=ElpSBmSAHBJWcoKQBoKCkALFzpwQQtSAHN4S5IAdk9LygpADAoKQAxKCkAMkgB1ZEzSAHZ
229=BjQoKQA1KCkANkkBe6kiN8gBUUs4SQFntQI5yAFVAjpJASBEP11XO0gBeFNFKTxIAXhTQV
230=w9yAFBBD5IAcEPPygpAEAoKQBBSAEneQo59ZxDVQK7SAxdCkRJAbOpAUVJAbapAUZIAdUj
231=R0kBj7UCSEkBh6kBSUgBxVVKKCkAS0gBxVVMSAHFCE0oKQBOKCkATygpAFAoKQBRSAHF71
232=JIAcE7U0gBwTtUSAHdClUoKQBWKCkAVygpAFgoKQBZKCkAWigpAFtIAcGpXEgBxVVdKCkA
233=XigpAF8oKQBgKCkAYSgpAGIoKQBjKCkAZCgpAGUoKQBmSAHBGmdIAcMaKwA65TQsKCkALU
234=kB2rUuLkgByU4vKCkAMCgpADFIASWpJjJIAd0KM0gBxQg0SAHBRjUoKQA2SAF4U1FLN8gB
235=UUs4SAF4U1UCOcgBVQI6SAFsUkkBO8gBQQQ8SgF4AEAAdqc6AGgBSVk+VQJdUAJdTD/IAV
236=UCQEgBzRBBKCkAQkgB1f9DKCkARCgpAEUoKQBGKCkARygpAEhIAdEfSUgB0VZKSAHRVktJ
237=AYmlKUxIAdUjTSgpAE4oKQBPKCkAUCgpAFFIAcFGUkgBwUZTKCkAVEgBwTtVSAHJDFYoKQ
238=BXKCkAWCgpAFkoKQBaKCkAW0gB1Q1cSAHVDV0oKQBeKCkAXygpAGAoKQBhKCkAYigpAGMo
239=KQBkKCkAZSgpAGZIAdf/KgA77VIrKCkALCgpAC0oKQAuSAHRdy9IAdF3MEgBySIxSQHcoT
240=AySAHVIzMoKQA0SAHFVTVIAc1dNigpADdIAc1HOEkBfLFLOcgBUUs6SAEiICBJTjvIAVUC
241=PEkBeEwFRVU9yAFdVz5IAXhTVQI/yAFVAkBJAVpMBUUIQcgBRQhCSQFctQJDSAF4BkEERM
242=gBQQRFSAHFE0YoKQBHKCkASCgpAElIAc1dSkgB0VZLSAHJIkwoKQBNKCkATigpAE8oKQBQ
243=KCkAUUkBjLEUUkgBwUZTKCkAVCgpAFVJAYetBVZIAcEPVygpAFgoKQBZSQGNrQVaSAHBO1
244=tIAckMXCgpAF0oKQBeKCkAXygpAGAoKQBhKCkAYigpAGMoKQBkKCkAZSgrACkAPO1SKigp
245=ACsoKQAsKCkALSgpAC5IAdUjL0gByRcwSAHNXTFIAd0gMigpADMoKQA0SAElJTE1SAElfS
246=Y2SAEl1Uc3SAElKSE4SAF4U1FLOcgBUUs6SAF4U1UCO8gBVQI8SQEgXGJJAT1JAR5IAVFL
247=PkgBfUwEImJJPABoAQEFAgBAVAJ4U0UIQcgBWQZCSAF4U0FRQ0gBbAVBBETIAUEERUoBWQ
248=BDAAIARsgBTQVHSAF4BlUNSEkBgFwDSQFJyAFBBEpIASX9IEtIAdUjTCgpAE0oKQBOKCkA
249=TygpAFAoKQBRSQGQqQxSSQGIqQFTSAHNMVQoKQBVSAHZMlZIAcEPVygpAFgoKQBZSAHBO1
250=pIAdEJWygpAFxIAdUNXUgBwQReKCkAXygpAGAoKQBhKCkAYigpAGMoKQBkKCsAKAA97VIp
251=KCkAKigpACsoKQAsKCkALSgpAC5IAdUYL0gB0RQwKCkAMUgByW8yKCkAM0gB3Xg0SAHV3j
252=VIASV9JjZIASd6Cj0A2as4VALZqzlIAcWXOkgBJe1KO8gBUUA8SQEgTFJJAT1IAXT/VUQ+
253=yAFVAj9IAdFWQMgBVU9ByAFVT0JIAXgGVQJDSAF4U1VaRMgBVVpFSAF4U0EERsgBWQZHSA
254=F4U0kMSEgBeFNBBEnIAUEESkgByRdLSAHNqkxIAc2qTUgBzUdOKCkATygpAFAoKQBRKCkA
255=UigpAFNIAdFWVEgB2TJVKCkAVkgBwTBXSAHVDVgoKQBZSAHFCFpIAcFRW0gBwVxcSAHZBl
256=1IAdFAXkgB1Q1fKCkAYCgpAGEoKQBiSAHdCmNIAdsGJwA+7VIoKCkAKSgpACooKQArKCkA
257=LCgpAC0oKQAuSAHFEy9IAckMMCgpADEoKQAyKCkAM0gB2Rw0SAHZHDVIAcVVNkkBiVBLRU
258=o3SAHBBDgoKQA5SAHNqjpIAWyqTQU7yAFJQzxIASKcKlUCPcgBVQI+SAEBIQEAAFUCP8gB
259=VQJAyAFVAkHIAVUCQkgBInBWVQJDyAFVAkRIAXRaXUxFSgEhAUwJdKcDPgAhAQAAVQJHKF
260=UASEkBcVANRQhJyAFFCEpIASd6Cj4AyQFMKFUATUgBxVVOSAHRH09IASW9RFBIAcEEUUgB
261=wQRSKCkAUygpAFRIAcU0VUgBxTRWKCkAV0gBwYhYSAHRVllIAd0KWigpAFtIAdEJXEgB2Q
262=ZdSAHdCl5IAclOXygpAGAoKQBhSQGKqSJiSAHLDCYAP+1SJygpACgoKQApSAElrSEqSAHB
263=DysoKQAsKCkALSgpAC5IAcUTL0gBxRMwSAHVAjEoKQAyKCkAM0gB0RQ0SAHRFDUoKQA2KC
264=kANygpADhJAY5QQFk9OUgBJ3kKPyM8VU2UO1QCZFVVRDxIAXhTVQI9yAFVAj5KASEBhUo/
265=yAFVAkDIAU0FQcgBVQJCSAF4U1UCQ8gBVQJESAF4U11MRUgBeKtZEUbIAVUCR0gBYARVAk
266=hIAXhTRQhJyAFFCEpIAc1SSygpAEwoKQBNKCkATkgB2atPSAHZBlAoKQBRSAHFVVJIAcUp
267=UygpAFRIAcVKVUgB2TJWKCkAVygpAFhIAdWGWUgB0QlaSAHJQ1tIAcUIXCgpAF1IAdkGXk
268=gB2QZfKCkAYCgpAGEoKwAlAEDtUiYoKQAnKCkAKCgpAClIAdUYKkgBzRArKCkALCgpAC0o
269=KQAuSAHFEy9IAcUTMEgB0QkxSAHRCTJIAc0FM0gBzQU0KCkANSgpADYoKQA3KCkAOEgBJa
270=FnOUgBJ3kKQOmQO1QCyTg8SQFmuXQ9yAFNRz7IAUFGP0gBdE9VAkBIAd1MQcgBQQRCyAFF
271=SkNIAWhOVQJEyAFVAkVJASBMXUFRRsgBUQlHSAFsBVUCSEoBdwBDAAIAScgBQQRKSAFo/k
272=EES8gBVQJMSAHJF00oKQBOKCkATygpAFAoKQBRSAElIStSSAHRKlMoKQBUSAHNMVVIAc0x
273=VigpAFcoKQBYSAHFNFlIAdEJWkgBxQhbSAHFCFwoKQBdSAHRjV5IAdkGXygpAGAoKwAkAE
274=HtUiUoKQAmKCkAJygpACgoKQApSAElrSEqSAHNECsoKQAsKCkALSgpAC5IAcEaL0gBxRMw
275=SAHBGjFIAdEJMkgBzQUzSAHNBTQoKQA1KCkANigpADcoKQA4KCkAOUgBJ3kKQSh4CicpAD
276=xABHhTWUg9ygEEAlrJQQB1AgUiajRBAHhTQQRAQAR4U1VPQcgBAQACAELIAU1HQ0gByU5E
277=yAFVAkVJASBYU1kGRsgBUQlHSAFsBVUCSEgBeFNJAUnIAQoDAgBKAEEAgAAAAAICEQAAHw
278=4AIAoASwBBAIAAAAADAgBMSAEFzQEAAAACAE0oKQBOKCkATygpAFAoKQBRKCkAUkkB0aUI
279=U0oB//+RCVRJAYxEAV0KVUkBg6kBVigpAFcoKQBYSQGGoQRZSAHFCFpIAcUIW0gBxQhcSA
280=HNBV1IAc0FXigpAF8oKAABIwBCAMEEJCgpACUoKQAmKCkAJygpACgoKQApKCkAKkgB2REr
281=SAHZESwoKQAtKCkALkgB0RQvSAHNEDBIAcUIMUgBxQgyKCkAM0kBh70gNEgB2QY1KCkANi
282=gpADcoKQA4KCkAOUkB1q0xOkgBwTs7KCkAPCgpAD1JAWS1DT7IAQEBAgA/SQEeRAhJAUBK
283=ASEBRQQCSypCAB9KAQICTAKoAU1HQ1ABbAVVAkTIAVUCRUkBIkwFRT9GyAFRCUdKASEBkQ
284=lIyAFVAklIAcUISkkBdVwDWQZLyAFBBEzIAUkMTUgBwRpOKCkAT0kB0r0KUCgpAFEoKQBS
285=SQHUoQRTSAHRKlRIAc0xVUgBzTFWKCkAVygpAFhJAYqlE1lIAcUIWkkBkLUCW0kBiKkBXE
286=gBzQVdSAHNBV4oKwAiAEPtUiMoKQAkKCkAJSgpACZJAYypFydJAYSpAShJAYapASlIAckM
287=KkgBwRorSAHBGiwoKQAtKCkALkgBJ3gKJzkCMFQCxQgxSAHFCDIoKQAzKCkANEgBxVU1SA
288=HNEDYoKQA3KCkAOCgpADlJAdqpFzpIAd02OygpADxIAc08PUkBfLEqPsgBXUE/SQFotQJA
289=yAFVAkFIAQEhAQAAVE8CQgBDACBIAUFGQ8gBVQJEKCkARUgBeFNBBEbIAUEER0oBIQFXoA
290=IASMgBQVFJyAFJDEpIAXhTTQVLyQEEdqdDAHUCBXanQwDJF05BBNBQCUUIT0gB1SNQKCkA
291=USgpAFIoKQBTKCkAVEgBzTFVSAHNMVYoKQBXSAHJOFhIAckMWSgpAFooKQBbKCkAXCgpAF
292=0oKwAhAETtUiIoKQAjKCkAJCgpACUoKQAmSQGLuRwnSQGCqQEoSQGJqQEpSAHFEypIAdVl
293=K0gB1WUsKCkALSgpAC5IAc1oL0gBxQgwSAHJIjFIAckiMigpADMoKQA0SAHVIzVIAcUINi
294=gpADcoKQA4KCkAOSgpADooKQA7KCkAPEgB2as9SAF4U1lIPsgBSUM/SAF4U1UCQMgBVQJB
295=SAF0nFlIQkgBdE9JQ0PIAVUCREgBeKtJAUVLASEBAEZRAEbIAVUCR0kBJrUCSEoBIQFfAw
296=IAScgBSQxKyAFBD0tJAXRACEkMTMgBRQhNSAEneQpE5VVPVALN91BIAcElUSgpAFIoKQBT
297=KCkAVEgB1TlVSAHNMVYoKQBXSAHBMFhIAd0KWSgpAFooKQBbKCkAXCgrACAARe1SISgpAC
298=IoKQAjKCkAJCgpACUoKQAmSQGPQCVdICdIAc1SKEgB2REpKCkAKigpACsoKQAsKCkALSgp
299=AC4oKQAvKCkAMEgBySIxSAHBXDIoKQAzKCkANEgBwVw1SAHZETYoKQA3KCkAOCgpADkoKQ
300=A6KCkAOygpADxIAdmrPUgB2T0+KCkAP0kBe6lDQMgBSUNBSQFptQJCyAFVAkNJAW61AkTI
301=AVUCRUoBIQGVT0bIAVVPR0gBJ3oKRQBsXVUuSVQCaAFZBkpJAStYBlUCS0gBaKZJAUzIAU
302=EETcgBXVdOSAHJF09IAcGpUEgBwSVRKCkAUigpAFMoKQBUKCkAVUgB2TJWSAHZMldIAcEw
303=WEgB3QpZKCkAWigpAFsoKQAfSHLNBSBJAY21IyFJAYWpASIoKQAjKCkAJCgpACVIAd3mJk
304=gB0QknKCkAKCgpACkoKQAqKCkAKygpACwoKQAtKCkALigpAC8oKQAwKCkAMSgpADIoKQAz
305=KCkANCgpADUoKQA2KCkANygpADgoKQA5KCkAOigpADsoKQA8SQGOsUA9SAHFVT5IAdk9P0
306=gBeFNRQEDIAVFLQUgBeFNVAkLIAVUCQ0gBeFNVAkTIAVUCRUkBa60xRsgBUUtHSQFstQJI
307=SQFnqQFJyAFBBEpIAXSySQFLSAF4U1EJTMgBXfxNyAFd/E5IAd0VTygpAFBJAc+tG1FIAc
308=2qUkgBzTxTKCkAVCgpAFUoKQBWKCkAVygpAFgoKQBZKCkAWigrAB4AR/2kHygpACBIAdHl
309=IUgBwbQiKCkAIygpACQoKQAlKCkAJkgB1VonSAHRVihIAcEaKSgpACooKQArKCkALCgpAC
310=0oKQAuKCkALygpADAoKQAxKCkAMigpADMoKQA0KCkANSgpADYoKQA3KCkAOCgpADkoKQA6
311=KCkAOygpADxIAd3FPUkBirU5PkgBxVU/SAHFP0AoKQBBKCkAQigpAENIAXhTTUdEyAFNR0
312=VIAXhTUVZGyAFdTEdIAXhTVU9ISAF4U0EEScgBQQRKSAF4U0kBS0gBbKpBBExJAXGpWU3I
313=AUUITkgB0RRPKCkAUCgpAFFIAc2qUkgB1TlTSAElqTFUSAElfTFVSAHBBFYoKQBXKCkAWC
314=gpAFkoKAABHQBIANGjHkgB2UgfKCkAIEgBzVIhKCkAIigpACNIAc21JEgBzQUlKCkAJigp
315=ACdIASWtIShIAd0VKSgpACooKQArKCkALCgpAC0oKQAuKCkALygpADAoKQAxKCkAMigpAD
316=MoKQA0KCkANSgpADYoKQA3KCkAOCgpADkoKQA6KCkAOygpADwoKQA9KCkAPkgBzao/SAEl
317=cSpASAHRQEEoKQBCKCkAQ0gBJfU1RCgpAEUoKQBGSAHFCEcoKQBISAElyUBJyAFJTkpIAW
318=xSSQFLSAEiICuS+0gAeFNFVU1UAmgBXVdOSAHdCk8oKQBQSAHZEVFIASW5PlJIAc1SU0kB
319=h6FyVEgBJakxVUgBJVE8VkgB0VZXSAHRQFgoKwAcAEntUh1IAcVKHigpAB8oKQAgKCkAIS
320=gpACJIAd1MI0gByQwkSAElgSElSAHdCiYoKQAnSAHZBihIAdkGKSgpACooKQArKCkALCgp
321=AC0oKQAuKCkALygpADAoKQAxKCkAMigpADMoKQA0KCkANSgpADYoKQA3KCkAOCgpADkoKQ
322=A6KCkAOygpADwoKQA9SAHdNj5JAYW9Nj9IAcGpQEgB2T1BSAHdQUJIAcGTQ0kBuLkGREkB
323=sKkBRUkBsqkBRkgB0QlHSAHFCEhJAWaloknIAU1SSsgBQVFLSAElnSpMSAF8/EVVTcgBTQ
324=VOyAFNBU9IAdkRUEgBwRpRSAHJTlJIAc0bU0gBwTtUSAElUTxVSAHFVVZIASUBMldIAc8F
325=GwBK7fccSAHB9h1IAdlIHigpAB8oKQAgKCkAIUgB3aQiSAHdTCNIAckMJCgpACVIAckMJk
326=gByQwnKCkAKEgB3fwpSAHFCCooKQArKCkALCgpAC0oKQAuKCkALygpADAoKQAxKCkAMigp
327=ADMoKQA0KCkANSgpADYoKQA3KCkAOCgpADkoKQA6KCkAOygpADwoKQA9SAHd/D5IAdkyP0
328=gBxR5AKCkAQUgB3UxCSAHBk0NJAbuhUURJAbOpAUVJAbWpAUZIAdEJR0gB1bJISAF4U1mg
329=ScoBBAJCAUoAdAIBBQIAS1ABdKdBUUxIAXhTTQVNyAFNBU7IAU0FT0gBJ3oKSgDJTlFUAs
330=lOUkgBJ3gKJ50JVFQCzQVVSAHBBFZIAd0VGlQQyQEbKCkAHEkBkKVrHUgBzUceKCkAHygp
331=ACBIAcFRIUgB0QkiSAHVTyNIASVNICQoKQAlSAHdCiYoKQAnKCkAKEgB3QopSAHdCiooKQ
332=ArKCkALCgpAC1IASUxIi5IAcEPL0gBzV0wSAHRCTEoKQAyKCkAMygpADQoKQA1KCkANigp
333=ADcoKQA4KCkAOSgpADooKQA7KCkAPCgpAD0oKQA+KCkAPygpAEAoKQBBKCkAQigpAEMoKQ
334=BEKCkARSgpAEYoKQBHSAHBXEhIAcGpSUkBYrk9SsgBTVJLSAF4U01STEkBIExdXaRNSgFz
335=AEMAAgBOyAFNBU9IASd6CksA3W1RVAInegpLAMkBU1QCzapUSAHd/FVIAc9zGQBM/aQaKC
336=kAGygpABwoKQAdSAHdTB5IAcVKHygpACAoKQAhSAHdQSJIAc0FIygpACQoKQAlKCkAJigp
337=ACcoKQAoSAEneAonvQIqVALRSysoKQAsKCkALUgB3RUuSAHNEC9IAdEJMEgBxQgxKCkAMi
338=gpADMoKQA0KCkANSgpADYoKQA3KCkAOCgpADkoKQA6KCkAOygpADwoKQA9KCkAPigpAD8o
339=KQBAKCkAQSgpAEIoKQBDKCkARCgpAEUoKQBGKCkARygpAEhIAcGpSUgBeFNVT0rIAU1SS0
340=kBIExSVU9MSAEiRCqS+0wAeFNNBU5UAmgBTQVPSAEneAonsQZRVALFVVJIASd6CkwA3aRU
341=VALPMRgATe1SGSgpABooKQAbKCkAHCgpAB1IAdk9HkgB2T0fKCkAICgpACEoKQAiKCkAIy
342=gpACRIAdX/JSgpACYoKQAnKCkAKEgB1Q0pSAHZXipIAdmgK0gBzRssSAHJpi1IAdkGLigp
343=AC9IASX9TDBIAdkGMSgpADIoKQAzKCkANCgpADUoKQA2KCkANygpADgoKQA5KCkAOigpAD
344=soKQA8KCkAPSgpAD4oKQA/KCkAQCgpAEEoKQBCKCkAQygpAEQoKQBFSQHXUEtFSkZIASWp
345=R0coKQBISAEn9BQBTQBjAEAAcPuoAU1SS0EEIEQISQFMSAEneQpNI5Q0XQpOVAIilDRBBE
346=9IAdEJUEgB1Q1RSAEnYUlN6f5TVALdpBdEsM0xGCgpABkoKAAEGgBOAP//ABEAALUOACAI
347=AAACABsATgD//wBoAQEcAE4AyQEdSQGQUAJBBB5JAYipAR8oKQAgKCkAIUkBg6EEIigpAC
348=NJAYa1AiRIAd0KJSgpACYoKQAnKCkAKEkBjLkGKUgB3QoqSAHRCStIAdEJLEgBzQUtSAHN
349=BS5IAc0FL0gBzQUwKCkAMSgpADIoKQAzKCkANCgpADUoKQA2KCkANygpADgoKQA5KCkAOi
350=gpADsoKQA8KCkAPSgpAD4oKQA/KCkAQCgpAEEoKQBCKCkAQ0oB1wFHJQIAREkBz6kBRUkB
351=zakBRigpAEcoKQBIKCkASUkBY2MIAgBKyAEBAwIAS0kBIEQISQFMSQEeSAEBAgIATUoBcQ
352=BRRAJCAU4AaAFBBE9QAdUNUCgpAFFJAdRYBk1HUkkBkasBFgBP8UsXKCkAGCgpABkoKQAa
353=KCkAGygpABwoKQAdKCkAHigpAB8oKQAgKCkAIUgByVkiSAHJWSNJAYpAGlEUJEgB1UQlKC
354=kAJigpACcoKQAoSAHJTilIAclOKkgByU4rSAHRCSxIAcEPLUgBzQUuKCkAL0kBh60QMEgB
355=2QYxKCkAMigpADMoKQA0KCkANSgpADYoKQA3KCkAOCgpADkoKQA6KCkAOygpADwoKQA9KC
356=kAPigpAD8oKQBASQG+SBdJQ0FIAckXQkgBzVJDSAHJQ0QoKQBFKCkARigpAEcoKQBIKCkA
357=SUkBYkgMRTRKyQEBe1NPAB9ESkkBTFQCeFNBBE1IAWxSSQFOyAFBBE9IAc0QUEgBzVJRSQ
358=GORAhPBRUAUO1SFigpABcoKQAYKCkAGSgpABooKQAbKCkAHCgpAB0oKQAeKCkAHygpACAo
359=KQAhKCkAIigpACMoKQAkKCkAJSgpACYoKQAnKCkAKEgBJ3oKUADJTipUAid4CifFAyxUAt
360=02LUgB2QYuSAHZBi8oKQAwSQGFrTExKCkAMigpADNIAclZNEgB3Qo1KCkANigpADcoKQA4
361=KCkAOSgpADooKQA7KCkAPCgpAD0oKQA+KCkAP0gBbFIBBQIAQMgBAQYCAEHIAQEHAgBCSQ
362=HWpT9DSQF6oRpEyAFBRkVJAVq1AkbIAVUCR0kBgLUCSMgBVQJJSAF4U0VgSsgBRaJLSQEg
363=SAxBBExJASJIAV1MTUgBeFNNBU7IAU0FT0kB0KEEUEkBkKsBFABR7VIVKCkAFigpABcoKQ
364=AYKCkAGSgpABooKQAbKCkAHCgpAB0oKQAeKCkAHygpACAoKQAhKCkAIigpACMoKQAkKCkA
365=JSgpACYoKQAnKCkAKEgBxaIpSAHJsSpIAcmxK0gBzUcsKCkALUgB2QYuSAHZBi9IAcVVMC
366=gpADEoKQAyKCkAM0gBxWA0SAHJDDUoKQA2KCkANygpADgoKQA5KCkAOigpADsoKQA8KCkA
367=PSgpAD5IAWxSAQgCAD/JAQl6U1EAdQIKelNRAMmmQkAE2ZVDSAF4U0FGRMgBQUZFSAF4U1
368=UCRsgBVQJHSAF4U1UCSMgBVQJJSgFkAEAAcvtRAGgBTVJLVQIgXExBBExIAXhTWQZNSgFz
369=AEAAcvtRAGgBTQVPVALIpgITAFIAR1wDAQAGABTIAQEBBgAVSQFKtQIWSAHBBBfIAUEEGM
370=gBWQYZyAFVAhpJAUm5BhvIAVUCHMgBTQUdyAFVAh5IAckMH0kBRrkGIMgBURQhSAHVOSIo
371=KQAjKCkAJCgpACUoKQAmKCkAJygpACgoKQApKCkAKigpACsoKQAsKCkALSgpAC4oKQAvSA
372=HNqjBIAcVVMSgpADJIAclZM0gBxWA0SAHBGjUoKQA2KCkANygpADgoKQA5KCkAOigpADso
373=KQA8KCkAPUkBuUQpRT8+yAFdQT9IAW1SDXlTUumQQVUC2kBGUZhCSAEnegpSACLkKFUCRF
374=QCaAFNMUVJASWtBUbIAVUCR0kBeFQNTQVIyAFVAklJAV+1AkrIAVUCS0kBIEQISQFMSAF4
375=U1kGTUgBbFJdFU7IAVwVARIAUwCDAAYAEygpABQoKQAVKCkAFigpABcoKQAYKCkAGSgpAB
376=ooKQAbKCkAHCgpAB0oKQAeKCkAH0kBQH8RBgAgyAFVGCFIAdU5IigpACMoKQAkKCkAJSgp
377=ACYoKQAnKCkAKCgpACkoKQAqKCkAKygpACwoKQAtKCkALigpAC9IASd5ClMmpSAxVALdpD
378=JIAckXMygpADQoKQA1KCkANigpADcoKQA4KCkAOSgpADooKQA7KCkAPEgBbFJN9z3IAQEG
379=AgA+yQEHdadT7VJAVQKMVUQAd6dTAIapAUJUAidxH1OYU0FGRFQCeFNBRkVIAXhTVQJGyA
380=FVAkdIAXhTVQJIyAFVAklIAXhTVQJKyAFVAktIAQEhAQAAQTtMSAEiGCpNEE3IAVcCEQBU
381=aUAAUZgSKCkAEygpABQoKQAVKCkAFigpABcoKQAYKCkAGSgpABooKQAbKCkAHCgpAB0oKQ
382=AeKCkAH0kBQE0TAnpTVABoAUEaIVQCzTwiKCkAIygpACQoKQAlKCkAJigpACcoKQAoKCkA
383=KSgpACooKQArKCkALCgpAC0oKQAuKCkAL0gByf4wSAHdpDFIAd2kMkgByRczKCkANCgpAD
384=UoKQA2KCkANygpADgoKQA5KCkAOigpADtIAWxSTfc8yAEBCQIAPckBCnlTVO1SP1QCzVJA
385=SQGCVUQAe1NUAIWpAUJUAid7ClQAe0wxQQREVAJoAU1HRUkBbLUCRkkBZ6kBR8gBQQRISQ
386=EgUAldNklIASLkM5pTVABoAVUCS9QCTQVMSAF4U0AEARAAVQCDAAYAESgpABIoKQATKCkA
387=FCgpABUoKQAWKCkAFygpABhIAYMwBgAZKCkAGigpABsoKQAcSAHNEB1IAYMlBgAeSAGTdw
388=YAH0kBQmQEelNVAGgBVRghVAKLDAIAIigpACMoKQAkKCkAJSgpACYoKQAnKCkAKCgpACko
389=KQAqKCkAKygpACwoKQAtKCkALigpAC8oKQAwKCkAMSgpADJJASFjGgIAM0kBHqkBNEkBIq
390=kBNUgBzRs2KCkANygpADgoKQA5KCkAOkkBuEQIAQICADvIAUU/PEgBZFVN9z1IAd0KPigp
391=AD9JAY9MR0lOQEgBJ3kKVSh6ClUAJ3kKVZhTSQxETAV4U0kMRUgBeFNZMkZIAXhTQQRHyA
392=FBBEhIAWhOQQRJyAFVDUrIAVUCS0gBx1UPAFZMGEsABgAQKCkAESgpABIoKQATKCkAFCgp
393=ABUoKQAWKCkAFygpABhIAZwgeVNWu3QGABooVQAbKCkAHEgBzVIdSAGUI3lTVrQjeVNWjF
394=JduiBBBEJEFwEBAgAhSAGIDHhTywwCACMoVQAkKCkAJSgpACYoKQAnKCkAKCgpACkoKQAq
395=KCkAKygpACwoKQAtKCkALigpAC8oKQAwKCkAMSgpADJJAR1UGEU0M0gBlxgDADRJAR+1Aj
396=VIAZcCAgA2KCkANygpADgoKQA5SAFsUk33OskBBnpTVgB0Ak33PFQC0Qk9KCkAPigpAD8o
397=KQBASQGLpVVBSAEn9hRWACUZKkNVAtKhBEQoKQBFSAElcSpGSQFhtRhHyAFRNUhIASd6Cl
398=YAJWkpSlQCaAFDBA4AV3AGbfcPKCkAECgpABEoKQASKCkAEygpABQoKQAVKCkAFigpABco
399=KQAYSAGIInlTVyh4CicpABtABM1SHEgBzVIdKCkAHkgBlCN7U1cASXAXdKeqAQEGWFOoAV
400=FWIkwFYARVAiPIAVUCJMgBVQIlSQFHpQgmyAFVAifIAU0FKMgBVQIpSQFIrQUqyAFVAitJ
401=AUq1AixIAdEJLcgBQQQuSQFGoQQvyAFVLjBIAZ8gAgAxKCkAMkgBJ3gK2DJ7U1cAJmcIAg
402=A1QATBqTZIAcUINygpADhIAXRPAQgCADnIAQEJAgA6ygEKAlSnyy0CADxUAsUIPUgBlC5z
403=+1cAhL1MP1QCyQFASAGMMXL7VwDJAUJUAsEEQ0kBirkGREgB3QpFSAHZq0ZIAXhTAQICAE
404=fIAQEDAgBISAF4U0kBSUgBbFJDBA0AWHwdbVIOKCkADygpABAoKQARKCkAEigpABMoKQAU
405=KCkAFSgpABYoKQAXKCkAGCgpABkoKQAaSAGXIwYAG0gBkx8GABwoKQAdKCkAHigpAB9IAZ
406=QjeVNYJLwueFMnbQMiQASdHAZUpydVACQoVQAlKCkAJigpACcoKQAoKCkAKSgpACooKQAr
407=KCkALCgpAC0oKQAuSQFAcxAGAC/IAZlTWKxzeFMnKQAyQAQneArUAnhTyRcDWlNYAMGpNk
408=wF0UA3SAFsUl2kOMkBBnlTWJykTfc6VALNBTsoKQA8KCkAPUgB2fg+SQGHvUw/SAGMMSLl
409=PljtUkEoVQBCSAGLhQIAQ0gBJblJREgBJ9ZoWAAn9xRYAGJ8IHhTqAFdIEhNBSBUDUgBAQ
410=wAWQCDAAYADSgpAA4oKQAPKCkAECgpABEoKQASKCkAEygpABQoKQAVKCkAFigpABcoKQAY
411=KCkAGSgpABpIAYjHeVNZvCB4UycpAB1ABIAlcPsnVQAfKFUAIEgBgCV5U1mnPwYAIlUCjW
412=geelNZACMfXAYAJFQCyQElKCkAJigpACdIASNLXAYAKEgBYAhBqSlIAdEJKkgBxQgrSAHN
413=BSxIAc0FLSgpAC5IAXlTAnlTWSb9NjBUAsFGMSgpADJIASd4CtA1e1NZACdgC3WnWUBtTA
414=Fx+1mUTwEIAgA3WAZ4U12kOMgBXaQ5SAHJDDooKQA7KCkAPCgpAD0oKQA+KCkAP0gBmDJ4
415=U9QudqdZAN1XQkEEiVFLAHlTWSYZKkRUAs1SRSgpAEZIAXhTUaNHyAFKpgsAIlhUQxoGAA
416=woKQANKCkADigpAA8oKQAQKCkAESgpABIoKQATKCkAFCgpABVIAck4FkgByTgXKCkAGEgB
417=1TkZSAFcEmW4GkgBnCB5U1ooeAonKQAdQAQneAonVQAfKFUAIEgBgCV5U1ooegpaACMkR3
418=lTWiQkR3hTJykAJVgGI/lRBljnCloAgwAAAAAGACcAWgARAABwDQAgCYMAAAAABgAoAFoA
419=hUQBAQAGAClIAdUCKigpACsoKQAsSQGHrQUtSAFkAVkGLkgBBWcBAAABBgAvyAEBAgIAME
420=oB//9LBAIAMSgpADJJASRQAgEAAgAzSQEgqQE0SQEjqQE1SQG5SAFFCDbIAQEDAgA3SQG4
421=VAIBDQIAOEgB3Qo5KCkAOigpADsoKQA8KCkAPSgpAD4oKQA/SQGPSBdZEUBJAYmpAUFIAc
422=kMQigpAENJAdahBERJAc2pAUUoKQBGSQHUtAIBCgBbAIcIBgALSAFFFwBBJQwoKQANKCkA
423=DigpAA8oKQAQSQGNfwYGABFIAcU0EigpABMoKQAUKCkAFUgByTgWKCkAFygpABhJAYa9Ch
424=lIAWQBRRMaSQGLaxcGABtJAYKpARwoKQAdKCkAHkkBh6EEH0gBjyYGACBIAcUeISgpACJJ
425=AZBvDAYAI0kBiKkBJEgB0RQlKCkAJigpACcoKQAoKCkAKSgpACooKQArKCkALEgBzRstSA
426=FsUgEEBQAuygEFBVpTWwB1AgZ4U6kBB3hT0zUCADJMBZQYeFMnVQA0VAJsUgEFAgA1yAFF
427=CDbIAUUIN0gB2QY4KCkAOSgpADooKQA7KCkAPCgpAD0oKQA+KCkAPygpAEAoKQBBKCkAQi
428=gpAENJAdp7MgIAREgBJ3sKWwDQtwIJAFztUgpIAWgxRT8LKCkADCgpAA0oKQAOSAHBUQ9I
429=AcFREEgByTgRKCkAEigpABMoKQAUKCkAFSgpABYoKQAXKCkAGEgByTgZSAHRFBpIAZh0el
430=NcACd4CicpAB1ABMFRHkgB2QYfKCkAICgpACEoKQAiKCkAIygpACRIAdFWJUgB0VYmKCkA
431=JygpACgoKQApSAHJIiooKQArKCkALEkBimsTBgAtSQFnWTIIeVNcjlIJBFhTqgEKA1SnqQ
432=ELeFPcNnhTJykAM0QIbFIBCAIANMkBCXpTXAB0AgEKAgA2VALNUjcoKQA4KCkAOSgpADoo
433=KQA7KCkAPCgpAD0oKQA+KCkAPygpAEAoKQBBKCkAQigpAEMoKQBESAHHVQgAXe1SCUgBcC
434=NNUgpIAclOC0gByU4MKCkADSgpAA5IAdUuDygpABAoKQARKCkAEigpABNIAcE7FCgpABUo
435=KQAWKCkAFygpABhIAck4GUgB3RUaKCkAG0gBxVUcSAHNUh1IAc0FHigpAB8oKQAgKCkAIS
436=gpACIoKQAjKCkAJCgpACUoKQAmKCkAJygpACgoKQApSQGMcxAGACpIAc0mK0gB3W0sSAF8
437=A0EwLUkBZllTAHpTXQBpAQF4U6kBAnhTqAFJ8zFMBd1MMkkBwkkIAXanXQBoAVn4NFQCbF
438=JN9zVIAc0FNigpADcoKQA4KCkAOSgpADooKQA7KCkAPCgpAD0oKQA+KCkAPygpAEAoKQBB
439=KCkAQigpAEMoKwAHAF7tUghIAVwZbfcJSAHNUgpIAdknCygpAAwoKQANKCkADigpAA8oKQ
440=AQKCkAESgpABJIAc0xE0gBwQ8UKCkAFSgpABYoKQAXKCkAGCgpABkoKQAaKCkAGygpABwo
441=KQAdKCkAHigpAB8oKQAgKCkAISgpACIoKQAjKCkAJCgpACUoKQAmSAGHPwYAJygpACgoKQ
442=ApSAHRripIAc1zK0gB3W0sSAHJIi1IAWxSkftemFOQ+6kBBnD7qQEHdadegFFFVTJYBm1S
443=BHhTtAJF+jRUAoQTdKfEP3SnJykANyiBADgoKQA5KCkAOigpADsoKQA8KCkAPSgpAD4oKQ
444=A/KCkAQCgpAEEoKQBCKCsABgBf7VIHSAHdIAgoKQAJSAHVewpIASd6Cl8AyQEMVALRKg0o
445=KQAOSAHBBA8oKQAQKCkAESgpABIoKQATSAElHTAUSAHZERUoKQAWKCkAFygpABgoKQAZKC
446=kAGigpABsoKQAcKCkAHSgpAB4oKQAfKCkAICgpACEoKQAiKCkAIygpACQoKQAlKCkAJkgB
447=kEB4UyepBSgoVQApSAHZHCooKQArKCkALCgpAC0oKQAuSQFmQakJImk0X4RVSfMwVAKUDX
448=lTX5lTBnD7qAFRVjMogQA0KCkANSgpADYoKQA3KCkAOCgpADkoKQA6KCkAOygpADwoKQA9
449=KCkAPigpAD8oKQBAKCkAQSgrAAUAYO1SBkgB1SMHSAHdpAhIAc33CUgB3UwKSAHBUQtIAc
450=GeDEgBxQgNKCkADkgB0YIPSAHZBhBIAdEJESgpABIoKQATSAHdChRIAd0KFSgpABYoKQAX
451=KCkAGCgpABkoKQAaKCkAGygpABwoKQAdKCkAHigpAB8oKQAgKCkAISgpACIoKQAjKCkAJC
452=gpACUoKQAmSAGARnhTJ9UFKChVAClIAdkcKigpACsoKQAsKCkALSgpAC5JAUB8BnpTYABo
453=AU33MFQClA15U2CZUwl4U6gBXVczKIEANCgpADUoKQA2KCkANygpADgoKQA5KCkAOigpAD
454=soKQA8KCkAPSgpAD4oKQA/KCkAQCgrAAQAYe1SBUgBahsABkUAYYQBQQEHVALdpAhIAdlI
455=CUgBwUYKSAGQBSLmPmEAzQUMVALJWQ1IAc2fDkgBzQUPKCkAEEgB2QYRSAHJDBIoKQATSA
456=HR2hRIAcUIFSgpABYoKQAXKCkAGCgpABkoKQAaKCkAGygpABwoKQAdKCkAHigpAB8oKQAg
457=KCkAISgpACIoKQAjKCkAJCgpACUoKQAmKCkAJygpACgoKQApKCkAKigpACsoKQAsKCkALS
458=gpAC5IAW1SAnlTYZhTWfgwVAIneArYPXhTJykAMyiBADQoKQA1KCkANigpADcoKQA4KCkA
459=OSgpADooKQA7KCkAPCgpAD0oKQA+KCkAPygrAAMAYu1SBEgB2T0FKCkABigpAAdIAc1HCE
460=gBzUcJSAEneQpigAhJWQtUAs0FDEgBzQUNSAHNBQ5IAZMFBgAPKCkAEEgB2QYRSAHZBhJI
461=AdkGE0gB2QYUKCkAFSgpABYoKQAXKCkAGCgpABkoKQAaKCkAGygpABwoKQAdKCkAHigpAB
462=8oKQAgKCkAISgpACIoKQAjKCkAJCgpACUoKQAmKCkAJygpACgoKQApKCkAKigpACsoKQAs
463=KCkALSgpAC5JAURkJXpTYgBoAZSn2D10pycpADJMBdFWMygpADQoKQA1KCkANigpADcoKQ
464=A4KCkAOSgpADooKQA7KCkAPCgpAD0oKQA+KCsAAgBj7VIDSAFwGEVKBCgpAAUoKQAGKCkA
465=B0gBzUcISAHd8QlIAdlICkgB3aQLSAHVAgwoKQANKCkADkgBzQUPKCkAEEgB2QYRSAHJDB
466=JIAcmmE0gB3RUUKCkAFSgpABYoKQAXKCkAGCgpABkoKQAaKCkAGygpABwoKQAdKCkAHigp
467=AB8oKQAgKCkAISgpACIoKQAjKCkAJCgpACUoKQAmKCkAJygpACgoKQApKCkAKigpACsoKQ
468=AsKCkALSgpAC5IAYhOeVNjmFMBBAYAMFQCZVUFeFPQQHSnJykAM0AEmAYiYEknVQA1KFUA
469=NigpADcoKQA4KCkAOSgpADooKQA7KCkAPCgpAD0oKwABAGTtUgJIAc08AygpAAQoKQAFSA
470=EllSkGSAHZSAdIAdGYCEgBxQgJSAHRVgpIAdFLCygpAAwoKQANKCkADigpAA8oKQAQSAHJ
471=DBFIAckMEigpABMoKQAUKCkAFSgpABYoKQAXKCkAGCgpABkoKQAaKCkAGygpABwoKQAdKC
472=kAHigpAB8oKQAgKCkAISgpACIoKQAjKCkAJCgpACUoKQAmKCkAJygpACgoKQApKCkAKigp
473=ACsoKQAsKCkALSgpAC4oKQAvSAFsUkmQMMgBQakxSAHBUTIoKQAzKCkANCgpADUoKQA2KC
474=kANygpADgoKQA5KCkAOigpADsoKQA8KCsAAgBliDxFEwMoKQAEKCkABUgB0UsGSAHRSwco
475=KQAISAHZUwlIAcEECigpAAsoKQAMKCkADSgpAA4oKQAPKCkAEEgBxaIRSAGXFAYAEigpAB
476=MoKQAUKCkAFSgpABYoKQAXKCkAGCgpABkoKQAaKCkAGygpABwoKQAdKCkAHigpAB8oKQAg
477=KCkAISgpACIoKQAjKCkAJCgpACUoKQAmKCkAJ0gBi0MGACgoKQApSAHdICooKQArKCkALC
478=gpAC0oKQAuKCkAL0gB3QowSAFsUkmmMcgBSaYySAGABCIJSWW4lXykJykANSiBADYoKQA3
479=KCkAOCgpADkoKQA6KCkAOygrAAMAZpwZVU8EKCkABUgBJVE8BkgBxUoHKCkACCgpAAlIAc
480=noCigpAAsoKQAMSAHFCA0oKQAOKCkAD0gBwZ4QSAGcESJJcmaEAUUTEihVABMoKQAUKCkA
481=FSgpABYoKQAXKCkAGCgpABkoKQAaKCkAGygpABwoKQAdKCkAHigpAB8oKQAgKCkAISgpAC
482=IoKQAjKCkAJCgpACUoKQAmKCkAJ0gBhD9pTmakPyLEfCcdBCpABI8iBgArKCkALCgpAC0o
483=KQAuKCkALygpADBIAWhOUSoxyAFZoDJIAYAPaE7AD2hOJykANSiBADYoKQA3KCkAOCgoAA
484=k5AGYA//8AAAACADoRAADZDQAgCwBmAP//AAAAAgAEAGcAgwAGAAUoKQAGSQGQewIGAAdJ
485=AYipAQhJAYqpAQlIAWQBAQAGAAooKQALKCkADEkBjGcEBgANSQGDqQEOKCkAD0kBhrUCEE
486=gBZAFRCREoKQASKCkAEygpABQoKQAVSgH//0MHBgAWKCkAFygpABhIAVkDAF0KGSgpABoo
487=KQAbKCkAHCgpAB0oKQAeKCkAHygpACAoKQAhKCkAIigpACMoKQAkKCkAJSgpACYoKQAnKC
488=kAKCgpACkoKQAqKCkAKygpACwoKQAtKCkALigpAC8oKQAwSAHBJTFJAURMIgEEBgAyyAEB
489=BQIAM0gBgwQCADQoKQA1KCkANigpADcoKQA4KCkAOSgrAAUAaEAMSQAGXC4nKQAHKFUACC
490=gpAAkoKQAKKCkAC0kBjUAIXQcMSAHNRw0oKQAOKCkADygpABBJAYe5BhFIAWQBRQgSKCkA
491=EygpABQoKQAVKCkAFigpABcoKQAYKCkAGSgpABooKQAbKCkAHCgpAB0oKQAeKCkAHygpAC
492=AoKQAhKCkAIigpACMoKQAkKCkAJSgpACYoKQAnKCkAKCgpACkoKQAqKCkAKygpACwoKQAt
493=KCkALigpAC8oKQAwKCkAMUgBeEhdKzLJAQF5SGj5ijRUAsVKNSgpADYoKQA3KCkAOCgrAA
494=YAaZg2XQoHKCkACCgpAAkoKQAKKCkAC0gB0Y0MSAEnwghpAMkBDihVAA8oKQAQKCkAEUkB
495=hWsPBgASKCkAE0gBxUoUSAF8A0UTFUgBjBt9jmmnHgYAFyhVABhIAc0FGSgpABooKQAbKC
496=kAHCgpAB0oKQAeKCkAHygpACAoKQAhKCkAIigpACMoKQAkKCkAJSgpACYoKQAnKCkAKCgp
497=ACkoKQAqKCkAKygpACxIAc1zLUgBzSYuSAHBJS9IAdEfMCgpADFIAc0mMkgBbEdJkDPIAU
498=mQNEgBgwQCADUoKQA2KCkANygrAAcAaoQMTTEIKCkACSgpAAooKQALSAHF2QxIAcXZDUgB
499=J2kIavVEDyhVABAoKQARKCkAEigpABNIAdnXFEgBnxEGABVKAYwBUAFrQ2oAhqkBF1QCjx
500=sGABhIAVgDqNInFQMaKFUAGygpABwoKQAdKCkAHigpAB8oKQAgKCkAISgpACIoKQAjKCkA
501=JCgpACUoKQAmKCkAJygpACgoKQApKCkAKigpACsoKQAsSAHVcC1IAd0rLkgBwSUvSAHRHz
502=AoKQAxKCkAMkkBQWUEBkrSagBpAQFp0mqwbGhDJykANkwFkCoCAgAIAGtwBnEqCSgpAAoo
503=KQALKCkADCgpAA1IAd0VDkgB3RUPKCkAECgpABEoKQASKCkAE0gBJUEkFEgBkBBzQGsAi6
504=U/FlUCgqkBF0gB3UEYSAGLFwYAGUkBIX8GBgAaSQEeqQEbKCkAHCgpAB1JASKhBB5IAWQB
505=RWAfKCkAICgpACEoKQAiKCkAIygpACQoKQAlKCkAJigpACcoKQAoKCkAKUgB2X8qSAHZfy
506=soKQAsSAHFKS0oKQAuSAEnEAgnsQYwVALVGDEoKQAySQFBWQICcUBrkUADcUBrKBAIJysA
507=CQBsRAVIACIYKicpAAsoVQAMKCkADUgBJ7kHbCjMDycpABBABN2DESgpABJIAc08E0gBTA
508=19TBQoKQAVSQGPrTwWSQGHqQEXSQGJqQEYSAEnuwdsAB1oCHo9bACHPwcAG0AEhz8HABxI
509=AY08B18EbAAfrQUeVAJkAZg9J5kDIChVACEoKQAiKCkAIygpACQoKQAlSAHZESZIAd0KJy
510=gpAChIAc08KUgB1TkqKCkAKygpACwoKQAtKCkALkgBJ7gHJ70CMFQC1Q0xKCkAMkkBP3gC
511=ej1sAGkBAXk9bPs9CgBteAN1LgsoKQAMKCkADUgBJ2EHbShiB20AzRAQQATFHhEoKQASSA
512=GDCwYAE0gBxR4USAHVWhVIAdHaFkgBxQgXKCkAGCgpABlIASdhB21MN0QLYDvJFwhBO220
513=OWA7ywEGAB5YBkQFbRsfKCkAICgpACEoKQAiKCkAIygpACQoKQAlSAHVGCZIAdUYJygpAC
514=hIAdU5KSgpACooKQArKCkALCgpAC0oKQAuKCkAL0gB1SMwSAHVGDEoKQAySAF0OZ14bYA7
515=X3gLAG6IBUlZDCgpAA1IAdX0DkgB1XAPSAHJbxBIAcEwESgpABJIAZQJajhuANFAFFQC2R
516=wVSAHRQBZIAcUIF0gB2QYYKCkAGUgBJwsHbgAkZARrOG4AIKkBHEEEI6kBHUkBJmgBaThu
517=WDhNAQZeO24AkXcGSAYnmQMhTAVYA208IigpACMoKQAkKCkAJUgB1RgmSAHVGCcoKQAoKC
518=kAKSgpACooKQArSAHZJywoKQAtSAHRCS4oKQAvSAHVIzBIAdEUMSgpADJJAUJ4AgIGAAwA
519=b2ABdRgNKCkADkgB0SoPKCkAECgpABEoKQASSAGICHE1byixBm/ldhVABNkRFkgB3QoXSA
520=HVWhhIAdVaGUgBhDRjqW8AKGELBkCp0BRgqScpAB1MBX4DAAdANSdVAB9UAsk4IEgBna8G
521=RbJv6TgiVAKbBgYAIygpACQoKQAlSAHRViZIAdUuJygpAChIAdUuKSgpACpIAdkcK0gByQ
522=wsKCkALUgB0UAuSAHFCC9IAdkGMEgB2QYxKCsADQBwkAJFaw5IAdknDygpABAoKQARKCkA
523=EkgBnAZ5MnAoWQZwKFkGcOGpFkwF3QoXSAHRFBhIAdEUGUgB0RQaSAHFNBtIAY1oBlmgcE
524=xjXQ0GTaRw/TYeQARNAgBFNB8oKQAgKCkAIUgBzeEiSAGMBXgyJ8UDJChVACUoKQAmKCkA
525=JygpAChIAckXKUgByRcqSAHJFytIAckMLCgpAC1IAdkGLkgB2QYvSAHZBjBIAdsGDgBxu9
526=cGAA8oKQAQKCkAESgpABJIAdkGE0gBxUoUSAHFShVIAdUNFkgBxWAXSAHVAhgoKQAZSAHZ
527=ERpIAd0KGygpABwoKQAdSAHBnh5IAY0FB1OYcQAnbAFxmHHxNSFABI2fBlljcXgDZYEjVA
528=KNAQZapXEA2XQlVALRFCYoKQAnKCkAKEgByRcpSAHZHCpIAdW9K0gB3QosKCkALUgB1SMu
529=SAHZBi9IAdsGDwBy9S4QKCkAESgpABJIAd0KEygpABQoKQAVSAHNPBZIAdEUFygpABgoKQ
530=AZKCkAGkgBzeEbSAHJZBwoKQAdSAHRYR5IAdFhH0gB0SogSAHZBiEoKQAiKCkAIygpACRI
531=AdEUJUgB0RQmKCkAJygpAChIAd1BKUgB0R8qKCkAKygpACwoKQAtKCkALigrABAAc4AIRY
532=wRKCkAEigpABMoKQAUSAHdQRVIAdEUFigpABcoKQAYKCkAGSgpABpIAckXG0gBI6wsYYhz
533=VLhYEGGIc1BRiQEeQATZJx8oKQAgKCkAISgpACIoKQAjKCkAJEgBJ1EFc+2fJlQCyRcnKC
534=kAKCgpAClIAc1dKigpACtIAd1BLEgBSBR1ZS0oKwARAHSQAkUpEigpABMoKQAUSAHZERVI
535=Ac0QFigpABcoKQAYKCkAGSgpABpIASf5BHRUrUAOeSd0qGQiGSp0UH2VAh5MBSf4BMAEeH
536=8nKQAhKIEAIigpACMoKQAkSAHdFSVIAd0VJigpACcoKQAoKCkAKSgpACooKQArSAHJFyxI
537=AUgUeycSAHWEAU0mEygpABRIAdGCFUgBwQ8WKCkAFygpABgoKQAZKCkAGkgB1Q0bSAHZdB
538=xIAdl0HUgB2XQeSAEnoQR1pClgJScpACFABNleIkgByUMjKCkAJEgB0RQlKCkAJigpACco
539=KQAoKCkAKSgpACpIAc2fK0gBz58TAHb1IxQoKQAVSAHVIxZIAdkGFygpABhIAdkRGSgpAB
540=pIASdJBHb5HBxUAtEfHSgpAB4oKQAfKCkAICgpACFIAclDIkgB1Q0jKCkAJCgpACUoKQAm
541=KCkAJ0gByRcoKCkAKUgB0R8qSAGUHwIGABQAd4QBVUQVKCkAFigpABcoKQAYSAHFExlIAc
542=UTGkgBJ/EDdyjwAycpAB1ABN0gHigpAB8oKQAgKCkAIUgBwTAiSAHVGCMoKQAkSAHBDyUo
543=KQAmSAHNECdIAYcaBgAoKCkAKSgrABUAeJwDRR4WKCkAFygpABhIAc0QGUgBzRAaSAHZJx
544=tIAcEaHCgpAB0oKQAeKCkAHygpACAoKQAhKCkAIigpACMoKQAkSAHJLSVIAcUeJigpACdI
545=AdVlKEgB16cWAHntGxcoKQAYKCkAGSgpABooKQAbSAEnQQN56TgdKFUAHigpAB8oKQAgKC
546=kAISgpACIoKQAjKCkAJEgBJ0EDeSi8GCcpACdABNscFwB69RgYKCkAGSgpABooKQAbSAEn
547=6QJ6KOgCJykAHkAExYwfSAHNJiAoKQAhSAHZJyJIAdEJIygpACRIASfpAnoo6AInKwAYAH
548=v9FRkoKQAaKCkAGygpABwoKQAdKCkAHkgByQwfSAHdICAoKQAhSAHBXCJIAZgNIkAvJ+EB
549=JFQC0VYlSAHTVhkAfIgFTV0aKCkAGygpABwoKQAdKCkAHkgB0QkfSAHRCSAoKQAhSAHRYS
550=JIAYwMeBEntQEkKFcAGgB9nANNEBsoKQAcKCkAHSgpAB4oKQAfKCkAICgpACEoKQAiKCkA
551=I0gBzzwbAH71DRwoKQAdKCkAHigpAB8oKQAgKCkAISgoAAYiAH4AAAAAAAARAABaAIYABQ
552=YAHAB/AAAAQAACBgAdAH9cAEsABgAeKCkAHygpACAoKQAhKCgAAx0AgADbAdsGgADPqQEf
553=VALJASBJAdW0AgIeAIEAXUgFCwAGAB8AgQAAAAAAAAYAEQAA

[Lighting]
Red=0.710000
Blue=1.190000
Green=0.810000
Level=0.028000
Ground=0.000000
IonRed=0.695000
Ambient=0.750000
IonBlue=0.775000
IonGreen=0.445000
IonLevel=0.028000
IonGround=0.000000
IonAmbient=0.650000
DominatorRed=0.850000
DominatorBlue=0.300000
DominatorGreen=0.200000
DominatorLevel=0.000000
DominatorGround=0.000000
DominatorAmbient=1.500000
DominatorAmbientChangeRate=0.009000

[Map]
Size=0,0,100,30
Theater=DESERT
LocalSize=2,4,96,24

[Neutral]
IQ=0
Edge=North
Color=Grey
Allies=Neutral
Country=Neutral
Credits=0
NodeCount=0
TechLevel=1
PercentBuilt=0
PlayerControl=no

[Nod]
IQ=0
Edge=North
Color=Gold
Allies=Nod
Country=Nod
Credits=0
NodeCount=0
TechLevel=1
PercentBuilt=0
PlayerControl=no

[OverlayDataPack]
1=BQAAIP4AIACAFAAAIP5hHACCBAT+/gEAgggH/50BXxyAfwAAIP5gAACHBgoHAAAEBv72AQ
2=AB+IIICiH8ggcE//UBaQCEBwgKCGAH/vQBAIEGE/mGBgoLCwoI//cBZgD+BAAAAgACAf/x
3=AWcCggQEFfz+AwAHgwgKCwoHgQb/+AFsCAoGgQv/9wFoBMlZAP/9AWoM//UBaAL+8wsAgQ
4=T/rwFrCICcAAAg/lAAAIMEBwT+AgIAggQE//4BXwCCCAcADIEG//cBWwKFBgcICggQB4EH
5=//MBWgSIAAQICgsLCggR/IIHCP/0AVoEEgCECAAGBhYHBAf+8gEAgwcKCgf/EgKCCAr/9A
6=FcBgX4gQAOBYEGCAaBCP/2AVYCggcIwVEAgQcaBv/2AVgCNfceBv7jAQCCAQL//gE+AhIA
7=1kIU/6EJXxSAdQAAIP5CAACCAQIwBP74AQD/AA5CAP72AQCCBgb++wEAiAQHCAoKCAcE/v
8=gBAIIHCAIBggsK//gBORKCBgj+AwAAgwoKB//5AT0UBfwGAVYN//EBPBSBBP4EAAf+AwAI
9=/gMABwH8//IBQhr+BgAA/gUACv/BATwWgEMAACD+OAAAhwQICAcACAr++QEAiQQHBwAACA
10=oIBP76AQCEBggKCv/8AT8CBAOBBv7mFQDAOwb/+wFABME2AIIKCP7XAQCAhwAAIP4iAACC
11=BAT+AwAAgwgKCBAH/vQBACIAhAcKCwj++gEAhQQGAAgL//oBKACGAAgIAAYI//kBKAKFBA
12=cICAcCBYMLCgb+9QEAhAcKAAoD+4MHCgr/9gEtCAQAhwoKCAYABgb/+QEtBIILC//3ASwK
13=/gYAAIEG//0BKAISAYEH//kBLAT+3wsAgAUAACD+ACAAgAUAACD+ACAAgAUAACD+ACAAgA
14=UAACD+ACAAgAUAACD+ACAAgAUAACD+ACAAgAUAACD+ACAAgAUAACD+ACAAgAUAACD+ACAA
15=gAUAACD+ACAAgAUAACD+ACAAgAUAACD+ACAAgAUAACD+ACAAgAUAACD+ACAAgAUAACD+AC
16=AAgAUAACD+ACAAgAUAACD+ACAAgAUAACD+ACAAgAUAACD+ACAAgAUAACD+ACAAgAUAACD+
17=ACAAgAUAACD+ACAAgAUAACD+ACAAgAUAACD+ACAAgAUAACD+ACAAgA==

[OverlayPack]
1=BQAAIP4AIP+AEgAAIP5hHP+CcHD/AgJjGv+bAWEcgFYAACD+YAD//gMAcBAF/vYB/wH4Ig
2=D/+AFjAP4FAHBgB//3AWkCQgD/+AFnBGQI//IBaAaCHh5x+ygL//gBbQhaBv/8AWwG/v4B
3=//8AAmcO/ukL//+wAWYOgI8AACD+UAD//gMAcP4CAv//+AFRAIIeHnIA//QBVQIiAP4FAH
4=AwB//1AWIA/gcAcP/3AU4AQf0h+//2AVUCRfkiBf/3AV0KQf3/+AFQAP/7AVUIyVAC/+YB
5=WxD+AwBg//0BPgL+AwBT2EAU/uIB//4DAFWB//4DAFb//QFIFv4DAFT++QH/E/z/AAJFGv
6=+7AUUYgH4AACD+QQD//gMAVCAE/vgB//4DAFMgBP74Af/+AwBVIAT//AFJAv4DAFb++QH/
7=/wACQQAT/P/lAUUIgXDXKwb//AFFCP4DAGIgBP7vA/+CcHD//QE9EP4GAHD/9wM9EiH5/w
8=ICOhT+BwD/gh4e//gBRRQyBf/yAUIayS4c/sAB/4ArAAAg/jgA//4EAHAABf75Af8R/zIF
9=//wBPwD/AQI+Av7mFf//AAI7Bv/bASUcgEwAACD+IgD/gh4e/gMA//4EAHD+9wH//wACIg
10=Ah/iIB//kBKgL//gElBEH7//kBKQYj/v/9ASgINAL//AErBP/9ASgC//8BJgIyAf7XDf+A
11=BQAAIP4AIP+ABQAAIP4AIP+ABQAAIP4AIP+ABQAAIP4AIP+ABQAAIP4AIP+ABQAAIP4AIP
12=+ABQAAIP4AIP+ABQAAIP4AIP+ABQAAIP4AIP+ABQAAIP4AIP+ABQAAIP4AIP+ABQAAIP4A
13=IP+ABQAAIP4AIP+ABQAAIP4AIP+ABQAAIP4AIP+ABQAAIP4AIP+ABQAAIP4AIP+ABQAAIP
14=4AIP+ABQAAIP4AIP+ABQAAIP4AIP+ABQAAIP4AIP+ABQAAIP4AIP+ABQAAIP4AIP+ABQAA
15=IP4AIP+ABQAAIP4AIP+A

[Russians]
IQ=0
Edge=North
Color=DarkRed
Allies=Russians
Country=Russians
Credits=0
NodeCount=0
TechLevel=1
PercentBuilt=0
PlayerControl=no

[ScriptTypes]
63811829=63811829

[Smudge]
0=BURNT03,64,57,0
1=BURNT06,72,55,0
2=BURNT10,72,79,0
3=CRATER03,61,76,0
4=CRATER11,48,87,0
5=CRATER08,49,86,0
6=BURNT05,48,86,0

[Special]
IQ=0
Edge=North
Color=Grey
Allies=Special
Country=Special
Credits=0
NodeCount=0
TechLevel=1
PercentBuilt=0
PlayerControl=no

[SpecialFlags]
Inert=no
FogOfWar=no
IonStorms=no
MCVDeploy=no
Meteorites=no
Visceroids=yes
FixedAlliance=no
TiberiumGrows=yes
InitialVeteran=no
HarvesterImmune=no
TiberiumSpreads=yes
TiberiumExplosive=no
DestroyableBridges=yes

[Structures]
0=Neutral,CABHUT,256,68,57,64,None,1,0,1,0,0,None,None,None,0,0
1=Neutral,CABHUT,256,68,73,64,None,1,0,1,0,0,None,None,None,0,0
2=Neutral,CAEGYP01,256,56,92,64,None,1,0,1,0,0,None,None,None,0,0
3=Neutral,CAEGYP03,256,76,62,64,None,1,0,1,0,0,None,None,None,0,0
4=Neutral,CAEGYP04,256,60,92,64,None,1,0,1,0,0,None,None,None,0,0
5=Neutral,CAEGYP05,256,60,88,64,None,1,0,1,0,0,None,None,None,0,0
6=Neutral,CAEGYP02,256,56,65,64,None,1,0,1,0,0,None,None,None,0,0
7=Neutral,CAEGYP02,256,78,67,64,None,1,0,1,0,0,None,None,None,0,0
8=Neutral,CAEGYP06,256,65,51,64,None,1,0,1,0,0,None,None,None,0,0
9=Neutral,CAMISC02,256,64,88,64,None,1,0,1,0,0,None,None,None,0,0
10=Neutral,CAWT01,256,72,75,64,None,1,0,1,0,0,None,None,None,0,0
11=Neutral,CABUNK02,256,65,73,64,None,1,0,1,0,0,None,None,None,0,0
12=Neutral,CABUNK01,256,65,56,64,None,1,0,1,0,0,None,None,None,0,0
13=Neutral,CAOILD,256,60,72,64,None,1,0,1,0,0,None,None,None,0,0
14=Neutral,CAOILD,256,75,59,64,None,1,0,1,0,0,None,None,None,0,0
15=Neutral,CALAB,256,69,76,64,None,1,0,1,0,0,None,None,None,0,0
16=Neutral,CASWST01,256,71,56,64,None,1,0,1,0,0,None,None,None,0,0
17=Neutral,INBLULMP,256,70,67,64,None,1,0,1,0,0,None,None,None,0,0
18=Neutral,INGALITE,256,71,59,64,None,1,0,1,0,0,None,None,None,0,0
19=Neutral,INGALITE,256,70,75,64,None,1,0,1,0,0,None,None,None,0,0
20=Neutral,NEGLAMP,256,44,91,64,None,1,0,1,0,0,None,None,None,0,0
21=Neutral,NEGLAMP,256,88,41,64,None,1,0,1,0,0,None,None,None,0,0
22=Neutral,CAARMY01,256,48,95,64,None,1,0,1,0,0,None,None,None,0,0
23=Neutral,CAARMY01,256,84,46,64,None,1,0,1,0,0,None,None,None,0,0
24=Neutral,TESLA,256,63,73,64,01000003,1,0,1,0,0,None,None,None,0,0
25=Neutral,TESLA,256,64,54,64,01000005,1,0,1,0,0,None,None,None,0,0
26=Neutral,CAOILD,256,36,92,64,None,1,0,1,0,0,None,None,None,0,0
27=Neutral,CAOILD,256,103,41,64,None,1,0,1,0,0,None,None,None,0,0
28=Neutral,GAPILL,256,63,72,64,01000003,1,0,1,0,0,None,None,None,0,0
29=Neutral,GAPILL,256,64,55,64,01000005,1,0,1,0,0,None,None,None,0,0
30=Neutral,CAFRMB,256,55,67,64,None,1,0,1,0,0,None,None,None,0,0
31=Neutral,CAMSC07,256,59,63,64,None,1,0,1,0,0,None,None,None,0,0
32=Neutral,CANEWY21,256,53,70,64,None,1,0,1,0,0,None,None,None,0,0
33=Neutral,CANEWY20,256,70,50,64,None,1,0,1,0,0,None,None,None,0,0
34=Neutral,CABHUT,256,72,72,64,None,1,0,1,0,0,None,None,None,0,0
35=Neutral,CABHUT,256,73,59,64,None,1,0,1,0,0,None,None,None,0,0
36=Neutral,GAOREP,256,105,40,64,01000005,1,0,1,0,0,None,None,None,0,0
37=Neutral,GAOREP,256,34,92,64,01000003,1,0,1,0,0,None,None,None,0,0
38=Neutral,NAPOWR,256,103,43,64,01000005,1,0,1,0,0,None,None,None,0,0
39=Neutral,NAPOWR,256,34,94,64,01000003,1,0,1,0,0,None,None,None,0,0
40=Neutral,GAGATE_A,256,65,72,64,None,1,0,1,0,0,None,None,None,0,0
41=Neutral,GAGATE_A,256,69,72,64,None,1,0,1,0,0,None,None,None,0,0
42=Neutral,GAGATE_A,256,68,58,64,None,1,0,1,0,0,None,None,None,0,0
43=Neutral,GTGCAN,256,43,89,64,01000003,1,0,1,0,0,None,None,None,0,0
44=Neutral,GTGCAN,256,84,40,160,01000005,1,0,1,0,0,None,None,None,0,0
45=Neutral,GASPYSAT,256,77,59,64,None,1,0,1,0,0,None,None,None,0,0
46=Neutral,GASPYSAT,256,61,74,64,None,1,0,1,0,0,None,None,None,0,0
47=Neutral,GAPILL,256,69,73,64,01000003,1,0,1,0,0,None,None,None,0,0
48=Neutral,GAPILL,256,63,58,64,01000005,1,0,1,0,0,None,None,None,0,0
49=Neutral,GAPILL,256,73,60,64,01000005,1,0,1,0,0,None,None,None,0,0

[Tags]
01000001=0,Sounds 1,01000000
01000003=0,Ownership Player 1 1,01000002
01000005=0,Ownership Player 4 1,01000004
01000007=0,Texting Trigger 1,01000006
01000010=0,Weather #1 1,01000009
01000012=0,Weather #2 1,01000011
01000014=0,Warning 1,01000013

[TaskForces]
63811828=63811828

[TeamTypes]
63811830=63811830

[Terrain]
4101=TREE32
4102=TREE32
5101=TREE33
5102=TREE32
6102=TREE31
8099=TREE33
9098=TREE31
10096=TREE33
11104=TREE31
11106=TREE33
12092=TREE32
12098=TREE33
12106=TREE33
13093=TREE31
13103=TREE31
14104=TREE31
15109=TREE32
16104=TREE31
16107=TREE33
16108=TREE31
18088=TREE32
18091=TREE32
19097=TREE31
20097=TREE33
21090=TREE33
21091=TREE31
24080=TREE31
25081=TREE33
25082=TREE32
25122=TREE32
26123=TREE31
27077=TREE32
28076=TREE31
28079=TREE33
28083=TREE33
29076=TREE32
30075=TREE31
31120=TREE33
31125=TREE33
31128=TREE31
32075=TREE32
32121=TREE32
32122=TREE32
32125=TREE33
32127=TREE33
33123=TREE33
34076=TREE33
34095=TIBTRE03
34120=TREE33
34126=TREE33
35074=TREE31
36102=TIBTRE03
36117=TREE31
37071=TREE31
37074=TREE31
37117=TREE33
37121=TREE33
38074=TREE31
39070=TREE32
39076=TREE32
40071=TREE31
40072=TREE33
40076=TREE32
41064=TREE33
41072=TREE33
42063=TREE31
42064=TREE31
42076=TREE32
42116=TREE32
42117=TREE31
43063=TREE33
43064=TREE33
43075=TREE31
43114=TREE32
44063=TREE31
44064=TREE31
45063=TREE32
45066=TREE31
45067=TREE32
45068=TREE33
45115=TREE32
46064=TREE32
46111=TREE31
46112=TREE33
47063=TREE33
47110=TREE33
48064=TREE32
52083=TIBTRE01
54091=TIBTRE01
55100=TREE32
56100=TREE32
57100=TREE31
59101=TREE33
60047=TREE33
60048=TREE31
60095=TREE31
60096=TREE31
61046=TREE32
61047=TREE32
61049=TREE31
61094=TREE32
61099=TREE33
62047=TREE32
62050=TREE31
63050=TREE32
63086=TREE32
64043=TREE33
64091=TREE32
65047=TREE33
65048=TREE32
65049=TREE32
65085=TREE32
65091=TREE32
66044=TREE31
66091=TREE32
67047=TREE32
67090=TREE32
67091=TREE32
68046=TREE32
68047=TREE32
68050=TREE32
68051=TREE31
68085=TREE33
68086=TREE32
68089=TREE31
68091=TREE31
73037=TREE31
75031=TREE32
75032=TREE33
75045=TREE32
75057=TIBTRE01
76033=TREE32
76045=TREE31
76046=TREE32
77029=TREE33
77031=TREE31
77045=TREE33
78030=TREE31
78043=TREE31
79039=TREE31
79044=TREE32
80039=TREE31
80040=TREE32
80062=TIBTRE01
81044=TREE31
81050=TREE32
82047=TREE33
83048=TREE33
90037=TREE32
90038=TREE33
91023=TREE31
91042=TREE33
92022=TREE31
93018=TREE31
94011=TREE32
94015=TREE31
95010=TREE31
97010=TREE31
97011=TREE33
98041=TIBTRE03
98060=TREE31
98062=TREE32
99009=TREE32
99052=TREE32
99061=TREE33
100008=TREE32
100059=TREE31
101006=TREE33
101007=TREE33
101039=TIBTRE03
101050=TREE31
101053=TREE32
101055=TREE31
101056=TREE32
101057=TREE33
101058=TREE32
102008=TREE32
102014=TREE31
102056=TREE31
103011=TREE32
103013=TREE32
104012=TREE33
104054=TREE32
104056=TREE33
105012=TREE33
105013=TREE31
105053=TREE32
106013=TREE32
106015=TREE33
106017=TREE32
106054=TREE32
109041=TREE32
109042=TREE32
110041=TREE31
110045=TREE31
111022=TREE31
111023=TREE32
112024=TREE33
112048=TREE32
113023=TREE33
113040=TREE32
113044=TREE32
113046=TREE31
114019=TREE33
114038=TREE33
114039=TREE31
114041=TREE32
114046=TREE33
115020=TREE31
115023=TREE32
115024=TREE33
115045=TREE32
116036=TREE32
117022=TREE31
117025=TREE31
117026=TREE31
117034=TREE32
117043=TREE32
118035=TREE31
119040=TREE31
122033=TREE31
122034=TREE33
122038=TREE31
123030=TREE33
123037=TREE32
124031=TREE31
124036=TREE33
126033=TREE31

[Triggers]
01000000=Neutral,<none>,Sounds,0,1,1,1,0
01000002=Neutral,<none>,Ownership Player 1,0,1,1,1,0
01000004=Neutral,<none>,Ownership Player 4,0,1,1,1,0
01000006=Neutral,<none>,Texting Trigger,0,1,1,1,0
01000009=Neutral,<none>,Weather #1,0,1,1,1,0
01000011=Neutral,<none>,Weather #2,0,1,1,1,0
01000013=Neutral,<none>,Warning,0,1,1,1,0

[Waypoints]
0=103031
1=82054
2=56080
3=31105
40=66069
90=65068

[YuriCountry]
IQ=0
Edge=North
Color=DarkRed
Allies=YuriCountry
Country=YuriCountry
Credits=0
NodeCount=0
TechLevel=1
PercentBuilt=0
PlayerControl=no



[Digest]
1=/BSFjlna9+CyVBgR/AlptsQHNDw=

