; Map created with FinalAlert 2(tm) Mission Editor
; Get it at http://www.westwood.com
; note that all comments were truncated

[Header]
Width=75
Height=44
StartX=218
StartY=46
Waypoint1=224,51
Waypoint2=225,83
Waypoint3=282,85
Waypoint4=288,51
Waypoint5=0,0
Waypoint6=0,0
Waypoint7=0,0
Waypoint8=0,0
NumberStartingPoints=4


[Preview]
Size=0,0,160,50

[PreviewPack]
1=BxEAIAfd6e3e6u7e6u544wDe6u5QAkgAQAFIAEABSABAAUgAQAFIAEABSABAAUgAQAFIAE
2=ABSABAAUgAQAFIAEABSABAAUgAQAFIAEABSABAAUgAQAFIAEABSABAAUgAQAEP3+rvjpOP
3=yNLQqaykpbCw4u3xSwDh7PBIAEAESABMBEgACcPZ48nd5tzp7r/W4VACSABQAkgABsnQz6
4=2mmdXe30wBUwL6+gCoACosAKQCMBQATARIAEAHSAAGm5OGlox+vLy3TAFIAAPo8PPn7/JA
5=AUAESABAAUgAQAFIAEABTBBcEUgAQAFYAVACSABAAQmpqqKAh4dtb22Ei41YAVACSABAAU
6=gAQAFIAEABSABAAUgAQAFIAEABSABAAUgAQAFIAEABSABAAUgAQAFIAEABSABAAUgAQAFI
7=AEABSABAAUgAQAFIAEABSABAAScIAOA7KxwAVANYBEgAQAFIAEABSABAAUgAQAFIAEABSA
8=BAAUgAQAFIAEABSABAAUgAQAFIAEABSABAAUgAQAFIAEABSABAAUgAQAFIAEABSAAJjZGP
9=qKypmJeNqKujWDpIAFg6SABABEgAQARIAEABA9Hi6dLj6kgAQAFYAVACSAAJwcfEnZKCyM
10=vG0dnZUAIw+AYgBkQATAdIAEAKCammnIt9bY+CcsLFwVgBSDxIAFQ8SABABEgAUAJIAEAB
11=SABAAVA7SDxIAEABWAFQAkgAQAEJjY2Gho6QhYeDfoGAWAFQAkgAQAFIAEABSABAAUgAQA
12=FIAEABSABAAUgAQAFIAEABSABAAUgAQAFIAEABSABAAUgAQAFIAEABSABAAUgAQAFIAEAB
13=SABAAUgAQAErUAfwAUgDSABUA0gAQAFIAEABSABAAUgAQAFIAEABSABAAUgAQAFIAEABSA
14=BAAUgAQAFIAEABSABAAUgAQAFIAEABSABAAUgAQAFIACfPDqOlnVg6SABYOkgAQARIAEAE
15=SABAAUA6WDpIAEABWAFQAkgACa+spLComtbe3sbGwVACPxwHBtTm7M3i6tHj6jmkAFwISA
16=BTC6qmmyosD0g8SABIPEgAQARIAEwESABAAUgAQAFQO0g8SABAAVgBUAJIAEABCZWQg0tL
17=SIWKiJyhoFgBUAJIAEABSABAAUgAQAFIAEABSABAAUgAQAFIAEABSABAAUgAQAFIAEABSA
18=BAAUgAQAFIAEABSABAAUgAQAFIAEABSABAAUgAoAFUAOE7eEwBSABIA0gAQAFIAEABSABA
19=AUgAQAFIAEABSABAAUgAQAFIAEABSABAAUgAQAFIAEABSABAAUgAQAFIAEABSABAAUgAQA
20=FIACdkBzzMDlwFTDotZAcJq6ifv8C81Nzd09nYQAQ5vAaoAwnW5uzL4Omzzd/J3edIPEgA
21=IAaUByAnLA+ktiBRlAdQI0gtSABAAUgAQAFIAEABSABAAUgAQAFIAEABSABAAUgAQAFIAE
22=ABSABAAUgAQAFIAEABSABAAUgAQAFIAEABSABAAUgAQAFIAEABSAAGkpmYvsvNqrCsPGQH
23=WDpIAC1kByefHdvm6kAKuDc5FABEOwADzuHoyt/pwtnmdpm3aoegrMXXFBQUSDxIACAGlA
24=dMeQaqpp6Mfmyim5BcF0B5SABAeUgATBBIAFACSABAAUgAQAFIeEB5SABAAVgBUAJIAEAB
25=1DwgSsQWUA5ID0gAQAFIAEABSABAAUgAQAFIAEABSABAAUgAQAFIAEABSABAAUgAQAFIAE
26=ABSABAAUgAQAFIAEABSABAAUgAQAFIAEABSAAnZwe+yclIsUgASLFIAEAESABABEgAQAG4
27=OqQ7TAFEAlwCIA+cHUQ7XDhIAAAJvdfmd5u7FDthFDxhFD1joLbFI0luZImpwdjkSDxIAC
28=AGlAcJv7+5hnZinZWJwcTAXBFIPEgASDxIAEQUSABQAkgAQAFIAEABUDtIPEgAQAFYAVAC
29=SABAAaS2IEX0JaQOUA5AAUgAQAFIAEABSABAAUgAQAFIAEABSABAAUgAQAFIAEABSABAAU
30=gAQAFIAEABSABAAUgAQAFIAEABSABAAUgABpmio7zKzKWwsCAJZAcn7AAG0tvd0NrbppyO
31=IAacHUQ7Ds7i6tDi6sPZ5HeathU8YhY9awAUO2K0PFgBCW+TsEhtkrfO2sbc5kg8SAAgBp
32=QHCaKajrCtpbCtpMPIxlwaSDxIAEg8SABAFkgAUAJIAEABSABAAVA7SDxIAEABWAFQAkgA
33=QAEgRfQlQA1YDUgAQAFIAEABSABAAUgAQAFIAEABSABAAUgAQAFIAEABSABAAUgAQAEC1O
34=bs1ecikDVMAUgAUAJIAEABSABAAUgARzu6w8JLsamspFsB6fL1Q3bp8fRABEgARAJIAEAB
35=XHRAdkgAQAFYAVACSAAJv8LAq6eew8fEwsO/UAJIADkoFkgDKmcHnLfOKmQHBi1Td2iLqS
36=5Td0k8FkY+PGJPeZ+4xiAVLA8JxcnFsbCpraukyM7NXBRIPEgASDxIAFAUSABQAkgAQAFI
37=AEABUDtIPEgAQAFYAVACSABAAax5A5mgopqjpVgBUAJIAEABSABAAUgAQAFIAEABSABAAU
38=gAQAFIAEABSABAAUgAQAFIAEABSABAAUgAQAFIAKABVABIAFgBSABAAUgAQAFIAEABSABA
39=AUgAQAFIAEABSABAAUgABtfn7cvf6M3i60gAQAFIAEABSGBABEgAQARIACpkB1ACJzQWTK
40=aoALQhQDpYOkgAQAFYBEAHSAAJxs7NoZeJ1t7fztXUUAJMNzwIAEQ7BtXp8M3h6sTb5kQ7
41=UDh2sTxhSDwJMVZ6haW/dZazrcjaXHQDyN/qWH6gSHhMBFQDTD1MeQVgfpyDpMHM4UUa6k
42=wEQBk5uAFcEUgAUBQJs7OsrKqil46BrKieWAFIPEgAUBpIAEAESABQAkgAQAFIAEABUDtI
43=PEgAQAFYAVACSABDAaetqyEYNSKaLY+SWAFQAkgAQAFIAEABSABAAUgAQAFIAEABSABAAU
44=gAQAFIAEABSABAAUgAQAFIAEABSACgAVQASABYAUgAQAFIAEABSABAAUgAQAFIAEABSABA
45=AUgAQAFTKc3i6UgAWDpIAEQ7SAANy+Dp1uXrzdrc2eTnjpOPySKkQgGjmJeNXAUqZAcnrC
46=5IPF8F4uzwVAAqZAcJxcvJt7au0djYxMfDTAc5nAWoA1ARSAlIAAzU5+2nxNjS5++20eMv
47=WH9MNydnB7nQ3lgTKvws1DxVeDtJt2NYPQZlh6bG2+XO4ulKCczhIvAmUB2oDDMUAEwTSA
48=BMBAfIy8iloZeelovEIB3HFoyMgjmUB0Nqx97nS6X/AACrANno7UAQSABMEEgAQAFIAEAB
49=SABAAUgAoAFUAEgAWAFIAEABSABAAUgAQAFIAEABSABAAUgAuAq0AFg6SABYOkgASCcAA9
50=3q7s3W19Xk6s3b4MnX2qWnn9fj5kAHKmQHXCaoACeIB0x2XDtYBFALSABMdgZ8bFqflonO
51=1NJQAjNUBSpQAEY7v9h051htXAVIAFAIVDxUeFzvA6fF3ImpxUQ7MP4s0OQiIDwMu9Tiqs
52=jdLFF1TG6OrMfaWBlcCGwZJkxPqM9QAirQAS0sAFAOSABcDgmYjX+YjoCln5W4urVYAUB5
53=SABAeUgAQARIAFACSABAAUgAQAFIeEB5SABAAVgBUAJIAEABdDwEioiAh4eUnGyCUAJIAF
54=wCSACkLyoUAEwTXAJABEgAQAFIAEABSABAAUgAoAFUAEgAWAFIAEABSABAAUgAQAFIAEAB
55=SABAASpYAawBpzvX4uNAdkwEAAOYlo2prKicmo/D0NPV5evV3+Hd6exc7Ew6J0AHTAFIdV
56=g6SABMCkgAQAdIAAm6vrqpopfHysatpppQAi0MBTA4AEQ7SAAGyN3nn7/Wss3hRKpIAFAd
57=TAdIAEAKVDwBy+DozEgABeHpyd/od5u7XLBQdFQACaC2xURqjZO0z8ne5lhAWARbPcbd5y
58=pkBydyAcneIA28PAOIeWedk4YgAywPvyDc6e4huFWsFlgWQAFIAEABCY6NhYaKh4uIf5+i
59=nFgBUAJIAEABXBqwL1QAXC8nnBFIA0AESABAAUgAQAFIAKABVABIAFgBSABAAUgAQAFIAE
60=ABSABAAUgAQAFIAEiEWApIAEQLVyHc6exgdgXa3Kqwrb/JyUB2DKmso9Xf4M7W09fh49Pd
61=3UAHSABAB0xYJ4gHLWQHCba1rrWxptHZ2dXe31AFMCgHLUQARC9AbQnF3Oi61OSqxtlVe5
62=4kgCQDmrvVx93lSDYtlAdcPkgAtLEqxxa71OFJGNJCjuLrQAFID1wUSABcC1A+JOwtUAsg
63=FYwtPCwPpDtcIFRdqABIeEAQSABAEEgAQAG0YwzGzc3g6OrY4eKYlpDh6+9cAkgAQARUPF
64=AgBtDj6dXm7Nfn7FACSABcAkgAQAFIAEABSACgAVQASABYAUgAQAFIAEABSABAAUgAQAFI
65=AEABSABAAUgAWAqsAUCyA5SXkZyakEB2Q7LY4+akO1A7QARIAFAFSABAAUgAQAFc7EABSA
66=BMAUgAJ8szyMvGUAItHAcwOABkLyanQnSavLBxX3EUO2IhgCTIcgXd5MPZ5cnd5zCUB1B9
67=A6C+1E1zlkS2QDpEO0gAXA5IAFARSABcCye9D5wk7C1U8wU9Y5+4xpOvw0B5JPQlRAtIAD
68=B4AidEAEAKSABACjYsD1wgWDonwAtMAagAKpQHA87X2OXu8kgABuLs78LMzXJsYll5nSAR
69=hFOkEVARQAFIAEABSABAAUgAQAFIAEABSABAAUgAQAFIAEABSAAGmZ+frKyjpaaeQbLaYP
70=0B7Nbg4SrMDkwEUAVIAEABSABAAUgAQAFIACASzA5QL7AgRa0UJqRCRDtIclTnA2yOrdDi
71=6ahyCbPN36nE2JW41cHY5EAxUA5IAFAOTF5MNDZkB1wCQAdAQ1B9VDwDpsLWS2+SUEcnCA
72=C0hE4KxdxktkQLJ0AHMyAAUA5IAFwOLSwPJ7whKkwTqBu0AFQ8RGUD0d3e1N/iSCpfodTf
73=4EMBqqqiWLVbedDU01w+UAtIAFwLSABAAUgAQAFIAEABSABAAUgAoAFUAEgAWAFIAEABSA
74=BAAUgAQAFIAEABSABAAUgAQAFJAJkmp0KlsLBQAgaOnaWEl6Oir7ZMAUgAQARIAEABSABA
75=AUgAQAFIAEABSAAgEswORzvQ5O0kD0qXtM3SOztiuzpcgKIhaCRIACQQJUMEdpm3rDE2xB
76=ZQEUgAUBFIAFALJzQWJ+AAUDhI9ga40N5JbpAsUXVEDldIFD1jTD0nuBZIRURBSAA8oAdA
77=DUgAQA2seQOwraXS2dlYAVACSABAAVQ8WDoqLA+0t1zyQARIAEwEA9DZ2dLb20w6A+Tt8q
78=ytqFi1WHkDoaam2uXpQARIAEwESABAAUgAQAFIAEABSACgAVQASABYAUgAQAFIAEABSABA
79=AUgAQAFIAEABSAAJmqKkxdHSvsnJqrCsUAIPuMfPm6u1nKu0a3iArrvDxtHXTARcAkgAQA
80=FIAAbY5Oezs67K0M9MAQexsq6bkoPEx8PWIAicHas2wtnmIQxKSO2gsmgtAjtiHEVtpzvO
81=4+xA8VQ/RLZIe0gwWARceqAEIhIl3eRMc0ixXNREKScIAEQ7MLw8TAdLvVp/o1N0xtzmJ6
82=s1L1V5pAu0AFQ8J9AWSDxIACAGlwexraQh4EsDsbCpvsG9TCJAJUgAQAFUPCeIB1zyUAJI
83=AFwCSABPedPd3kg8SHhIPLzyA6Soo4aPkCADhFNECEgJSABAAUgAQAFIAAje6u7e6u7d6e
84=3d6REAAIYNACAABO3e6u7e6u6NkY+orKmYl42lsLDd6e1IAFwCD3yKk05eaNfh5qKxuoCT
85=n42gq7wCSANAAUgAQAEMtLOtkod5nJWKz9bW0djYUwL6+gA8CAAACdbm7M7h6Mrf6cLZ5n
86=ebuxY9YhY8YhQ9YxQ7YkgAAAVkhKJ1lrOsx9rQ4unQ5O291+Z3mrYVPGwERAVABAY0WHtg
87=gp9sjq1ABAPL4OnS5OpJABQ1AAAJp8TY0ufvttHjL1h/TAdADVAIVAAABp+4xpOvw8ne58
88=HY5M3i6sjf6lh+oD1ggUwEAxQ7YRQ8YU8ESG2SJ5gATARLANHj6jloA0wfSABMIgnAwr2t
89=q6Sbk4bJ0M9YAVACSABDAdbl60ABSABMAUgAQAFIAEABSwDR3d6vAdTf4kABSABQAgmNjY
90=aGjpCZoKKao6VYAVACSABAAUgAQAFIAKABVABIAFgBSABAAUgAQAFIAEABSAADmaKjvMrM
91=WzqjpZ1QAkgAUAJIAEABSABAAUsAnqesJywAQAFIAFACSABAAUgAQQHSIAlkBwLj7LrU5H
92=Y2m7u0NlApSCoMJEtwgqXBdJe1udDesczcJ2cHqsbZ2gQ7YieMAFQ/P2QHKsMHzeHqVDOw
93=OIQ4AWIWPWNIAAlvk7Baf6PF3OfG3OZYQFgEA6nG2i9VeVA7uEBAASAYlAcJqJ+Qlox+i3
94=1tq6ifSCRAJUgAQAFIAEABSABAAUgAQAEAA8zV1ru8t9jj5sLP1rzHzGd2f93l6lwCSABA
95=BAmnrauFioiAh4eUnJ5YAVACSABAAUgAoAFUAEgAWAFIAEABSABAAUgAM8wOXAJABEgAQA
96=FIAEABSABAAUgAQAFIAEABSABAAUgAQAFIAEABOVQLqANsdidkB7xxWnY9Ykw3J9QGCczi
97=687i6tDi6sPZ5Ex2RDtcPi30B0wEIAxkByuVB+IqlQdhUAtUD0Q4UHQAA2qHoKzF19Dk7M
98=zg6Mnf6LjQ3klukEgDzgQ9YiAYlAcJrKabj4JyqqaewsXCrCVYJUABSABAAQAP0tvdqqig
99=lYt+t7iz0NvhmKixx9XblaCnvMfNU11kztnfTARIAFAFCY6NhYWHg0tLSIWPklgBUAJIAK
100=ABVABIAFgBSABAAUgABpKZmL7LzaqwrDnMDlAFSABQBUgAQAFIAEABSABAAUgAQAFIAEAB
101=uDc5FABEO7AstDZEJkg2SCdLAExujlusXICiVTbO9z+ct85IAyf4DE8BHEVtrAQgGGQHoB
102=C0AEB5UDgDpsLWS2+SUAtYeUB5SwCgtsVTOLfO2kx5QAQnlAdABEgAQARLEiNJbifID1wI
103=SAAgBsQWCaGZjYx+bIZ2Yqehl7wmCb/CwKmnobW1sKScj1goUAJIAAAGgo+WvsnPx9LXyt
104=XbqLK44u3x4ezwvtbhQARIAEMEjIyCWLVbeZyhoFgBUAJIt1QASABYAUgAJ8wOCb7Jyd/r
105=8MPZ47/W4VwCQARIAEABSABAAUgAQAFIAEABSABAAUgAQAFIAEABSABAATlMB6gDRDsnnB
106=1UNrBlsDsnZAdErSeMAEx2J4wAQAEqjAAnqB2sNCAJFQB44AAtyABYN0GytpzyVDzKAD1i
107=THlTOGSJqVzyKpQHQAQgIZQHD7/Cvp2ViZKHeZSHdYx/bqunnlgoUClIAEABSABAAUgAQA
108=GkO1A7J4wGWDRcAkgAQwSpqqJYtUA9sDtEAkgAKswOWAdIAFgHTENIPEgAWAdMBFgHSABA
109=AUgAQAFIAEABSABAAUgAQAFIAEABuDc5FAAqZQd3/OxcX0gkKtQGJ8wOTQQUI4glWCgtZA
110=cgA8wO7Th4KhAHJ1AAQAEqXAAqLABA7lA4zHlcxSQWJzxiUHQnxBZYQFgEJ1weSBhueTxi
111=WEBYBLj3QHlIACAGLw+XjX8hOCpYKFApSABAAUgAQAFIAEABvDJIM0ABWAFQAkgAQDRIAE
112=w0SABQAkgAUAJc8ks8dHp7JwQlTHZUBkgAWAdIAFgESABEBVQGWAdIAEABWAFQAkgAQAFI
113=AEABSABAAUgAQAE5TAeoA2Q7Jw4dm7vUsZzsK2QHJ/wsrPFROzxA4iAQBCVMNycIACrgBq
114=wBqAOsATkUAEx5BrvU4qrI3SxRdbBQZjg9YyrEFlg3SwC/1+QjjC0idC1EBVRRJ5QHXAtA
115=BEgAIAaUB7wpSCpAAUgAQAEnXAZAAVgBUAJIAEABSABAAUgACcnd5tHi6dLj6tzp7lACSA
116=BQArQAQAFIAAbo8PPn7/Lp8fRQAkgARAJIAEABSABAAVA7SDxIAEABWAFQAkgAQAFIAEAB
117=uDc5FAAqZAdUseU7Y0ABAzFWeoWlvyTUMygEJfx6RLZMdieMAEzxIAzMDlA4TCsgIQgASD
118=NIAKQ4TDdYFlQSQAFEtgZgfpyDpMHM4ehQfVBBJPQlQHlMBFAXVDxQfVBBA3yducnf6VAI
119=SAAgDJQHQDpYbUgAQAFILUAuSABAAUgAQAFIAFg6SABEO0gAUAJIAFACSwBub2tUAFgBSA
120=BAAUgASDxIAFQ8SABQAkgAUAJIAEABSABAAVA7SDxIAEABWAFQAjlMB6gDRDu4K0wfRDtc
121=HVgidABVcjsiYztIa4wh1zPV6fBDncTb5kwExCPoogMXP2ZJb5NMBAPL3+jN4us5PDtADU
122=A6LQgAUAIgJwgABtLl7Fl8nDVZfCcIA0AZCRQ9Y2WHpsbb5c7i6UgYK4wAiJNMBEgAKo8A
123=zOHqsCM5FABMK0A6WDpIAEABWAFALkgAQAFIAEABSABYOkgAWDpIAFACSABQAksAdXp5rA
124=G3AHZ8e0ABSABIA0gASDxIAEg8SABQAkgAUAJIAEABSABAAVA7SDxIAEABWAE5kAKrA9Tn
125=7VBWWFus2Xk3OySMOVUAZCdfKqfE2CmMACXIQmYpQWpIYCSEMiADpAYnfAc8sAAgBpgAsw
126=jO4eghGCADT3SYMlh7UDXKAD1iW8qsx9pAT0tyzuPsIRAoA4+qv0Fmh5x3VRtjRAVQj1BT
127=A8re5cje6FCPrCI5FABQLEA6WDpIAEABWAFQLEgAQAFIAEABSABYOkgAWDpIAFACSABQAk
128=sAbnBsJywAoAFUAEgASwNyeHhAAUgATAFIAEg8SABIPEgAUAJIAFACSABAAUgAQAFQO0g8
129=SABAAVgBOcACqANUPEh4QD0kJEFAH1AgrNlUnCeUB0wEKpQHcEEjvEhInCAMlAe8MjMUAC
130=dkBycgADOYALACIARkBzP1Bzwr9AcgP2cHa29uvDJMMUABSACgAVQASABYAUgAQwF3endA
131=AUgATAFIAEg8SABIPEgAUAJIAFACSABAAUgAQAFQO0g8SABAAVgBqDk5FABUPEg8SAC0PF
132=g3ZXQ8SF0r9DEslQdhcN1OBDxiVDwnJAi8LycUALA1WAGgAVQATAEtCABQAi0IAC2AACo7
133=AM7i6lDFA1+DpFt8mkhRSACVUWIqPA4q9QcUhBS4GSpcDyA/ZActzA68MkwxoAFUAEgAWA
134=FIAEABSABDAYOIiEABSABMAUgASDxIAEg8SABQAkgAUAJIAEABSABAAVA7SDxIAEABWAE5
135=fAeoAy+UByKoSkR6SwBvk7AnBAc0lAcjHDonjAAqRAY57AYqaAAqyAAzLAAqpBVcNVBQYk
136=w9YytkByo0FilkByqMACAGZAdHJunx9CASNxZgYV68L0QIQAFIAEABSABAAUgAoAFUAEgA
137=WAFIAEABSABAAUgAQAEgFZcHyd3mIYguWAeoOTkUAEwrQXnSKIRfIhA0T2QUPWNEtic0Fi
138=2UB7QtLYwASAknCAAnKAcnRACgAVwCoAE5FAAqPA6EO0CLIi9aJEtwIeguA8zh6sTb5S2M
139=AGg/XDssLB4gBmQHvCxPJeny9bQSLQQNUOxIAFDsSABQBUgAUAVIADM0FlwCQARIAEABSA
140=CgAVQASABYAUgAQAFIAEABSABAAUgAQAEgBpQHWBCkFFgfQAdIAEwHSAA5fAeoA2554eop
141=zB0m/Tg9d7EjSW4kvEhUPFBBtLpYfNQqO8QWvBEgBhQAMzQWVEgqPA4rXA9MOugAIBI0Fi
142=d/BOLt8UBPqAAnqAJUPFwpSABYOkgAUAVIAFApSwB/h4knLABAAUgAUAJIAEABSABAAUgA
143=QAFIAKABVABIAFgBSABAAUgAQAFIAEABSABAAUgAQAE5lAdYECdgArwUVABAtUAHSABMB0
144=gAqDk5FABUPEQ4KSwPJvwsI7xIJ5QHSDwrJAgmDDUqvA8nMAIgBiAAQFInbCywg1xHSAAr
145=ZAcpBCVMBFQDaQA9IshFJ1wPIA/MDkQ7J4QCRCaoAEQCA9bl6+Ls8FQALWQHPzQWXCxALk
146=gAQAFIAKABVABIAFgBSABAAUgAQAFIAEABSABAAUgAQAFIAEABMIwtpBFUAEATpBRUAEwB
147=qAAgEpQHIgg5KMQWNJQHLSQIJuQjIkxJJ1QXoBA8FAAqZAdcNd0IPCwEJSmUJYwEI7EnPS
148=uMACASZAdUJKgAKoQCRGW8LEgtQAFIAEABSAAnPDtMAVACSABAAUgAQAFIAEABSABAAUgA
149=QAFIAEABSACgAVQASABYAUgAQAFIAEABSABAAUgAQAFIAEABSABAAUgACt7q7mlucN3p7d
150=3p7d4RAACoDcAdCOru3uru3ent3entQAEB5+/yFCkBAHjjAL/W4UAEA8PJyMHGxFsE+voA
151=PAgAAAXU5+3N4erS5++20eMvWH8UO2IWPGIWPXQACW+TsGqHoKzF19Dk7EwECc3i6sjf6l
152=h+oBQ7YUkAFVgECzxioLbFZYemor7Vy+DnKTgCKygACdDk65e4001xk0puj1wLSwAWPWNU
153=DAAGMVZ6udDeyt7lyN7ozuHod5u7T3SYMlh7UAtIAHwLDj1jTG6OrMfay9/o0ePqy+DpPC
154=wDVANMHwO6xszS3eJMH0wBSABAAUwl+SN4RxPR4um8AkgDQAFIAEABSwBucGwnLABAAUgA
155=UAJIAEABSABAAUgAQAFIAEABSABAAUgAQAFIAKABVABIAFgBSABAAUgAQAFIAEABSABAAU
156=gAQAFIAEABSABAAUgAQwFpbm5AAUgATAFIAEABSABAAUQXQBYn8AJEFwnb5+rZ4+Wrp5+y
157=rqasBFgEQB88CAC0PCwEB1U8Y0AxRDgolQfiKCQIoDQGhaW/dZazxtvlUy/S5OpIAFwRJw
158=sA1ebsSABQCwm1zt5vlLN8nrk9YIFAByrUBgnO4+x3mraPqr9BZofYOkRHLGQHQAo8/AJU
159=A1AdCdHc4oGTn3OGkqCwuVgBQB9IAEABSABAAUwlXCOsAVgBQAFIAEABSwB/h4knLABAAU
160=gAUAJIAEABSABAAUgAQAFIAEABSABAAUgAQAFIAEABSACgAVQASABYAUgAQAFIAEABSABA
161=AUgAQAFIAEABSABAAUgAQAFIAEABSABDAXZ8e0ABSABMAUgAQAFIAEABpBcD2ebq1N/gWA
162=FQAkgAQAFIAAaRoKmPn6i+yc5MAVAgOQgATChIAEg8Bszg6GOFpEtvklQtTDGseVQ8BiNJ
163=bmSJqcHY5Ex5Bsjd56C+1E1zlkBwJ2QHUA4D1ubszeLpiQDqSAlQblwOSDxIAFQ8DL/X5E
164=hvlJGxzMrf6MXb5ipkB1QMM1wPUAs5zAKoA1wOSABADQyot8BQW2Oyv8eAk5/G0ddQAgbT
165=3d7Q2NfX4uNMAUgATARIAEABSABAAUsAYGFeJywAQAFIAFACSABAAUgAQAFIAEABSABAAU
166=gAQAFIAEABSABAAUgAQAFIAKABVABIAFgBSABAAUgAQAFIAEABSABAAUgAQAFIAEABSABA
167=AUgAQAFIAEABSABAATYsD0gDXDtLANbg4UwBUAUPoq+3x9XbjpiefI2YkqGp2ePnXAKsIj
168=kUAEMxyd/oVzymwtZUPFykQz0UPGFMPUS2CWB+nIOkwczh6Mne51umzeLrTHZMDSdkB0g/
169=A1V7nmCFp0gzSDxIAC2XB8TZ4yrEFlgKUDtAhUABByRLcMzi68zh6sSAgjmQAqgDXA5IAF
170=AaSABAAUgAQAEDorG6Ul1lpDtQOwPO1tPi7fFIAAne6eyrr61vcm+IkJFYBCAkzA5cCFAO
171=SACgAVQASABYAUgAQAFIAEABSABAAUgAQAFIAEABSABAAUgAQAFIAEABSABAAUgAQAFIAE
172=ABMCwPBs7c4LnEyNDZ2Ug8SABUPAyYqLGKnamIl6DK1duvusBAB0gATAdIALwjORQAMpQH
173=Z7YUPWNA7kGyzl104XB0tDxMdioMHUi6SH4CfJ25yd9YeXgELZQHKsQWSEgqxBZAQ0xGSA
174=A5eAJAGUgAQBlIAEABSABAAUgAQAEqZAcC6fDx6vFpAONoPAfwvsXGrrSzbm9rWARQBUgA
175=QAFIAEABSABAAUgAQAFIAEABSABAAUgAQAFIAEABSABAAUgAQAFIAEABSABAAUgAoAFUAE
176=gAWAFIAEABSABAAUgAQAFIAEABSABAAUgAQAFIAEABSABAAUgAQAFIAEABSABAAUgAQAFM
177=eQADj5WV2OPmpKmkvNLdxdnkxdjhwNTdKpYHx9JklQbIz863uLLP2NhAB0gATAdIADkABa
178=gDtDwGu9TiqsjdLFF1LXwNvAhMBFB9XHRLNk1xk1hwXH1INkABLSQITAQtlAdEtgZ8n766
179=1ObG3edEtkQ7vA45FABQDkgAUBdIAAm8wL6elom9wLzb6OxQAl8gztfYrHYnZAcF7PLz5e
180=7v5+9qAN3peARAB0gAXAVIAEABSABAAUgAQAFIAEABSABAAUgAQAFIAEABSABAAUgAQAFI
181=AEABSABAAUgAQAFIAKABVABIAFgBSABAAUgAQAFIAEABSABAAUgAQAFIAEABSABAAUgAQA
182=FIAEABSABAAUgAQAFIAEABSABAAUTvCMHX4cba5MLX4sXYSQDhMJQHWAQJzdPR0NfYqaac
183=vLy3QAdIAFACSAA5MAWoA0Q4Bs7i6svg6NDk7EAxVDAn7ABYslgBBrPN38nd59Ln70jzA6
184=nG2i9VeSpsLD/EFlgKUAisDTkUAFAOSABAFkgADNLb3aScj9Te38zRz9DY2idcAFSxA+Ps
185=7eXt7lh2KmcH5O3tJ4wAQAFIAFAISABAAUgAQAFIAEABSABAAUgAQAFIAEABSABAAUgAQA
186=FIAEABSABAAUgAQAFIAEABSACgAVQASABYAUgAQAFIAEABSABAAUgAQAFIAEABSABAAUgA
187=QwH/AACoAEwBSABQAkgAQAFIAEABSABAAUgAQAFc2kg8SAAwlwfS29usBFgECdXf4NPe4K
188=qmm8LFwVACSABQAkgAOWAFqANUPFQwJ7wARDtAsgbK3+nC2eZ2mbdAsiQkNVQ5SPNTEcrf
189=6CoEJUAEM8YW0OMgBNQzJ9wBCb/CwKunnsPHxMLDv1ACSABQF0gAQAFIAEABSABIPAO0vL
190=zY5upYdiBCZAe8DrQAVA9AAUgAQAFIAEABSABAAUgAQAFIAEABSABAAUgApDsqFABQAkgA
191=QARIAEABUCxC39XncFNYAVACQCtIPEgAtzy1ydNQkk/x2uXnQARIAEwESAAJyc/NxMfDv7
192=+5opuQUAJIAFACSACoOTkUAEwEUw7V6fBLdcTb5iHQOiXdKz0iLDwn9CUqZAdAtaS2TPcM
193=RGqNu9ThxNrkyuDpzOHqOaABqANAE0gAUA5IAAnP19ijnJGMf27O1dRQAkgAUAJIAEABSA
194=BAAUgAQAFIAEABAn6DgtvpeCJMAUgAUAJIAEMB1ObsXBdLD9fn7FgBUAJIAEABSABAAUgA
195=QAFIAEABSABAAUgAQAFIAEABSABAAUgAQAFIAEABSABAAUgAoAFUAEgAWAFIAEABSABAAU
196=gAQAFIAEABSABAAUgAQAFIAEABJ3AHTAFIAFACSABAAUgAQQHHIxArJIQjSNtQAkgAXAJU
197=PAnS4uidpKV6g4Xg6/BQAkgAXAJIAEABSABAAUgACNnl6c/Y2aKajsHEIBD3JafE2FzpJM
198=RDpzgUPGFEOAk1Wn5PcpNPcpRBZIRU8LQ/QAEt7B64NzkUAFAUSABQFEgACba2sYp8a62m
199=mp+WiVACSABQAkgAQAFIAEABSABAAUgAQAFIADZsLEQ7ryXN4usnYAVcBUAHSABAAUgAQA
200=FIAEABSABAAUgAQAFIAEABSABAAUgAQAFIAEABSABAAUgAoAFUAEgAWAFIAEABSABAAUgA
201=QAFIAEABSABAAUgAQAFIAEABSABAAUgAQAFIAEABSABAAUgAQAFIAEABZqff6FOn0uTqWF
202=JQAkgAXwJlZmJAAUgATAFIAEABqAAnLABAAUgACMLHxL/BvJSGdb/DIBCUB0g8SAC0PFB0
203=QD1qAD1jQDpIAG4BPGIqLB5QFDlMB6gDJ5ACTBMJxs7NoZeJ1t7fx8rGXAJEAqgATAFIAD
204=AsADY/O9zp7r8F1ebsJ2QHJyAAMBwBUAVIACAMXABQBUgGSABAAUgAQAFIAEABSABAAUgA
205=QAFIAEABSABAAUgAQAFIAEABSABAAUgAQAFIAEABSABAAUgAQAFIAEABRBdAAUgATAFIAE
206=ABSABAASAGlAcJsKyjramenZOEzNLRQAdIAEwHSACsLjkUAFRLSzzM4OgkvzwWPWKkO0x5
207=LdQzORABqANQDkgAUA5IAAbFy8m3tq7R2NhcyCdQAFwCTAFIAEABSABAAUgAQAFIADZkB0
208=AESABABEgAQAFIAEABSAAqcAdQAkgAUAJIAEABSABAAUgAQAFIAEABSABAAUgAQAFIAEAB
209=SABAAUgAQAFIAKABVABIAFgBSABAAUgAQAFIAEABSABAAUgAQAFIAEABSABAAUgAQAFIAE
210=ABSABAAUgAQAFIAEABSABAAUgAQAFIAEABSABAAUgAQAFIAEABSABDAXd6d0ABSABMAUgA
211=QAGoACcsAEABSAAgG48tyd/oJyQ1KmcHFBQUuDc5FAAnMAJMEAmakYS6ubLT2djW3t5cAk
212=QCqABMAUgAMCwAIDY8OzOsAVACSAAwDAKwAlQASAAzdAAgRVwAIAYsDyAbjC0tJDU5TAeo
213=A0AfSACsIkiHBrm4r9vm6tTc3SdQAEgDLSwAJzgAIGZkB7wRtAC0FSBdLAAgBpQHIBiMLU
214=S2IA+cHQm2ta61sabR2dnV3t8ncASsJVQAqABcAkgArwFdXFcnLABAAUgAvAJAAUgAIFQv
215=AP///0gPSAAgVPQBMNwBMIRTTARIAFgTVABIAEABSAAgGIwtuHMzFABQC0gAUAtIAAjQ2t
216=umnI7GxsHIyy4EJVQDqABQBUgArAEgbMwOCd7q7t3p7d3p7d7q7hEAAA==

[AITriggerTypesEnable]
043F40BC-G=yes
043F521C-G=yes
043F874C-G=yes
044082BC-G=yes
05CB5B6C-G=yes
05CB830C-G=yes
05CBAEDC-G=yes
05CBC04C-G=yes
05CBC19C-G=yes
05CBC2EC-G=yes
05FC088C-G=yes
05FC0C9C-G=yes
05FC13EC-G=yes
05FC1A8C-G=yes
05FC1C5C-G=yes
05FC333C-G=yes
05FC37CC-G=yes
05FC3C9C-G=yes
05FC50EC-G=yes
05FC747C-G=yes
05FC75CC-G=yes
05FFA7DC-G=yes
05FFB18C-G=yes
06002BFC-G=yes
0611A1EC-G=yes
0611A33C-G=yes
0612B11C-G=yes
0612CD8C-G=yes
0612EAEC-G=yes
0612F46C-G=yes
0612F9AC-G=yes
0616004C-G=yes
06C551AC-G=yes
078F4B2C-G=yes
07C04C7C-G=yes
07C04EDC-G=yes
07C0B14C-G=yes
07C30A5C-G=yes
07C310BC-G=yes
07C3266C-G=yes
07C329FC-G=yes
07C330CC-G=yes
07C33DDC-G=yes
07C4853C-G=yes
08A3EEDC-G=yes
08B902EC-G=yes
08B90B1C-G=yes
08B911BC-G=yes
08B9154C-G=yes
08B9213C-G=yes
08B9305C-G=yes
08B9356C-G=yes
08B940EC-G=yes
08B9423C-G=yes
08B9483C-G=yes
08B9586C-G=yes
08B9641C-G=yes
08B9708C-G=yes
08B9767C-G=yes
08B97C6C-G=yes
0A31295C-G=yes
0A44F17C-G=yes
0A44F2CC-G=yes
0A452C6C-G=yes
0A452E5C-G=yes
0AA845AC-G=yes
0AA846FC-G=yes
0ABC484C-G=yes
0AD2BAEC-G=yes
0C0C7AEC-G=yes
0C0D184C-G=yes
0C0D251C-G=yes
0C1245AC-G=yes
0C1246FC-G=yes
0C32599C-G=yes
0C32D84C-G=yes
0C87B45C-G=yes
0C87B99C-G=yes
0C87E5AC-G=yes
0C8B81BC-G=yes
0C8BC5AC-G=yes
0C8C2AEC-G=yes
0C8C2C3C-G=yes
0C8C430C-G=yes
0C8C4C3C-G=yes
0C8C51BC-G=yes
0C8C56FC-G=yes
0C8C645C-G=yes
0C8C6EDC-G=yes
0C8C71BC-G=yes
0C8E2C3C-G=yes
0C8EE1BC-G=yes
0C8EEAEC-G=yes
0C8EEEDC-G=yes
0C91D45C-G=yes
0C92C1BC-G=yes
0C92C45C-G=yes
0C955AEC-G=yes
0C955C3C-G=yes
0C9561BC-G=yes
0C9565AC-G=yes
0C96F45C-G=yes
0C96F5AC-G=yes
0CA1F84C-G=yes
0CA24D8C-G=yes
0CA2A04C-G=yes
0CA2B06C-G=yes
0CA2D99C-G=yes
0CA2FEDC-G=yes
0CA5945C-G=yes
0CA6621C-G=yes
0CA6AEDC-G=yes
0CAD0B2C-G=yes
0CAD0C7C-G=yes
0CAD0DCC-G=yes
0CAD130C-G=yes
0CAD145C-G=yes
0CAD25AC-G=yes
0CAD2AEC-G=yes
0CAD2C3C-G=yes
0CAD5AEC-G=yes
0CADD99C-G=yes
0CADDEDC-G=yes
0CB29EDC-G=yes
0CB2CEDC-G=yes
0CDF899C-G=yes
0CDF8D8C-G=yes
0CDF8EDC-G=yes
0CE2395C-G=yes
0CE23AAC-G=yes
0CE26B5C-G=yes
0CE26CAC-G=yes
0CE2E8DC-G=yes
0CE2EA2C-G=yes
0CE44D0C-G=yes
0D022B1C-G=yes
0D022C6C-G=yes
0D052AEC-G=yes
0D0803CC-G=yes
0D08461C-G=yes
0D0848BC-G=yes
0D084A0C-G=yes
0D084B5C-G=yes
0D0873DC-G=yes
0D087D8C-G=yes
0D0B3B9C-G=yes
0D2769BC-G=yes
0D2C41EC-G=yes
0D2C448C-G=yes
0D2C45DC-G=yes
0D53099C-G=yes
0D53130C-G=yes
0D53430C-G=yes
0D535EDC-G=yes
0D62145C-G=yes
0D6215AC-G=yes
0D6216FC-G=yes
0D62199C-G=yes
0ECCB2BC-G=yes
0ECCB40C-G=yes
0ECCB55C-G=yes
0ECCB7FC-G=yes
0ECCBC3C-G=yes
0ECCF14C-G=yes
0ECCF29C-G=yes
0ECCF68C-G=yes
0ECCFA7C-G=yes
0ECCFCAC-G=yes

[Actions]
01000000=1,14,0,4475,0,0,0,0,A
01000002=1,14,0,4476,0,0,0,0,A
01000004=1,14,0,4477,0,0,0,0,A
01000006=1,14,0,4478,0,0,0,0,A

[Africans]
IQ=0
Edge=North
Color=DarkRed
Allies=Africans
Country=Africans
Credits=0
NodeCount=0
TechLevel=1
PercentBuilt=0
PlayerControl=no

[Alliance]
IQ=0
Edge=North
Color=Gold
Allies=Alliance
Country=Alliance
Credits=0
NodeCount=0
TechLevel=1
PercentBuilt=0
PlayerControl=no

[Americans]
IQ=0
Edge=North
Color=Gold
Allies=Americans
Country=Americans
Credits=0
NodeCount=0
TechLevel=1
PercentBuilt=0
PlayerControl=no

[Arabs]
IQ=0
Edge=North
Color=DarkRed
Allies=Arabs
Country=Arabs
Credits=0
NodeCount=0
TechLevel=1
PercentBuilt=0
PlayerControl=no

[Basic]
Name=Gem Island
Percent=0
GameMode=standard, meatgrind, navalwar, nukewar, airwar, megawealth, duel, cooperative, teamgame
HomeCell=98
InitTime=10000
Official=no
EndOfGame=no
FreeRadar=no
MaxPlayer=4
MinPlayer=2
SkipScore=no
TrainCrate=no
TruckCrate=no
AltHomeCell=99
OneTimeOnly=no
CarryOverCap=0
NewINIFormat=4
NextScenario=
SkipMapSelect=no
CarryOverMoney=0.000000
AltNextScenario=
MultiplayerOnly=1
IceGrowthEnabled=yes
VeinGrowthEnabled=yes
TiberiumGrowthEnabled=yes
IgnoreGlobalAITriggers=no
TiberiumDeathToVisceroid=no

[British]
IQ=0
Edge=North
Color=Gold
Allies=British
Country=British
Credits=0
NodeCount=0
TechLevel=1
PercentBuilt=0
PlayerControl=no

[CellTags]

[Confederation]
IQ=0
Edge=North
Color=DarkRed
Allies=Confederation
Country=Confederation
Credits=0
NodeCount=0
TechLevel=1
PercentBuilt=0
PlayerControl=no

[Events]
01000000=1,8,0,0
01000002=1,8,0,0
01000004=1,8,0,0
01000006=1,8,0,0

[French]
IQ=0
Edge=North
Color=Gold
Allies=French
Country=French
Credits=0
NodeCount=0
TechLevel=1
PercentBuilt=0
PlayerControl=no

[GDI]
IQ=0
Edge=North
Color=Gold
Allies=GDI
Country=GDI
Credits=0
NodeCount=0
TechLevel=1
PercentBuilt=0
PlayerControl=no

[Germans]
IQ=0
Edge=North
Color=Gold
Allies=Germans
Country=Germans
Credits=0
NodeCount=0
TechLevel=1
PercentBuilt=0
PlayerControl=no

[Houses]
0=Americans
1=Alliance
2=French
3=Germans
4=British
5=Africans
6=Arabs
7=Confederation
8=Russians
9=YuriCountry
10=GDI
11=Nod
12=Neutral
13=Special

[IsoMapPack5]
1=UQ0AIAFQAAEAgAACBgBPAAKEAQEABgBQKCkAUSgrAE4AA+EETygpAFAoKQBRKCkAUigrAE
2=0ABPkGTigpAE8oKQBQKCkAUSgpAFIoKQBTKCsATAAF8QlNKCkATigpAE8oKQBQKCkAUSgp
3=AFIoKQBTKCkAVCgpAEtAII8MBgBMKCkATSgpAE4oKQBPKCkAUCgpAFEoKQBSKCkAUygpAF
4=QoKQBVKCsASgAHnA5FAksoKQBMKCkATSgpAE4oKQBPKCkAUCgpAFEoKQBSKCkAUygpAFQo
5=KQBVKCkAVigrAEkACPkRSigpAEsoKQBMKCkATSgpAE4oKQBPKCkAUCgpAFEoKQBSKCkAUy
6=gpAFQoKQBVKCkAVigpAFcoKwBIAAnxFEkoKQBKKCkASygpAEwoKQBNKCkATigpAE8oKQBQ
7=KCkAUSgpAFIoKQBTKCkAVCgpAFUoKQBWKCkAVygpAFgoKwBHAArpF0goKQBJKCkASigpAE
8=soKQBMKCkATSgpAE4oKQBPKCkAUCgpAFEoKQBSKCkAUygpAFQoKQBVKCkAVigpAFcoKQBY
9=KCkAWSgrAEYAC+EaRygpAEgoKQBJKCkASigpAEsoKQBMKCkATSgpAE4oKQBPKCkAUCgpAF
10=EoKQBSKCkAUygpAFQoKQBVKCkAVigpAFcoKQBYKCkAWSgpAFooKwBFAAz5HEYoKQBHKCkA
11=SCgpAEkoKQBKKCkASygpAEwoKQBNKCkATigpAE8oKQBQKCkAUSgpAFIoKQBTKCkAVCgpAF
12=UoKQBWKCkAVygpAFgoKQBZKCkAWigpAFtKAf//UB4CBgBEAA1cAEsABgBFKCkARigpAEco
13=KQBIKCkASSgpAEooKQBLKCkATCgpAE0oKQBOKCkATygpAFAoKQBRKCkAUigpAFMoKQBUKC
14=kAVSgpAFYoKQBXKCkAWCgpAFkoKQBaKCkAWygpAFwoKwBDAA5cIUgAdCMnKQBFKFUARigp
15=AEcoKQBIKCkASSgpAEooKQBLKCkATCgpAE0oKQBOKCkATygpAFAoKQBRKCkAUigpAFMoKQ
16=BUKCkAVSgpAFYoKQBXKCkAWCgpAFkoKQBaKCkAWygpAFxIAcFGXSgrAEIAD1QkSwAGAEMo
17=KQBEKCkARSgpAEYoKQBHKCkASCgpAEkoKQBKKCkASygpAEwoKQBNKCkATigpAE8oKQBQKC
18=kAUSgpAFIoKQBTKCkAVCgpAFUoKQBWKCkAVygpAFgoKQBZKCkAWigpAFsoKQBcSAEnzgQP
19=AMkBXihXAEEAEEwnSwAGAEIoKQBDKCkARCgpAEUoKQBGKCkARygpAEgoKQBJKCkASigpAE
20=soKQBMKCkATSgpAE4oKQBPKCkAUCgpAFEoKQBSKCkAU0kB1SKjKQYAVEgBWBkCAAAGAFUo
21=KQBWKCkAVygpAFgoKQBZKCkAWigpAFsoKQBcKCkAXSgpAF4oKQBfSAHfK0AAEYgQTRBBKC
22=kAQigpAEMoKQBEKCkARSgpAEYoKQBHKCkASCgpAEkoKQBKKCkASygpAEwoKQBNKCkATigp
23=AE8oKQBQKCkAUSgpAFJJAdOxKlNJAcmpAVRJAcupAVUoKQBWSQHNtQJXSAGXHwYAWCgpAF
24=koKQBaKCkAWygpAFwoKQBdKCkAXigpAF8oKQBgKCsAPwASkA1JLUAoKQBBKCkAQigpAEMo
25=KQBEKCkARSgpAEYoKQBHKCkASCgpAEkoKQBKKCkASygpAEwoKQBNKCkATigpAE8oKQBQKC
26=kAUUgByS1SSAHJLVMoKQBUKCkAVSgpAFYoKQBXSAHBMFhIAY8iBgBZKCkAWigpAFsoKQBc
27=KCkAXSgpAF4oKQBfKCkAYCgpAGEoKwA+ABP5ij8oKQBASAHNEEEoKQBCKCkAQygpAEQoKQ
28=BFKCkARigpAEcoKQBIKCkASSgpAEooKQBLKCkATCgpAE0oKQBOKCkATygpAFAoKQBRSQHW
29=qVlSSAEnLgYTAMkBVChVAFUoKQBWKCkAV0kB0KUIWEgB3SBZKCkAWigpAFsoKQBcKCkAXS
30=gpAF4oKQBfKCkAYCgpAGEoKQBiKCsAPQAU+TI+KCkAPygpAEBIAcUTQSgpAEIoKQBDKCkA
31=RCgpAEUoKQBGKCkARygpAEgoKQBJKCkASigpAEsoKQBMKCkATSgpAE4oKQBPKCkAUCgpAF
32=EoKQBSSAHRNVNJAc61LlQoKQBVKCkAVkgB2TJXSAHRH1goKQBZKCkAWigpAFsoKQBcKCkA
33=XSgpAF4oKQBfKCkAYCgpAGEoKQBiKCkAYygrADwAFZQRUZg9KCkAPigpAD8oKQBAKCkAQS
34=gpAEIoKQBDKCkARCgpAEUoKQBGKCkARygpAEgoKQBJKCkASigpAEsoKQBMKCkATSgpAE4o
35=KQBPKCkAUCgpAFEoKQBSKCkAUygpAFQoKQBVKCkAVigpAFcoKQBYKCkAWSgpAFooKQBbKC
36=kAXCgpAF0oKQBeKCkAXygpAGAoKQBhKCkAYigpAGMoKQBkKCsAOwAW6Tg8KCkAPSgpAD4o
37=KQA/KCkAQCgpAEEoKQBCKCkAQygpAEQoKQBFKCkARigpAEcoKQBIKCkASSgpAEooKQBLKC
38=kATCgpAE0oKQBOKCkATygpAFAoKQBRSAEFgAEAAAEFAFLIAQECBQBTSQGBVAIBAAUAVMgB
39=AQEFAFVIAZsjBgBWSQGAQARVAlfIAVkGWEkBgVYCAAVO1hYAaAEBAQUAWlQCJUklW0gBxQ
40=hcKCkAXSgpAF4oKQBfKCkAYCgpAGEoKQBiKCkAYygpAGQoKQBlKCgAAjoAFwA2RA8BAQYA
41=O0kBN0gBWXQ8yAFVAj1JATW1Aj7IAVUCP0gBeAZNBUDIAVUCQcgBVQJCyAFVAkNIAcUIRM
42=gBVQJFSAHVDUbIAVUCR0gBzQVIyAFVAklJATitEEpIAcEES8gBQQRMyAFBD03IAVUCTkgB
43=0RRPyAFVAlBJAYBMMQEDBgBRygEEBU48FwB2AgUETTwXhjQDBEw8qAFBBFXMBVkGVsgBVQ
44=JXyAFZBlhJAYF9CgRMPCfZAFrUAgEFBgBbSAHFHlzIAVkRXUgBzRteSAHdFV/IAUEEYEgB
45=xR5hyAFVAmJIAdkGY0gB2QZkyAFBBGVIAcEEZigrADkAGJg9AQICADrKAQMCRj8YAGQTVQ
46=I8VAJoAVUCPUgBYA9VAj7IAVUCP0gBdA1VAkDIAVUCQcgBVQJCyAFVAkNIAcUIRMgBVQJF
47=SAFoDE0FRsgBVQJHSAHNBUjIAVUCSUgBdBgBAQIASkgBwQRLyAFBBEzIAVEJTcgBVQJOSA
48=HRFE/IAVUCUEgBbjwGAkU/GJo9BwJEP6oBCANFPxiGPwYDRD+oAUEEVSjZAFbIAVUCV8gB
49=WQZYSAFkP1kGWcgBQQRaygEIAkQ/J30FXFQCcB9ZEV1IAc0bXkgB3RVfyAFBBGBIAcUeYc
50=gBVQJiSAHZBmNIAdkGZMgBQQRlSAHBBGYoKQBnKCsAOAAZJPMkAgA5KCkAOigpADsoKQA8
51=KCkAPSgpAD4oKQA/KCkAQCgpAEEoKQBCKCkAQygpAEQoKQBFKCkARigpAEcoKQBIKCkASS
52=gpAEooKQBLKCkATCgpAE0oKQBOKCkATygpAFAoKQBRSQHEInQlfUEZikMLAl1BGZ5BCQJf
53=QRkAwqEEVU0FuqkBVkkBvKkBV0gBcEtZBlhIAXxBWQZZSAHdClpIAZS9fEEnAQZcKFUAXS
54=gpAF4oKQBfKCkAYEgBdKABAAIAYUgB0QliKCkAYygpAGRIAc0FZUgBzQVmKCkAZygpAGhJ
55=AVVxBQZVgBrqQzgAJykAOSgpADooKQA7KCkAPCgpAD0oKQA+KCkAPygpAEAoKQBBKCkAQi
56=gpAEMoKQBEKCkARSgpAEYoKQBHKCkASCgpAEkoKQBKKCkASygpAEwoKQBNKCkATigpAE8o
57=KQBQKCkAUUkBxbk9UkgB0UBTKCkAVEkBvaEEVSgpAFZJAbi1AldIAdkGWCgpAFlJAb+hBF
58=pJAb4iyHB2RBoAaAFNn1zUAlWcXcgBQX1eyAEBBAIAX0kBIWs4AgBgSQEeqQFhKCkAYigp
59=AGMoKQBkKCkAZUkBIrkGZkgBwUZnKCkAaEgBdERNy2lIAWgFWO0BNgAbANUNNygpADgoKQ
60=A5KCkAOigpADsoKQA8KCkAPSgpAD4oKQA/KCkAQCgpAEEoKQBCKCkAQygpAEQoKQBFKCkA
61=RigpAEcoKQBIKCkASSgpAEooKQBLKCkATEgBwSVNSAHBJU4oKQBPKCkAUCgpAFEoKQBSSA
62=HZSFNIAcU/VEgB0QlVKCkAVkgBzQVXSAHRS1hIAdkGWUgB2QZaSAFhRgVtRxuMR0ndXNQC
63=SdJdyAFJ0l7IAU2UX0kBHXg5bkcbAJlIA0SMwzsDAGJABI88AwBjKCkAZEgBnyADAGVJAR
64=+lCGZIAdkRZygpAGhJAVNjBAYAaUgBZAFNR2ooKwA1ABy7SAMANigpADcoKQA4KCkAOSgp
65=ADooKQA7KCkAPCgpAD0oKQA+KCkAPygpAEAoKQBBKCkAQigpAEMoKAAFRAAcAB4AAAARAA
66=CrDQAgBgADAEUAHAAeAEAAAwMARgAcAMkBRygpAEgoKQBJKCkASigpAEtJASJACFEJTEkB
67=JmsBAgBNSAGTCQIATigpAE8oKQBQKCkAUSgpAFIoKQBTSAGfCgIAVEoB//9DCwIAVSgpAF
68=YoKQBXKCkAWCgpAFlKAQ4BmQZaSAHFCFtKAboDlQJcyAEBAQIAXcgBAQICAF5IAc0FX0kB
69=HUgFAQACAGDrAQMAYUgBgwQEAGIoKQBjKCkAZEkBH3sGAwBl6wECAGZIAZsGAgBnKCkAaE
70=kBU0wFAQEGAGlIAUQBAgAABgBqKCkAaygqADQAkBECAAAEADVIAZMJBAA2KCkAN0gBhwgE
71=ADhIAcEEOSgpADpIAcEEO0gBwQQ8KCkAPUgBwQQ+SAHBBD8oKQBASAHBBEEoKQBCSAHNBU
72=NIAcEERCgpAEVIAcEERigpAEdIAc0FSEgBwQRJKCkASkgBwQRLSAHRKkxIAY0FA1xMySID
73=XkwdANUCTyiBAFBIAYcIAwBRSAHBBFIoKQBTSAGcCnxMxAh8TCcpAFZABJsGAgBXKCkAWC
74=gpAFlIAXxMTUdayAEBAwIAW0gBfExJAVzJAQR+TB0AdQIFfEwniQFfQAScGH1MHVABRBZ8
75=TMAEfEwnKQBjWAObEQQAZEgBiBd+TB0AiAF8TMwFfEwnKQBoTQVWWApRS2lIAWQBSQFqKC
76=kAaygpAGwoKQAzSILVDTRIAZgGdU8eqC10TycpADcogQA4SAHZBjkoKQA6SAHFCDtIAcEE
77=PCgpAD1IAcEEPkgBwQQ/KCkAQEgBwQRBKCkAQkgBzQVDSAHBBEQoKQBFSAHBBEYoKQBHSA
78=HNBUhIAcEESSgpAEpIAcEES0gBnysDAExIAYwFdE+NnABNn04oVQBPKCkAUEgBhAh0T8Ml
79=AwBSVALFCFNIAZwKdE/ABHRPJykAVkAEjAV0TydVAFgoVQBZSAF0T1FLWsgBUUtbSAHZBl
80=woKQBdKCkAXigpAF9IASf1CR6sP3RPzBt0TycpAGNMBYAadU8eqE50T8gBdE8nkQJnTAXN
81=EGhJAVV8BnSc0Al0nCcpAGtABHwDTVJsKCkAbSgpADJMDZMJBAAzKCkANEgBmAZtUh8oTA
82=onKQA3KIEAOEgBxQg5KCkAOkgBxQg7SAHBBDwoKQA9SAHBBD5IAcEEPygpAEBIAcEEQSgp
83=AEJIAc0FQ0gBwQREKCkARUgBwQRGKCkAR0gBzQVISAHBBEkoKQBKSAHBBEtIAYxHbFLEHm
84=xSjAKsUidVAE9MBZMJAwBQSAGECGxSJ4EAUlQCwQRTSAGMCGxSwARsUicpAFZABIwFbFIn
85=VQBYKFUAWUkBB+bvHwBoAU3sW1QC2QZcKCkAXSgpAF4oKQBfSAEnTQofKEwK1A1sUicpAG
86=NMBZwKbVIfUAFUG2xSyAFsUswFZKInKQBoRAVsUoTvnB2k7ycpAGtABEgJdQJsKCkAbSgp
87=AG4oKwAxACCIBUWBMkgBkwEDADMoKQA0KCkANSgpADYoKQA3KCkAOCgpADkoKQA6KCkAOy
88=gpADwoKQA9KCkAPigpAD8oKQBAKCkAQSgpAEIoKQBDKCkARCgpAEUoKQBGKCkARygpAEgo
89=KQBJKCkASigpAEtJASN8I2dVIAAnaAEijSggXAJMASKMKCcpAE9MApknAkRVJ1UAUShVAF
90=IoKQBTSAGcCmVVILh/ZFUnKQBWQASIQ2RVJ1UAWChVAFlJAQdEVY73IABoAUH2W1QC2QZc
91=KCkAXSgpAF4oKQBfSAEnpQogKKQK1A1kVScpAGNMBZwKZVUgtEdkVcgBZFXMBWRVJykAaF
92=gGJ+wejCNtUmpUAlAnaQFrKCkAbCgpAG0oKQBuKCkAbygoAAIwACEAJGsIAgAxSAGHCwIA
93=MigpADMoKQA0KCkANSgpADYoKQA3KCkAOCgpADkoKQA6KCkAOygpADwoKQA9KCkAPigpAD
94=8oKQBAKCkAQSgpAEIoKQBDKCkARCgpAEUoKQBGKCkARygpAEgoKQBJKCkASigpAEsoKQBM
95=SAHJTk1IAZQ5fVch9U9PKFUAUCgpAFEoKQBSKCkAUygpAFQoKQBVKCkAVigpAFcoKQBYKC
96=kAWUgBcFaV/yGcV5T/JzkCXEAE0RRdKCkAXigpAF9IASf9CiEo/QohYEMiqTFiQASPAQQA
97=YygpAGRIAYSlfVchqFl8VyfhAWdABMEPaEgBJ/wK3Ap0/ycpAGtABIsMBgBsKCkAbSgpAG
98=4oKQBvKCkAcCgrAC8AIuEwMCgpADEoKQAyKCkAMygpADQoKQA1KCkANigpADcoKQA4KCkA
99=OSgpADooKQA7KCkAPCgpAD0oKQA+KCkAPygpAEAoKQBBKCkAQigpAEMoKQBEKCkARSgpAE
100=YoKQBHKCkASCgpAEkoKQBKKCkASygpAEwoKQBNKCkATigpAE8oKQBQKCkAUSgpAFIoKQBT
101=KCkAVCgpAFUoKQBWKCkAVygpAFgoKQBZSAF0WgEGAgBayAEBBwIAW0gBxUpcKCkAXSgpAF
102=4oKQBfSAEnVQsiKFQL1ER0sicpAGNMBZwKdbIiqFl0WsgBdFrMBXSyJykAaFkGVHRWIkwr
103=I6RCabFqVAJwAgEABgBrKCkAbCgpAG0oKQBuKCkAbygpAHAoKQBxKCgAAi4AIwDjYwsCAC
104=/IAQEBAgAwyAFZ1zHIAVnXMsgBAQACADPIAU0FNMgBTQU1yAFNBTZJAeS9CjfIAU0FOMgB
105=TQU5yAFNBTpJAeWtBTvIAU0FPMgBTQU9yAFNBT5JAeetBT/IAU0FQMgBTQVBSQHmoQRCyA
106=FBBEPIAUEERMgBUQlFyAFBGkbIAU0FR8gBTQVIyAFNBUnIAU0FSsgBTQVLyAFNBUzIAU0F
107=TUgBwRpOyAFNBU/IAU0FUMgBTQVRSAHBMFLIAU0FU8gBTQVUyAFNBVVIAdEqVsgBTQVXyA
108=FNBVjIAU0FWUkBtL0gWsgBTQVbSAGPUgIAXCgpAF0oKQBeKCkAX0gBJ60LIyitCyOkomxd
109=JykAY0wFnAptXSMorAvIAWxdzAVsXScpAGhYBmxdI6ws1AJkuCcpAGtABJwKZLgnVQBtVA
110=JoG1FhbigpAG8oKQBwKCkAcSgpAHIoKwAtACS3GAIALkgBYDBJ3S/IAUndMMgBSYUxyAFJ
111=hTLIAU0FM8gBTQU0yAFNBTXIAU0FNkgBcDVNBTfIAU0FOMgBTQU5yAFNBTpIAWBGTQU7yA
112=FNBTzIAU0FPcgBTQU+SAFkYE08P8gBWQZAyAFZBkFIAWRgVQJCyAFVAkPIAVEJRMgBUQlF
113=yAFNBUbIAU0FR8gBTQVIyAFNBUnIAU0FSsgBTQVLyAFNBUzIAU0FTUgBwRpOyAFNBU/IAU
114=0FUMgBTQVRSAHBMFLIAU0FU8gBTQVUyAFNBVVIAdEqVsgBTQVXyAFNBVjIAU0FWUgBZGBd
115=YlrIAU0mW0gBhEpkYCcRCF0oVQBeKCkAX0gBJwUMJCgEDCNwKyQMIycpAGNMBYxSZWAkKA
116=QMyAFkYCe1AWdMBc0QaEgBIrQ4SVlpSAGUAmRgzAV0vScpAGwogQBtSAGXDQYAbigpAG8o
117=KQBwKCkAcSgpAHIoKQBzSAHXDSwAJfFhLSgpAC4oKQAvKCkAMCgpADEoKQAyKCkAMygpAD
118=QoKQA1KCkANigpADcoKQA4KCkAOSgpADooKQA7KCkAPCgpAD0oKQA+KCkAPygpAEAoKQBB
119=KCkAQigpAEMoKQBEKCkARSgpAEYoKQBHKCkASCgpAEkoKQBKKCkASygpAEwoKQBNKCkATi
120=gpAE8oKQBQKCkAUSgpAFIoKQBTKCkAVCgpAFUoKQBWKCkAVygpAFgoKQBZKCkAWigpAFso
121=KQBcKCkAXSgpAF4oKQBfSAEnXQwlKFwM2EhkwycpAGNMBZxMfWIlKFwMyAF8YswFZMMnKQ
122=BoWAZ8YoTD1AJ8YicpAGtABJwKZMMnVQBtVAInXQwlhAFFa28oVQBwKCkAcSgpAHIoKQBz
123=SAHdCnRIAYgIAgYAKwAm6WQsKCkALSgpAC4oKQAvKCkAMCgpADEoKQAyKCkAMygpADQoKQ
124=A1KCkANigpADcoKQA4KCkAOSgpADooKQA7KCkAPCgpAD0oKQA+KCkAPygpAEAoKQBBKCkA
125=QigpAEMoKQBEKCkARSgpAEYoKQBHKCkASCgpAEkoKQBKKCkASygpAEwoKQBNKCkATigpAE
126=8oKQBQKCkAUSgpAFIoKQBTKCkAVCgpAFUoKQBWKCkAVygpAFgoKQBZKCkAWigpAFsoKQBc
127=KCkAXSgpAF4oKQBfSAEntQwmKLQMxEp0ZScpAGNMBZRPdWUmKLQMyAF0ZcwFdGUnKQBoWA
128=YitG9NXWlIAdFWaigpAGsoKQBsKCkAbSgpAG4oKQBvKCkAcCgpAHEoKQByKCkAcygpAHQo
129=KQB1KCsAKgAn4WcrKCkALCgpAC0oKQAuKCkALygpADAoKQAxKCkAMigpADMoKQA0KCkANS
130=gpADYoKQA3KCkAOCgpADkoKQA6KCkAOygpADwoKQA9KCkAPigpAD8oKQBAKCkAQSgpAEIo
131=KQBDKCkARCgpAEUoKQBGKCkARygpAEgoKQBJKCkASigpAEsoKQBMKCkATSgpAE4oKQBPKC
132=kAUCgpAFEoKQBSKCkAUygpAFQoKQBVKCkAVigoAAJXACcA/xEAAMwNACAI/wAAAAIAWAAn
133=AP+qAVkAJykAWigpAFsoKQBcKCkAXSgpAF4oKQBfSQEdWAoBAAIAYOsBAwBhSAFwAgEABA
134=BiKCkAYygpAGRJAR9nBAMAZesBAgBmSAHFE2coKQBoSQFTTAUBAQYAaUgBRAECAAAGAGoo
135=KQBrKCkAbCgpAG0oKQBuKCkAbygpAHAoKQBxKCkAcigpAHMoKQB0KCkAdSgpAHYoKwApAC
136=jxKiooKQArKCkALCgpAC0oKQAuKCkALygpADAoKQAxKCkAMigpADMoKQA0KCkANSgpADYo
137=KQA3KCkAOCgpADkoKQA6KCkAOygpADwoKQA9KCkAPigpAD8oKQBAKCkAQSgpAEIoKQBDKC
138=kARCgpAEUoKQBGKCkARygpAEgoKQBJKCkASigpAEsoKQBMKCkATSgpAE4oKQBPKCkAUCgp
139=AFEoKQBSKCkAUygpAFQoKQBVKCkAVigpAFcoKQBYKCkAWSgpAFooKQBbKCkAXCgpAF0oKQ
140=BeKCkAX0gBJ2YNKACIAWVrKIBghGsnKQBjTAWbAgQAZEgBJ2YNKACIAWRrJ3kKZ0AE0Wxo
141=SQFUfAZka9AJZGsnKQBrQAR8A11tbCgpAG0oKQBuKCkAbygpAHAoKQBxKCkAcigpAHMoKQ
142=B0KCkAdSgpAHYoKQB3KCsAKAAp8WwpKCkAKigpACsoKQAsKCkALSgpAC4oKQAvKCkAMCgp
143=ADEoKQAyKCkAMygpADQoKQA1KCkANigpADcoKQA4KCkAOSgpADooKQA7KCkAPCgpAD0oKQ
144=A+KCkAPygpAEAoKQBBKCkAQigpAEMoKQBEKCkARSgpAEYoKQBHKCkASCgpAEkoKQBKKCkA
145=SygpAEwoKQBNKCkATigpAE8oKQBQKCkAUSgpAFIoKQBTKCkAVCgpAFUoKQBWKCkAVygpAF
146=goKQBZKCkAWigpAFsoKQBcKCkAXSgpAF4oKQBfSAGQbGXZKSi8DchOZNknKQBjTAWNaARd
147=bSmwbGTZyAF8bc8FAgBn7wUCAGhIAXxthdkpgGtFa2pUAo8BBgBrKCkAbCgpAG0oKQBuKC
148=kAbygpAHAoKQBxKCkAcigpAHMoKQB0KCkAdSgpAHYoKQB3KCkAeCgrACcAKulvKCgpACko
149=KQAqKCkAKygpACwoKQAtKCkALigpAC8oKQAwKCkAMSgpADIoKQAzKCkANCgpADUoKQA2KC
150=kANygpADgoKQA5KCkAOigpADsoKQA8KCkAPSgpAD4oKQA/KCkAQCgpAEEoKQBCKCkAQygp
151=AEQoKQBFKCkARigpAEcoKQBIKCkASSgpAEooKQBLKCkATCgpAE0oKQBOKCkATygpAFAoKQ
152=BRKCkAUigpAFMoKQBUKCkAVSgpAFYoKQBXKCkAWCgpAFkoKQBaKCkAWygpAFwoKQBdKCkA
153=XigpAF9IAScVDiooFQ4qhGSU3icpAGNMBZgCdXAqKBQOyAF0cCfRCmdMBYR2d3AqAFZ8Bn
154=Te0Al03icpAGtMBXwDTXNsKCkAbSgpAG4oKQBvKCkAcCgpAHEoKQByKCkAcygpAHQoKQB1
155=KCkAdigpAHcoKQB4KCkAeSgrACYAK+FyJygpACgoKQApKCkAKkoB0wJJGgJDASsAy6kBLF
156=AByQEtKCkALigpAC8oKQAwKCkAMSgpADIoKQAzKCkANCgpADUoKQA2KCkANygpADhJAc25
157=ETlIAUgUIoUyOkgB3RU7SAHRFDwoKQA9KCkAPigpAD8oKQBAKCkAQSgpAEIoKQBDKCkARC
158=gpAEUoKQBGKCkARygpAEgoKQBJKCkASigpAEsoKQBMKCkATSgpAE4oKQBPKCkAUCgpAFEo
159=KQBSKCkAUygpAFQoKQBVKCkAVigpAFcoKQBYSAHdK1lIAcVgWigpAFsoKQBcKCkAXSgpAF
160=4oKQBfSAEnbQ4rKGwOwFFk5CcpAGNMBZQNbXMrKGwOywECAGbgBGTk2AZvcysAU3RAbXMr
161=YAEkrDcnKQBrWAabAgYAbCgpAG0oKQBuKCkAbygpAHAoKQBxKCkAcigpAHMoKQB0KCkAdS
162=gpAHYoKQB3KCkAeCgpAHkoKQB6KCsAJQAs+XQmKCkAJygpACgoKQApKCkAKkkB0r1iK0kB
163=emkeAkIBLABoAQEBAgAtUQFatQIuyAFVAi9JAVm1AjDIAVUCMUkBW7UCMsgBVQIzSAHNBT
164=TIAVUCNUkBXK0FNkkBgKkBN8gBQQQ4SQHMpRM5SAF8AwEAAgA6SAHdFTtJAXl7AgIAPMgB
165=WQY9SAHNED7IAVUCP0gB1Q1ASAHZEUHIAUEEQkgB2QZDyAFVAkTIAUEPRcgBVQJGyAFVAk
166=fIAVUCSMgBVQJJyAFVAkrIAVUCS8gBVQJMSAHNEE3IAVUCTsgBTQVPyAFVAlDIAVUCUcgB
167=VQJSyAFVAlPIAVUCVEgB0TVVyAFVAlZIAd0rV8gBVQJYSAHdK1lIAY9oAgBaKCkAWygpAF
168=woKQBdKCkAXigpAF9IASfHDiwAJHgyIg85LAAgqQFiQATJAWMoKQBkSQEjoQRlSAEnDDkn
169=KQtnVALFE2hIAWR2I00rLHAGpHYnKQBrQASYAmR2J1UAbShVAG4oKQBvKCkAcCgpAHEoKQ
170=ByKCkAcygpAHQoKQB1KCkAdigpAHcoKQB4KCkAeSgpAHooKQB7KCkAJFhs2RwlKCkAJigp
171=ACcoKQAoKCkAKSgpACpIAd1iK0gBcXcCfXgtnXgDfXgtUDtT3gIALkAEdERVAi9IAWBRTQ
172=UwyAFVAjFIAXBhVQIyyAFVAjNIAc0FNMgBVQI1SAFka0VKNkgBfExZBjfIAUEEOEgB3Uw5
173=SAGENH54LQDdFTtUAnx4WQY8yAFZBj1IAc0QPsgBVQI/SAHVDUBIAdkRQcgBQQRCSAHZBk
174=PIAVUCRMgBSQxFyAFVAkbIAVUCR8gBVQJIyAFVAknIAVUCSsgBVQJLyAFVAkxIAc0QTcgB
175=VQJOyAFNBU/IAVUCUMgBVQJRyAFVAlLIAVUCU8gBVQJUSAFkNFUCVcgBVQJWSAHdK1fIAV
176=UCWEgB3StZSAHZSFooKQBbKCkAXCgpAF0oKQBeKCkAX0gBkHcibDoi+FBbNQIAYVQCQwEA
177=AAMhlVUthAFJAWMoVQBkSQEnfwICAGVIAYh6Ze8t6dJnVALFE2hIASdULNAJIlQsJykAa0
178=AEbAkjVCwnVQBtKFUAbigpAG8oKQBwKCkAcSgpAHIoKQBzKCkAdCgpAHUoKQB2KCkAdygp
179=AHgoKQB5KCkAeigpAHsoKQB8KCkAI1hsxR4kKCkAJSgpACYoKQAnKCkAKCgpACkoKQAqSA
180=HVZStJAWF4I3V7LkozAABJby1WAj4BQDR3ey4AOkgBTUcvVAJoAVVEMEkBPVQCSQExyAFB
181=BDLIAVUCM0kBO0AEVQI0yAFVAjVIAXwKVQI2SQFyoQ83yAFBDzhIAdVPOUgBfANJ0jpIAd
182=0VO0kBY3gCdvQuAGgBWQY9VAJ4EV0KPkgBwQ8/yAFBD0BIAcEEQcgBVQJCSQE8UBRJAUNI
183=AcUTREgBxQhFyAFBBEbIAUkMR8gBVQJIKCkASUgBxQhKSQFCXApJF0tIAdUCTMgBWQZNyA
184=FRCU7IAVUCT0gBeBFVAlBIAc0QUcgBQQRSyAFBBFPIAVUCVEgBbBtJAVVIAdkGVkkBcaEl
185=V8gBQSVYSAHdK1lIAcVKWigpAFsoKQBcKCkAXSgpAF4oKQBfKCkAYEkBHbUNYUgBnAp1ey
186=6ldgNANScpAGRABMnzZUgBjAV0e8MEAgBnKFUAaEgBdPRRd2lIAWQMSQFqKCkAaygpAGwo
187=KQBtKCkAbigpAG8oKQBwKCkAcSgpAHIoKQBzKCkAdCgpAHUoKQB2KCkAdygpAHgoKQB5KC
188=kAeigpAHsoKQB8KCkAfSgoAAIiAC8ABK1HI8gBXTYkSAHBJSUoKQAmKCkAJygpACgoKQAp
189=KCkAKkgBzWgrSAFsfllILMgBTUctSAF0T1UNLkgBeEhdVy/IAVUCMCgpADFIAXRaQQQyyA
190=FBBDNIAXyDVQI0yAFVAjVIAdEJNkgBbH5BDzfIAUEPOEgBzVI5SAGMPGX6LyhFHy9cRyOt
191=ITxABGx+WQY9SAF8FVUNPkgB2RE/yAFBD0BIAdkRQcgBVQJCSQE9XCtJAUNIAcEEREgB0R
192=RFyAFBBEZIAd0KR8gBVQJISAHFCElIAcUISkgBJ84PLwBgBEUTTFQCaAFZBk3IAVUCTsgB
193=VQJPSAHBD1BIAdEJUcgBQQRSSAHBBFPIAVUCVEgBZBNJAVVIAd0gVkgBbH5dK1fIAUElWE
194=gB3StZSAHZSFooKQBbKCkAXCgpAF0oKQBeKCkAXygpAGBJAR10NWX6L+F9YlQCiAxsfidV
195=AGRUAifMD9QCbH4nKQBnQASbBgIAaEgBbH4jZC7DBAYAalQCcA1Zf2soKQBsKCkAbSgpAG
196=4oKQBvKCkAcCgpAHEoKQByKCkAcygpAHQoKQB1KCkAdigpAHcoKQB4KCkAeSgpAHooKQB7
197=KCkAfCgpAH0oKQB+KCsAIQAwpykCACJIAWSBVTkjyAFVOSRIAcElJSgpACYoKQAnKCkAKC
198=gpACkoKQAqSAEnJxAwAGJ0KnT/qAFFSi1ABGBRSQEuSQE9VGVRVi9JAXCtBTDIAUEEMUkB
199=abUCMsgBVQIzyAFZBjTIAVUCNUkBbK0FNkkBfakBN8gBQQQ4SAHEVQo5ADAAAAAAAAACAD
200=oAEQAAJg8AIAwwANICAAAAAgA7ADAAewBDAAIAPMgBAQECAD1JAWpQAkEEPsgBVQI/SQFs
201=tQJASQFrqQFByAFBBEJJAWm1AkPIAVUCREgBzQVFyAFVAkZIAckMR8gBVQJIyAFBD0nIAV
202=UCSsgBVQJLyAFVAkxIAd0KTcgBVQJOSAHNEE/IAVUCUEgB1Q1RyAFVAlJJAWe9FVPIAVUC
203=VEgBBT4BAAADAgBVSQE8SAEBAgIAVkkBcq0FV8gBTQVYSgHMAlsCAgBZSgH//4kBWigpAF
204=soKQBcKCkAXSgpAF4oKQBfKCkAYEkBHUwJRR5hSAFkAQEAAwBiKCkAYygpAGRJAR9nBAIA
205=ZUgBzRBmKCkAZygpAGhJAVRvBQYAaUgBZAEBAAYAaigpAGsoKQBsKCkAbSgpAG4oKQBvKC
206=kAcCgpAHEoKQByKCkAcygpAHQoKQB1KCkAdigpAHcoKQB4KCkAeSgpAHooKQB7KCkAfCgp
207=AH0oKQB+KCkAfygoAAEgADEAwSUhKCkAIkkBBFg9AQQCACPIAQEFAgAkSAHNBSUoKQAmKC
208=kAJygpACgoKQApKCkAKkgB3W0rSQFiWC5FSizIAV1MLUkBOkAPSQEuSQE9SAFBBC9JAXCt
209=BTDIAUEEMUgBYFxBBDLIAVUCM8gBVQI0yAFVAjVIAWR2RVU2SQF9sQk3yAFBBDhIAd1XOU
210=gBXANxgjpIAd0VO0gBfINdCjzIAVkGPUgBeGlVAj7IAVUCP0gB1Q1ASAFsc0EEQcgBQQRC
211=SAHJF0PIAVUCREgBzQVFyAFVAkZIAckMR8gBVQJIyAFdCknIAVUCSsgBVQJLyAFVAkxIAd
212=0KTcgBVQJOSAHNEE/IAVUCUEgB1Q1RyAFVAlJIAXyDXQpTyAFVAlRJAUJENE1zVSgpAFZI
213=AXyDTQVXyAFNBVhIAd0rWUgB2UhaKCkAWygpAFwoKQBdKCkAXigpAF8oKQBgSQEddzUCAG
214=FIAZwKfIPXWgMAYyhVAGRIASd8EMMEAgBmVAKbBgIAZygpAGhIAX2DAX2DMWEMAJyDJykA
215=a0AEmwIGAGwoKQBtKCkAbigpAG8oKQBwKCkAcSgpAHIoKQBzKCkAdCgpAHUoKQB2KCkAdy
216=gpAHgoKQB5KCkAeigpAHsoKQB8KCkAfSgpAH4oKQB/KCkAgCgoAAIfADIAHmseAgAgSQEi
217=qQEhSAHZJyJIAXWGBnaGMgBpAQd1hjLljCVABM0FJigpACcoKQAoKCkAKSgpACpIAdVwK0
218=kBY6EPLMgBSXotSAF0hkkBLkgBYNVNUi9JAXGtBTDIAUEEMUkBerUCMsgBVQIzSQFatQI0
219=yAFVAjVJAX+1AjbIAVUCN0kByandOEkB0KkBOUgBaAVBDzpIAd0VO0gB1Q08yAFFCD1JAV
220=lzBQIAPsgBVQI/SQFbtQJAyAFVAkFIAc0FQsgBVQJDSAHNBUTIAVUCRUgB1RhGyAFVAkdI
221=Ac0FSMgBVQJJSAHdCkrIAVUCS0gBxQhMyAFVAk1IAcUITsgBVQJPSQFcvRVQSQGAqQFRyA
222=FBBFJJAWK1AlPIAVUCVEkBPlSGUYJVSQE7SAFJhVZIAXSGWSdXyAFNBVhIASfUECcZCVpU
223=AtlIWygpAFwoKQBdKCkAXigpAF8oKQBgSAEn1BDcCnSGJykAY0AEiwwDAGRIASfUEMAEdI
224=YnKQBnQASPBQIAaEkBU2QedYYyYAG0hicpAGtABJgCdIYnVQBtKFUAbigpAG8oKQBwKCkA
225=cSgpAHIoKQBzKCkAdCgpAHUoKQB2KCkAdygpAHgoKQB5KCkAeigpAHsoKQB8KCkAfSgpAH
226=4oKQB/KCkAgCgpAIEoKwAeADOjiAMAH0gBgYgDTYkzWAFTIgIAIVQCxSkiSQEFSENdQSPI
227=AV1BJEgBwQQlKCkAJigpACcoKQAoKCkAKSgpACpIAc1zK0gBbIlVTyzIAU1SLUgBbIlJAS
228=5IAWyJQQQvSAFsiUkBMMgBQQQxSAF0e1UCMsgBVQIzSAFsaFUCNMgBVQI1SAFsiVUCNsgB
229=VQI3SAHBXDhIAVQgItkhOSgpADpIAd0VO0gB1Q08yAFFCD1IAXx4XQo+yAFVAj9IAWR2VQ
230=JAyAFVAkFIAc0FQsgBVQJDSAHNBUTIAVUCRUgB1RhGyAFVAkdIAc0FSMgBVQJJSAHdCkrI
231=AVUCS0gBxQhMyAFVAk1IAcUITsgBVQJPSAFsiU08UEgBbIlJF1HIAUEEUkgBbIlVAlPIAV
232=UCVEgBcDVZBlVIAXiKQUZWSAFsiU0FV8gBTQVYSAHJLVlIAdlIWigpAFsoKQBcKCkAXSgp
233=AF4oKQBfKCkAYEgBJy0RM6jdbIknKQBjQASUDWyJJ60LZfQCbInMBSIEIicpAGhABGyJIw
234=UiM4RDIwQiJykAa0AEmAJsiSdVAG0oVQBuKCkAbygpAHAoKQBxKCkAcigpAHMoKQB0KCkA
235=dSgpAHYoKQB3KCkAeCgpAHkoKQB6KCkAeygpAHwoKQB9KCkAfigpAH8oKQCAKCkAgSgrAB
236=0ANKktBEiKJykAH1QCjLV5ijQoWBHDBAIAIkAEeIpJQyPIAUlDJEgBhzQCACUoKQAmKCkA
237=JygpACgoKQApKCkAKkgB2XQrSAF4ikFRLMgBWVMtSAFo3UkBLsgBQQQvSAF4ikkBMMgBQQ
238=QxSQFhZTsCTqc0AGgBVQIzVAJkCF0VNEkBPVCjVRg1SAHFCDbIAU0FN0gBzV04SAFsCUkM
239=OSgpADpIAd0VO0gB3RU8yAFFCD1IAWRrVQ0+SAHZoD/IAVUCQEkBQkwQXQpBSAFsBVkRQs
240=gBQQRDSAF8FVUCRMgBVQJFSAHZBkZIAWR2VQJHyAFNBUjIAVUCSUgBxQhKyAFVAktIAcUI
241=TEgBfCBVAk1IAXAJRQhOyAFVAk9IAWAEVQJQSAFwgl0VUcgBWRxSSAF8K1UCU8gBVQJUSA
242=FwCUkBVcgBQQRWSAHJLVfIAUEEWEgByS1ZSAHZSFooKQBbKCkAXCgpAF0oKQBeKCkAXygp
243=AGBJASRgNyJhMzRU5E8BAgBiVQIgRAFZEWMoKQBkSQEjtQJlSAHNEGYoKQBnKCkAaEkBVm
244=wFIokiNGABJIgiJykAa0AEmAJ4iidVAG0oVQBuKCkAbygpAHAoKQBxKCkAcigpAHMoKQB0
245=KCkAdSgpAHYoKQB3KCkAeCgpAHkoKQB6KCkAeygpAHwoKQB9KCkAfigpAH8oKQCAKCsAHA
246=A17YkdKCkAHigpAB9IASdZETUoWBHYBnqKNQB4iiO8RKgBI7xEJ4EAJUQI2TImKCkAJygp
247=ACgoKQApKCkAKkgB2XQrSAF4dElZLMgBQVwtSAFsc0FRLsgBSUMvSAFkVU0FMMgBTQUxSA
248=FsXVUCMsgBVQIzSAFoZEUINEgBcAlFCDVIAcUINsgBTQU3SAHNXThIAZdEAgA5KCkAOkgB
249=3RU7SAHdFTzIAUUIPUgBaAxVDT5IAWAPVQ0/yAFVAkBIAdV7QUgBeH9BBELIAUEEQ0gBcI
250=1VAkTIAVUCRUgB2QZGSAF8ClUCR0gBfHhNBUjIAVUCScgBVQJKyAFVAktIAcUITEgBeAZV
251=Ak1IAdUNTsgBVQJPSAFgBEUIUEgBeIpRKlHIAVkcUkgByS1TyAFVAlRIAXgGSQFVyAFZBl
252=ZIAcktV8gBQQRYSAHJLVlIAc1HWigpAFsoKQBcKCkAXSgpAF4oKQBfKCkAYCgpAGEoKQBi
253=KCkAYygpAGQoKQBlKCkAZkkBh0C/XSBnyAEBAgYAaEkBVWBCeYo1YAG4iicpAGtABJgCeI
254=onVQBtKFUAbigpAG8oKQBwKCkAcSgpAHIoKQBzKCkAdCgpAHUoKQB2KCkAdygpAHgoKQB5
255=KCkAeigpAHsoKQB8KCkAfSgpAH4oKQB/KCgAAhsANgAdfxwDABxIAWYBAARFAjaEAUkBHi
256=hVAB9IASdZETYoWRE2tJF5ijaYiiNARagBI0BFJ4EAJUQIyUMmKCkAJygpACgoKQApKCkA
257=KkgB2XQrSQF8bxMCACzIAUE7LUgBIsRQQVwuyAFVAi9IASLkVFUCMMgBVQIxSAEiYFRVAj
258=LIAVUCM0gBInRRVQI0yAFVAjVJAX61DTbIAVUCN0gBzV04SAF8A1kGOSgpADpIAd0VO0gB
259=3RU8yAFFCD1IAd0VPsgBVQI/SAHNEEDIAVUCQcgBSQxCyAFVAkNIASLcU1UCRMgBVQJFSA
260=HdCkbIAVUCR0gBzQVIyAFVAklIASLQV0UISkgBwQ9LyAFBBExIASIQVUEETcgBVQJOSAFk
261=jE1+T0gBfINRglBIAXiKTQVRyAFNBVJIAXiKVQJTyAFVAlRIAXgGSQFVyAFBBFZIAcUIV8
262=gBQQRYSAHJLVlIAc1HWigpAFsoKQBcKCkAXSgpAF4oKQBfKCkAYCgpAGEoKQBiKCkAY0kB
263=wiSlTGRJAbqpAWVJAcCpAWZIAXiKXeZnygEGBVqKNgB0AgEHBQBpVAKIQyKYZttpBgBrKF
264=UAbCgpAG0oKQBuKCkAbygpAHAoKQBxKCkAcigpAHMoKQB0KCkAdSgpAHYoKQB3KCkAeCgp
265=AHkoKQB6KCkAeygpAHwoKQB9KCkAfigrABoAN0SHTx4CABvoAXmKN7yDeIonKQAeQASVOQ
266=RdiDdMAFgGIhA0yAEibEXMBXmKNyNwVlVEI1kGBLG5JEgBhAgiEDQnrQAmKFUAJygpACgo
267=KQApKCkAKkgB2XQrSAF4dElZLMgBQVwtSAF4aVUCLsgBVQIvSAF4ilUCMMgBVQIxSAF4il
268=UCMsgBVQIzSAFka1UCNMgBVQI1SAF4ilUCNsgBVQI3SAHNXThIAUAiJG1FN4QBUR86VALd
269=FTtIAd0VPMgBRQg9SAHdFT7IAVUCP0gBzRBAyAFVAkHIAU0QQsgBVQJDSAFohVUCRMgBVQ
270=JFSAHdCkbIAVUCR0gBzQVIyAFVAklIAXiKUXdKSAHBD0vIAUEETEgBeIpJDE3IAVUCTkgB
271=eIpZBk9IAXyDRR5QSAFwgk0FUcgBTQVSSAF4ilUCU8gBVQJUSAF4BkkBVcgBQQRWSAHFCF
272=fIAUEEWEgByS1ZSAHZSFooKQBbKCkAXCgpAF0oKQBeKCkAX0oBvANTNAIAYMgBVRhhSAHd
273=CmIoKQBjSQHBoYhkSQG7qQFlSQGHVVoIIm1FN4CIAQkDAGfUAgoKBABoADcAhwEAAAsFEQ
274=AAkA4AIAQAaQA3AAAAQwAGAGooKQBrKCkAbCgpAG0oKQBuKCkAbygpAHAoKQBxKCkAcigp
275=AHMoKQB0KCkAdSgpAHYoKQB3SgH//4UTeCgpAHlIAUwCAgAABgB6KCkAeygpAHwoKQB9KC
276=gAAhkAOABCXAYBAQIAGkkBHUgBAQACABvrAQMAHEgBlw0EAB0oKQAeKCkAH0kBH3sGAwAg
277=6wECACFIAZsGAgAiSAEFBAEAAAICACPIAQEDAgAkSAHBBCUoKQAmKCkAJygpACgoKQApKC
278=kAKkoB0gJHDwIAK0kBzqkBLCgpAC0oKQAuKCkALygpADAoKQAxKCkAMigpADMoKQA0KCkA
279=NSgpADYoKQA3KCkAOEkB0bkROUgBSBRWHwA6SQHWtQI7SAHdFTwoKQA9KCkAPigpAD8oKQ
280=BAKCkAQSgpAEIoKQBDKCkARCgpAEUoKQBGKCkARygpAEgoKQBJKCkASigpAEtJAcmpF0xJ
281=AWFnGgIATcgBTUdOSQE6TDxBO09JAT5IAVk9UEkBca0FUcgBTQVSSQFitQJTyAFVAlRJAT
282=xYBkUIVUgBxQhWSQFyrQVXyAFNBVhJAcy5EVlIAdlIWigpAFsoKQBcKCkAXSgpAF4oKQBf
283=SgG8A0M0AgBgyAFNEGFJAbtUAlFhYsgBQQ9jSQHBoQ9kSQG7qQFlSQGISBdNBWbIAQEBAw
284=BnyAEBAgQAaMoBAwVZijh4GXl0alQCjwEGAGsoKQBsSQHVfwoGAG1IAcEEbigpAG8oKQBw
285=KCkAcSgpAHIoKQBzKCkAdCgpAHUoKQB2SAGbJwYAdygpAHgoKQB5SAHNEHooKQB7KCkAfC
286=goAAIYADkAQXMFBgAZyQEBeYo5RIdYAniKyAF5ijlIAkgAeIonKQAeWAZMAgIAAAQAH0gB
287=J1kROVgBXAJ6ijkAnBV6ijkAeYoEeIqpAQV4iieBACVECM0FJigpACcoKQAoKCkAKSgpAC
288=pIASdYEccTAgAsVAJEEFpEAC0oKQAuKCkALygpADAoKQAxKCkAMigpADMoKQA0KCkANSgp
289=ADYoKQA3KCkAOCgpADlIAc0bOigpADsoKQA8KCkAPSgpAD4oKQA/KCkAQCgpAEEoKQBCKC
290=kAQygpAEQoKQBFKCkARigpAEcoKQBIKCkASSgpAEooKQBLSAHJLUxJAWFALFWGTcgBVXBO
291=SQE9RGtZSE9IAXCCUWxQSAF4ik0FUcgBTQVSSAF4ilUCU8gBVQJUSAF4BkUIVUgBZIxFCF
292=ZIAXiKTQVXyAFNBVhIASdYEScZCVpUAsktWygpAFwoKQBdKCkAXigpAF9IAXiKWVNgyAFZ
293=U2FIAXiKQQ9iyAFBD2NIASdaETkAJ1oROQAnWBGpAQF4iqgBmIqoAZiKxFUitCInKQBrXA
294=pMKnGNbEgBiC17ijkAzaWMblQCwQRvKCkAcCgpAHEoKQByKCkAcygpAHQoKQB1KCkAdkgB
295=jCZ4iscpBgB4KFUAeUgBwQ96KCkAeygpABdZ5SVnBAUAGEkBQUkBAnmKOoSMTSYaVQIdVA
296=JVORvoAXmKOryDeIonKQAeQASYEXmKOqyJIrQiyAF4iswFeYo6mYoGeIqpAQd4iieBACXz
297=CQIAJigpACcoKQAoKCkAKSgpACpIAYAwIrciOgDLYDB4iicpAC1ABNUCLigpAC8oKQAwKC
298=kAMSgpADIoKQAzKCkANCgpADUoKQA2KCkAN0gBkUACXbc6fChpmzlUAoElAkABJ8UDO1AB
299=1QI8KCkAPSgpAD4oKQA/KCkAQCgpAEEoKQBCKCkAQygpAEQoKQBFKCkARigpAEcoKQBIKC
300=kASSgpAEooKQBLSAHJLUxJAWF0GyK2IjoAaAEBAQIATlUCPViKWUhPSAF8g0FyUEgBeIpF
301=SlHIAU0FUkgBeAZVAlPIAVUCVEgBeAZFCFVIAXiKRQhWSQFztQ1XyAFNBVhIASdYESdRBV
302=pUAtEqWygpAFwoKQBdKCkAXigpAF9IAXiKWVNgyAFZU2FIAXiKUY1iyAFRjWNIASdZEToo
303=WRE6KFgRqQEBeIqoAZiKqAGYishDeIonKQBrXQrXf1cGAGxIASNgKHqKOgDJAW5UApNLBg
304=BvSAFkIgEABgBwKCkAcSgpAHIoKQBzKCkAdCgpAHUoKQB2KCkAdygpAHgoKQB5KCkAeigr
305=ABYAO4gQTRAXSAGVLgZbijsAP3wCeIqoAVE1GkEEHXQCIrUiOyTgInmKOyhYEScpAB5MBZ
306=AJeYo7KFgRyAF4iswFe4o7AAdITllII1gGaAFVDSRIAYcIAgAlKCkAJigpACcoKQAoKCkA
307=KSgpACpIAc1dK0kBeakXLMgBSQwtSQFZtQIuyAFVAi9JAX+1AjDIAVUCMUkBerUCMsgBVQ
308=IzSAHFCDTIAVUCNUgBxQg2yAFVAjdIAc1dOEgBbAlFHjlIAdkcOigpADsoKQA8KCkAPSgp
309=AD4oKQA/KCkAQCgpAEEoKQBCKCkAQygpAEQoKQBFKCkARigpAEcoKQBIKCkASSgpAEooKQ
310=BLSAHJLUxJAWFQG01+TcgBRYFOSQFCrTxPKCkAUEkBca0FUcgBTQVSSAHFCFPIAVUCVEgB
311=Ihg1RSlVSAFkjFknVkkBc6UIV8gBTQVYSQHMd3ACAFlIAd0rWigpAFsoKQBcKCkAXSgpAF
312=4oKQBfKCkAYCgpAGEoKQBiKCkAY0gBJ1kROyhZETsoWBGpAQF4iqgBmIqoAZiKJ0EOalAJ
313=SBsiiSJrKCkAbEkB0mwbeYo7KFsROwDQtQJvQATZBnAoKQBxKCkAcigpAHMoKQB0KCkAdS
314=gpAHYoKQB3KCkAeCgpAHkoKwAVADycDk2JFigpABcoKQAYSAF4iiO1IjyEjFE1GlQCJ1kR
315=PChYEdAJIrQiJykAHkwFjAx5ijwoWBHIAXmKPLSReYo8mIpBUSNYBniKVQ0kSAHdQSUoKQ
316=AmKCkAJygpACgoKQApKCkAKkgBgDAityI8AHlcEUkMLFQCaAFJDC1IAXCCVQIuyAFVAi9J
317=AX+tBTDIAVUCMUkBerUCMsgBVQIzSAHFCDTIAVUCNUgBxQg2yAFVAjdIAc1dOEgBzRs5KC
318=kAOigpADsoKQA8KCkAPSgpAD4oKQA/KCkAQCgpAEEoKQBCKCkAQygpAEQoKQBFKCkARigp
319=AEcoKQBIKCkASSgpAEooKQBLSAHJLUxJAWNAJU1+TcgBRYFOSAFwgl0gT8gBVS5QSAFwgk
320=0FUcgBTQVSSQFipQhTyAFVAlRIAcUIVUgBeIpFCFZIAWCTRQhXyAFNBVhIAcktWUgByS1a
321=KCkAWygpAFwoKQBdKCkAXigpAF8oKQBgKCkAYSgpAGIoKQBjSAEnWRE8KFkRPChYEagBmI
322=qoAZiKqAGYisxoIrQiJykAa1wKZCJFdmxIAYgteYo87YluVALBBG8oKQBwKCkAcSgpAHIo
323=KQBzKCkAdCgpAHUoKQB2KCkAdygpAHgoKwAUAD2cDkUTFSgpABYoKQAXKCkAGEkBQXQFIr
324=UiPSMRNAEibUU9rIkitCLIASK0ItwKeIonKQAeRAhhCAB5ij0oWBHIAXmKPShZET2ZigQi
325=EDSpAQUiEDQngQAlUAnJQyYoKQAnKCkAKCgpACkoKQAqSAGAMHqKPQDFVSxUAmgBQRotSQ
326=E7SOhJAS7IAVlTL0kBcm8XAgAwyAFBBDFJAWG1AjLIAVUCM0kBPaUINMgBRQg1SAHFCDbI
327=AU0FN0gBzV04SAHBGjkoKQA6KCkAOygpADwoKQA9KCkAPigpAD8oKQBAKCkAQSgpAEIoKQ
328=BDKCkARCgpAEUoKQBGKCkARygpAEgoKQBJKCkASigpAEtIAcktTEgBeIpNfk3IAU2JTkgB
329=ZIFdIE9IAXyDQSVQSAF4ik0FUcgBTQVSSAFkNFUCU8gBVQJUSAHRNVVIAXAJRQhWSAF4ik
330=0FV8gBTQVYSAHJLVlIAcktWigpAFsoKQBcKCkAXSgpAF4oKQBfKCkAYEgBbEBBD2EoKQBi
331=SAHJDGNJAcUi0yACAGRIASdtRT2YikFcZlUCiEBGQVxnSQGJSAEBAAUAaMkBASLIVsxoeI
332=onKQBrQASADyITND0A2GgMeIongQBuKIEAbygpAHAoKQBxKCkAcigpAHMoKQB0KCkAdSgp
333=AHYoKQB3KCsAEwA+lBFNiRQoKQAVKCkAFigpABcoKQAYSQFBQAcjtSI+mIpRNRpVAh1UAl
334=EqG+gBeYo+vIN4iicpAB5ABIgteYo+KFgRyAF4iswFIrUiPpmKBniKqQEHeIongQAl8Aki
335=bEUnVQAnKFUAKCgpACkoKQAqSAHNXStIAcVVLMgBQRotSAFkVUkBLsgBWVMvSAFwgkkBMM
336=gBQQQxSAF4ilUCMsgBVQIzSQE9SEMBAQIANMgBVSM1SAHFCDbIAU0FN0gBzV04SAGXIwIA
337=OSgpADooKQA7KCkAPCgpAD0oKQA+KCkAPygpAEAoKQBBKCkAQigpAEMoKQBEKCkARSgpAE
338=YoKQBHKCkASCgpAEkoKQBKKCkAS0gByS1MSAFoLV0gTcgBVSNOSAFkgV0gT0gBeIpFKVBI
339=AXCCTQVRyAFNBVJIAWgtVQJTyAFVAlRIAdE1VUgBcAlFCFZIAWgtTQVXyAFNBVhIAcktWU
340=gByS1aKCkAWygpAFwoKQBdKCkAXigpAF8oKQBgSQENWD1VDWHIAVUNYkgByQxjKCkAZEkB
341=x3t/AgBlSAHBBGZIAXiKAQkCAGdIAXiKUWxoSQFTZ2sGAGlIAWQBRXZqKCkAaygpAGwoKQ
342=BtKCkAbigpAG8oKQBwKCkAcSgpAHIoKQBzKCkAdCgpAHUoKQB2KCkAEiPUMk8TBgATKCkA
343=FCgpABUoKQAWKCkAFygpABhJAUFACE0bGckBASK1Ij8otCLIAXmKPyhYEScpAB5YBoQpeY
344=o/KFgRyAF4iswFe4o/AAixNSNYBmgBVQ0kSAGECCJsRSetACYoVQAnKCkAKCgoAAQpAD8A
345=//8AEQAAsQ4AIAgAAAIAKgA/ANICAGgBAisAPwBkRAFVAizIAQEBAgAtSAEBPgEAAEkBLk
346=kBO0gBQQQvSQF0rQUwyAFBBDFIAcUIMsgBVQIzSQE9WAYBAwIANMgBAQICADVIAcUINsgB
347=TQU3SQHMuRE4SgH//08MAgA5KCkAOigpADsoKQA8KCkAPSgpAD4oKQA/KCkAQCgpAEEoKQ
348=BCKCkAQygpAEQoKQBFKCkARigpAEcoKQBIKCkASSgpAEooKQBLSAHJLUxJAWJrGwIATcgB
349=VSNOSAHJLU9IAWwmSS1QSQFxrQVRyAFNBVJJAWG1AlPIAVUCVEkBOkgtRSlVyAFFCFZJAX
350=KtBVfIAU0FWEgByS1ZSAHJLVooKQBbKCkAXCgpAF0oKQBeKCkAXygpAGBJAQ1MEEkMYcgB
351=AQQCAGLIAQEFAgBjSAHVDWQoKQBlKCkAZigpAGcoKQBoSQFTVBgBAQYAaUgBRAECAAAGAG
352=ooKQBrKCkAbCgpAG0oKQBuKCkAbygpAHAoKQBxKCkAcigpAHMoKQB0KCkAdSgrABEAQJQR
353=WRESKCkAEygpABQoKQAVKCkAFigpABcoKQAYSQFBWAkBAgYAGcgBRSkaSQEdVAIBAAIAG+
354=sBAwAcSAFwAgEABAAdKCkAHigpAB9JAR9nBAMAIOsBAgAhSAHBMCJJAQhQNUFyI8gBVQ0k
355=SAHBBCUoKQAmKCkAJygpACgoKQApKCkAKkgBzV0rSAFkVUkXLMkBAXqKQABsXVUNLlQCeI
356=pNEC9IAWRVTQUwyAFNBTFIAXRlVQIyyAFVAjNJAT1IF0kBNEgBeF5BBDVJAXNnHgIANsgB
357=QQQ3SAHNXThIAc0bOSgpADooKQA7KCkAPCgpAD0oKQA+KCkAPygpAEAoKQBBKCkAQigpAE
358=MoKQBEKCkARSgpAEYoKQBHKCkASCgpAEkoKQBKKCkAS0gByS1MSAHJLU3IAVEfTkgByS1P
359=SAFsJkktUEgBeIpNJlHIAU0FUkkBY7knU8gBVQJUSAF8K1E1VcgBRQhWSAHRNVfIAU0FWE
360=gByS1ZSAHJLVooKQBbKCkAXCgpAF0oKQBeKCkAXygpAGBIAXiKAQYCAGHJAQd6ikAAyQxj
361=VALJAWQoKQBlKCkAZigpAGcoKQBoSQFUZB55ikBgAbiKJykAa0AEmwIGAGwoKQBtKCkAbi
362=gpAG8oKQBwKCkAcSgpAHIoKQBzKCkAdCgrABAAQZANTYkRKCkAEigpABMoKQAUKCkAFSgp
363=ABYoKQAXKCkAGEgBiBp4imBUBQAAAQIAGgBBRIdADniKyAF5ikFIAkgAeIonKQAeTAVNAg
364=BRjR9IASdaEUEAiAF5ikHtMSJABHiKQb8jyAFBvyRIAcU0JSgpACYoKQAnKCkAKCgpACko
365=KQAqSAHNXStIAWxdQVEsyAFZUy1JATyxgi5IAXiKAQACAC9IAWRVTQUwyAFNBTFIAXiKVQ
366=IyyAFVAjNIAWhkSQE0SAF4XkEENUgBeIpJATbIAUEEN0gBzV04SAHNGzkoKQA6KCkAOygp
367=ADwoKQA9KCkAPigpAD8oKQBAKCkAQSgpAEIoKQBDKCkARCgpAEUoKQBGKCkARygpAEgoKQ
368=BJKCkASigpAEtIAcktTEgByS1NyAFRH05JAUJILV0rTygpAFBIAXiKQSVRyAFNBVJIAXiK
369=VQJTyAFVAlRIAWQ0AQECAFVIAWgtUQlWSAHRNVfIAU0FWEgByS1ZSAHJLVooKQBbKCkAXC
370=gpAF0oKQBeKCkAXygpAGBJAQe1GGHIAVkRYkgByQxjKCkAZCgpAGUoKQBmKCkAZygpAGhI
371=AXiKI7UiQZxmSXpqVAKPAQYAaygpAGwoKQBtKCkAbigpAG8oKQBwKCkAcSgpAHIoKQBzKC
372=sADwBCkA1BDxAoKQARKCkAEigpABMoKQAUKCkAFSgpABYoKQAXSAGXIwYAGEkBQFAMI7Qi
373=ct0AAFE1GlUCHVUCAHmKQqSMeIrYEXiKJykAHkwFaAWZikKsiSK0IsgBeYpCKFsRQgAGsT
374=UjWAZoAQEBAgAkSAGbEQIAJSgpACYoKQAnKCkAKCgpACkoKQAqSAHNXStIAWxdSRcsyAFJ
375=DC1IASdaEUIAcFZBBC9UAmRVSQEwyAFNBTFJAWJnGgIAMsgBVQIzSAF4BlUjNMkBAiISNE
376=IAeIpFCDZUAmgBTQU3SAHNXThIAc0bOSgpADooKQA7KCkAPCgpAD0oKQA+KCkAPygpAEAo
377=KQBBKCkAQigpAEMoKQBEKCkARSgpAEYoKQBHKCkASCgpAEkoKQBKKCkAS0gByS1MSAFwgl
378=EfTcgBUR9OSAFkgUElT0gBbCZBJVBIAXiKTQVRyAFNBVJIAdE1U8gBVQJUSAF4BkUIVUgB
379=cAlFCFZIAcUIV8gBTQVYSAHJLVlIAcktWigpAFsoKQBcKCkAXSgpAF4oKQBfKCkAYEgBeI
380=pBD2HIAVkRYkgByQxjKCkAZCgpAGUoKQBmKCkAZygpAGhIAXiKSXppSAF4TEkBaigpAGso
381=KQBsKCkAbSgpAG4oKQBvSAGbEQYAcCgpAHFIAd0KcigrAA4AQ5ACVQ0PKCkAECgpABEoKQ
382=ASKCkAEygpABQoKQAVSAHBDxYoKQAXKCkAGEkBQHwNIrQiIuAsJbUiQ6yJeIrIAXiKxBN4
383=iicpAB5ECGAImYpDKFgRyAF5ikMoWRFDmIpRNSNYBnmKA3iKJ4EAJVQCnxUCACYoKQAnKC
384=kAKCgpACkoKQAqSAHNXStIAWRVSQwsyAFJDC1IAXiKSQEuSAFwVkEEL0gBeIpJATDIAUEE
385=MUgBeIpVAjLIAVUCM0gBYFxJWTTJAQB5ikOYik0FNlQCeIpNBTdIAc1dOEgBwRo5KCkAOi
386=gpADsoKQA8KCkAPSgpAD4oKQA/KCkAQCgpAEEoKQBCKCkAQygpAEQoKQBFKCkARigpAEco
387=KQBIKCkASSgpAEooKQBLSAHJLUxIAXiKUR9NyAFRH05IAXwrQSVPSAF0LkElUEgBcIJNBV
388=HIAU0FUkgB0TVTyAFVAlRIAcUIVUgBxQhWSAHFCFfIAU0FWEgByS1ZSAHJLVooKQBbKCkA
389=XCgpAF0oKQBeKCkAXygpAGBIAXmKBCISNEMAaQEFIhA0J6UKY0AE1Q1kKCkAZSgpAGYoKQ
390=BnKCkAaEgBeIojtSJDnGZBfWpUAowBIrQiJ1UAbChVAG0oKQBuSAGDDwYAbygpAHAoKQBx
391=SAHTCQ0ARIQBSQwOKCkADygpABAoKQARKCkAEigpABMoKQAUSAHBDxUoKQAWKCkAFygpAB
392=hJAUBIDyO0IiIQPiW1IkQoWxFEACRBBAB7ikQAIKkBHVgGyQEeKCkAH0kBI6EEIEgBJxE0
393=RChaEUQAbIkBBAIAI0AEaAFRNSRIAZwVIrQiJ60AJihVACcoKQAoKCkAKSgpACpIAc1dK0
394=gBcIIBAAIALMgBQVwtSAEiwD9JAS5JAT0kxSQvSAFkVU0FMMgBQQQxSAHFCDLIAVUCM0gB
395=zV00SAFwCVkGNUgBYJNJATbIAU0FN0gBzV04SAHNGzkoKQA6KCkAOygpADwoKQA9KCkAPi
396=gpAD8oKQBAKCkAQSgpAEIoKQBDKCkARCgpAEUoKQBGKCkARygpAEgoKQBJKCkASigpAEtI
397=AcktTEgBcIJRH03IAVEfTkgBYCUBAwIAT0gBcIJNiVBIAcktUcgBTQVSSAHJLVPIAVUCVE
398=gBxQhVSAHFCFZIAXi2VQ1XyAFNBVhIAcktWUgByS1aKCkAWygpAFwoKQBdKCkAXigpAF8o
399=KQBgSAFsiSNtRUSYiiNsRSd5CmNABNUNZCgpAGUoKQBmKCkAZygpAGhJAVZoZCJtRURgAS
400=RsRScpAGtABJgCImxFJ1UAbShVAG4oKQBvKCkAcCgrAAwARYAITYkNKCkADigpAA8oKQAQ
401=KCkAESgpABIoKQATKCkAFEgBhx4GABUoKQAWKCkAFygpABhJAUJ0ECK0IiKKLAAAUTUaVA
402=KMiSK3IkUAKGMEAgAcVAKdCgNNjkWrhQMAHihVAB9JASetBSBIAYSMIrQizwUCACJUAmyJ
403=UTUjyAFRNSRIAZwKeIonrQAmKFUAJygpACgoKQApKCkAKkgBzV0rSAFlVQJ6ikUAaAFBXC
404=1UAmSBSQEuSAF4ikEEL0gBbF1JATDIAUEEMUgBeAZVAjLIAVUCM0gBzV00SAFwCUEENUgB
405=eIpJATbIAU0FN0gBzV04SAHNGzkoKQA6KCkAOygpADwoKQA9KCkAPigpAD8oKQBAKCkAQS
406=gpAEIoKQBDKCkARCgpAEUoKQBGKCkARygpAEgoKQBJKCkASigpAEtIAcktTEgBeIpRH03I
407=AVEfTkgBfCtZSE9IAWwmRYFQSAHJLVHIAU0FUkgByS1TyAFVAlRIAXwrRQhVSAHFCFZIAX
408=iKVQ1XyAFNBVhIAcktWUgByS1aKCkAWygpAFwoKQBdKCkAXigpAF8oKQBgSAFkVUkXYcgB
409=WRFiSAHJDGMoKQBkKCkAZSgpAGYoKQBnKCkAaEkBVWhkeIon+Q9qVAJwAkWBaygpAGwoKQ
410=BtKCkAbigpAG8oKwALAEaACEUIDCgpAA0oKQAOKCkADygpABAoKQARKCkAEigpABMoKQAU
411=KCkAFSgpABYoKQAXKCkAGEkBQWASeIoiFE/Zika0hnmKRlCIRAR4itQCeIonKQAeRAiLLQ
412=MAH0gBJYkiIEgBlAJ4iswFe4pGAAQkpSAjQARpAQEiEDQngQAlVALZBiYoKQAnKCkAKCgp
413=ACkoKQAqSAHNXStIAWxdXUEsyAFJDC1IAWRVQVEuSAEiNDNZUy9IAWRVTQUwyAFNBTFIAS
414=JsL1UCMsgBVQIzSAFkCEkBNEgBzV01SAF4ik0FNsgBQQQ3SAHNXThIAcEaOSgpADooKQA7
415=KCkAPCgpAD0oKQA+KCkAPygpAEAoKQBBKCkAQigpAEMoKQBEKCkARSgpAEYoKQBHKCkASC
416=gpAEkoKQBKKCkAS0gByS1MSAHJLU3IAVEfTkgBCD0BAAADAgBPAEYAEQAAWA4AIAo7AQAA
417=AgIAUABGAHIAQwACAFHIAQEBAgBSSQFiUAIBAAIAU8gBVQJUSQE+WAYBAwIAVUgBxQhWSA
418=HFCFfIAU0FWEoBzAJLCAIAWUoB//+JAVooKQBbKCkAXCgpAF0oKQBeKCkAXygpAGBJAQZM
419=EAECAgBhyAFZEWJIAckMYygpAGQoKQBlKCkAZigpAGcoKQBoSQFVTBQBAQYAaUgBRAECAA
420=AGAGooKQBrKCkAbCgpAG0oKQBuKCsACgBHgAhFCAsoKQAMKCkADSgpAA4oKQAPKCkAECgp
421=ABEoKQASKCkAEygpABQoKQAVKCkAFigpABcoKQAYSQFBTBMBAgYAGcgBWScaSAHZJxtJAR
422=1ABEU/HEgBlwIDAB0oKQAeKCkAH0kBH60FIEgBjwUCACEoKQAiSQEEsTUjyAFVDSRIAc0F
423=JSgpACYoKQAnKCkAKCgpACkoKQAqSQHSsUsrSQFhTBBdQSzIAUkMLUgBZFUBAQIALkkBOk
424=wQQRovSQFzrQUwyAFNBTFJAWO1AjLIAVUCM0gBeAZFCDRJATylCDVIAWxdVQ02yAFNBTdI
425=Ac1dOEgBzRs5KCkAOigpADsoKQA8KCkAPSgpAD4oKQA/KCkAQCgpAEEoKQBCKCkAQygpAE
426=QoKQBFKCkARigpAEcoKQBIKCkASSgpAEooKQBLSAHJLUxIAcktTcgBUR9OSQFCtSNPKCkA
427=UEgBwSVRyAFNBVJJAWKpLVPIAVUCVEkBPUQISS1VSAF4ilE1VkgBxQhXyAFNBVhIAcktWU
428=gByS1aKCkAWygpAFwoKQBdKCkAXigpAF8oKQBgSAF5igR6ikcAaAEBBQIAYlQCyQxjKCkA
429=ZCgpAGUoKQBmKCkAZygpAGhIAXiKRYFpSAFMH7iKJ30QayhVAGwoKQBtKCsACQBIlAZFCA
430=ooKQALKCkADCgpAA0oKQAOKCkADygpABAoKQARKCkAEigpABMoKQAUKCkAFSgpABYoKQAX
431=KCkAGEkBQXgUeopIAGgBAQECABpUAtknG0kBHWMEAgAcSAFlAQB4is8bAwAeKFUAH0gBJ1
432=oRSADFCCFUAskBIkgBeIpRNSPIAVE1JEgBwQQlKCkAJigpACcoKQAoKCkAKSgpACpIAc1d
433=K0gBbF1BUSzIAUEaLUgBeFNJAS5IAdGCL0gBeIpNBTDIAUEEMUgBbF1VAjLIAVUCM0gBxQ
434=g0SAHFCDVIAWxdTQU2yAFNBTdIAc1dOEgBzRs5KCkAOigpADsoKQA8KCkAPSgpAD4oKQA/
435=KCkAQCgpAEEoKQBCKCkAQygpAEQoKQBFKCkARigpAEcoKQBIKCkASSgpAEooKQBLSAHJLU
436=xJAWRjQgIATcgBUR9OSQE9UIJNfk9IAWAlUa5QSQF0rQVRyAFNBVJIAcUIU8gBVQJUSAFk
437=CEkBVUgBcLldK1ZIAcUIV8gBQQRYSAHJLVlIAcktWigpAFsoKQBcKCkAXSgpAF4oKQBfKC
438=kAYEgBbYkGeYpImYoHeIonVQtjQATVDWQoKQBlKCkAZigpAGcoKQBoSAF4iiO0IsxoIrQi
439=JykAa0AEfCRVhmwoKwAIAEmQAlUCCSgpAAooKQALKCkADCgpAA0oKQAOKCkADygpABAoKQ
440=ARKCkAEigpABMoKQAUKCkAFSgpABYoKQAXKCkAGEkBQUQWI7UiSZiKXUEaVALNJhtJAR1A
441=BEE7HEgBlAJ5ikm0hniKJykAH0AEJ1gR1AIitCInKQAiQAR4ilE1I8gBUTUkSAGfCgIAJS
442=gpACYoKQAnKCkAKCgpACkoKQAqSAHNXStIAXiKSVksyAFBGi1IAXCCSQEuSAHNXS9IAXiK
443=TQUwyAFBBDFIAXiKVQIyyAFVAjNIAcUINEgBxQg1SAF4ik0FNsgBTQU3SAHNXThIAc0bOS
444=gpADooKQA7KCkAPCgpAD0oKQA+KCkAPygpAEAoKQBBKCkAQigpAEMoKQBEKCkARSgpAEYo
445=KQBHKCkASCgpAEkoKQBKKCkAS0gByS1MSQF7qUNNyAEBAQIATkkBabUCT8gBVQJQSQF+tQ
446=JRyAFVAlJIAcUIU8gBVQJUSAHFCFXIAVUCVkkBfaUIV8gBVQJYSAHJLVlIAcktWigpAFso
447=KQBcKCkAXSgpAF4oKQBfKCkAYEkBCFCjWV5hyAFVDWJIAckMYygpAGQoKQBlKCkAZigpAG
448=coKQBoSQFUdBgiEDQnqRBqVAKfCgYAa0gBfANDiAcASoQBSQEIKCkACSgpAAooKQALKCkA
449=DCgpAA0oKQAOKCkADygpABAoKQARKCkAEigpABMoKQAUKCkAFSgpABYoKQAXKCkAGEkBP3
450=AXIrYiSgBoAVknGlQCmxwCABtIASdZEUrtiR1UAoAEeIonVQAfVAInWBHUAniKJykAIkAE
451=eIpRNSPIAVUNJEgBkAl4iietACYoVQAnKCkAKCgpACkoKQAqSAHNXStIAXCCSQwsyAFJDC
452=1IAXTeSQEuSAEiPDRBBC9IAXCCSQEwyAFBBDFIAWCTVQIyyAFVAjNIAXgGSQE0SAFwCUEE
453=NUgBYJNJATbIAUEEN0gBzV04SAHNGzkoKQA6KCkAOygpADwoKQA9KCkAPigpAD8oKQBAKC
454=kAQSgpAEIoKQBDKCkARCgpAEUoKQBGKCkARygpAEgoKQBJKCkASigpAEtIAcktTEgBcIJN
455=qk3IAU2qTkgBcIJVAk/IAVUCUEgBeIpVAlHIAVUCUkgBxQhTyAFVAlRIAcUIVcgBVQJWSA
456=F4ikUIV8gBVQJYSAHJLVlIAWRZTTFaKCkAW0gBwTBcKCkAXSgpAF4oKQBfKCkAYEgBeIpV
457=DWHIAVUNYkgB0QljKCkAZCgpAGUoKQBmKCkAZygpAGhIAXiKI7QiJ9UQalQCiRcGSYhLhA
458=FCAQcAJykACCgpAAkoKQAKKCkACygpAAwoKQANKCkADigpAA8oKQAQKCkAESgpABIoKQAT
459=KCkAFCgpABUoKQAWKCkAFygpABhJAYNUslkcGcgBRSkaSAHZJxtIASdZEUsoWBEnKQAeQA
460=SPBQMAH0gBJ1gRwAR4iicpACJABHiKSQwjyAFRNSRIAYQIeIonrQAmKFUAJygpACgoKQAp
461=KCkAKkgBzV0rSAF4ikkMLMgBSQwtSAFkgUkBLkgBfINBBC9IAXiKSQEwyAFBBDFIAXiKVQ
462=IyyAFVAjNIAXgGSQE0SAFwCUEENUgBeIpJATbIAUEEN0gBzV04SAHNGzkoKQA6KCkAOygp
463=ADwoKQA9KCkAPigpAD8oKQBAKCkAQSgpAEIoKQBDKCkARCgpAEUoKQBGKCkARygpAEgoKQ
464=BJKCkASigpAEtJAdYkGUtMSQHOqQFNKCkATigpAE8oKQBQKCkAUSgpAFIoKQBTKCkAVCgp
465=AFUoKQBWKCkAVygpAFhJAdCtEFlIAYdyAgBaKCkAW0gBwTBcKCkAXSgpAF4oKQBfKCkAYE
466=gBeYoEIhI0SwBpAQUiEDQneQpjQATdCmQoKQBlKCkAZigpAGcoKQBoSAEiETQAIrQiJ9cQ
467=BQBMhBdVAgYoKQAHKCkACCgpAAkoKQAKKCkACygpAAwoKQANKCkADigpAA8oKQAQKCkAES
468=gpABIoKQATKCkAFEkB02stBgAVSQHLqQEWSQHNqQEXSAFsiQEEBQAYyAEBBQUAGckBBiJv
469=RUwAyGwFIrciTAAkbB4ib0VMACCpAR1MBckBHigpAB9JASOhBCBIAdUuISgpACJJAQRQmF
470=E1I8gBUTUkSAHNBSUoKQAmKCkAJygpACgoKQApKCkAKkgBJ1oRTAB4ik3WLFQCaAEBAQIA
471=LUgBItwyTX4uSAEiNDNFgS9IAXiKTQUwyAFNBTFIAXgGVQIyyAFVAjNIAWQISQE0SAFkCE
472=EENUkBcaUeNsgBQQQ3SAEnWRFMq7ECADlUAtkcOigpADsoKQA8KCkAPSgpAD4oKQA/KCkA
473=QCgpAEEoKQBCKCkAQygpAEQoKQBFKCkARigpAEcoKQBIKCkASSgpAEooKQBLSAFgHlEfTC
474=gpAE0oKQBOKCkATygpAFAoKQBRKCkAUigpAFMoKQBUKCkAVSgpAFYoKQBXKCkAWCgpAFko
475=KQBaKCkAW0gB1S5cKCkAXSgpAF4oKQBfKCkAYEkBBURVWRxhyAFBO2JIAdEJYygpAGQoKQ
476=BlKCkAZigpAGcoKQBoSAF4ilv4BABNgClNiQUoKQAGKCkABygpAAgoKQAJKCkACigpAAso
477=KQAMKCkADSgpAA4oKQAPKCkAECgpABEoKQASKCkAE0gBzYkUSQHJcIJ6ik0AyQEWVAKPXQ
478=YAF0gBeYoIeopNAGoBCQRYiqgBAQoDABrBBAt7ik0AxHAJeYpN6WQdQATdKx4oKQAfKCkA
479=ICgpACEoKQAiSAF4ikWXI8gBI2xFJ10BJVQC3QomKCkAJygpACgoKQApKCkAKkgBJ1kRTZ
480=iKVYYsVAJ8g02JLUgBZIFJQy5IASLYIUFGL0gBeIpNBTDIAU0FMUgBeAZVAjLIAVUCM0gB
481=eIpJATRIAXAJQQQ1SAF4ikkBNsgBQQQ3SQHJrSY4SAGcunqKTQDJATooVQA7KCkAPCgpAD
482=0oKQA+KCkAPygpAEAoKQBBKCkAQigpAEMoKQBEKCkARSgpAEYoKQBHKCkASCgpAEkoKQBK
483=SQHPoRpLSAHVGEwoKQBNKCkATigpAE8oKQBQKCkAUSgpAFIoKQBTKCkAVCgpAFUoKQBWKC
484=kAVygpAFhIAZPlAgBZSAGcdCK0Isd2AgBbVALFSlwoKQBdKCkAXigpAF8oKQBgSAF4ikE7
485=YcgBQTtiSAHRCWMoKQBkKCkAZSgpAGYoKQBnKCsAAwBOjBRNiQQoKQAFKCkABigpAAcoKQ
486=AIKCkACSgpAAooKQALKCkADCgpAA0oKQAOKCgACQ8ATgAAAAAAAAYAEBEAACgPACABAE4A
487=AGMABgARKCkAEkoB0wJbAgYAE0kByakBFCgpABUoKQAWSQHMoQQXSgGCAVsGBQAYyAEBAQ
488=QAGcgBAQIDABrIAQEDAgAbSQHDewYCABxKAf//WwYCAB0oKQAeKCkAHygpACAoKQAhKCkA
489=IkkBCGMPAgAjyAEBAQIAJEgB3QolKCkAJigpACcoKQAoKCkAKSgpACpJAdKxFCtJAWNMFA
490=EAAgAsyAFJDC1JATxAD0kBLkkBPUgBQQQvSQFyrQUwyAFBBDFJAWG1AjLIAVUCM0kBO1gG
491=SQE0SQE+SAFFCDVJAXitBTbIAUEEN0kBWrUCOMgBVQI5yAFZBjrIAVUCO0kBW60FPMgBVQ
492=I9yAFNBT7IAVUCP0gB3QpAyAFVAkFIAcUIQsgBVQJDSAHNBUTIAVUCRcgBXQpGyAFVAkdJ
493=AYCtEEjIAVUCSUgBg0YCAEpIAXwDWQZLSAHJLUxJAXl7AgIATcgBWQZOSAHBD0/IAVUCUE
494=gByQxRyAFVAlJIAcUIU8gBVQJUSAHFCFXIAVUCVkkBf7UNV8gBVQJYSAHRFFlIAXwDURRa
495=KCkAW0gB0UtcKCkAXSgpAF4oKQBfKCkAYEkBBUw8AQQCAGHIAQEFAgBiSAHRCWMoKQBkKC
496=kAZSgpAGYoKwACAE+AEwEABgADKCkABCgpAAUoKQAGKCkABygpAAgoKQAJKCkACigpAAso
497=KQAMKCkADSgpAA4oKQAPKCkAECgpABEoKQASSQHWeGl6ik8AJ1gRJykAFUAE1QIWSAGDMA
498=YAF0gBeYoEeopPAGoBBQVYiqoBBgJbik8AwnwKe4pPALupARxYBtEqHSgpAB4oKQAfKCkA
499=ICgpACEoKQAiSAF5igJ6ik8AaAFFlyRUAt0KJSgpACYoKQAnKCkAKCgpACkoKQAqSAHNXS
500=tIAXiKSQwsyAFJDC1IAXiKSQEuSAF4ikEEL0gBeIpJATDIAUEEMUgBeIpVAjLIAVUCM0gB
501=eIpJATRIAXiKQQQ1SAF4ikkBNsgBQQQ3SAF8YlUCOMgBVQI5yAFVAjrIAVUCO0gBcIJVAj
502=zIAVUCPcgBVQI+yAFVAj9IAd0KQMgBVQJBSAHFCELIAVUCQ0gBzQVEyAFVAkXIAV0KRsgB
503=VQJHSAFsflUCSMgBVQJJSAGARniK32ICAEtUAsktTEgBcIJZBk3IAVkGTkgBwQ9PyAFVAl
504=BIAckMUcgBVQJSSAHFCFPIAVUCVEgBxQhVyAFVAlZIAXiKVQ1XyAFVAlhIAdEUWUgB2Uha
505=KCkAWygpAFwoKQBdKCkAXigpAF8oKQBgSAF4ilFhYckBB3qKTwDJDGNUAskBZCgpAGUoKw
506=ABAFDtiQIoKQADKCkABCgpAAUoKQAGKCkABygpAAgoKQAJKCkACigpAAsoKQAMKCkADSgp
507=AA4oKQAPKCkAECgpABEoKQASKCkAE0gBmz0GABRIAc2JFSgpABZIAYAweIonxQMYVQKDVr
508=IBBlqKUABoAV02GlUCwa2JG0gBJ1kRUPEqHVQC0SoeKCkAHygpACAoKQAhKCkAIkgBbIlN
509=wCPIAU3AJEgB0QklKCkAJigpACcoKQAoKCkAKSgpACpIAZMfAgArSAFwgk3WLMgBUdotSA
510=FsiUkBLkgBZIxBBC9IAXiKSQEwyAFBBDFIAWCTVQIyyAFVAjNJATpAJUlZNMgBQSU1yAFV
511=AjZJAUJABFkGN0gByZA4SAHJkDlIAXQCWQY6yAFZBjtIAcEEPMgBVQI9SAF8FU0FPsgBVQ
512=I/SAFoF1UCQMgBVQJBSAFsBUkBQkgBcBRBBEMoKQBEyAFBBEVIAcUIRsgBVQJHSQFxb2AC
513=AEjIAUUeSUgBgEZ4isBGeopQAMktTEAEyS1NyAFZBk5IAWAaXQpPSAHFHlBIAckMUcgBTQ
514=VSSQFioQ9TyAFVAlRIAXgGRQhVSAFsG0EaVkkBc60FV8gBTQVYSAHRFFlIAdlIWigpAFso
515=KQBcKCkAXSgpAF4oKQBfKCkAYEkBBLU5YcgBVQ1iSAHJDGMoKQBkKCsAAgBRaRQAI1wiJy
516=kABChVAAUoKQAGKCkABygpAAgoKQAJKCkACigpAAsoKQAMKCkADSgpAA4oKQAPKCkAECgp
517=ABEoKQASKCkAE0gBgDthiFEmiSIVVALNiRZIAYgtYYhRiIUjXCKoASNcIqgBSbEaTQXF4Y
518=hRKF0iUSgAEScpAB5MBdEqHygpACBJAe9vKQIAIcgBQTAiSQG0tQIjyAFVAiRIAcUIJSgp
519=ACYoKQAnKCkAKCgpACkoKQAqSAGQH2KIUQB0WklOLFQCaAFBUS1IAWBRSQEuSAHNaC9IAW
520=CITQUwyAFBBDFIAWCIVQIyyAFVAjNIAXRaXRU0SAFwCUmFNcgBVQI2SQFCqU43SAHNBThI
521=AWh6TQU5SAFgD0kBOsgBWQY7yAFVAjzIAVUCPUgB2QY+yAFVAj9IAcUIQMgBVQJBSAFkdk
522=kBQkgBYA9RCUMoKQBEyAFBBEVIAd0KRsgBVQJHSAF0e0UeSMgBRR5JSAGARmCI0GFhiFEo
523=ABEnqQVNTAXJLU5IAWgMXQpPyAFZEVBIAckMUcgBSQxSSQFiXEFBD1PIAVUCVEgBfCtFCF
524=VIAXAJRQhWSAFgiE0FV8gBTQVYSAHRFFlIAdlIWigpAFsoKQBcKCkAXSgpAF4oKQBfKCkA
525=YEgBYIhVDWHIAVUNYkgByQxjKCsAAwBSTBhLAAYABCgpAAUoKQAGKCkABygpAAgoKQAJKC
526=kACigpAAsoKQAMKCkADSgpAA4oKQAPKCkAECgpABEoKQASKCkAE0gBlGVphVIoqBAnKQAW
527=QASQKmmFUomFCCIIM6kBCSJkRKkBCiJkRKkBCyIKM1IAJ2VEUiioECcpAB5cCtknHygpAC
528=BIAWiFSS0hyAFJLSJIAWiFVQIjyAFVAiRIAcUIJSgpACYoKQAnKCkAKCgpACkoKQAqSAGQ
529=H2mFUoiFUUssVAJ8V0lOLUgBaE5VDS5IAWRrTRAvSAF8V00FMMgBTQUxSQF8QD9VAjLIAV
530=UCM0kBarUCNMgBVQI1yAFNBTbIAVUCN8gBVQI4yAFVAjnIAVUCOsgBVQI7yAFVAjzIAVUC
531=PUkBabUNPsgBVQI/SAHNEEDIAVUCQUkBa60FQsgBVQJDSAHFCETIAVUCRUgBzQVGyAFVAk
532=dJAX6lCEjIAVUCSUgBgEZohdBhaYVSKKsQUgB7uQZNTAVoAVkGTkgByQxPyAFVAlBIAckM
533=UcgBVQJSSAFohVEfU8gBVQJUSAEnqhBSAHw2QQRWVALRNVfIAU0FWEgB0RRZSAHZSFooKQ
534=BbKCkAXCgpAF0oKQBeKCkAXygpAGBIAWqFBAJWSVIAaAEBBQIAYlQCywwEAFNoHyJVIQUo
535=KQAGKCkABygpAAgoKQAJKCkACigpAAsoKQAMKCkADSgpAA4oKQAPKCkAECgpABEoKQASKC
536=kAE0gBJYlDFEkByXf/BgAVKCkAFkgBmCdxglMjMUMAcIKpAQFwgqkBAnCCqAFNaBtZBsdw
537=CSK5VFMoUBAnKQAeQATBJR8oKQAgKCkAISgpACIoKQAjKCkAJCgpACUoKQAmKCkAJygpAC
538=goKQApKCkAKkgBJ1EQU1o4AABNfixUAnCCVRgtSAFg61lILkgB3UwvSAF8TE0FMMgBTQUx
539=SAFwglUCMsgBVQIzSAFgclUCNMgBVQI1yAFVAjbIAVUCN8gBVQI4yAFVAjnIAVUCOsgBVQ
540=I7yAFVAjzIAVUCPUgBaHpVAj7IAVUCP0gBzRBAyAFVAkFIAXRwTQVCyAFVAkNIAcUIRMgB
541=VQJFSAHNBUbIAVUCR0gBZHZFCEjIAVUCSUgBmEhzglMAy7FASyhVAExIAWSBWQZNyAFZBk
542=5IAckMT8gBVQJQSAHJDFHIAVUCUkkBYkxrRQhTyAFVAlRIAXCCSQFVSAFwNUEEVkgB0TVX
543=yAFBBFhIAZdaAgBZSAHBUVooKQBbKCkAXCgpAF0oKQBeKCkAXygpAGBIAWWBBnGCU5KCBw
544=JdZVRUFUgAAQYABgAnKQAHKCkACCgpAAkoKQAKKCkACygpAAwoKQANKCkADigpAA8oKQAQ
545=KCkAESgpABIoKQATKCkAFEgBkGF5f1QmeSAWVAKAJXl/VJh/I/gwqAEj+DCoAUUeGk0FyL
546=k9G0oBvwNEHnp/VABoAU1oHVQCyS0eKCkAHygpACAoKQAhKCkAIigpACMoKQAkKCkAJSgp
547=ACYoKQAnKCkAKCgpACkoKQAqSAGEHiJOIFQAIvAvVcgsVAJoAV0VLUkBQiRtLy4oKQAvSQ
548=F3SBtNBTDIAU0FMUgBIphQVQIyyAFVAjPIAVUCNMgBVQI1SQFZpQg2yAFVAjdIAcUIOMgB
549=VQI5SAEitE5FCDrIAVUCO0gBxQg8yAFVAj3IAU0FPsgBVQI/yAFVAkDIAVUCQUgB3QpCyA
550=FVAkPIAU0FRMgBVQJFSAHVDUbIAVUCR0kBXLUYSEkBgKkBScgBQQRKSAHFgUtJAc6pQ0xI
551=AdUCTUkBerkGTsgBWQZPSAHFE1DIAVUCUUgB1Q1SSQFguQZTyAFBBFRIAc21VUgBJcE0Vk
552=gBIqw3QRpXyAFNBVhIAZRaeX9U9dNaVALZU1soKQBcKCkAXSgpAF4oKQBfKCkAYCgrAAYA
553=VWgUdf8HKCkACCgpAAkoKQAKKCkACygpAAwoKQANKCkADigpAA8oKQAQKCkAESgpABIoKQ
554=ATKCkAFEgByf4VSAGbMgYAFkkB0GQ0YH0n6QIYVAIi/WIJIqFRVZl/CiL9YlXtJhtABHR7
555=Ra0cyAFZqx1JAbu5fx7IAVUuH0gB3SsgKCkAISgpACIoKQAjKCkAJCgpACUoKQAmKCkAJy
556=gpACgoKQApKCkAKkgBJ6EPVYB9XRUsVAJgfV0VLUgBzUcuSAEi8C9BRi9IAWB9TQUwyAFN
557=BTFIAXh0VQIyyAFVAjPIAVUCNMgBVQI1SAFgZ1UCNsgBVQI3SAHFCDjIAVUCOUgBeF5NBT
558=rIAVUCO0gBxQg8yAFVAj3IAU0FPsgBVQI/yAFVAkDIAVUCQUgB3QpCyAFVAkPIAU0FRMgB
559=VQJFSAHVDUbIAVUCR0gBaG9JOEhIAWB9WQZJyAFBBEpIAdlpS0gBn14CAExIAdUuTUgBYH
560=1ZBk7IAVkGT0gBxRNQyAFVAlFIAdUNUkgBYH0JAgIAUwBVAGAAAAADEQAAlw0AIAsCAFQA
561=VQA7AQAAAwIAVUQABTwBAAACAgBWSgFyAIkBV8gBQQRYSgHMAnoCAFlKAf//iQFaKCkAWy
562=gpAFwoKQBdKCkAXigpAF8oKQAHXA1ICQIAAAYACCgpAAkoKQAKKCkACygpAAwoKQANKCkA
563=DigpAA8oKQAQKCkAESgpABIoKQATKCkAFCgpABUoKQAWKCkAFygpABhJAUJvFwYAGcgBAQ
564=ECABpIAdUjG0gBBb8DAAAEAgAcyAEBBQIAHUkBu1QCAQICAB7IAQEDAgAfSAHZBiAoKQAh
565=KCkAIigpACMoKQAkKCkAJSgpACYoKQAnKCkAKCgpACkoKQAqSQHSoTsrSQFjYxoCACzIAQ
566=EBAgAtSQE7SENRFC5JAT5IAUkXLygpADDIAUEEMUkBOqEEMsgBVQIzKCkANEgBxQg1SAHJ
567=TjbIAU0FN0kBPaUIOMgBVQI5SAF8CkkBOkgBwQQ7yAFVAjzIAUUTPcgBVQI+SQFCUAkBAA
568=IAP0gBeAZVAkDIAU0FQUgBwQRCSAF4HFUCQ8gBTQVEyAFVAkXIAVUCRsgBVQJHSAF8CkkB
569=SEkBc7knScgBWSdKSAHBZ0tIAXwDWRFMSAHVLk1JAWF7AgIATsgBWQZPSAHBJVDIAUEPUS
570=gpAFJIAcEPU0gBdCNNEFTIAU0FVUgBwQRWSAFoekEPV8gBSQxYSAHFE1lIAdVPWigpAFso
571=KQBcKCkAXSgpAF4oKwAIAFdsGH14CSgpAAooKQALKCkADCgpAA0oKQAOKCkADygpABAoKQ
572=ARKCkAEigpABMoKQAUKCkAFSgpABYoKQAXKCkAGEkBQmQWcndXAGgBSSIaVALdIBtIAXF3
573=BnJ3VwBpAQdyd1cAcXcEcHepAQVyd1cA2QYgWAbJASEoKQAiKCkAIygpACQoKQAlKCkAJi
574=gpACcoKQAoKCkAKSgpACpIAdlIK0kBY0EaAnJ3VwBoAVFALVQCaENNGy7IAVFAL0gBaENJ
575=ATDIAUEEMUgBZGBVAjLIAVUCM0gBYFFJATRIAcEENUgBcHdNBTbIAUEEN0gBwQQ4yAFVAj
576=lIAXQNSQE6yAFZBjvIAVUCPMgBVQI9yAFVAj5IAc1zP0gB1RhAyAFNBUFIAcEEQkgBYARV
577=AkPIAUUIREgB0RRFyAFVAkbIAU0FR0gB3RVISAFwd1knScgBWSdKSAHJZEtIAVgrXuIATE
578=gB1S5NSAFwd1kGTsgBWQZPSAFkHkkMUMgBQQ9RSAF0DUkBUkgB3RVTSAF8K00FVMgBQQRV
579=SAHJF1ZIAXB3SQxXyAFJDFhIAcUTWUgByU5aKCkAWygpAFwoKQBdKCsACQBYnBlF7wooKQ
580=ALKCkADCgpAA0oKQAOKCkADygpABAoKQARKCkAEigpABMoKQAUKCkAFSgpABYoKQAXKCkA
581=GEkBQHgUenRYAGgBVSMaVALFHhtIAW1zCHl0WJl0CXl0WOFyHkAEzQUfKCkAICgpACEoKQ
582=AiKCkAIygpACQoKQAlKCkAJigpACcoKQAoKCkAKSgpACpIAcFGK0kBe2AaenRYAGgBQRot
583=VQJqtQIuyAFVAi9JAWm1AjDIAVUCMcgBAQACADLIAVUCM8gBVQI0yAFVAjVJAWulCDbIAV
584=UCN0gB1Q04yAFVAjlIAc0FOsgBVQI7yAFdCjzIAVUCPcgBVQI+yAFVAj9IAd0VQMgBVQJB
585=SAHVDULIAVUCQ8gBRQhEyAFVAkXIAVUCRsgBVQJHSQFstRhISQF9qQFJyAFBBEpIAdFhS0
586=gBfANFCExIAdUuTUkBfHgCbuxYAGgBWQZPVALdFVDIAVUCUcgBRQhSyAFVAlNIAdUYVMgB
587=VQJVSAHFE1ZIAcUTV8gBQQRYSAHFE1lIAcFRWigpAFsoKQBcKCsACgBZdBV16QsoKQAMKC
588=kADSgpAA4oKQAPKCkAECgpABEoKQASKCkAEygpABQoKQAVKCkAFigpABcoKQAYSQFATRMC
589=YXJZgHJVkRpUAs0bGygpABwoKQAdKCkAHigpAB8oKQAgKCkAISgpACIoKQAjKCkAJCgpAC
590=UoKQAmKCkAJygpACgoKQApKCkAKkgByUMrSAF0cFmrLMgBQRotSAF4PVUCLsgBVQIvSAFg
591=RlUCMMgBVQIxyAFVAjLIAVUCM8gBVQI0yAFVAjVIAXBsVQI2yAFVAjdIAdUNOMgBVQI5SA
592=HNBTrIAVUCO8gBRQg8yAFVAj3IAVUCPsgBVQI/SAHdFUDIAVUCQUgB1Q1CyAFVAkPIAUUI
593=RMgBVQJFyAFVAkbIAVUCR0gBeF5BXEhIAXheQQRJyAFBBEpIAdleS0gBX0UAAAJe5lkA1S
594=5NVAJ0cFkGTsgBWQZPSAHdFVDIAVUCUcgBTQVSyAFVAlNIAdUYVMgBVQJVSAHFE1ZIAcUT
595=V8gBQQRYSAHFE1lIAdFWWigpAFsoKwALAFqEF0XkDCgpAA1IAZsGBgAOSAGHBAYADygpAB
596=AoKQARKCkAEigpABMoKQAUKCkAFSgpABYoKQAXKCkAGEkBQngNaW9aKMkqWundG0AEhBNs
597=4SdVAB0oVQAeKCkAHygpACAoKQAhKCkAIigpACMoKQAkKCkAJSgpACYoKQAnKCkAKCgpAC
598=koKQAqSQHWJr85WgDOqQEsVALJAS0oKQAuKCkALygpADAoKQAxKCkAMigpADMoKQA0KCkA
599=NSgpADYoKQA3KCkAOCgpADkoKQA6KCkAOygpADwoKQA9KCkAPigpAD8oKQBAKCkAQSgpAE
600=IoKQBDKCkARCgpAEUoKQBGKCkARygpAEgoKQBJKCkASkkB0LEqS0gBfEWKb1oA1S5NVALJ
601=LU4oKQBPKCkAUCgpAFEoKQBSKCkAUygpAFQoKQBVKCkAVigpAFcoKQBYSAHFE1lIAcVVWi
602=grAAwAW5gVXW0NSAGABHBsJ1UAD1QChwQGABAoKQARKCkAEigpABMoKQAUKCkAFSgpABYo
603=KQAXKCkAGEkBP2wMcmxbAGgBVZwaVAKbEQIAGygpABwoKQAdKCkAHigpAB8oKQAgKCkAIS
604=gpACIoKQAjKCkAJCgpACUoKQAmKCkAJygpACgoKQApKCkAKigpACsoKQAsKCkALSgpAC4o
605=KQAvKCkAMCgpADEoKQAyKCkAMygpADQoKQA1KCkANigpADcoKQA4KCkAOSgpADooKQA7KC
606=kAPCgpAD0oKQA+KCkAPygpAEAoKQBBKCkAQigpAEMoKQBEKCkARSgpAEYoKQBHKCkASCgp
607=AEkoKQBKSAFwREVrSygpAEwoKQBNKCkATigpAE9IAdlIUCgpAFEoKQBSKCkAUygpAFQoKQ
608=BVKCkAVigpAFcoKQBYKCkAWSgrAA0AXLDEeWlchBdRbA9UAowBeGknVQARKFUAEigpABMo
609=KQAUKCkAFSgpABYoKQAXKCkAGEgBbGgjuShcmGlR8BpUAt0gGygpABwoKQAdKCkAHigpAB
610=8oKQAgKCkAISgpACIoKQAjKCkAJCgpACUoKQAmKCkAJygpACgoKQApKCkAKigpACsoKQAs
611=KCkALSgpAC4oKQAvKCkAMCgpADEoKQAyKCkAMygpADQoKQA1KCkANigpADcoKQA4KCkAOS
612=gpADooKQA7KCkAPCgpAD0oKQA+KCkAPygpAEAoKQBBKCkAQigpAEMoKQBEKCkARSgpAEYo
613=KQBHKCkASCgpAEkoKQBKSAGDUQIASygpAEwoKQBNKCkATigpAE9IAdlIUCgpAFEoKQBSKC
614=kAUygpAFQoKQBVKCkAVigpAFcoKQBYKCsADgBd7WgPSAGcFWFnXYQBWWkRKFUAEigpABMo
615=KQAUKCkAFSgpABYoKQAXKCkAGEgBJ7EnXSiwJ8wQfNAnKQAcTAXdIB0oKQAeKCkAHygpAC
616=AoKQAhKCkAIigpACMoKQAkKCkAJSgpACYoKQAnKCkAKCgpACkoKQAqKCkAKygpACwoKQAt
617=KCkALigpAC8oKQAwKCkAMSgpADIoKQAzKCkANCgpADUoKQA2KCkANygpADgoKQA5KCkAOi
618=gpADsoKQA8KCkAPSgpAD4oKQA/KCkAQCgpAEEoKQBCKCkAQygpAEQoKQBFKCkARigpAEco
619=KQBIKCkASSgpAEpIAZhPYGfAUSKcNScpAE0ogQBOKCkAT0gBwUZQKCkAUSgpAFIoKQBTKC
620=kAVCgpAFUoKQBWKCkAVygrAA8AXvVlEEgBkxQGABEoKQASKCkAEygpABQoKQAVKCkAFigp
621=ABcoKQAYSAEniQxeKIgMwA9oZCcpABxMBcUeHSgpAB4oKQAfKCkAICgpACEoKQAiKCkAIy
622=gpACQoKQAlKCkAJigpACcoKQAoKCkAKSgpACooKQArKCkALCgpAC0oKQAuKCkALygpADAo
623=KQAxKCkAMigpADMoKQA0KCkANSgpADYoKQA3KCkAOCgpADkoKQA6KCkAOygpADwoKQA9KC
624=kAPigpAD8oKQBAKCkAQSgpAEIoKQBDKCkARCgpAEUoKQBGKCkARygpAEgoKQBJKCkASigp
625=AEsoKQBMKCkATSgpAE4oKQBPKCkAUCgpAFEoKQBSKCkAUygpAFQoKQBVKCkAVigrABAAX/
626=1iEUgB3WISKCkAEygpABQoKQAVKCkAFigpABcoKQAYSAEioCVd0BnIASPcMtQNcGEnKAAD
627=HABfAP//EQAArQ0AIAgAAAACAB0AXwD//4oBHgAnKQAfKCkAICgpACEoKQAiKCkAIygpAC
628=QoKQAlKCkAJigpACcoKQAoKCkAKSgpACooKQArKCkALCgpAC0oKQAuKCkALygpADAoKQAx
629=KCkAMigpADMoKQA0KCkANSgpADYoKQA3KCkAOCgpADkoKQA6KCkAOygpADwoKQA9KCkAPi
630=gpAD8oKQBAKCkAQSgpAEIoKQBDKCkARCgpAEUoKQBGKCkARygpAEgoKQBJKCkASigpAEso
631=KQBMKCkATSgpAE4oKQBPKCkAUCgpAFEoKQBSKCkAUygpAFQoKQBVKCsAEQBgXE1LAAYAEi
632=gpABMoKQAUKCkAFSgpABYoKQAXKCkAGEkBP0wJAQIGABnIAQEDAgAaSAHVWhsoKQAcKCkA
633=HSgpAB4oKQAfKCkAICgpACEoKQAiKCkAIygpACQoKQAlKCkAJigpACcoKQAoKCkAKSgpAC
634=ooKQArKCkALCgpAC0oKQAuKCkALygpADAoKQAxKCkAMigpADMoKQA0KCkANSgpADZJAeJE
635=KQEBAgA3SAHZJzgoKQA5KCkAOigpADsoKQA8KCkAPSgpAD4oKQA/KCkAQCgpAEEoKQBCKC
636=kAQygpAEQoKQBFKCkARigpAEcoKQBIKCkASSgpAEooKQBLKCkATCgpAE0oKQBOKCkATygp
637=AFAoKQBRKCkAUigpAFMoKQBUKCsAEgBhu6sGABNIAVgrAgAABgAUKCkAFSgpABYoKQAXKC
638=kAGEkBQHwGYlxhAGgBRTQaVQIhdwICABtJAR6pARwoKQAdKCkAHigpAB8oKQAgKCkAISgp
639=ACIoKQAjKCkAJCgpACUoKQAmKCkAJygpACgoKQApKCkAKigpACsoKQAsKCkALUkBIrUYLk
640=gB1U8vKCkAMCgpADEoKQAyKCkAMygpADQoKQA1SAF0WgECAgA2yAFdgzdIAckMOEoBvQNH
641=DwIAOcgBXSs6yAFZBjvIAVkGPEgB2QY9KCkAPigpAD8oKQBAKCkAQSgpAEIoKQBDKCkARC
642=gpAEUoKQBGKCkARygpAEgoKQBJKCkASigpAEsoKQBMKCkATSgpAE4oKQBPKCkAUCgpAFEo
643=KQBSKCkAUygrABMAYkAmSABoWScpABUoVQAWKCkAFygpABhIAXxXjbViiFlRKhpVAh1NCQ
644=BqWWIAl1oDABxUApdaAwAdKCkAHigpAB8oKQAgKCkAISgpACIoKQAjKCkAJCgpACUoKQAm
645=KCkAJygpACgoKQApKCkAKigpACsoKQAsSAGfVwMALUkBJqEaLkgBlxgCAC8oKQAwKCkAMS
646=gpADIoKQAzKCkANEgBnwoCADVIAWlZBGpZYgBpAQVttWKnjAIAOEAEaFlBBDnIAUEEOsgB
647=AQYCADvIAQEHAgA8SQHwsRQ9yAFZXj5JAeO1Aj/IAVUCQMgBUWFByAFdNkJJAeStBUPIAU
648=0FRMgBTQVFyAFNBUZJAeatBUfIAU0FSMgBTQVJyAFNBUpIAc0QS8gBTQVMyAFNBU3IAU0F
649=TkgBzRBPyAFNBVDIAU0FUcgBTQVSSAHTdxQAY3ARabEVKCkAFigpABcoKQAYSAEigCFZth
650=nIAUkMGkgBJ9EKY0hUXAlxVmOtMQREAicpAB5MBVgDAgAABAAfSAGPEAQAICgpACFIAcEE
651=IkgBwQQjSAHVAiQoKQAlSAHBBCZIAcEEJ0gB1QIoSAHVAikoKQAqSAHBBCsoKQAsSQEfcA
652=VwVt8VAwAuVAKNBQNQVsMlAwAwKFUAMUgBdAYBAAMAMkgBzQUzKCkANEgBnApxVmOEVVVP
653=NlQCjAVwVtQNcFYnKQA5QQS6qbE6yAFJLTvIAVU5PEgBcFZJAT3IAUE7PkgBYEZZXj/IAV
654=leQMgBQQ9ByAFZXkJIAWBGTQVDyAFNBUTIAU0FRcgBTQVGSAFwVk0FR8gBTQVIyAFNBUnI
655=AU0FSkgBzRBLyAFNBUzIAU0FTcgBTQVOSAHNEE/IAU0FUMgBTQVRyAFPBRUAZIQtVU8WKC
656=kAFygpABhIAXhTjqpkAGgBSSIaVAIneQpkUFFQCHlTZCh4CicpAB5MBVgDuFMnVQAgVAKR
657=NQREss8QBAAiKFUAI0gB2QYkKCkAJUgB2QYmSAHBBCdIAdUCKEgB1QIpKCkAKkgBwQQrKC
658=kALEgBmEh4U8QTeFMnKQAvQASQCXhTJ1UAMShVADJIAZ8KAwAzKCkANEgBnAp4U9gGbKon
659=KQA3QASYBnhTJ1UAOVQCeFNdKzrIAUlDO8gBSTg8SAHZBj0oKQA+KCkAPygpAEAoKQBBKC
660=kAQigpAEMoKQBEKCkARSgpAEYoKQBHKCkASCgpAEkoKQBKKCkASygpAEwoKQBNKCkATigp
661=AE8oKQBQKCsAFgBlkC5NUhcoKQAYSQFAfAIinSplkPtRdxpUAichCmUoIQplKCAKJykAHk
662=wFYAicpCdVACBUApAqYFHAD2BRJ4EAI0AE2QYkKCkAJUgB2QYmSAHBBCdIAdUCKEgB1QIp
663=KCkAKkgBwQQrKCkALEgBgEZgUcAPYFEnKQAvQASQCWBRJ1UAMShVADJIAZwKYFEngQA0VA
664=KcCmBRAWUAxgJMCGNRZQC6qQE3QATJATgoKQA5KCkAOigpADsoKQA8KCkAPSgpAD5JAby9
665=Cj9IAZkRAkA12xECAEEoVQBCKCkAQygpAEQoKQBFKCkARigpAEcoKQBIKCkASSgpAEooKQ
666=BLKCkATCgpAE0oKQBOKCkATygrABcAZlQkSwAGABhIAWhOjZ9mRhkAAE1zGlQCJ8sJZgAk
667=SAVB1RxVAiCpAR0oKQAeKCkAHygpACAoKQAhKCkAIigpACMoKQAkKCkAJSgpACYoKQAnKC
668=kAKCgpACkoKQAqKCkAKygpACxJASO9FS1JASdpAQJK82YAlBgiPCknKQAwQATVAjEoKQAy
669=KCkAMygpADRIAZwKaU5mtHBrTmYAxalDN0EEvakBOCgpADkoKQA6KCkAOygpADwoKQA9KC
670=kAPigpAD9IAdVPQEgB1U9BKCkAQigpAEMoKQBEKCkARSgpAEYoKQBHKCkASCgpAEkoKQBK
671=KCkASygpAEwoKQBNKCkATigoAAIYAGcAQnQufJmoAZ2ZZ6RKIrEyZ+0xHEwFwTAdKCkAHi
672=gpAB8oKQAgKCkAISgpACIoKQAjKCkAJCgpACUoKQAmKCkAJygpACgoKQApKCkAKigpACso
673=KQAsKCkALUgB3UEuSAHZMi8oKQAwKCkAMSgpADIoKQAzKCkANCgpADUoKQA2KCkAN0gBAY
674=QBAABFKTjJAQIi3z1nAIVUAgEAAgA6VALJATsoKQA8KCkAPSgpAD7IAVEJP0kBx7FWQEgB
675=1RhBKCkAQigpAEMoKQBEKCkARSgpAEYoKQBHKCkASCgpAEkoKQBKKCkASygpAEwoKQBNKC
676=sAGQBo/W0aKCkAGygpABwoKQAdKCkAHigpAB8oKQAgKCkAISgpACIoKQAjKCkAJCgpACUo
677=KQAmKCkAJygpACgoKQApKCkAKigpACsoKQAsKCkALSgpAC4oKQAvKCkAMCgpADEoKQAyKC
678=kAMygpADQoKQA1KCkANkgBbEdJvDfJAQQifiZoAHQCAQUDADlUAm5HAwNZSGiESkkBOyhV
679=ADwoKQA9KCkAPsgBUQk/yQEFeOInsQZBVALFSkIoKQBDKCkARCgpAEUoKQBGKCkARygpAE
680=goKQBJKCkASigpAEsoKQBMKCgAARoAaQDNEBsoKQAcKCkAHSgpAB4oKQAfKCkAICgpACEo
681=KQAiKCkAIygpACQoKQAlKCkAJigpACcoKQAoKCkAKSgpACooKQArKCkALCgpAC0oKQAuKC
682=kALygpADAoKQAxKCkAMigpADMoKQA0KCkANSgpADZIAWhDAQYGADfIAQEHBQA4ygEIBEFG
683=aZZEBgRARicpADtABHhIVQI8KCkAPSgpAD5JAYZ7lQUAP8gBAQEGAEBIAcU0QSgpAEIoKQ
684=BDKCkARCgpAEUoKQBGKCkARygpAEgoKQBJKCkASigpAEsoKAACGwBqAEmt1hzIAUUTHUkB
685=SrUCHkgBwQQfyAFBBCBIAcEEIUkBSK0FIsgBQQQjygEABlLfagBgBFUCJShVACbIAVUCJ8
686=gBTQUoyAFVAilIAckMKkgBZAhBBCvIAUEELEgBwQQtSQFHrRAuyAFBBC9IAckXMMgBVQIx
687=SAHNBTLIAVUCM0gBzQU0yAFVAjVIAc0FNsgBVQI3SAF1RAppQ2qOiQsFSUNqikMJBUhDJy
688=kAO0wFaENVAjwoKQA9KCkAPkgBaUMCakNqAHQNSQxAVAJoAUUeQcgBVQJCSAHRFEPIAVUC
689=REgBzQVFyAFVAkbIAUUIR8gBVQJISAHNJklIAdEJSsgBQwQcAGt8KCKdSx0oKQAeKCkAHy
690=gpACAoKQAhKCkAIigpACMoKQAkKCkAJSgpACYoKQAnKCkAKCgpACkoKQAqKCkAKygpACwo
691=KQAtKCkALigpAC8oKQAwKCkAMSgpADIoKQAzKCkANEgBj3MGADUoKQA2KCkANygpADhIAZ
692=EmBlBAJ/kEOihVADsoKQA8KCkAPSgpAD4oKQA/KCkAQCgpAEEoKQBCKCkAQygpAEQoKQBF
693=KCkARigpAEcoKQBIKCkASUgB2xwdAGyQGEFGHigoAAsfAGwAAAAAAAAGACAAbBEAAGcImh
694=UJAAAAAAAABgAhAGwAgwAGACIoKQAjKCkAJCgpACUoKQAmKCkAJygpACgoKQApKCkAKigp
695=ACsoKQAsKCkALSgpAC4oKQAvKCkAMCgpADEoKQAyKCkAMygpADQoKQA1SgH//1cbBgA2KC
696=kANygpADhIAVgDAgAABgA5SgHTAlMBBgA6SQHLqQE7KCkAPCgpAD1JAc2hBD5IAVAGZQg/
697=KCkAQCgpAEEoKQBCKCkAQygpAEQoKQBFKCkARigpAEcoKQBISAHDGh4AbZwOSRcfKCkAIC
698=gpACEoKQAiKCkAIygpACQoKQAlKCkAJigpACcoKQAoKCkAKSgpACooKQArKCkALCgpAC0o
699=KQAuKCkALygpADAoKQAxKCkAMigpADMoKQA0KCkANUgB3SA2KCkANygpADhIAZgjYzttAN
700=KxNTpVAsmpATsoKQA8KCkAPUkBzKEEPkgBxQg/KCkAQCgpAEEoKQBCKCkAQygpAEQoKQBF
701=KCkARigpAEdIAdcYHwBukA1VOSBIAdUCIUgBmAJscyeBACMoVQAkKCkAJSgpACYoKQAnKC
702=kAKCgpACkoKQAqKCkAKygpACwoKQAtKCkALigpAC8oKQAwKCkAMSgpADIoKQAzKCkANCgp
703=ADUoKQA2KCkANygpADgoKQA5SQHWuTI6SQHOqQE7KCkAPCgpAD1JAdChBD5IAdknPygpAE
704=AoKQBBKCkAQigpAEMoKQBEKCkARSgpAEYoKAABIABvACexBm+QDUk4IlQCjwEGACMoKQAk
705=KCkAJSgpACYoKQAnKCkAKCgpACkoKQAqKCkAKygpACwoKQAtKCkALigpAC8oKQAwKCkAMS
706=gpADIoKQAzKCkANCgpADUoKQA2KCkANygpADgoKQA5KCkAOigpADsoKQA8KCkAPSgpAD4o
707=KQA/KCkAQCgpAEEoKQBCKCkAQygpAEQoKQBFKCsAIQBwiDGYMicpACMoVQAkKCkAJSgpAC
708=YoKQAnKCkAKCgpACkoKQAqKCkAKygpACwoKQAtKCkALigpAC8oKQAwKCkAMSgpADIoKQAz
709=KCkANCgpADUoKQA2KCkANygpADgoKQA5KCkAOigpADsoKQA8KCkAPSgpAD4oKQA/KCkAQE
710=gB2V5BKCkAQkgBjy0GAEMoKQBEKCsAIgBxnANNMSMoKQAkKCkAJSgpACYoKQAnKCkAKCgp
711=ACkoKQAqKCkAKygpACwoKQAtKCkALigpAC8oKQAwKCkAMSgpADIoKQAzKCkANCgpADUoKQ
712=A2KCkANygpADgoKQA5KCkAOigpADsoKQA8KCkAPSgpAD4oKQA/SAHVLkAoKQBBKCkAQkgB
713=gCxgMCmpBXKQAlYuJAAnKQAlKCkAJigpACcoKQAoKCkAKSgpACooKQArKCkALCgpAC0oKQ
714=AuKCkALygpADAoKQAxKCkAMigpADMoKQA0KCkANSgpADYoKQA3KCkAOCgpADkoKQA6KCkA
715=OygpADwoKQA9KCkAPigpAD9IASepBXLpvEEoVQBCSAGUKgIGACQAc4QBXSslKCkAJkgBxQ
716=gnKCkAKEgBkwUGACkoKQAqKCkAKygpACwoKQAtKCkALigpAC8oKQAwKCkAMSgpADIoKQAz
717=KCkANCgpADUoKQA2KCkANygpADgoKQA5KCkAOigpADsoKQA8KCkAPSgpAD4oKQA/KCkAQC
718=gpAEEoKwAlAHTpLSYoKQAnKCkAKEgBJ/kEdIQBVS4qKFUAKygpACwoKQAtKCkALigpAC8o
719=KQAwKCkAMSgpADIoKQAzKCkANCgpADUoKQA2KCkANygpADgoKQA5KCkAOigpADsoKQA8KC
720=kAPSgpAD4oKQA/KCkAQCgrACYAde0mJygpAChIAZgjfUx1hAGAJScpACsogQAsKCkALSgp
721=AC4oKQAvKCkAMCgpADEoKQAyKCkAMygpADQoKQA1KCkANigpADcoKQA4KCkAOSgpADooKQ
722=A7KCkAPCgpAD0oKQA+KCkAPygrACcAdvEfKCgpACkoKQAqKCkAKygpACwoKQAtKCkALigp
723=AC8oKQAwKCkAMSgpADIoKQAzKCkANCgpADUoKQA2KCkANygpADgoKQA5KCkAOigpADsoKQ
724=A8KCkAPSgpAD4oKwAoAHf9ICkoKQAqKCkAKygpACwoKQAtKCkALigpAC8oKQAwKCkAMSgp
725=ADIoKQAzKCkANCgpADUoKQA2KCkANygpADgoKQA5KCkAOigpADsoKQA8KCkAPSgrACkAeO
726=UeKigpACsoKQAsKCkALSgpAC4oKQAvKCkAMCgpADEoKQAyKCkAMygpADQoKQA1KCkANigp
727=ADcoKQA4KCkAOSgpADooKQA7KCkAPCgrACoAee0bKygpACwoKQAtKCkALigpAC8oKQAwKC
728=kAMSgpADIoKQAzKCkANCgpADUoKQA2KCkANygpADgoKQA5KCkAOigpADsoKwArAHr1GCwo
729=KQAtKCkALigpAC8oKQAwKCkAMSgpADIoKQAzKCkANCgpADUoKQA2KCkANygpADgoKQA5KC
730=kAOigrACwAe/0VLSgpAC4oKQAvKCkAMCgpADEoKQAyKCkAMygpADQoKQA1KCkANigpADco
731=KQA4KCkAOSgrAC0AfOUTLigpAC8oKQAwKCkAMSgpADIoKQAzKCkANCgpADUoKQA2KCkANy
732=gpADgoKwAuAH3tEC8oKQAwKCkAMSgpADIoKQAzKCkANCgpADUoKQA2KCkANygrAC8AfvUN
733=MCgpADEoKQAySAEl+SUzKCkANEgBnwYGADUoKQA2KCsAMAB/nAMBAAYAMUgBxQgyKCkAMy
734=gpADRIAZAFcAkp2QCA/vEyACcpADMoKQA0SAHbBjIAgYQBVA0IMwCBAAAAAAAABgARAAA=

[Lighting]
Red=1.000000
Blue=1.000000
Green=1.000000
Level=0.032000
Ground=0.000000
IonRed=1.000000
Ambient=1.000000
IonBlue=1.000000
IonGreen=1.000000
IonLevel=0.032000
IonGround=0.000000
IonAmbient=1.000000
DominatorRed=0.850000
DominatorBlue=0.300000
DominatorGreen=0.200000
DominatorLevel=0.000000
DominatorGround=0.000000
DominatorAmbient=1.500000
DominatorAmbientChangeRate=0.009000

[Map]
Size=0,0,80,50
Theater=SNOW
LocalSize=2,4,76,44

[Neutral]
IQ=0
Edge=North
Color=Grey
Allies=Neutral
Country=Neutral
Credits=0
NodeCount=0
TechLevel=1
PercentBuilt=0
PlayerControl=no

[Nod]
IQ=0
Edge=North
Color=Gold
Allies=Nod
Country=Nod
Credits=0
NodeCount=0
TechLevel=1
PercentBuilt=0
PlayerControl=no

[OverlayDataPack]
1=BQAAIP4AIACAJQAAIP5MGgCHBgoKDg4KCP75AQCFBQAABw3++wEAhQEAAAMJ/q8BAIBvAA
2=Ag/isMAIEG/jEAB4EE/swBAIIHCv4xAAuBB//+AV8M/8wBXA7xKRD/ywFcEIQGCgoI/i0A
3=B4EIEjD/ygFdEoMICwju+BX/ygFbFIEEA87tXRaBB//LAVoW8VkYUDSDAgoM//0BZBiDAA
4=AF/5wDZBqAsgAAIP4lAACBB/4DAAuBB/4vAABQNIMGDg/+wQEA+SUAgwMLDf/9AWQAgwAA
5=Bf//AWQCgQH//wFkBP7CAQD/EwYlCIEE/hIAB4EE/+wBTA4QE/4PAAvLKRL/5AFZEIIKCP
6=4EAAeCCAr/+AFFEogIBggAAAIMCP/4AUUUggcFwWMGgQVGDP/0AUsWgQP/+wFAGIQKCAQF
7=G/SCBQY4BP/wAUsahQgGCgsGGgKDCgoOGAT/tQFLHIDhAAAg/iUAAIEH/gMAC4EHzhcAgg
8=cFMBqFCgYAAAUQEN0YAP65AQDUJQCBATAaEBv/9QFHAEAa//kBQwKBBP/+AT0EgQj/4AE8
9=AoMGCgjaHwj/4AE8Bgvg/xwCHwpeAP/ZAUMMgwcODNofDowHCgwGCAcICgcGCg3/1QFIDo
10=ILCdsfDoIBBQYDggAIEAn/9QFIDIIDBQwDgwAGBgAJ/9QBSBIR3dwgEv4FAAACB//1AUcG
11=gwMKC/4GAAqECwoJCP/vAUkWhQQHBwYE/goAA4QEBgcHGAz/6QFPGP9VAAQc/3MDjRqAXQ
12=AAIP4lAACBB/4DAAuBB/4vAADxJQD+mAEA/wQSJQCBCP4vAACBCP/PAVoSggoI/i0AB4II
13=Cv/PAVoU/jQAC///AV0WggoG//4BXhjtKRT+mQEAgQT+NgAHgQT+owEAgCUAACD+LQYAhQ
14=QAAAYM/vsBAIUFAAAHDf77AQCHAwoKCwsKCP7MFQCABQAAIP4AIACABQAAIP4AIACABQAA
15=IP4AIACABQAAIP4AIACABQAAIP4AIACABQAAIP4AIACABQAAIP4AIACABQAAIP4AIACABQ
16=AAIP4AIACABQAAIP4AIACABQAAIP4AIACABQAAIP4AIACABQAAIP4AIACABQAAIP4AIACA
17=BQAAIP4AIACABQAAIP4AIACABQAAIP4AIACABQAAIP4AIACABQAAIP4AIACABQAAIP4AIA
18=CABQAAIP4AIACABQAAIP4AIACABQAAIP4AIACABQAAIP4AIACABQAAIP4AIACA

[OverlayPack]
1=BQAAIP4AIP+AGgAAIP5MGv/+BwAA//oBUxgSA//8AVEY/7MBTRyAWwAAIP4rDP/+MwBw//
2=8BXwr/zAFdDP41AHD//wFfDv/KAV0Q/jcAcP/MAV4S8fgT/8wBYBL+AwD/ga7+CQD/cArP
3=MBgwC//UAVkW8fkZ/gMAAP/9AWQYAgL/nANkGoBwAAAg/iUA//4FAHD+LgD/ga5QNP4DAA
4=D+wQH/McyBrvD4Af/MAV8A9fcD/wAEYwL+wgH//xMGJQj+FAAe/98BTA7KKwL/8wE4EP8A
5=AisQ0CsUwWICggAA//sBRBQR9P/5BUMW/gMAAEgGMAnSTAD+nwH/gKIAACD+JQD//gUAcP
6=4OAP/+BAAegQAwB4UeHv//ADAH2xoA/rkB//8GAiUAga7NLAJAB//oA0MA//EBKwb+AwAA
7=2h8IAfH/3gE/CP8AAh0I/x8CHQj+AwAA/gYAHkAJ/gwA/4Gu/+QBWQ4AAiALEAn/9AFJDP
8=8CAj0SMAz/1wFFFN4cCP4LAAD/9AFIFv4QAB7/7AFMGP9VAAQc/6sBjQL/yAE4HIBGAAAg
9=/iUA//4FAHD+LwD/8SUA/pgB//8zCCUAga7/0gdZAoGu/wcCLA7JKxLOKxJgEf/RAVkS/j
10=QAcP//BV4U/sgB///bASUcgBgAACD+LQb/gQAAAwAE//oDNAT+BgAA/swV/4AFAAAg/gAg
11=/4AFAAAg/gAg/4AFAAAg/gAg/4AFAAAg/gAg/4AFAAAg/gAg/4AFAAAg/gAg/4AFAAAg/g
12=Ag/4AFAAAg/gAg/4AFAAAg/gAg/4AFAAAg/gAg/4AFAAAg/gAg/4AFAAAg/gAg/4AFAAAg
13=/gAg/4AFAAAg/gAg/4AFAAAg/gAg/4AFAAAg/gAg/4AFAAAg/gAg/4AFAAAg/gAg/4AFAA
14=Ag/gAg/4AFAAAg/gAg/4AFAAAg/gAg/4AFAAAg/gAg/4AFAAAg/gAg/4AFAAAg/gAg/4AF
15=AAAg/gAg/4A=

[Russians]
IQ=0
Edge=North
Color=DarkRed
Allies=Russians
Country=Russians
Credits=0
NodeCount=0
TechLevel=1
PercentBuilt=0
PlayerControl=no

[Special]
IQ=0
Edge=North
Color=Grey
Allies=Special
Country=Special
Credits=0
NodeCount=0
TechLevel=1
PercentBuilt=0
PlayerControl=no

[SpecialFlags]
Inert=no
FogOfWar=no
IonStorms=no
MCVDeploy=no
Meteorites=no
Visceroids=yes
FixedAlliance=no
TiberiumGrows=yes
InitialVeteran=no
HarvesterImmune=no
TiberiumSpreads=yes
TiberiumExplosive=no
DestroyableBridges=yes

[Structures]
0=Neutral,CAOILD,256,61,70,64,None,1,0,1,0,0,None,None,None,0,0
1=Neutral,CAOILD,256,61,67,64,None,1,0,1,0,0,None,None,None,0,0
2=Neutral,CAOILD,256,61,64,64,None,1,0,1,0,0,None,None,None,0,0
3=Neutral,CAOILD,256,69,67,64,None,1,0,1,0,0,None,None,None,0,0
4=Neutral,CAOILD,256,69,70,64,None,1,0,1,0,0,None,None,None,0,0
5=Neutral,CAOILD,256,69,64,64,None,1,0,1,0,0,None,None,None,0,0
6=Neutral,CAMACH,256,64,60,64,None,1,0,1,0,0,None,None,None,0,0
7=Neutral,CAAIRP,256,64,73,64,None,1,0,1,0,0,None,None,None,0,0
8=Neutral,GAPILL,256,62,69,64,None,1,0,1,0,0,None,None,None,0,0
9=Neutral,GAPILL,256,62,66,64,None,1,0,1,0,0,None,None,None,0,0
10=Neutral,GAPILL,256,69,66,64,None,1,0,1,0,0,None,None,None,0,0
11=Neutral,GAPILL,256,69,69,64,None,1,0,1,0,0,None,None,None,0,0
12=Neutral,GAPILL,256,70,69,64,None,1,0,1,0,0,None,None,None,0,0
13=Neutral,GAPILL,256,70,66,64,None,1,0,1,0,0,None,None,None,0,0
14=Neutral,GAPILL,256,61,69,64,None,1,0,1,0,0,None,None,None,0,0
15=Neutral,GAPILL,256,61,66,64,None,1,0,1,0,0,None,None,None,0,0
16=Neutral,GAPILL,256,67,75,64,None,1,0,1,0,0,None,None,None,0,0
17=Neutral,GAPILL,256,63,75,64,None,1,0,1,0,0,None,None,None,0,0
18=Neutral,GAPILL,256,64,59,64,None,1,0,1,0,0,None,None,None,0,0
19=Neutral,GAPILL,256,65,59,64,None,1,0,1,0,0,None,None,None,0,0
20=Neutral,NANRCT,256,2,79,64,None,1,0,1,0,0,None,None,None,0,0
21=Neutral,CABUNK04,256,97,50,64,01000005,1,0,1,0,0,None,None,None,0,0
22=Neutral,CABUNK04,256,97,46,64,01000005,1,0,1,0,0,None,None,None,0,0
23=Neutral,CABUNK03,256,50,99,64,01000003,1,0,1,0,0,None,None,None,0,0
24=Neutral,CABUNK03,256,46,99,64,01000003,1,0,1,0,0,None,None,None,0,0
25=Neutral,CABUNK02,256,29,74,64,01000001,1,0,1,0,0,None,None,None,0,0
26=Neutral,CABUNK02,256,29,70,64,01000001,1,0,1,0,0,None,None,None,0,0
27=Neutral,CABUNK01,256,81,30,64,01000007,1,0,1,0,0,None,None,None,0,0
28=Neutral,CABUNK01,256,77,30,64,01000007,1,0,1,0,0,None,None,None,0,0

[Tags]
01000001=0,Player1 1,01000000
01000003=0,player2 1,01000002
01000005=0,player3 1,01000004
01000007=0,player4 1,01000006

[TeamTypes]

[Terrain]
50049=TREE01
50051=TREE01
50054=TREE01
50057=TREE01
50060=TREE01
50063=TREE01
50066=TREE01
50069=TREE01
50072=TREE01
50075=TREE01
50078=TREE01
50081=TREE01
52081=TREE01
53049=TREE01
55081=TREE01
56049=TREE01
58081=TREE01
59049=TREE01
59058=TIBTRE01
59071=TIBTRE01
61081=TREE01
62049=TREE01
64081=TREE01
65049=TREE01
65065=TIBTRE01
67081=TREE01
68049=TREE01
69065=TIBTRE01
70081=TREE01
71049=TREE01
73060=TIBTRE01
73070=TIBTRE01
73073=TIBTRE01
73081=TREE01
74049=TREE01
74057=TIBTRE01
74060=TIBTRE01
74070=TIBTRE01
76081=TREE01
77049=TREE01
79081=TREE01
80049=TREE01
82081=TREE01
83049=TREE01
83051=TREE01
83054=TREE01
83057=TREE01
83060=TREE01
83063=TREE01
83066=TREE01
83069=TREE01
83072=TREE01
83075=TREE01
83078=TREE01

[Triggers]
01000000=Americans,<none>,Player1,0,1,1,1,0
01000002=Americans,<none>,player2,0,1,1,1,0
01000004=Americans,<none>,player3,0,1,1,1,0
01000006=Americans,<none>,player4,0,1,1,1,0

[Waypoints]
0=83019
1=113052
2=58111
3=18083

[YuriCountry]
IQ=0
Edge=North
Color=DarkRed
Allies=YuriCountry
Country=YuriCountry
Credits=0
NodeCount=0
TechLevel=1
PercentBuilt=0
PlayerControl=no



[Digest]
1=UAG1uqYNUf01w8pHo/gkZuhpn5Q=

