; Map created with FinalAlert 2(tm) Mission Editor
; Get it at http://www.westwood.com
; note that all comments were truncated

[Header]
Width=55
Height=25
StartX=228
StartY=35
Waypoint1=234,46
Waypoint2=277,47
Waypoint3=0,0
Waypoint4=0,0
Waypoint5=0,0
Waypoint6=0,0
Waypoint7=0,0
Waypoint8=0,0
NumberStartingPoints=2

[AircraftTypes]

[VehicleTypes]


[Preview]
Size=0,0,120,30

[PreviewPack]
1=5RAAIAejp1C4saSsq4B44AAJrKuArKp7t7CfsqqbNi8AFBQUTAQDu7SouLWdRwiiqFBIAE
2=ABSABAAUgAQAFIAEABSABAAUgAQAFIAEABSABAAUgAQAFIAEABSABAAUgAQAFIAEABSABA
3=AUgAQAFIAEABSABAAUgAQAFIAEABSABAAUgAQAFIAEMB+voAqABMAUgAUAJIAEABSABAAU
4=gAQAFIAEABSABAAUgAQAFIAEABSABAAUgAQAFIAEABSABAAUgAQAFIAEABSABAAUgAQAFI
5=AEABSABAAUgAQAFIAEABSABAAUgAQAFIAEABJwgA4CwrHABQLEgtJ0gATAFIAFACSABAAb
6=wCVy2yqp4nNAFAAUgAuApAAVQDSABYAUwBSABAAUgAQAFIAEABSABAAUgAQAFIAEABSABA
7=AUgAQAFIAEABSABAAUgAQAFIAEABSABAAUgAQAFIAEABSACsKzAUAEAESABABEgAQAFIAE
8=ABSABAAUgAQAFIAEABSABAAUgAQAEDqq9TlZhErAFYAUABSAAGj5dEg4w0kJY+TAFQAkgA
9=QAFIAEABSABAAUgAQAFIAEABSABAAUgAQAFIAEABSABAAUsAuLGkVCeoJ7QAJyQFuAE2FA
10=BYKKgASAlIAEgJSACkArQAUAJIAFACSABAAUgAQAFIAEABSABAAUgAQAFIAEABSABAAUgA
11=QAFIAEABSABAAUgAQAFIAEABSAAnIABMATBsBaQCTARIAEAESAAJvblUpptMn5lLlJhCUA
12=JIAFACSABAAagArAEPp6xTurhWubZZk5k/p6xVsa9VQC6gBAWPl0F7hDGAiGsAgogwQC5c
13=AlMvh5E8rAdYAUABSABAAUgAQAFIAEABSABAAUgAoAFUKkgASC1IAEABNlQFKlwAuCgqFA
14=C0CSpEAKwBvAKgDTAsALgiMFwANrwAKlwArActFABABEgAQApIAEABSABAAQO5uFaOlECs
15=AVgBQAFIAEABSABAAagATwG3uFVIAFAFA6qcTKeaTKxbtDNILVwsUCxUAEgAQAFIAFBcSA
16=BYLkwHJxABrAGsH1QAKlwAvFmkLFQAVC0qSAVMASdQAEAHJwgAJwQBRAKsAUABLQgAvAJI
17=D0gAKiwALXAEuAEtjAAqvAA2LACgBycUAFgEUAhIAAmsnk+0n0qilkeppk8nUABcAkwBSA
18=BAAUgABsmxZeC8cLepWEwBUAKoAEwBVFoqbAtYW0gtSwCOlj9ELEAurFsDfYgvjZY8Vy2K
19=kDpMB0AHSABAAS0EBFgBvAJUAFgoSABYK0gAQAGoAEwBRCyoAKwBXAJAAYgAbLJMCkwHVA
20=BIAEABQApAAbQAJzgAQAFIAFwCSABAAUgAJ0wEMCAAJ4wAQAFIAFAFSABAAUgAQAFIAEAB
21=SABAAUgAQAFIAEABKhwBWAFwAgWgULWXSpyRR24Bp1BQAkgATAFIAEABSwC+rmAn1ABILU
22=gAJ7QFRCyoWlQASACsW0gtA5CUQKCoTlQtUAhILUAuRCxMAUgAQApIAEABSABAAUgAUCAn
23=CAAnUABcArxZqCozFAAnhwW3rp0n4ABAAagARAhAAVRsVACsASqUAVACJ1ADPyAAUAVIAF
24=AISABAAQNtWTCBZzWsAVgBQAFIAEABSABAAUgAQAFIAEABpAusAVsBn5dLXCxQWUwBUAJI
25=AEABSABAAVMs3LhrvAUnFwDmvnNIA0gArARELFdara1TQAEGr7RUnaFGkJNAKuQRSC1Ehk
26=dZnqZLVAZIAEAHSAAn4AMqIABcAqAEWChIAEBVLZAFUAJEAlQASAMwhAVYB0gARAhIAEzN
27=pMhMAUAuRMgqoAFMAVwCUAVIAEABSABAASeMA6ABUAIGhmwwh3w8dlcsWCtYAUwEA3RtM3
28=xhMa8BemMzQAFIAyAG5wWtmklcBUgAXAhIAEABA7OrWee7bjCQBaMQvLBcTASoAFwFRCwG
29=raNQsZxMpZtNRBpIWlBZSABABFQDqABMAagAWAFAAVgcMAgAXAJUA0sAubSevFlcKUgASC
30=pMK0gArAFYAUQsSwC0rpBQBVQGSABAAUgAQAFIAEABSz+doUgn4BhYE1QSSAC0EkwESABY
31=BFQASABAAUgAQAFIAEABrBwGqJVMpnZEcXQ4UAJIAFwCSABAAUgAQAFIAEABSABAATDkBb
32=wCSANAAUgAQAFIAEABSABAAUgAQAFIAEABSAC4DTAUAEiHTARIAEwEVABIAKRHWIhUGyS4
33=IifoEEOInaVPqIdcWUwrXAVAB0ABLQgAvAJIA6ABSCpIAEgqSABEBbACA6uphqKheawBpA
34=UzLACkEUhsXBEqhwWvn0lILUgAVC1cQUwHVABcXEABSABACkgAQAFIAEABQB8GeVYvY1gz
35=dHQ4WAFQAkgAQAFIAEABSABAAUgAQAFIAEABSABAAUgAQwF/Wy9AAUgATAFIAEABSABAAU
36=gAQAFIAEABSABQWVQMPAgAUAWoAFwFWBlYK6wWSIcDpKlRkZI/VIdABAOUm0aEjjlIAEiH
37=SAAkvCEn3ARMB0wESABAAUgAQAFIAEABA6yljLWsnSqEBVACSANIAEABSABAAagAMywAUA
38=JIErQtV1qmmklcmEg/RP4GopRMvKFLp6xVtBVUAFguSABELydAAVgHJy8AnG89JywAvAJY
39=akgAKiwAWAEtjABYAUMEf2E2QAFIAEwBSAAnIACsAbgBUIY5nAWotFwFTBlQWVQAXBpLLZ
40=+ZS1gZTFi3AIGLN0QsUFkk+CFU4UwBJOwhTFtADUgAUAhIAEABSABAAUgAoAEqLAZoDAGa
41=TJ+gzOugBKQFLSwAuAFUAEgAQARI81w+cCwCk0C0tVWzAqSZR1QVbgGgUECLWApUFawERB
42=dcAkgATAdIAAmfoVSSdUmAY0J5ajdQAkgAUAJUKicIALgBvAJMAUABSABAAUoAj5clvjZ2
43=Xmy4J1wAQAFIAEAESAAgEjwLSLRQGlDgQBZIAKgJWCugAUwKoAECe4Qxj5UuhAioA6wErA
44=G0AEQCpTijI1AkWGRAIqgDVABIAEAESABQ9QPlv3PmvXBIADBME0AEVBJQBUgATAFQFLzI
45=SC1Ai0xbWAoCk5ZBj443VAIGpIBFfFozf10yWAdQCEgAQAFIAEABSABAAUgAQAEn8AUnnB
46=RcSqh4A2lbM4RiNUwESABQBUgAQAFIAEABOT8L5b5zJzwLsAVMFlwXWCtIAKQCVACoAEgJ
47=QAEDybFlybFirAFYAUABSABAAUgAQAFIAEABSABAAUgAoAFUAEtCh5E8UAtMf0MiqaZPrJ
48=FIA0gARAVcQSeEBUABSABILUgAVANIAEAESABAAUgAQAFIAFxiSAlbiK6eTUBDTAFAFkwK
49=VAAnjABAAUgAUAVIAEABSABAAQKzhUCBbWhaTAFIAFACJ1QFJywAXAJQAlgBQAFAeUR3XC
50=yoALctb1gwLSQRXBcDxbNl17VoMOgQUyzMtmQtvCFQC1hzVABIDFQASABPTNy4a0AfSABA
51=H0gARE1IACTsLSfEB1i1UAVIAEAHSABAAUgAQAFABEgVTI5EFEAiUAsqTApABFgEqAy3DP
52=8AAKgAWA0nlAFMBEgAUAVIAEABSABAAVxBoAFPAaqcTHJZmT9Qs1gBXAJIAEABSABAAUgA
53=QAFIAEABBqmUT6V8RHtgMkwBSABQAkgqKggAUAJIAFwCSACwF6QsMLQFWIhYW1AFSABQBU
54=gASC1IACe0BaQsUCxABKgATAQnIAAnLABEAkwBXB1IAFgrSABAAUgAQAFoACPsLUAEWChM
55=EEgAXBEwtAVDBI+XQbQDQARMCkgAUAJIAEABSABAAURuWApIAFgKsCwnFAAnuA1YBFAFSA
56=BAAUgAQAFIAEABVC2vka2aSXhkO5xBXAVIAAOufTymnk5Z4nQppCdILUAKSABABEgAJyAA
57=TAFcF1CkUBdIACcgA0wBrAQCbF40iW0iaDy4AV8FybVlrwG8r15AAUgAUAJIAEABSABAAU
58=gAQAGoAEwBWEysH1gfQAEn7ANMAUgAUAJIWiewAEQRTBBIAEAQKmQcqEJcWUgDNtwcUG5I
59=LUAKWApIAEABTA1iAb5zWG1EESeUAS0sAFSHSwC5tlkhRCcgBjwLSAlQCEgABlRBKohqN3
60=57N0wBUAJIAEABSAAnIAAqLACsSUgbqABMGUABWBxSLLagIsAyUAVIAFijWHZQTUwBXAhI
61=AEABQKZcAlQAXAVYAbACQAFIAEwBTB+oYFwdSACsH1gfJwgAcAL8IFApqA9UD0ANJMA4vA
62=hUAEgDSABIA0gARAtIAFACSABAAUgAQAFIAEwNSABEbkANRAstxA1ABEgAUAVIAEABSABU
63=6lSQUFlMvkhRSABTs6CoTid4HUwEUAVIAEABSABAAUgAQAFIAEABSABAAQnFhT2Dbzp/bD
64=l0ZDRYAbACQAFIACosACRAK1AXSAAnIAMDjZY8em43Uyyzkki8BSeYAEwEQCtUALwFoAFc
65=BSpMAawBJxQATB9IAFgfbB8jJCBcLCcsAEwiRAVIAEANpD4qTAG8AqQCpA5IMC2sB0AHWA
66=RIAEABSAAzZAFcAkAESABAAUgAQAGoAEwBSC1IAFQtTL4qBBxQ9VzRVABI9lAFoAFcBUwB
67=SABAAUgAQAFIAEABC7+LSptyQ6CBSJ6gTa2sJcQoXAJIAKAESBtUdbBxQBkLj5U9cnA4f2
68=xFqoNKn3AibCOkLKx2XB1IAFgEVABIAEABSAAn4AknTAFAAUgAXAuoAEwBQFsn+ANYTFwC
69=UAJkL/yzWAEgCTwLSC0n0AFICUgAWAdIAEABSABAAS1kAVACSABcAkgAQAGkGkxwTAGoAF
70=wCTOtMAUABSABUFUQsJwgApOlYAUABJ4wAQAFIAFAFSAAABqKmUKaKRK+cTLOUTZiTS4Z9
71=RJqdTZWcSCeAAG0EqCJQTlgrC5GDQEQ+MpF4P4ltPKF1IsBZuARAMUgqSABIKkgAQAFIAE
72=ABSAC0M1BZvAi8BVScQAFIAFACSABAAagATAFMuyeQBSdQAFwCTAGsHyc0B1ALSABcAlQD
73=SABIMFgQRAJID0gAQAFIAFQDSABUA0gAQAFIAEABSABAAUgAQAFIAEABSABAAUgAJyAASA
74=lQCEgAUAhYnVwCqACsBEwBQAFIvUArMwgAQARIAEwESABAAUgAQAFIAA6prVCtpVKej0x9
75=ZTlpUzd9cCIQT1wCJ4AAD5eKRYduPIt1OoeGO3tlOa6IQ0gDSABMBFgfvBFIEkABqACsAV
76=QASAC8FLzISMkk3zqUmEJIAEQISABQCEgAQAGoADAsAKwopCygN1gKQA1UAFALvAVUAEQC
77=SABQAkgAQAFIAEABQIgnWAFMBDksAFQDqAAqRANcYkgAUAhIA6wHVABMAUz3M4QFJ1AAQO
78=tEBUgAUAVIAEABSABAAUgAQAEGk4VFimY8k2w/QtxnXiIwRFwCDHd1OqqMRq1zOoNrO5qD
79=P1gEUAJIAFwRJ9QDQAG8AkSMoBxMHEgAUAJIAFAFRCxILUgAQAFfWZOZP0gASC1IAEAESA
80=BMBEgAQAGoAC0sACecOFhqQARUA0gArAG4AawxRA5UD0gAQAFIAEABLZQEVAZIAEgGSABA
81=AUgAQAFIAEABSABAAVAaQDqsB1gHSABMAUiQSANABEgAQAEt0BAnbAUnIAAqlCgnqBonFB
82=JQCEgAXAgAAp6fUKN0PoZhNnp2OHRuPaJsN550KJQQTARQGkAfWBxAglwFrAFcAkwBVABc
83=AlQAUAK4AUT1CKesU725VLm2Wbq4EQAAaQUwCgACVqabTI6UQJCTQKCoTpCUQI6UQJCPAa
84=KoUEsAo6dQSABAAagAJywAQAFIAAOsqnusq4C0ACeAAFwCTAFXAICIMUsAgogwSABAAUgA
85=QAFIAEABSABDAZCWPkQFSABQBUgAQAFIAEABSABAAUgAQwGBizdQBUgAXAVLAH2IL0gAqA
86=NUAEgATARLAPr6ADYIAAPgvHC3qVhMBFMFnaVPQApcCEMKg4w0QBC8AkgDQAFIAEABSABA
87=AUgAQAFIAEABSABAAUgAQAFIAEABSABAAUgAJyAArAEnOACjAbm4VksAt7hVVAADr7RUna
88=FGWCsGualUrp5NkZI/TASoADDsAFwCCbm0nrixpLewn7Kqm0EBFIAAA7u0qLi1nUgAQARI
89=AEAHQBlYGUgAQAFIAEABSABAAUgAQAFIAEABSABAAVAdSAZIAFQGSABAAUgAQAFIAAOcpF
90=GPmUZOBHuEaDYDjZg/m6RKXAJABKgArAEDs6tZ57tuNpwFXwLmvnNcBVAFSABQDkgATApI
91=AEgtA4qQOp6mS1wCQARIAEABSABAAUgAQAFIAEABSABAAUgAQAFIAEABSAAnIACsASc4AC
92=cgACpcALwsAAOiqEujoFC1l0qfmUuxnEylm02UmEJcBUgAUAVIAEABSABDAbGsnkQsSABQ
93=LEEseOAAuAG3LZ+kX1AFVANYGUgAWBlIAEABSABAAUgAQAFIAEABSABAAUgAQAEwtAVYDa
94=gAVAlIACcsAKABVABQAqgATAFQKTYIAFMsvLBcTARQWawNWA1AAUgAQAFIACcQAUwEIAYs
95=AEQFqABcBQN9ZTR2VyxYAUwBVACoAEwBSAAqLAC8WUxbowG0tVVMW0iHJ4wAuIJYAURZVC
96=eoAOAsKxwAtC2gBFAaJ4QOJ0QDQAFIAEgbSABAAUgAQAFIAEABSABAAbQtTA2oAEgVSAAq
97=LAC4AbQAJ1wAXFkDxbNl17VoMKgFA+W+c8y2ZFwFvxGEjjlADUgATA1IAEABSABAAbwOWA
98=QnTAE2LACgBFcAfGExrAQMemMzZlkvdG0zgWc1dl4zUAJIAEAESABAAUgAQAFIAEABSABA
99=AUgAoAFYiKwBQCtEg0gAqCdUAEQpKmQFQFsqOACsAUwERwWtqVZLGI+XQUh+QBlMAUgAQA
100=FIAEABSABAAUgAQAFIAEABSACgAUgeTAFEekgATAGkEQOPl0SHkTysAVQAqAC0FawBSC0w
101=kAVEAlBZWARIAFgEXAtIAFALSABAAV+8jZY8rAFYAUABWA1EBUgAUAVIAEABSABAAUgAJy
102=AATwGCbzcnOAAnIABcAkwBSABDAX9bL0ABSABMAUgAJyAAMCwAKoQFtCcqFABEKVgBUCyg
103=AUwBKggADLeunbSukJqgS5eeRLurXUgtSAA/tAVYHKgASB5IADAsACfYBUAuLeQCJzsAyb
104=VlTCtXALyvXlQAJ1wAQAFcWbgKVACkLFAsXAJIAFgfAo+VPY6WYNNMAUgAsAJAAUgAKi4A
105=Y1h4VVACSAAqXABMAUgAUAJIAEABSABDAYRiNUABSABMAUgAJyAArAG4AVywTFIq9AQqLA
106=AnhAVAAUgAVC1IAEAEpCxQLAPAr2D///9ICUgAWApY/UgtQBww9AQnUABIA0wBSABAAUgA
107=QAFAH1gfrAFUAKgAXAJAAUBPSABQC0gAXAtIACcgAKwBWAFIACcsAEABSABAClgHVABYCl
108=QDSABQAkgAQAFIAEABSABAAUgAQAFIAKABJxQABp+hVK6MSWpWMKQCQARIAEwBqAAnLABA
109=AUgAJ1AAtC1EAqgAJ1wAWAFQWbQnPKgFrAR6K7CfrAEJtK6Qvq5g3Lhr3LhrEQAA

[AITriggerTypesEnable]
043F40BC-G=yes
043F521C-G=yes
043F874C-G=yes
044082BC-G=yes
05CB5B6C-G=yes
05CB830C-G=yes
05CBAEDC-G=yes
05CBC04C-G=yes
05CBC19C-G=yes
05CBC2EC-G=yes
05FC088C-G=yes
05FC0C9C-G=yes
05FC13EC-G=yes
05FC1A8C-G=yes
05FC1C5C-G=yes
05FC333C-G=yes
05FC37CC-G=yes
05FC3C9C-G=yes
05FC50EC-G=yes
05FC747C-G=yes
05FC75CC-G=yes
05FFA7DC-G=yes
05FFB18C-G=yes
06002BFC-G=yes
0611A1EC-G=yes
0611A33C-G=yes
0612B11C-G=yes
0612CD8C-G=yes
0612EAEC-G=yes
0612F46C-G=yes
0612F9AC-G=yes
0616004C-G=yes
06C551AC-G=yes
078F4B2C-G=yes
07C04C7C-G=yes
07C04EDC-G=yes
07C0B14C-G=yes
07C30A5C-G=yes
07C310BC-G=yes
07C3266C-G=yes
07C329FC-G=yes
07C330CC-G=yes
07C33DDC-G=yes
07C4853C-G=yes
08A3EEDC-G=yes
08B902EC-G=yes
08B90B1C-G=yes
08B911BC-G=yes
08B9154C-G=yes
08B9213C-G=yes
08B9305C-G=yes
08B9356C-G=yes
08B940EC-G=yes
08B9423C-G=yes
08B9483C-G=yes
08B9586C-G=yes
08B9641C-G=yes
08B9708C-G=yes
08B9767C-G=yes
08B97C6C-G=yes
0A31295C-G=yes
0A44F17C-G=yes
0A44F2CC-G=yes
0A452C6C-G=yes
0A452E5C-G=yes
0AA845AC-G=yes
0AA846FC-G=yes
0ABC484C-G=yes
0AD2BAEC-G=yes
0C0C7AEC-G=yes
0C0D184C-G=yes
0C0D251C-G=yes
0C1245AC-G=yes
0C1246FC-G=yes
0C32599C-G=yes
0C32D84C-G=yes
0C87B45C-G=yes
0C87B99C-G=yes
0C87E5AC-G=yes
0C8B81BC-G=yes
0C8BC5AC-G=yes
0C8C2AEC-G=yes
0C8C2C3C-G=yes
0C8C430C-G=yes
0C8C4C3C-G=yes
0C8C51BC-G=yes
0C8C56FC-G=yes
0C8C645C-G=yes
0C8C6EDC-G=yes
0C8C71BC-G=yes
0C8E2C3C-G=yes
0C8EE1BC-G=yes
0C8EEAEC-G=yes
0C8EEEDC-G=yes
0C91D45C-G=yes
0C92C1BC-G=yes
0C92C45C-G=yes
0C955AEC-G=yes
0C955C3C-G=yes
0C9561BC-G=yes
0C9565AC-G=yes
0C96F45C-G=yes
0C96F5AC-G=yes
0CA1F84C-G=yes
0CA24D8C-G=yes
0CA2A04C-G=yes
0CA2B06C-G=yes
0CA2D99C-G=yes
0CA2FEDC-G=yes
0CA5945C-G=yes
0CA6621C-G=yes
0CA6AEDC-G=yes
0CAD0B2C-G=yes
0CAD0C7C-G=yes
0CAD0DCC-G=yes
0CAD130C-G=yes
0CAD145C-G=yes
0CAD25AC-G=yes
0CAD2AEC-G=yes
0CAD2C3C-G=yes
0CAD5AEC-G=yes
0CADD99C-G=yes
0CADDEDC-G=yes
0CB29EDC-G=yes
0CB2CEDC-G=yes
0CDF899C-G=yes
0CDF8D8C-G=yes
0CDF8EDC-G=yes
0CE2395C-G=yes
0CE23AAC-G=yes
0CE26B5C-G=yes
0CE26CAC-G=yes
0CE2E8DC-G=yes
0CE2EA2C-G=yes
0CE44D0C-G=yes
0D022B1C-G=yes
0D022C6C-G=yes
0D052AEC-G=yes
0D0803CC-G=yes
0D08461C-G=yes
0D0848BC-G=yes
0D084A0C-G=yes
0D084B5C-G=yes
0D0873DC-G=yes
0D087D8C-G=yes
0D0B3B9C-G=yes
0D2769BC-G=yes
0D2C41EC-G=yes
0D2C448C-G=yes
0D2C45DC-G=yes
0D53099C-G=yes
0D53130C-G=yes
0D53430C-G=yes
0D535EDC-G=yes
0D62145C-G=yes
0D6215AC-G=yes
0D6216FC-G=yes
0D62199C-G=yes
0ECCB2BC-G=yes
0ECCB40C-G=yes
0ECCB55C-G=yes
0ECCB7FC-G=yes
0ECCBC3C-G=yes
0ECCF14C-G=yes
0ECCF29C-G=yes
0ECCF68C-G=yes
0ECCFA7C-G=yes
0ECCFCAC-G=yes

[Africans]
IQ=0
Edge=North
Color=DarkRed
Allies=Africans
Country=Africans
Credits=0
NodeCount=0
TechLevel=1
PercentBuilt=0
PlayerControl=no

[Alliance]
IQ=0
Edge=North
Color=Gold
Allies=Alliance
Country=Alliance
Credits=0
NodeCount=0
TechLevel=1
PercentBuilt=0
PlayerControl=no

[Americans]
IQ=0
Edge=North
Color=Gold
Allies=Americans
Country=Americans
Credits=0
NodeCount=0
TechLevel=1
PercentBuilt=0
PlayerControl=no

[Arabs]
IQ=0
Edge=North
Color=DarkRed
Allies=Arabs
Country=Arabs
Credits=0
NodeCount=0
TechLevel=1
PercentBuilt=0
PlayerControl=no

[Basic]
Name=Jungle Invaders
Percent=0
GameMode=standard, meatgrind, nukewar, airwar
HomeCell=98
InitTime=10000
Official=no
EndOfGame=no
FreeRadar=no
MaxPlayer=2
MinPlayer=2
SkipScore=no
TrainCrate=no
TruckCrate=no
AltHomeCell=99
OneTimeOnly=no
CarryOverCap=0
NewINIFormat=4
NextScenario=
SkipMapSelect=no
CarryOverMoney=0.000000
AltNextScenario=
MultiplayerOnly=1
IceGrowthEnabled=yes
VeinGrowthEnabled=yes
TiberiumGrowthEnabled=yes
IgnoreGlobalAITriggers=no
TiberiumDeathToVisceroid=no

[British]
IQ=0
Edge=North
Color=Gold
Allies=British
Country=British
Credits=0
NodeCount=0
TechLevel=1
PercentBuilt=0
PlayerControl=no

[CellTags]

[Confederation]
IQ=0
Edge=North
Color=DarkRed
Allies=Confederation
Country=Confederation
Credits=0
NodeCount=0
TechLevel=1
PercentBuilt=0
PlayerControl=no

[French]
IQ=0
Edge=North
Color=Gold
Allies=French
Country=French
Credits=0
NodeCount=0
TechLevel=1
PercentBuilt=0
PlayerControl=no

[GDI]
IQ=0
Edge=North
Color=Gold
Allies=GDI
Country=GDI
Credits=0
NodeCount=0
TechLevel=1
PercentBuilt=0
PlayerControl=no

[Germans]
IQ=0
Edge=North
Color=Gold
Allies=Germans
Country=Germans
Credits=0
NodeCount=0
TechLevel=1
PercentBuilt=0
PlayerControl=no

[Houses]
0=Americans
1=Alliance
2=French
3=Germans
4=British
5=Africans
6=Arabs
7=Confederation
8=Russians
9=YuriCountry
10=GDI
11=Nod
12=Neutral
13=Special

[Infantry]
0=Neutral,CIVSFM,256,12,59,1,Guard,96,None,0,-1,0,1,0
1=Neutral,CIVSF,256,10,61,1,Guard,128,None,0,-1,0,1,0
2=Neutral,DOG,256,10,62,1,Guard,160,None,0,-1,0,1,0
3=Neutral,CIVSF,256,83,34,1,Guard,32,None,0,-1,0,1,0
4=Neutral,CIVA,256,82,32,0,Guard,128,None,0,-1,0,1,0
5=Neutral,JOSH,256,34,61,1,Guard,64,None,0,-1,0,1,0
6=Neutral,JOSH,256,37,64,0,Guard,64,None,0,-1,0,1,0
7=Neutral,JOSH,256,40,71,1,Guard,32,None,0,-1,0,1,0
8=Neutral,JOSH,256,28,57,1,Guard,96,None,0,-1,0,1,0
9=Neutral,JOSH,256,23,58,1,Guard,96,None,0,-1,0,1,0
10=Neutral,JOSH,256,16,70,1,Guard,160,None,0,-1,0,1,0
11=Neutral,JOSH,256,17,61,0,Guard,128,None,0,-1,0,1,0
12=Neutral,JOSH,256,64,34,0,Guard,192,None,0,-1,0,1,0
13=Neutral,JOSH,256,59,30,1,Guard,192,None,0,-1,0,1,0
14=Neutral,JOSH,256,58,23,0,Guard,160,None,0,-1,0,1,0
15=Neutral,JOSH,256,66,18,0,Guard,96,None,0,-1,0,1,0
16=Neutral,JOSH,256,76,28,0,Guard,32,None,0,-1,0,1,0
17=Neutral,JOSH,256,71,37,0,Guard,224,None,0,-1,0,1,0

[IsoMapPack5]
1=Xw0AIA48AAEA//8AAAAAADsAAgD//0MBAAA8KCkAPSgrADoAA+EEOygpADwoKQA9KCkAPi
2=grADkABPkGOigpADsoKQA8KCkAPSgpAD4oKQA/KCsAOAAF8Qk5KCkAOigpADsoKQA8KCkA
3=PSgpAD4oKQA/KCkAQCgrADcABukMOCgpADkoKQA6KCkAOygpADwoKQA9KCkAPigpAD8oKQ
4=BAKCkAQSgrADYAB+EPNygpADgoKQA5KCkAOigpADsoKQA8KCkAPSgpAD4oKQA/KCkAQCgp
5=AEEoKQBCKCsANQAI+RE2KCkANygpADgoKQA5KCkAOigpADsoKQA8KCkAPSgpAD4oKQA/KC
6=kAQCgpAEEoKQBCKCkAQygrADQACfEUNSgpADYoKQA3KCkAOCgpADkoKQA6KCkAOygpADwo
7=KQA9KCkAPigpAD8oKQBAKCkAQSgpAEIoKQBDKCkARCgrADMACukXNCgpADUoKQA2KCkANy
8=gpADgoKQA5KCkAOigpADsoKQA8KCkAPSgpAD4oKQA/KCkAQCgpAEEoKQBCKCkAQygpAEQo
9=KQBFKCsAMgAL4RozKCkANCgpADUoKQA2KCkAN0kBjZqOADhJAYWpATkoKQA6SQGHtQI7SA
10=EnjBIntQE9KFUAPigpAD8oKQBAKCkAQSgpAEIoKQBDKCkARCgpAEUoKQBGKCsAMQAM+Rwy
11=KCkAMygpADRIAcEaNUgBwRo2KCkAN0kBg6EaOCgpADkoKQA6SQGKoQQ7SAEnxAMn4QE9KF
12=UAPigpAD8oKQBAKCkAQSgpAEIoKQBDKCkARCgpAEUoKQBGKCkARygrADAADfEfMSgpADJI
13=AcUeM0gBxR40SAHZHDUoKQA2KCkANygpADgoKQA5SQGGsR86SAHRHzsoKQA8KCkAPSgpAD
14=4oKQA/KCkAQCgpAEEoKQBCKCkAQygpAEQoKQBFKCkARigpAEcoKQBIKCsALwAO6SIwKCkA
15=MSgpADJJAZChGjNJAYipATQoKQA1SAHBJTYoKQA3SAHNBTgoKQA5SAHNBTpIAcktO0gByW
16=Q8SAHNJj0oKQA+KCkAPygpAEAoKQBBKCkAQigpAEMoKQBEKCkARSgpAEYoKQBHKCkASCgp
17=AEkoKwAuAA/hJS8oKQAwKCkAMSgpADIoKQAzKCkANCgpADVIAdEqNkgB1WU3SAHRHzgoKQ
18=A5SAHNBTpIAdEqO0gB2QY8SAHZBj0oKQA+KCkAPygpAEAoKQBBKCkAQigpAEMoKQBEKCkA
19=RSgpAEYoKQBHKCkASCgpAEkoKQBKKCsALQAQ+ScuKCkALygpADAoKQAxSQEhvUwySQEeqQ
20=EzKCkANCgpADUoKQA2KCkANygpADhJASKlCDlIAcElOigpADsoKQA8SAHFgT1IAc1SPkgB
21=2QY/KCkAQEgBzQVBSAHNBUJIAc0FQygpAEQoKQBFKCkARigpAEcoKQBIKCkASSgpAEooKQ
22=BLKCsALAAR8SotKCkALigpAC9IAcUpMEgBxSkxSQElqSIySgGuAU8BAQAzSAGPBQEANEgB
23=jwUBADUoKQA2KCkAN0gBkSoBV94RAB9ACEkAOVQC0R86KCkAOygpADxIAclZPUgBxYE+SA
24=HFgT8oKQBASAHBBEFIAc2qQkgByQxDKCkARCgpAEUoKQBGKCkARygpAEgoKQBJKCkASigp
25=AEsoKQBMKCsAKwAS6S0sKCkALSgpAC4oKQAvSQEdXCFJADBJAbC9KzFJAaipATJJAampAT
26=NIAYwFdi4SAI0FAlYuEgCPBQIANkEEqm8FAgA3SAGILXcuEgAmXAtJADlUApM1AAA6KCkA
27=O0gBhDQiPDQn6QI9VQKMTAZJAD5IAd0rPygpAEBJAYhUA0kAQUkBilwASQBCSAEn1AUnMQ
28=FEVALFYEVIAck4RigpAEcoKQBIKCkASUgB1WVKSAHdCksoKQBMKCkATSgrACoAE+EwKygp
29=ACwoKQAtKCkALigpAC9JASRIGEkAMEkBIFwASQAxKCkAMkkBKEgCSQAzSAGMBW4xEwCMBW
30=RgJykANkAE1QI3SQEjTQYAbjETAMFnOVQCjTEBTjETAIMwAQA7VAKcNmwxJxUDPVQCJy4G
31=EwAnLgYTANUuQEAE1SNBKCkAQigpAEMoKQBESQGQexEAAEVIAdEJRigpAEcoKQBIKCkASS
32=gpAEpIAck4S0gBxTRMSAHNEE0oKQBOKCsAKQAU+TIqKCkAKygpACwoKQAtKCkALigpAC8o
33=KQAwKCkAMSgpADJIAZkyAE2UFLkyAEyUJykANUAEyTg2SQGwdWUBV2UUAKqpAThUAtFsOU
34=kBsnUCAkU0FKSXZDTIAWQ0J0EDPUwFJ4YGFADJkD9UAskiQCgpAEEoKQBCKCkAQygpAEQo
35=KQBFSQGQsTVGSAHdbUcoKQBISAHJOEkoKQBKKCkAS0gB2RFMSAHZEU0oKQBOKCkATygrAC
36=gAFfE1KSgpACooKQArKCkALCgpAC0oKQAuKCkALygpADAoKQAxKCkAMigpADMoKQA0KCkA
37=NUgBwTs2SQEgqSI3SAHVOThIAYMEAQA5SAGABGZrFQDJbztUAtmgPEgBn20AAD1IAd0rPk
38=kBir0KP0gBwSVAKCkAQUkB939BAABCSQHvqQFDKCkAREkB8bUCRUgBxQhGKCkARygpAEhI
39=AcEPSUgByThKKCkASygpAExIAd1tTUgB3W1OSAHJDE8oKQBQKCsAJwAW6TgoKCkAKSgpAC
40=ooKQArKCkALCgpAC0oKQAuKCkALygpADAoKQAxKCkAMigpADMoKQA0KCkANSgpADYoKQA3
41=SAGLbwAAOEgBiG91ORbppjpUAsmmO0gBizgBADxIAcmmPUgBySI+KCkAPygpAEBIAck4QU
42=kB7bE1QigpAEMoKQBEKCkARUgB2T1GSAHNPEdIAdUNSCgpAElIAcE7SkgBwTtLKCkATCgp
43=AE0oKQBOSAHBO09IAd0KUCgpAFEoKwAmABfhOycoKQAoKCkAKSgpACooKQArKCkALCgpAC
44=0oKQAuSAHVIy9IAcUeMCgpADEoKQAySAHdIDNIAd0VNCgpADUoKQA2KCkAN0gBmHRuPBcA
45=0Xc5VAKEP2Z2FwCFPwJN4RfxrjxABCeMByfxAz5UAsEPP0gByRdASAHBO0EoKQBCKCkAQy
46=gpAEQoKQBFKCkARigpAEdIAdkcSEgB1Q1JKCkASkgB2T1LSAHZPUwoKQBNKCkATigpAE9I
47=Adk9UEgB3QpRKCkAUigrACUAGPk9JigpACcoKQAoSAEjVyEAAClIAYtkAAAqSAGLZAAAK0
48=gByQwsKCkALSgpAC5JAfaxYS9IAdknMCgpADEoKQAyKCkAM0gB1SM0SAHJDDUoKQA2KCkA
49=NygpADhIAZk9AE61GACcQWU/GKD2bewY+bY8TAUn5AcnHQQ+VALVDT9IAckXQEgByRdBKC
50=kAQigpAEMoKQBEKCkARSgpAEYoKQBHKCkASEgB2RxJSAHBD0ooKQBLSAHV/0xIAdFATSgp
51=AE5IAc33T0gB2cxQSAHRCVEoKQBSKCkAUygrACQAGfFAJSgpACYoKQAnKCkAKEgB3SspSA
52=GZaQFdQRm4aXxBJzEBLEAEzRAtKCkALkgB0SovSAHRKjAoKQAxKCkAMigpADMoKQA0SAHB
53=iDVIAdknNkgB1Q03KCkAOEgBkEB9QRmwQCKFMhn9gztABNUYPEgBJzwIJxUDPlQC3Qo/SQ
54=H6qVlASAHJF0EoKQBCKCkAQygpAEQoKQBFKCkARigpAEcoKQBISQHwqQxJSAHBD0ooKQBL
55=SAEnPggZACc9CBkmYShOQATZBk8oKQBQKCkAUSgpAFIoKQBTKCkAVCgrACMAGulDJCgpAC
56=UoKQAmKCkAJygpAChIAdUuKUgBI8QkdYYaqG90RCddASxABN0VLSgpAC5IAcktL0gByS0w
57=KCkAMSgpADIoKQAzKCkANCgpADUoKQA2SAHBRjdIAcEPOCgpADkoKQA6SAHVGDtIAdUYPE
58=gBI9wnIoQnJxUDPlQC0Qk/KCkAQEgBzV1BSAHVGEIoKQBDKCkARCgpAEUoKQBGKCkAR0kB
59=8qlDSEkB9KkBSUgBwQ9KKCkAS0gBJ5UIGiiWCBoA3YNOQATZBk9JAdixCVBJAdCpAVEoKQ
60=BSKCkAU0kB0qEEVEgBxQhVKCsAIgAb4UYjKCkAJCgpACUoKQAmKCkAJygpACgoKQApKCkA
61=KigpACsoKQAsKCkALSgpAC4oKQAvSAHBMDBIAcEwMSgpADIoKQAzKCkANCgpADUoKQA2KC
62=kAN0gB2Ug4SAHdIDkoKQA6KCkAOygpADwoKQA9KCkAPigpAD8oKQBASAHJF0FIAckXQigp
63=AEMoKQBEKCkARSgpAEZIAc2JR0gB0RRIKCkASSgpAEooKQBLSAEl2SFMSAHBRk1IAcUITk
64=gBwUZPSgEWAiNlM1AoKQBRKCkAUigpAFMoKQBUSAHdTFUoKQBWKCsAIQAc+UgiKCkAIygp
65=ACQoKQAlKCkAJigpACcoKQAoSQGssVYpSQGmqQEqSAHBGisoKQAsKCkALSgpAC4oKQAvSA
66=HYMgUwABwA7QEAABEAAFgNACAGAAAAMQAcAO0BQAEDAAAyABwAyQEzKCkANCgpADUoKQA2
67=KCkANygpADhJAfGxCTlKAf//nQo6KCkAOygpADwoKQA9KCkAPigpAD8oKQBASQH6vQpBSQ
68=HyqQFCKCkAQygpAERIAdUYRSgpAEZJAfC5BkdIAcUTSCgpAEkoKQBKKCkASygpAEwoKQBN
69=KCkATkkB170KT0oBFgKFHlAoKQBRKCkAUigpAFMoKQBUKCkAVSgpAFYoKQBXSQHRqAwBIA
70=AdAMkXISgpACIoKQAjKCkAJCgpACUoKQAmKCkAJygpAChJAaupDClJAaWpASpIAdUNKygp
71=ACwoKQAtKCkALigpAC9IAdE1MEgBzTExKCkAMigpADMoKQA0KCkANSgpADYoKQA3KCkAOE
72=gB1Tk5SAHRFDooKQA7KCkAPCgpAD0oKQA+KCkAPygpAEAoKQBBKCkAQigpAEMoKQBESAHZ
73=HEVIAc1SRkkB9LknR0gBxRNIKCkASSgpAEooKQBLKCkATCgpAE1JAdixCU5IAdFLTygpAF
74=AoKQBRKCkAUigpAFMoKQBUKCkAVSgpAFYoKQBXSAHdTFhJAfmjDx8AHulOICgpACEoKQAi
75=KCkAIygpACQoKQAlKCkAJigpACcoKQAoSQGvtQ0pSQGiqQEqSQGmqQErSAHFKSwoKQAtKC
76=kALigpAC8oKQAwSQH2pQgxSAHBUTIoKQAzKCkANCgpADUoKQA2KCkANygpADgoKQA5SAHB
77=njpIAdEUOygpADwoKQA9KCkAPigpAD8oKQBAKCkAQSgpAEIoKQBDKCkARCgpAEUoKQBGKC
78=kARygpAEgoKQBJKCkASigpAEsoKQBMKCkATUgByZtOSAEn9gkeAMkBUChVAFEoKQBSKCkA
79=UygpAFQoKQBVKCkAVigpAFdIASf2CR4A3TZZVQJliKpBAR/iUR8AJykAICgpACEoKQAiKC
80=kAIygpACQoKQAlKCkAJigpACcoKQAoKCkAKUgB2VMqSAHZUytIAdlTLEgBxT8tKCkALigp
81=AC8oKQAwSAHVhjFIASdNCh8o5B0nKQA0KIEANSgpADYoKQA3KCkAOCgpADlIAdGjOkgBxR
82=M7KCkAPCgpAD0oKQA+KCkAPygpAEAoKQBBKCkAQigpAEMoKQBEKCkARSgpAEYoKQBHKCkA
83=SCgpAEkoKQBKKCkASygpAEwoKQBNSAEnTQof4VFPVAInTAonVQBRKFUAUigpAFMoKQBUKC
84=kAVSgpAFYoKQBXSAEnTQofKE4KHwBsUkeLHQAg7VIeKCkAHygpACAoKQAhKCkAIigpACMo
85=KQAkKCkAJSgpACYoKQAnKCkAKCgpACkoKQAqSAHFVStJAalEFE1nLEgB0UAtKCkALigpAC
86=8oKQAwKCkAMUgBxVUySAHFVTMoKQA0KCkANSgpADYoKQA3KCkAOCgpADlIASd4Cif5BDtU
87=AtEUPCgpAD0oKQA+KCkAPygpAEAoKQBBKCkAQigpAEMoKQBEKCkARSgpAEYoKQBHKCkASC
88=gpAEkoKQBKKCkASygpAEwoKQBNSQHbtS5OSAHNUk8oKQBQKCkAUSgpAFIoKQBTKCkAVCgp
89=AFUoKQBWKCkAV0gBJ3sKIAD8ow8cACHtUh0oKQAeKCkAHygpACAoKQAhKCkAIigpACMoKQ
90=AkKCkAJSgpACYoKQAnKCkAKCgpACkoKQAqKCkAKygpACwoKQAtKCkALigpAC8oKQAwKCkA
91=MSgpADJIAcVVM0gBxVU0KCkANSgpADYoKQA3KCkAOCgpADlIASd4CiclBTtUAid7CiEAjV
92=hqSQA9VQKHXABJAD5IAcEEPygpAEAoKQBBKCkAQigpAEMoKQBEKCkARSgpAEYoKQBHKCkA
93=SCgpAEkoKQBKKCkASygpAEwoKQBNKCkATkgBwalPSAHFVVAoKQBRKCkAUigpAFMoKQBUKC
94=kAVSgpAFYoKQBXKCsAGwAi7VIcKCkAHSgpAB4oKQAfKCkAICgpACEoKQAiKCkAIygpACQo
95=KQAlKCkAJigpACcoKQAoKCkAKSgpACooKQArKCkALCgpAC0oKQAuKCkALygpADAoKQAxKC
96=kAMigpADNIAcVVNEgBxVU1KCkANigpADcoKQA4KCkAOUgBJX0xOkgByU47SAHNUjxJAYNA
97=UkkAPUkBhlwASQA+SAHNBT8oKQBAKCkAQUkBIUAFSQBCSQEeXABJAEMoKQBEKCkARSgpAE
98=YoKQBHSQEiTAZJAEhIAdUNSSgpAEooKQBLKCkATCgpAE0oKQBOSAEneQoi/fxQVALFVVEo
99=KQBSKCkAUygpAFQoKQBVKCkAVigrABoAI+1SGygpABwoKQAdKCkAHigpAB8oKQAgKCkAIS
100=gpACIoKQAjKCkAJCgpACUoKQAmKCkAJygpACgoKQApKCkAKigpACsoKQAsKCkALSgpAC4o
101=KQAvKCkAMCgpADEoKQAyKCkAMygpADRIAcVVNUgBJXU7NigpADcoKQA4SAHNUjlIAcU/Oi
102=gpADtJAYxcQkkAPEgBJ3oKIwDJAT5UAsGpP0gBxQhAKCkAQUkBHVgHSQBCSAGHVQEAQ0gB
103=h1UBAEQoKQBFKCkARkgBj1IBAEdJAR9YB0kASEgByQxJKCkASigpAEsoKQBMKCkATUgBJz
104=U+I+1ST1QCzVJQKCkAUSgpAFIoKQBTKCkAVCgpAFUoKwAZACTtUhooKQAbKCkAHCgpAB0o
105=KQAeKCkAHygpACAoKQAhKCkAIigpACMoKQAkKCkAJSgpACYoKQAnKCkAKCgpACkoKQAqKC
106=kAKygpACwoKQAtKCkALigpAC8oKQAwKCkAMSgpADIoKQAzKCkANCgpADUoKQA2KCkANygp
107=ADgoKQA5KCkAOkgByaY7SAHBUTwoKQA9KCkAPkgBwak/SAHNR0AoKQBBSAEneAoi4E1UTH
108=hTIswkSQECWFMiQESJAUVMBY9SAgBGSAGMUntTJAAmXANJAEhUApdaAABJKCkASkgBmwYA
109=AEtIAc0QTCgpAE1IAcmmTkgBzVJPKCkAUCgpAFEoKQBSKCkAUygpAFQoKwAYACXtUhkoKQ
110=AaKCkAGygpABwoKQAdKCkAHigpAB8oKQAgKCkAISgpACIoKQAjKCkAJCgpACUoKQAmKCkA
111=JygpACgoKQApKCkAKigpACsoKQAsKCkALSgpAC4oKQAvKCkAMCgpADEoKQAyKCkAMygpAD
112=QoKQA1KCkANigpADcoKQA4SAHBUTlJAYVEQEkAOkgBzVI7KCkAPCgpAD0oKQA+SAEneAon
113=sQZAVALVREFIASd4CiIwWEAMeFPIAXtTJQCyIvswAwBFTAWMUnhTIphEjQVHVQKsYwQBAE
114=hJAaSpAUlJAaqpAUpIAZgGeFMnDQJMVALNEE1IASd5CiUo9BQnKQBQQATRVlEoKQBSKCkA
115=UygpABdMZd0KGCgpABkoKQAaKCkAGygpABwoKQAdKCkAHigpAB8oKQAgKCkAISgpACIoKQ
116=AjKCgAaHfZESUoVQAmSQFLVCcBAAQAJ8gBAQEEAChJAUq1AilJAUepASrIAUEEK0gBwQQs
117=KCkALUkBSa0FLsgBTQUvSQFItQIwyAFVAjFIAcUIMkgB2QYzyAFBBDRJAUS5BjXIAVU4Nk
118=gB1Rg3KCkAOEkBkG8FAAA5SAHNUjooKQA7KCkAPCgpAD0oKQA+KCkAP0gB3fxASAHVDUFI
119=ASd4CiKAYlgNeFN4z0gBeFMiFESJAUVNBSNFAQB4UyLoTkwBdqcmACPgQ3pTJgAj4UMBVa
120=cmRC9DBAAASvgGeVMm/ZlMVALNEE1IASd5CiYoeAonKQBQQAQneAonVQBSKFUAFkwN0QkX
121=KCkAGCgpABkoKQAaKCkAGygpABwoKQAdKCkAHigpAB8oKQAgKCkAISgpACIoKQAjKCkAJC
122=gpACVJAUxEIlBAbCN5UwJ5UydMAkgAeFMnKQApTAVNAgBdVyooKQArKCkALEgBh5cEAC1I
123=AYeXBAAuKCkALygpADAoKQAxKCkAMigpADNIAYtDBAA0SAGHKQQANUgBZFUBBAQANsgBAQ
124=UAADdIAYMEAAA4KCkAOUkBjIIWADpIAcVVOygpADwoKQA9KCkAPigpAD9IAcGpQEgByQxB
125=SAEneAoiHCRMDHhTIjhOiQFEQQQgRgEAAVSnJ1UARlQChFV5UydQAWQEVKfABHD7IswvlQ
126=JKWAPVDUsoKQBMKCkATUgBJ3kKJyh4CicpAFBABCd4CidVABVYjd0KFigpABcoKQAYKCkA
127=GSgpABooKQAbKCkAHCgpAB0oKQAeKCkAHygpACAoKQAhKCkAIkgBaE5FSiPIAUFRJEgBbF
128=JBUSXKAQMEXWooiCNNBSdUAowBeFMnVQApKFUAKigpACsoKQAsSAGcQXlTKCSoMXhTJykA
129=L0EEg2MLBAAwKCkAMSgpADIoKQAzKCkANEgBxVU1SAF4U1EUNsgBQak3SAHVLjgoKQA5SA
130=GZEQBYU88QAAA7VAKPEAAAPCgpAD0oKQA+KCkAPygpAEBIAY8QAABBSQEkdxgAAEJJASCp
131=AUMoKQBEKCkARSgoAAJGACgAIBEAAMANACAJAAAAAAAARwAoACMAgAADSAAoAP//iQFJKC
132=kASigpAEsoKQBMKCkATUoB2wGZBk5KARYCiQFPKCkAUCgrABQAKekMFSgpABYoKQAXKCkA
133=GCgpABkoKQAaKCkAGygpABwoKQAdKCkAHigpAB8oKQAgKCkAIUkBTFgVAQEEACJJAUtKAQ
134=IEWSEpQAFLAAQAJFQCQAECAAAEACUoKQAmKCkAJygpACgoKQApKCkAKigpACsoKQAsSQGQ
135=YwsEAC1JAYOpAS4oKQAvKCkAMCgpADEoKQAyKCkAMygpADQoKQA1SQGHvQo2SQFESAEBBA
136=QAN8gBAQUAADhIAdk9OUkBjEAESQA6SAGbEQAAOygpADwoKQA9KCkAPigpAD9JAYhYB0kA
137=QEkBilwASQBBSAHJDEIoKQBDKCkARCgpAEUoKQBGKCkARygpAEgoKQBJKCkASigpAEsoKQ
138=BMKCkATSgpAE5JAdelVU9IAcdVEwAq7VIUKCkAFSgpABYoKQAXKCkAGCgpABkoKQAaKCkA
139=GygpABwoKQAdKCkAHigpAB8oKQAgSAFsUkFRIckBA3lTKlwpSAB4UycpACRABEwCuFMnVQ
140=AmKFUAJygpACgoKQApKCkAKigpACsoKQAsKCkALUgBxVUuSQGDew0EAC8oKQAwKCkAMSgp
141=ADIoKQAzKCkANCgpADVJAYaxCTZJAUKpATfIAVE0OEgBzUc5SAGPEAAAOkgBjBB6UyoAyQ
142=E8KFUAPUgBwVE+SAHBUT9IAdEJQCgpAEEoKQBCKCkAQygpAEQoKQBFKCkARigpAEcoKQBI
143=KCkASSgpAEooKQBLKCkATCgpAE0oKQBOSAHbUxIAK+1SEygpABQoKQAVKCkAFigpABcoKQ
144=AYKCkAGSgpABooKQAbKCkAHCgpAB0oKQAeKCkAHygpACBIAXhTSaYhSAF4NlGjIigpACMo
145=KQAkKCkAJSgpACYoKQAnKCkAKCgpACkoKQAqKCkAKygpACwoKQAtKCkALkgBlER6UysAk0
146=AEADBUAskBMUgBg0YEADIoKQAzKCkANCgpADVIASd7CisAQXwcdKeoAZhTJ4UGOUwF0Us6
147=SAHBqTtIAZcNAAA8SAGTCQAAPUgBzQU+KCkAPygpAEAoKQBBKCkAQigpAEMoKQBEKCkARS
148=gpAEYoKQBHKCkASCgpAEkoKQBKKCkASygpAEwoKQBNKCsAEQAs7VISKCkAEygpABQoKQAV
149=KCkAFigpABcoKQAYKCkAGSgpABooKQAbKCkAHCgpAB0oKQAeKCkAH0kBTEQ0SaYgyAEBAw
150=QAIUgBiC11pyxYA0gAdKcnKQAkQARMArSnJ1UAJihVACcoKQAoKCkAKSgpACooKQArKCkA
151=LCgpAC0oKQAuKCkALygpADAoKQAxSAHdVzJJAYNrEwQAMygpADQoKQA1SAGLmwQANkkBg0
152=BSQXI3yQECcPsnsQY5VAKcIHanLAAneQosKPYULACQCXhTJ9kAPijZAD8oKQBAKCkAQSgp
153=AEIoKQBDKCkARCgpAEUoKQBGKCkARygpAEgoKQBJKCkASigpAEsoKQBMKCsAEAAt7VIRKC
154=kAEigpABMoKQAUKCkAFSgpABYoKQAXKCkAGCgpABkoKQAaKCkAGygpABwoKQAdKCkAHigp
155=AB9JAVS1OSBIAYwxeFPIF3lTLXgDYVEjQASMASLsKSdVACUoVQAmKCkAJygpACgoKQApKC
156=kAKigpACsoKQAsKCkALSgpAC4oKQAvKCkAMCgpADEoKQAySAGYSHlTLbtIBAA0VAKXnAQA
157=NUgBblIEA1hTQARYUwEFAwA31QIGeFO0AgEHAAA5VAKIInlTLSh6Ci0AkAl0p8AleFMnKQ
158=A+KNkAPygpAEAoKQBBKCkAQigpAEMoKQBEKCkARSgpAEYoKQBHKCkASCgpAEkoKQBKKCkA
159=SygrAA8ALu1SECgpABEoKQASKCkAEygpABQoKQAVKCkAFigpABcoKQAYKCkAGSgpABooKQ
160=AbKCkAHCgpAB0oKQAeKCkAH0kBM29OBAAgSAGMMXhT1Bh5Uy54A7hTJykAJEwFmAIiaDQn
161=VQAmKFUAJygpACgoKQApKCkAKigpACsoKQAsKCkALSgpAC4oKQAvKCkAMCgpADEoKQAySA
162=HBqTNIAdX/NEgBlJx6Uy4AeVMIeFOqAQkCWFOoAQEKAQA4TAVhBAt4U9wgeVMuKHkKLih4
163=CieBAD1YBpsnAAA+KCkAPygpAEAoKQBBKCkAQkgBeNdFuENJAUl3KgQARMgBVQJFSQFHtQ
164=JGyAFVAkdJAUi1AkjIAVUCScgBAQAEAErIAVcCDgAv7VIPKCkAECgpABEoKQASKCkAEygp
165=ABQoKQAVKCkAFigpABcoKQAYKCkAGSgpABooKQAbKCkAHCgpAB0oKQAeKCkAH0gBeFNR2i
166=DJAQN5Uy9AjlQfeFPMG3H7L0gCSAB0pycpACVYBkwCfVcmKCkAJygpACgoKQApKCkAKigp
167=ACsoKQAsKCkALSgpAC4oKQAvKCkAMCgpADEoKQAyKCkAMygpADQoKQA1SQGCSaYAelMvAG
168=kBAXhTqQECeFOpAQN4U9AfelMvAJheImk0L+X6PFAJzVI9KCkAPigpAD8oKQBAKCkAQUgB
169=bFIBAgQAQsgBVS5DSAHFKUQoKQBFKCkARigpAEcoKQBIKCkASSgrAA0AMO1SDigpAA8oKQ
170=AQKCkAESgpABIoKQATKCkAFCgpABUoKQAWKCkAFygpABgoKQAZKCkAGigpABsoKQAcKCkA
171=HSgpAB4oKQAfKCkAIEgBZFUBBQAAIUkBNEQlUVYiyAFZJyNJATJUAk1zJEkBMakBJUgBhz
172=QEACZIAXACQQQnKCkAKCgpACkoKQAqKCkAKygpACwoKQAtKCkALigpAC8oKQAwKCkAMSgp
173=ADIoKQAzKCkANCgpADVIAWxSkfswmFOQ+6gBkPuoAZD7J40HOlgGmBx4UydVADwoVQA9KC
174=kAPigpAD8oKQBASAEiiE5VI0HIAUmbQkgBzSZDKCkARCgpAEUoKQBGKCkARygpAEgoKwAM
175=ADHtUg0oKQAOKCkADygpABAoKQARKCkAEigpABMoKQAUKCkAFSgpABYoKQAXKCkAGCgpAB
176=koKQAaKCkAGygpABwoKQAdKCkAHigpAB8oKQAgKCkAISgpACJIAWRVUVYjSAF4U0mPJEgB
177=eFNdVyXIAV1XJkgBYFxBMCdIAZc5BAAoSAHBMCkoKQAqKCkAKygpACwoKQAtKCkALigpAC
178=8oKQAwKCkAMSgpADIoKQAzKCkANCgpADUoKQA2SAFlVQki5T4xhVUKIuwpJ40HOUAElBh0
179=pydVADsoVQA8KCkAPSgpAD4oKQA/KCkAQEgBeFNJpkFIAckiQigpAEMoKQBEKCkARSgpAE
180=YoKQBHKCsACwAy7VIMKCkADSgpAA4oKQAPKCkAECgpABEoKQASKCkAEygpABQoKQAVKCkA
181=FigpABcoKQAYKCkAGSgpABooKQAbKCkAHCgpAB0oKQAeKCkAHygpACAoKQAhKCkAIigpAC
182=MoKQAkKCkAJUgBZFVdVyZIAXhTUVYnyAFRVihJAThzMQQAKUgBbF1dVypIAYc/BAArSAF8
183=A1UCLCgpAC0oKQAuSQGAUmIBA1LXMgBqAQIDT4YyAIFUAlX0MUAEaAFBBDJIAdEJMygpAD
184=QoKQA1KCkANkkBQHAFelMyAGgBXQk4VAKEE3D7J+UHOihVADsoKQA8KCkAPSgpAD4oKQA/
185=KCkAQEgBJRU6QUgBfA5FHkIoKQBDKCkARCgpAEUoKQBGKCgAAgoAMwDYUBVVCAtJAdCpAQ
186=xJAdKpAQ1IAdUYDigpAA8oKQAQKCkAESgpABIoKQATKCkAFCgpABUoKQAWKCkAFygpABgo
187=KQAZKCkAGigpABsoKQAcKCkAHSgpAB4oKQAfKCkAICgpACEoKQAiKCkAIygpACQoKQAlKC
188=kAJigpACdIAWRVUVYoSAF4U1kmKUgBeFNdVyrIAV1XK0gBYARRNSxJATVILkkBLUgBYFFB
189=BC7IAV3xL8oBBQJZUzOaUwMCRImoAUEEMkAEZVUFIuc+MwA2UAlJ6DRVAjdIAV0KNcgBVQ
190=I2SAFsUl2ZN8kBA3WnM/WROVQCzTw6KCkAOygpADwoKQA9KCkAPigpAD8oKQBASAF4U0EP
191=QUgBdBFZEUIoKQBDKCkARCgpAEUoKwAJADTtUgpIASV1ZwsoKQAMKCkADUgBxVUOSAHVGA
192=8oKQAQKCkAESgpABIoKQATKCkAFCgpABUoKQAWKCkAFygpABgoKQAZKCkAGigpABtJASGW
193=HwAcSQEeqQEdKCkAHigpAB9JASKhBCBIAdUYISgpACIoKQAjKCkAJCgpACUoKQAmKCkAJy
194=gpACgoKQApKCkAKkgBZFVdVytIAXhTXVcsSAF4U11XLUgBeFMBBgAALsoBBwBVpzSWpwgB
195=WVM0mlMGAVhTqAFBBDJMBXpTCABZOjSYU0lONFQCeFNdCjXIAVUCNkgBwQ83SAHRHzgoKQ
196=A5KCkAOigpADsoKQA8KCkAPSgpAD4oKQA/KCkAQEkBU2stBABBSAFkAZhTdCBTAQQAQyhV
197=AEQoKwAIADXtUglIAc1SCigpAAsoKQAMKCkADUkB0UQqRQsOSAHNGw8oKQAQKCkAESgpAB
198=IoKQATKCkAFCgoAAoVADUA//8AAAAAABYAEQAAsQ0AIAg1AP//AAAAAAAXACcpABgoKQAZ
199=KCkAGkkBIUAFSQAbSQElXABJABxIAZcCAQAdSQEeSAIBAAEAHkkBIqkBH0kBH2sBAAAgSA
200=HVDSEoKQAiKCkAIygpACQoKQAlKCkAJigpACcoKQAoKCkAKSgpACooKQArKCkALCgpAC0o
201=KQAuSAEFgAEAAAoAAC/IAQELAAAwSQGBVAIBCQAAMcgBQQQySAHVGDMoKQA0KCkANSgpAD
202=YoKQA3KCkAOCgpADkoKQA6KCkAOygpADwoKQA9KCkAPigpAD8oKQBASQE0ay0EAEFIAZMU
203=BABCSAFwAgEABABDKCgAAgcANgDYTBtFAwhKARYCQwEAAAkoKQAKKCkACygpAAwoKQANSQ
204=HRpQgOSAGXDQAADygpABAoKQARKCkAEigpABMoKQAUKCkAFUgBh0oAABZIAYRKeVM2VEqR
205=FBgoVQAZKCkAGkgBzVIbSAGHCAEAHEgBlAJ7UzYArn0VAkMJNgAmbwkBAB9BBCpoAXpTNg
206=CTVgAAIVQCwRoiKCkAIygpACQoKQAlKCkAJigpACcoKQAoKCkAKSgpACooKQArKCkALCgp
207=AC0oKQAuKCkALygpADAoKQAxKCkAMigpADMoKQA0KCkANSgpADYoKQA3KCkAOCgpADkoKQ
208=A6KCkAOygpADwoKQA9KCkAPigpAD8oKQBASAF4U0lNQckBA3lTNrgvAgQABgA37VIHSAHN
209=UggoKQAJKCkACigpAAsoKQAMKCkADUgBJ3kKN/WcD1QCwTsQKCkAESgpABIoKQATSAGbSA
210=AAFEgBwVEVSAGESntTNwCwZUoBV6c3AKipARhABMkBGUkBpLUCGkkBpqkBG0kBHWweeVM3
211=YwEAAAJXpzcAr2AEelM3AI0FAllTN0wATQQBVKfIAXhTJ0EDIlAJwRojKCkAJCgpACUoKQ
212=AmKCkAJygpACgoKQApKCkAKigpACsoKQAsKCkALSgpAC4oKQAvKCkAMCgpADEoKQAyKCkA
213=MygpADQoKQA1KCkANigpADcoKQA4KCkAOSgpADooKQA7KCkAPCgpAD0oKQA+KCkAPygpAE
214=AoKQBBSAFkVQMFAAAFADjtUgZIAc1SBygpAAgoKQAJKCkACigpAAsoKQAMKCkADUgBJ3kK
215=OCh4CicpABBABME7ESgpABIoKQATSAGYSHlTOKubAQAVVAKRVgFVpzhEnY1HF1QCn1cBAB
216=hIAZecAQAZSQGra04BABpJAampARtJASRUBln4HEkBIKkBHUkBKKkBHkkBsWwFeVM4KHgK
217=yAF4UycVAyJMBdUYIygpACQoKQAlKCkAJigpACcoKQAoKCkAKSgpACooKQArKCkALCgpAC
218=0oKQAuSAFkF00AL0gB2REwKCkAMUkBjVQDSQAySQGHXABJADNIAc0FNCgpADUoKQA2KCkA
219=NygpADgoKQA5KCkAOigpADsoKQA8KCkAPSgpAD4oKQA/KCkAQCgrAAQAOe1SBUgBzVIGKC
220=kABygpAAgoKQAJKCkACigpAAsoKQAMKCkADSgpAA5JAdJ4PXH7OeVVEFQC1SMRKCkAEigp
221=ABNIASd6CjkAgEZ5UzlEnVQreVM5tacCVac54Z4YWAYjuCh4UyfZABpUApcNAQAbSAHRrh
222=xJAapkE3L7OQDRVh5UAtFWH0kBI1ENAHWnOaj+eVM5vWIAWf05TABmBAAjTAWJDABACSeZ
223=AyUoVQAmKCkAJygpACgoKQApSQH3exEAACpJAe+pAStJAfGpASxIAckMLSgpAC4oKQAvKC
224=kAMEgBzVIxSQGDjhQAMigpADNJAYW1AjQoKQA1SAHdVzZIAdUNNygpADgoKQA5KCkAOigp
225=ADsoKQA8KCkAPSgpAD4oKQA/KCsAAwA67VIESAHNUgUoKQAGKCkABygpAAgoKQAJKCkACi
226=gpAAsoKQAMKCkADSgpAA5IAcGpD0gBxR4QKCkAESgpABIoKQATSAGARnanOgCJmwBVpzpU
227=P1QqeFPUAnH7Or1XAlWnOuGeGUUIJ0gFSQAaSQEgXABJABsoKQAcSAHdCh1JAaxwQCJpND
228=ompSAfVAIlpSAgSAElpSAhSAGV/wFIU9UNAFlTOulvJEAE2RwlKCkAJigpACdIAcFRKEgB
229=wVEpSQHtbBB6UzoAyQErKFUALEgBzQUtSAHRVi5IAdUNLygpADBJAZBYHUkAMUgBJ3oKOg
230=DJATMoVQA0KCkANSgpADZIAd1XNygpADgoKQA5KCkAOkgB1Vo7SAHZETwoKQA9KCkAPigr
231=AAIAO+1SA0gBzVIEKCkABSgpAAYoKQAHKCkACCgpAAkoKQAKKCkACygpAAwoKQANKCkADk
232=gBJ3kKO+k4EFQC1RgRKCkAEigpABMoKQAUSAHFVRVIAcVKFkgBlAJ6UzsAlE9x+ztERVAy
233=dac7pVUAUPsn4QEbWAbBDxxIAcG0HUgBwbQeSAGABCJoNNgGdac7JHMqAQAhQAQlpSAiSA
234=EjGDV5UzvtqiRUAiODIQAAJUgBkQkATq87AM1SJ1QC1U8oKCkAKSgpACooKQArKCkALCgp
235=AC0oKQAuSAHFVS9IAdUNMCgpADFIAcVVMkgBJ3kKO+VVNChVADUoKQA2KCkANygpADgoKQ
236=A5KCkAOkkBilAuSQA7SAHNEDwoKQA9KCsAAQA87VICSgEWAlMGAAADKCkABCgpAAUoKQAG
237=KCkABygpAAgoKQAJKCkACigpAAsoKQAMKCkADSgpAA5IASd5CjwoeAonKQARQATBGhIoKQ
238=ATKCkAFCgpABVIAYxSImk0PKxSIuQ+JykAGEAEh1UAABlIAYjzeFMntQEbVALVDRxIAdEJ
239=HUgB2QYeKCkAHygpACBIAd1iIUgBJf0rIkgBJdErI0gBjVIBWbs8/WIlVALVDSZJAfaxoy
240=dIASd5Cjz9pCkoVQAqKCkAKygpACwoKQAtKCkALkkB8L0KL0gB1Q0wKCkAMSgpADJJAYya
241=QQAzSAHFVTQoKQA1KCkANigpADcoKQA4SQGIpQg5SAHNUjpIAcEPOygpADwoKAABAgA9AC
242=cgCicpAAQoVQAFKCkABigpAAcoKQAIKCkACSgpAAooKQALKCkADCgpAA0oKQAOSAEnIQo9
243=KCAKJykAEUAE1RgSKCkAEygpABQoKQAVKCkAFigpABcoKQAYKCkAGSgpABooKQAbKCkAHC
244=gpAB0oKQAeKCkAHygpACBIAc2qIegBe/g9ALJxQAJRsz20T2BRyAF8pCeZAyZZBvpvBQAA
245=J0gBJyEKPSggCicpACoogQArKCkALCgpAC0oKQAuKCkAL0gB3fwwSAHVpzFIAd0rMkgBya
246=YzSAEnIQo96aY1KFUANigpADdJAYa1TzhIAdEJOSgpADooKQA7KCsAAwA+9U8EKCkABSgp
247=AAYoKQAHKCkACCgpAAkoKQAKKCkACygpAAwoKQANKCkADkgBJ8kJPijICScpABFABNUYEi
248=gpABMoKQAUKCkAFSgpABYoKQAXKCkAGCgpABkoKQAaKCkAGygpABwoKQAdKCkAHigpAB8o
249=KQAgSAEnygk+AIimaU4+va8BSU4+TABcMmlOPrRPaE4nmQMmRAjZHCdIAdVPKEgB1U8pKC
250=kAKigpACsoKQAsKCkALSgpAC4oKQAvKCkAMEgBxaIxSAHBDzIoKQAzSAHZoDRIAdVPNSgp
251=ADYoKQA3SAEnyAknQQM5VALdCjooKwAEAD/9TAUoKQAGKCkABygpAAgoKQAJKCkACigpAA
252=soKQAMKCkADSgpAA5IASdxCT8ocAknKQARQATRFBIoKQATKCkAFCgpABVIASXxJBZIAdF3
253=F0gB0XcYSAHRCRkoKQAaKCkAGygpABwoKQAdKCkAHigpAB8oKQAgSAGESiLVPD+kSiLUPC
254=cpACNABMnzJEgBxfolSAHZESYoKQAnKCkAKEgB2e0pSAHdTCooKQArKCkALCgpAC0oKQAu
255=KCkALygpADAoKQAxSAHVIzJIAdkRM0gByZs0SAEncgk/AMkBNihVADdIASdwCSfdBjlUAt
256=MJBQBA5UoGKCkABygpAAgoKQAJKCkACigpAAsoKQAMKCkADSgpAA5IAScZCUAoGAknKQAR
257=QATZERIoKQATKCkAFEgBzUcVSAHJLRYoKQAXKCkAGEgBzSYZSAHdChooKQAbKCkAHCgpAB
258=0oKQAeKCkAHygpACAoKQAhKCkAIigpACMoKQAkKCkAJSgpACYoKQAnKCkAKEgB2ZUpSAHN
259=GyooKQArKCkALCgpAC0oKQAuKCkALygpADAoKQAxSAHZlTJIAckiMygpADRIAcVKNUgBJx
260=kJQOVKN1QCJSUmOEgBxwgGAEHtRwcoKQAIKCkACSgpAAooKQALKCkADCgpAA0oKQAOSQHV
261=JP0gD0gB1Q0QKCkAESgpABIoKQATKCkAFEgBzXMVSAHRKhYoKQAXKCkAGCgpABlIAcGTGk
262=gB2UgbSAHNEBwoKQAdKCkAHigpAB8oKQAgKCkAISgpACIoKQAjKCkAJCgpACUoKQAmKCkA
263=JygpACgoKQApSAHNRypIAdkcKygpACwoKQAtKCkALigpAC8oKQAwKCkAMSgpADJIAd0gM0
264=gB3SA0KCkANUgBzUc2SAHVRDdIAc8FBwBC9UQIKCkACSgpAAooKQALKCkADCgpAA1IAd1B
265=DkkBAKAABw8AQgAAAAAAAAARAABKCmYZBAAQAEIAAACBABEoKQASSgH//5UCEygpABRKAf
266=YBlQIVSQHtqQEWKCkAFygpABgoKQAZKCkAGkkB8LkGG0gByQwcKCkAHSgpAB4oKQAfKCkA
267=ICgpACFJAY2WEQAiSQGFqQEjSQGHqQEkSAHJDCUoKQAmKCkAJygpACgoKQApKCkAKkkB+r
268=0VK0gBxR4sKCkALSgpAC4oKQAvKCkAMCgpADEoKQAySAHdIDNIAdEUNCgpADUoKQA2KCgA
269=AwgAQwAWApEbCSgpAAooKQALKCkADEkB0akXDUgByQwOSAGfBwAADygpABBIAcEEEUgBwQ
270=QSSAHVAhMoKQAUSAHJIhVIAckiFigpABcoKQAYKCkAGSgpABooKQAbSQHxsRQcSAHVDR0o
271=KQAeKCkAHygpACAoKQAhSQGMoRYiSQGDqQEjKCkAJEgByUMlKCkAJkgB1UQnSAHBDygoKQ
272=ApKCkAKigpACtIAdEfLEgB0R8tKCkALigpAC8oKQAwKCkAMSgpADJJAfSxHzNIAc0QNCgp
273=ADUoKwAJAETlPwooKQALKCkADEgBJ7oHRADRCQ5VAiGpIg9JAR6pARBJASKpARFIAaYBAB
274=JIAdkGEygpABQoKQAVSAHZfxZIAdEfFygpABgoKQAZKCkAGigpABtIAdleHEgB1Q0dKCkA
275=HigpAB8oKQAgKCkAIUkBkKEWIkgBJ7oHRADJASQoVQAlKCkAJkkBhrkGJ0gBwQ8oKCkAKS
276=gpACooKQArKCkALEgBxT8tSQHyvTYuSAHdIC8oKQAwKCkAMUgBzTwySAHBDzMoKQA0KCsA
277=CgBF7TwLKCkADEgBJ2EHRShjB0UAHaEaD0EErnkRAVO5RQAmtQIRVALNPBJIAcEPEygpAB
278=QoKQAVSAEnYgdFAMEaF1QCyQEYKCkAGSgpABooKQAbSAEnYAcnkQIdVALBDx4oKQAfKCkA
279=ICgpACEoKQAiSAHJeiNIASdhB0XtPCUoVQAmSAEnYAcn4QEoVALBDykoKQAqKCkAKygpAC
280=woKQAtKCkALkgB2T0vSAHZPTBIAdU5MUgByQwyKCkAMygrAAsARvU5DEgBJwkHRigJB0Yo
281=CwdGAK/rOEYApqkBEVkGH7U5EkgB1Q0TKCkAFCgpABVIAd0VFkgB3RUXSAEnCQdG4TsZKF
282=UAGigpABsoKQAcSAHVsh1IAcEPHigpAB8oKQAgKCkAISgpACJIAdl0I0gBJwkHRigIBycp
283=ACZBBIa5HCdIAdUNKCgpACkoKQAqKCkAKygpACwoKQAtKCkALigpAC8oKQAwKCkAMSgpAD
284=IoKAACDABHANVjMAAADUgB2REOSQEksRQPSQEoqQEQSQGxbwUBABFIASexBkftPBNUAsUI
285=FCgpABUoKQAWKCkAF0gByTgYSAHJOBkoKQAaSAHVORsoKQAcSAHJbx1IAdUNHigpAB8oKQ
286=AgKCkAISgpACIoKQAjSAHJbyRIAd02JSgpACYoKQAnSQGLvSAoSAHBDykoKQAqKCkAKygp
287=ACwoKQAtKCkALigpAC8oKQAwKCkAMSgrAA0ASP0rDigpAA9IAcU0EEkBIKUTEUkBI6kBEk
288=gB0RQTKCkAFCgpABUoKQAWKCkAFygpABgoKQAZKCkAGkgB3TYbSAHdNhxIAcmFHUgBwQ8e
289=KCkAHygpACAoKQAhKCkAIigpACNIAdlpJEgBJ1sGSACIrRsmVQKKqQEnSAHVDSgoKQApKC
290=kAKigpACsoKQAsKCkALSgpAC4oKQAvKCkAMCgrAA4ASe0xD0gBJTkuEEgBJc0lEUgBJaEl
291=EkgBxRMTKCkAFCgpABUoKQAWKCkAFygpABgoKQAZKCkAGigpABsoKQAcKCkAHSgpAB4oKQ
292=AfKCkAICgpACEoKQAiKCkAIygpACRJAZKpLSVIAcEaJigpACcoKQAoKCkAKSgpACooKQAr
293=KCkALCgpAC0oKQAuKCkALygoAAEPAEoA2XQQSAHdQREoKQASSAHBMBNIAcEwFEgB3RUVKC
294=kAFigpABcoKQAYKCkAGSgpABooKQAbKCkAHCgpAB0oKQAeKCkAHygpACAoKQAhKCkAIigp
295=ACMoKQAkKCkAJSgpACYoKQAnKCkAKCgpACkoKQAqKCkAK0gB2VMsSAHVIy0oKQAuSAHDJR
296=AAS+VrEUgB3SsSKCkAE0gBzdYUSAEnUQVL8WEWKFUAFygpABgoKQAZKCkAGigpABsoKQAc
297=KCkAHSgpAB4oKQAfKCkAICgpACEoKQAiKCkAIygpACQoKQAlKCkAJigpACcoKQAoKCkAKU
298=gB2ScqSAHZJytIAdUjLCgpAC0oKwARAEzlVRJIAc0FEygpABRIAdUuFUgBxSkWKCkAFygp
299=ABgoKQAZKCkAGigpABsoKQAcKCkAHSgpAB4oKQAfKCkAICgpACEoKQAiKCkAIygpACQoKQ
300=AlKCkAJigpACcoKQAoSAHNJilIAdEfKigpACsoKQAsKCsAEgBNJpkkEygpABQoKQAVSAHB
301=MBYoKQAXSAHFKRhIAcUpGSgpABooKQAbKCkAHCgpAB0oKQAeKCkAHygpACAoKQAhKCkAIi
302=gpACMoKQAkKCkAJUgB3SAmSAHJFycoKQAoSAHVIykoKQAqKCkAK0gBy90TAE71IxQoKQAV
303=KCkAFigpABcoKQAYSAHBDxkoKQAaSAHNJhtIAc0mHEgB3RUdSAHZBh4oKQAfKCkAICgpAC
304=EoKQAiKCkAIygpACQoKQAlSAHFHiYoKQAnKCkAKCgpACkoKQAqSAHf/BQAT/0gFSgpABYo
305=KQAXKCkAGCgpABkoKQAaKCkAG0gB2RwcSAHFEx0oKQAeKCkAHygpACAoKQAhKCkAIigpAC
306=MoKQAkKCkAJSgpACYoKQAnKCkAKCgpAClIAcceFQBQ5R4WKCkAFygpABgoKQAZKCkAGigp
307=ABsoKQAcKCkAHSgpAB4oKQAfKCkAICgpACEoKQAiKCkAIygpACQoKQAlKCkAJigpACcoKQ
308=AoSAHXyBYAUe0bFygpABgoKQAZKCkAGigpABsoKQAcKCkAHSgpAB4oKQAfKCkAICgpACEo
309=KQAiKCkAIygpACQoKQAlKCkAJigpACcoKwAXAFL1GBgoKQAZKCkAGigpABsoKQAcKCkAHS
310=gpAB4oKQAfKCkAICgpACEoKQAiKCkAIygpACQoKQAlKCkAJigrABgAU/0VGSgpABooKQAb
311=KCkAHCgpAB0oKQAeKCkAHygpACAoKQAhKCkAIigpACMoKQAkKCkAJSgrABkAVOUTGigpAB
312=soKQAcKCkAHSgpAB4oKQAfKCkAICgpACEoKQAiKCkAIygpACQoKwAaAFXtEBsoKQAcKCkA
313=HSgpAB4oKQAfKCkAICgpACEoKQAiKCkAIygrABsAVvUNHCgpAB0oKQAeKCkAHygpACAoKQ
314=AhKCkAIigrABwAV/0KHUgB1cgeKCkAHygpACAoKQAhSAEnGxRYAPsilD8EAAAeAFgA76kB
315=HygpACBJAfW3Ah4AWSRsMAoAAB8AWQAAAAAAAAAAEQAA

[Lighting]
Red=1.000000
Blue=1.000000
Green=1.000000
Level=0.032000
Ground=0.000000
IonRed=1.000000
Ambient=1.000000
IonBlue=1.000000
IonGreen=1.000000
IonLevel=0.032000
IonGround=0.000000
IonAmbient=1.000000
DominatorRed=0.850000
DominatorBlue=0.300000
DominatorGreen=0.200000
DominatorLevel=0.000000
DominatorGround=0.000000
DominatorAmbient=1.500000
DominatorAmbientChangeRate=0.009000

[Map]
Size=0,0,60,30
Theater=TEMPERATE
LocalSize=2,4,56,24

[Neutral]
IQ=0
Edge=North
Color=Grey
Allies=Neutral
Country=Neutral
Credits=0
NodeCount=0
TechLevel=1
PercentBuilt=0
PlayerControl=no

[Nod]
IQ=0
Edge=North
Color=Gold
Allies=Nod
Country=Nod
Credits=0
NodeCount=0
TechLevel=1
PercentBuilt=0
PlayerControl=no

[OverlayDataPack]
1=UQAAIP49DACCBAb+/gEAgwcKB//+AUAMggsK//0BPgyEBgoLCP79AQCCCAv//gE+DgQB//
2=4BPxAEAf/+AUIW//8BQBSBCP/9AUEahAMEAAP+vwEAgJAAACD+LxAAhAQHBwb+/AEAhQcL
3=CwoH//EBQA6BBP4JAACCBgoCAYEI/+4BMhCCBwvIMxKBCP4EAAvXMhKBBv4GAAqBDP7MAQ
4=CBCMkkFgYBEgHVNRSBBf4GAACCAwj+ygEABfPIJRgWAf4DAAvVVxj/0wEzEgPyyTcaJgHW
5=NRhEAP/QAWMQyDgcRAHUTxr/sQFPHICXAAAg/iIAAIUGCgsLCP4LAACBBwAQgwsLB/4WAA
6=CBBf7TAQAB8YMKCATLKACCCgb+FgAAgQP+1AEAgQb+AwAHyCgCEBDUOAL+AAIAgQbJJgD+
7=8wEA/9QBTwD/LAQiCIIDDP8AAk8M//8BTwb+ygMA//8BNATBIgDVNwL+5AEAgQfYNAD/6Q
8=E0GP/0AVAQxE8CIgCBCv/iAR0agMEAACD+EQAAggcHMAeCCgj+AwAHggYD/vABAIQGCgoG
9=yA0A/vEBAIQGCgsIEAf/9wEZAoUAAAgKCAQBgQckBf7sAQCBAv4DAAqBDDP6gQT+AwAG/v
10=UBAIQFBAYAIfqBBP72AQACAP/yAR4AyQIM/v8BAP//AQ0OggIJ/hsCAIEG//IBFwb+CwAA
11=hgQICgsKCP/3ARYKwRUC/gUAC8ETBP/5ARoC/gMAC4EK//kBGATAFwD//wEpGoEI/gUAC8
12=MSAv7LAQCAUwAAIP4pAACCBgr+BQALgQj++QEAgQciAYIKBv7aAQCBBOEMAoEH/toBAIEF
13=3QoAgggK/90BLwLdDAYCAoEH/9sBMQbgCwj+3gEA/wACDAqBAf7zEQCABQAAIP4AIACABQ
14=AAIP4AIACABQAAIP4AIACABQAAIP4AIACABQAAIP4AIACABQAAIP4AIACABQAAIP4AIACA
15=BQAAIP4AIACABQAAIP4AIACABQAAIP4AIACABQAAIP4AIACABQAAIP4AIACABQAAIP4AIA
16=CABQAAIP4AIACABQAAIP4AIACABQAAIP4AIACABQAAIP4AIACABQAAIP4AIACABQAAIP4A
17=IACABQAAIP4AIACABQAAIP4AIACABQAAIP4AIACABQAAIP4AIACABQAAIP4AIACABQAAIP
18=4AIACABQAAIP4AIACABQAAIP4AIACA

[OverlayPack]
1=MQAAIP49DP+CHh7/AAI/Cv/+AT4M/gQAHv/8A0EO/wUCPBD//QNAEP8ABEAYgf//wAFAHI
2=BQAAAg/i8Q//4EAHD/AAIzDv/wATIQyTES/gcAcP/5ATYS3S4U/ggAzP/gAVcU1TYWQfn/
3=zAFVFss0GOMwGP/bAWMO2zAa/9cBTxrmJRr/sQFPHIBZAAAg/iIA//4FAHDNFwDKJQD+Cw
4=D/gcz+0wH/zTMA//ABMwDSIQD+FgL/gszM//8BUAT/AAJPBP8ABE8I/wEETgz+yQP///8B
5=NATZMwL/3QU0FoEe4CwA/ssB/4ByAAAg/hEA/4IeHv4FAP/+CABw/vAB//4EAB4yAP72Af
6=9CAP/4ARgCUgFGBv7rAf/+BQDMOABWBP7xAf+BzBH9JAX+9gH/AgD/9wEWCEIA/v8B////
7=AQ0OKgD+GAL///MBHQDLHhT/9AEcAP8QAh4W/9IFLRiAOQAAIP4pAP/+CABw/vkB///iAS
8=kAgcziDAL/+QEyAkIB//oBMgQiAv7bAf/fDAj+3gH//wAEDAr+9A//gAUAACD+ACD/gAUA
9=ACD+ACD/gAUAACD+ACD/gAUAACD+ACD/gAUAACD+ACD/gAUAACD+ACD/gAUAACD+ACD/gA
10=UAACD+ACD/gAUAACD+ACD/gAUAACD+ACD/gAUAACD+ACD/gAUAACD+ACD/gAUAACD+ACD/
11=gAUAACD+ACD/gAUAACD+ACD/gAUAACD+ACD/gAUAACD+ACD/gAUAACD+ACD/gAUAACD+AC
12=D/gAUAACD+ACD/gAUAACD+ACD/gAUAACD+ACD/gAUAACD+ACD/gAUAACD+ACD/gAUAACD+
13=ACD/gAUAACD+ACD/gAUAACD+ACD/gA==

[Russians]
IQ=0
Edge=North
Color=DarkRed
Allies=Russians
Country=Russians
Credits=0
NodeCount=0
TechLevel=1
PercentBuilt=0
PlayerControl=no

[Special]
IQ=0
Edge=North
Color=Grey
Allies=Special
Country=Special
Credits=0
NodeCount=0
TechLevel=1
PercentBuilt=0
PlayerControl=no

[SpecialFlags]
Inert=no
FogOfWar=no
IonStorms=no
MCVDeploy=no
Meteorites=no
Visceroids=yes
FixedAlliance=no
TiberiumGrows=yes
InitialVeteran=no
HarvesterImmune=no
TiberiumSpreads=yes
TiberiumExplosive=no
DestroyableBridges=yes

[Structures]
0=Neutral,CAEUR2,256,9,56,64,None,1,0,1,0,0,None,None,None,0,0
1=Neutral,CAEUR2,256,9,58,64,None,1,0,1,0,0,None,None,None,0,0
2=Neutral,CAEUR1,256,7,58,64,None,1,0,1,0,0,None,None,None,0,0
3=Neutral,CAEUR1,256,7,60,64,None,1,0,1,0,0,None,None,None,0,0
4=Neutral,CAEUR1,256,7,56,64,None,1,0,1,0,0,None,None,None,0,0
5=Neutral,CAEUR04,256,8,64,64,None,1,0,1,0,0,None,None,None,0,0
6=Neutral,CAEUR04,256,2,59,64,None,1,0,1,0,0,None,None,None,0,0
7=Neutral,CAEUR2,256,11,53,64,None,1,0,1,0,0,None,None,None,0,0
8=Neutral,CAEUR1,256,11,55,64,None,1,0,1,0,0,None,None,None,0,0
9=Neutral,CAMISC03,256,10,63,64,None,1,0,1,0,0,None,None,None,0,0
10=Neutral,CAPARK06,256,11,57,64,None,1,0,1,0,0,None,None,None,0,0
11=Neutral,CAPARK06,256,11,58,64,None,1,0,1,0,0,None,None,None,0,0
12=Neutral,CAPARK06,256,9,60,64,None,1,0,1,0,0,None,None,None,0,0
13=Neutral,CAPARK06,256,9,61,64,None,1,0,1,0,0,None,None,None,0,0
14=Neutral,CAPARK06,256,12,65,64,None,1,0,1,0,0,None,None,None,0,0
15=Neutral,CAPARK06,256,12,64,64,None,1,0,1,0,0,None,None,None,0,0
16=Neutral,CAWASH18,256,11,61,64,None,1,0,1,0,0,None,None,None,0,0
17=Neutral,CAOILD,256,37,45,64,None,1,0,1,0,0,None,None,None,0,0
18=Neutral,CAOILD,256,39,42,64,None,1,0,1,0,0,None,None,None,0,0
19=Neutral,CAMACH,256,41,46,64,None,1,0,1,0,0,None,None,None,0,0
20=Neutral,CAOILD,256,43,42,64,None,1,0,1,0,0,None,None,None,0,0
21=Neutral,INGALITE,256,43,45,64,None,1,0,1,0,0,None,None,None,0,0
22=Neutral,INGALITE,256,39,45,64,None,1,0,1,0,0,None,None,None,0,0
23=Neutral,CAEUR04,256,83,29,64,None,1,0,1,0,0,None,None,None,0,0
24=Neutral,CAEUR2,256,80,29,64,None,1,0,1,0,0,None,None,None,0,0
25=Neutral,CAEUR2,256,80,31,64,None,1,0,1,0,0,None,None,None,0,0
26=Neutral,CAEUR1,256,82,36,64,None,1,0,1,0,0,None,None,None,0,0
27=Neutral,CAEUR1,256,81,36,64,None,1,0,1,0,0,None,None,None,0,0
28=Neutral,CAEUR2,256,79,36,64,None,1,0,1,0,0,None,None,None,0,0
29=Neutral,CAEUR2,256,79,38,64,None,1,0,1,0,0,None,None,None,0,0
30=Neutral,CAMISC03,256,84,32,64,None,1,0,1,0,0,None,None,None,0,0
31=Neutral,CAMISC01,256,83,32,64,None,1,0,1,0,0,None,None,None,0,0
32=Neutral,INGALITE,256,82,29,64,None,1,0,1,0,0,None,None,None,0,0
33=Neutral,INGALITE,256,81,38,64,None,1,0,1,0,0,None,None,None,0,0
34=Neutral,INGALITE,256,85,34,64,None,1,0,1,0,0,None,None,None,0,0
35=Neutral,INGALITE,256,7,63,64,None,1,0,1,0,0,None,None,None,0,0
36=Neutral,INGALITE,256,10,55,64,None,1,0,1,0,0,None,None,None,0,0
37=Neutral,CAPARK01,256,81,33,64,None,1,0,1,0,0,None,None,None,0,0
38=Neutral,CAPARK01,256,80,33,64,None,1,0,1,0,0,None,None,None,0,0
39=Neutral,CAPARK01,256,82,33,64,None,1,0,1,0,0,None,None,None,0,0
40=Neutral,CAPARK04,256,82,35,64,None,1,0,1,0,0,None,None,None,0,0
41=Neutral,CAPARK04,256,81,35,64,None,1,0,1,0,0,None,None,None,0,0
42=Neutral,CAPARK04,256,80,35,64,None,1,0,1,0,0,None,None,None,0,0

[TeamTypes]

[Terrain]
1060=TREE01
2059=TREE02
2060=TREE25
2061=TREE08
3059=TREE33
3060=TREE31
3061=TREE25
3062=TREE25
4057=TREE05
4058=TREE25
4059=TREE08
4060=TREE01
4061=TREE14
4062=TREE02
4063=TREE02
5056=TREE25
5057=TREE01
5058=TREE14
5059=TREE03
5060=TREE33
5061=TREE01
5062=TREE14
5063=TREE05
5064=TREE33
6055=TREE33
6056=TREE05
6057=TREE03
6058=TREE05
6059=TREE01
6060=TREE03
6063=TREE31
6064=TREE31
6065=TREE31
7055=TREE06
7056=TREE02
7057=TREE25
7058=TREE33
7059=TREE31
7060=TREE14
7065=TREE08
7066=TREE02
8054=TREE03
8055=TREE14
8056=TREE14
8059=TREE31
8060=TREE08
8066=TREE06
8067=TREE33
9052=TREE14
9053=TREE01
9054=TREE31
9055=TREE03
9056=TREE03
9057=TREE01
9058=TREE01
9059=TREE06
9060=TREE01
9066=TREE08
9067=TREE08
9068=TREE25
10051=TREE31
10052=TREE31
10053=TREE06
10054=TREE01
10055=TREE14
10056=TREE14
10057=TREE31
10058=TREE02
10059=TREE31
10060=TREE01
10061=TREE05
10067=TREE01
10068=TREE01
10069=TREE08
11050=TREE05
11051=TREE14
11052=TREE33
11053=TREE25
11054=TREE05
11060=TREE05
11061=TREE03
11067=TREE14
11068=TREE01
11069=TREE01
11070=TREE25
12049=TREE03
12050=TREE02
12051=TREE31
12052=TREE31
12060=TREE03
12061=TREE25
12062=TREE31
12068=TREE31
12069=TREE08
12070=TREE14
12071=TREE08
13048=TREE05
13049=TREE33
13050=TREE02
13060=TREE25
13061=TREE14
13062=TREE31
13068=TREE25
13069=TREE14
13070=TREE08
13071=TREE06
13072=TREE02
14048=TREE08
14060=TREE05
14061=TREE31
14068=TREE01
14069=TREE02
14070=TREE02
14071=TREE33
14073=TREE03
15059=TREE06
15060=TREE31
15067=TREE05
15068=TREE33
15069=TREE06
15070=TREE08
15071=TREE02
15072=TREE14
15073=TREE06
15074=TREE05
16066=TREE25
16067=TREE01
16069=TREE01
16070=TREE14
16071=TREE02
16072=TREE31
16073=TREE06
16074=TREE08
16075=TREE25
17066=TREE05
17067=TREE31
17068=TREE01
17069=TREE14
17071=TREE14
17072=TREE02
17073=TREE33
17074=TREE33
17075=TREE31
17076=TREE08
18068=TREE14
18069=TREE02
18070=TREE31
18071=TREE31
18072=TREE31
18073=TREE02
18074=TREE33
18075=TREE06
18076=TREE31
18077=TREE05
19074=TREE33
19075=TREE05
19076=TREE01
19077=TREE05
19078=TREE05
20075=TREE25
20076=TREE03
20077=TREE06
20078=TREE02
20079=TREE25
21077=TREE05
21078=TREE25
21079=TREE08
21080=TREE05
22079=TREE01
22080=TREE02
22081=TREE02
23080=TREE05
23081=TREE25
23082=TREE06
24082=TREE08
24083=TREE33
25084=TREE03
27034=TREE13
28033=TREE14
28034=TREE08
29032=TREE03
29033=TREE03
29052=TIBTRE01
30031=TREE08
30032=TREE33
30033=TREE14
31031=TREE13
31032=TREE01
31033=TREE14
31036=TIBTRE02
32029=TREE14
32030=TREE06
32031=TREE03
32032=TREE05
32033=TREE14
33028=TREE06
33029=TREE01
33030=TREE01
33031=TREE04
33032=TREE31
33033=TREE06
34027=TREE31
34028=TREE14
34029=TREE33
34030=TREE33
34031=TREE33
34032=TREE08
34033=TREE33
34034=TREE13
35026=TREE13
35027=TREE31
35028=TREE08
35029=TREE33
35030=TREE08
35031=TREE04
35032=TREE13
35034=TREE05
35035=TREE04
35050=TREE08
35051=TREE08
36025=TREE06
36026=TREE08
36027=TREE13
36028=TREE08
36029=TREE08
36030=TREE13
36032=TREE13
36033=TREE13
36034=TREE13
36035=TREE08
36052=TREE33
37025=TREE01
37026=TREE33
37027=TREE01
37028=TREE31
37029=TREE13
37030=TREE14
37031=TREE33
37032=TREE06
37033=TREE04
37034=TREE31
37053=TREE31
38023=TREE08
38024=TREE06
38025=TREE06
38027=TREE04
38028=TREE13
38029=TREE13
38030=TREE33
38031=TREE14
38038=TREE05
38040=TREE06
38042=TREE05
38043=TREE05
38049=TREE03
38050=TREE31
38051=TREE06
38052=TREE01
38053=TREE04
38054=TREE02
39022=TREE33
39023=TREE31
39024=TREE31
39025=TREE13
39026=TREE14
39027=TREE13
39028=TREE05
39029=TREE06
39037=TREE04
39038=TREE08
39039=TREE08
39040=TREE08
39041=TREE03
39042=TREE05
39043=TREE02
39050=TREE31
39051=TREE05
39052=TREE06
39053=TREE31
39054=TREE31
40021=TREE14
40022=TREE33
40023=TREE01
40024=TREE14
40025=TREE04
40026=TREE05
40027=TREE13
40028=TREE03
40029=TREE33
40034=TREE06
40035=TREE03
40036=TREE04
40037=TREE33
40038=TREE05
40039=TREE02
40040=TREE03
40041=TREE06
40052=TREE01
40053=TREE06
40055=TREE08
41020=TREE08
41021=TREE06
41022=TREE03
41023=TREE13
41024=TREE33
41025=TREE13
41026=TREE33
41027=TREE13
41028=TREE01
41029=TREE31
41035=TREE01
41036=TREE08
41053=TREE06
41054=TREE06
41055=TREE01
41056=TREE06
42019=TREE06
42020=TREE01
42021=TREE06
42022=TREE06
42023=TREE01
42024=TREE33
42025=TREE14
42026=TREE06
42027=TREE05
42028=TREE14
42033=TREE01
42034=TREE03
42035=TREE33
42055=TREE01
42056=TREE31
43018=TREE31
43019=TREE05
43021=TREE31
43022=TREE06
43023=TREE05
43024=TREE04
43033=TREE31
43034=TREE31
43035=TREE06
43055=TREE03
44018=TREE06
44019=TREE01
44020=TREE05
44021=TREE01
44022=TREE13
44023=TREE08
44031=TREE06
44033=TREE33
44034=TREE06
45016=TREE08
45017=TREE01
45018=TREE33
45019=TREE31
45020=TREE03
45021=TREE06
45022=TREE04
45023=TREE31
45027=TIBTRE02
45032=TREE02
45033=TREE06
45034=TREE31
46015=TREE05
46016=TREE33
46017=TREE13
46018=TREE06
46019=TREE01
46020=TREE05
46021=TREE01
46022=TREE08
46023=TREE14
46032=TREE33
46033=TREE02
46034=TREE03
46069=TREE05
46070=TREE07
47014=TREE08
47015=TREE05
47016=TREE01
47017=TREE05
47018=TREE03
47019=TREE08
47020=TREE31
47021=TREE05
47022=TREE33
47023=TREE08
47034=TREE33
47035=TREE08
47066=TREE13
47067=TREE06
47068=TREE04
47069=TREE06
47070=TREE06
47071=TREE14
47072=TREE08
47073=TREE05
48013=TREE31
48014=TREE08
48015=TREE04
48016=TREE33
48020=TREE33
48021=TREE05
48022=TREE04
48023=TREE31
48066=TREE14
48067=TREE03
48068=TREE04
48069=TREE06
48070=TREE04
48071=TREE05
48072=TREE13
49013=TREE14
49014=TREE33
49015=TREE08
49021=TREE03
49022=TREE03
49023=TREE33
49053=TREE08
49065=TREE06
49066=TREE14
49067=TREE07
49068=TREE05
49069=TREE07
49070=TREE06
49071=TREE08
50011=TREE01
50012=TREE14
50013=TREE04
50014=TREE13
50015=TREE01
50021=TREE33
50022=TREE33
50023=TREE05
50051=TREE02
50052=TREE02
50053=TREE08
50054=TREE08
50065=TREE08
50066=TREE05
50067=TREE07
50068=TREE08
50069=TREE06
50070=TREE05
51013=TREE14
51014=TREE14
51015=TREE03
51016=TREE14
51021=TREE03
51022=TREE13
51023=TREE04
51038=TREE02
51051=TREE05
51052=TREE31
51053=TREE02
51054=TREE05
51056=TREE08
51065=TREE05
51067=TREE14
51068=TREE07
51069=TREE03
52014=TREE13
52015=TREE04
52016=TREE31
52037=TREE04
52038=TREE31
52039=TREE33
52040=TREE33
52041=TREE01
52042=TREE03
52056=TREE06
52057=TREE05
52065=TREE07
52066=TREE06
52067=TREE08
52068=TREE13
53016=TREE06
53039=TREE02
53040=TREE01
53041=TREE06
53042=TREE08
53051=TREE08
53052=TREE03
53053=TREE02
53054=TREE06
53055=TREE01
53056=TREE06
53057=TREE08
53065=TREE05
53066=TREE14
53067=TREE03
54040=TREE04
54052=TREE03
54053=TREE33
54054=TREE02
54055=TREE04
54056=TREE04
54057=TREE03
54066=TREE05
55054=TREE06
55055=TREE05
55056=TREE31
55057=TREE33
56055=TREE33
56056=TREE06
63044=TIBTRE01
73045=TREE03
73046=TREE04
74015=TREE02
74042=TREE06
74043=TREE08
74044=TREE31
74045=TREE02
74046=TREE06
75016=TREE01
75017=TREE01
75041=TREE06
75042=TREE02
75043=TREE01
75044=TREE05
75045=TREE01
76017=TREE05
76018=TREE02
76019=TREE04
76040=TREE33
76041=TREE01
76042=TREE03
76043=TREE05
76044=TREE08
77018=TREE08
77019=TREE08
77020=TREE03
77021=TREE31
77039=TREE31
77040=TREE03
77041=TREE02
77042=TREE06
77043=TREE06
78019=TREE03
78020=TREE03
78021=TREE04
78022=TREE31
78023=TREE08
78024=TREE08
78025=TREE03
78029=TREE06
78030=TREE01
78031=TREE33
78032=TREE04
78033=TREE03
78034=TREE01
78035=TREE03
78036=TREE01
78037=TREE06
78038=TREE03
78039=TREE33
78040=TREE31
78041=TREE02
78042=TREE06
79020=TREE31
79022=TREE31
79023=TREE03
79025=TREE08
79026=TREE02
79027=TREE01
79028=TREE01
79029=TREE33
79030=TREE05
79031=TREE02
79032=TREE03
79033=TREE02
79034=TREE31
79035=TREE01
79036=TREE01
79037=TREE08
79038=TREE31
79039=TREE02
79040=TREE01
79041=TREE05
80021=TREE02
80022=TREE31
80023=TREE08
80024=TREE06
80025=TREE08
80026=TREE06
80027=TREE03
80028=TREE31
80029=TREE01
80030=TREE06
80031=TREE04
80032=TREE05
80033=TREE01
80034=TREE33
80035=TREE03
80036=TREE06
80037=TREE04
80038=TREE04
80039=TREE04
80040=TREE05
81022=TREE02
81023=TREE05
81024=TREE33
81025=TREE33
81027=TREE02
81028=TREE02
81029=TREE05
81030=TREE01
81031=TREE04
81032=TREE06
81033=TREE06
81034=TREE01
81036=TREE31
81037=TREE33
81038=TREE31
81039=TREE05
82024=TREE33
82025=TREE04
82026=TREE02
82027=TREE02
82028=TREE03
82029=TREE02
82030=TREE33
82031=TREE04
82032=TREE04
82033=TREE08
82034=TREE31
82035=TREE05
82036=TREE31
82037=TREE31
82038=TREE03
83024=TREE01
83025=TREE08
83026=TREE06
83027=TREE08
83028=TREE05
83029=TREE33
83030=TREE33
83031=TREE05
83032=TREE31
83033=TREE33
83034=TREE04
83035=TREE02
83036=TREE06
83037=TREE02
84025=TREE33
84027=TREE33
84028=TREE05
84029=TREE31
84030=TREE04
84031=TREE02
84032=TREE06
84033=TREE31
84034=TREE03
84035=TREE31
84036=TREE33
85026=TREE05
85027=TREE33
85028=TREE02
85029=TREE02
85030=TREE05
85031=TREE03
85032=TREE08
85033=TREE02
85034=TREE01
85035=TREE33
86027=TREE03
86028=TREE31
86029=TREE05
86030=TREE04
86031=TREE02
86032=TREE06
86033=TREE06
86034=TREE03
87028=TREE31
87029=TREE02
87030=TREE05
87031=TREE33
87032=TREE31
87033=TREE01
88029=TREE05
88030=TREE06
88031=TREE33
88032=TREE04
89030=TREE02
89031=TREE01

[Triggers]

[Waypoints]
0=67024
1=25068

[YuriCountry]
IQ=0
Edge=North
Color=DarkRed
Allies=YuriCountry
Country=YuriCountry
Credits=0
NodeCount=0
TechLevel=1
PercentBuilt=0
PlayerControl=no



[Digest]
1=P+NuD4hpnn4IFy2BhfmN+RmW7+I=


