; Map created with FinalAlert 2(tm) Mission Editor
; Get it at http://www.westwood.com
; note that all comments were truncated

[Header]
Width=45
Height=34
StartX=233
StartY=31
Waypoint1=242,53
Waypoint2=272,35
Waypoint3=246,33
Waypoint4=0,0
Waypoint5=0,0
Waypoint6=0,0
Waypoint7=0,0
Waypoint8=0,0
NumberStartingPoints=3

[AircraftTypes]


[Preview]
Size=0,0,100,40

[PreviewPack]
1=9A4AIAAOgogwo6dQo6dQoqhQlJtGhI45h5E8j5dEg4w0kJY+o6cgBFwATAdIAFAFSABAAU
2=gAQAFIAEABSABAAUgAKkwBLS8AgIgxWBBcDlAFJwwCTAFIAEAHSABAAUgAQAFIAEABSABA
3=AUgAQAFIAEABSABAAUgAQAFIAEABSABAAUgAQAFIAEABSABAAUgAQAFIAEABSABAAUgAXB
4=EnDAI2LABYE1AUWBOkBUwBQAFIAEABSABAAUgAQAFIAEABSABAAUgAWCisAUArQAFIAFAC
5=QCtID0gASA9IAEABSABAAUsAnaVPrARYBEABSABAAUgAQAFIAEABSABAAUgAQAFIAEABBn
6=2IL42WPJ6mS1AISABQCEgAQAFIAEABSABAAUgAQAFIAEABSABAAUgAQAGoACcsAEABSAAn
7=UAAtLAAgD+wDWBNIAEQUSABAAUgAQAFIAEABSABAAUgAQAFIAEABqACsAVUAeIAAswKKkD
8=o2dwOBizesBEgGSAA/LABAJTZ0AyAJXABEBS1kBEQCSABQAkgAQAFIAEMBe4QxXxGPl0FA
9=ATxsAjx0AFAIQARIAEABSABAAUgAQAFIAEABSABAAagATAFMJbQPQBBAAUgAQAFIAEABSA
10=BAAVARSCtcBVAFSABAAUgAQAFIAEABSABUA0gAOR8B+voASABICUAKSABAAUgAQAFIAEAB
11=SABAAUgAQAFIAEABSABAAUgAKmQNUAJIAFACSAAGybFl4Lxwt6lYTAFYJUwQUBFIAEABSA
12=BAAUgAJyAARDhYBFQYRAJIAEgDSABAAUgAQAFIAEABSABAAUgAQAFIAEABSABAAagArAE/
13=1AxEcVARQA28BUwHQAFIAEABSABAAUgAQAFIAEABMHwKUBRUJDYIAFQDWB9IAEABSABAAU
14=gAQAFIADOUDVwLBr6uYOW/c+a9cEkAFCkAAFEUgJynWBBAAUgAQAFEOEABVAlUGEABRAJI
15=AEABSABAAUgAQAFIAEABSABAAUgAQAFIACdgAUwBUAJIAEABTC54Ew6gULWXSq6eTbmpVJ
16=+ZS6WYRlwLXAJIAEABSAAwJAK4B7QAUAhIAFAFSABQBUgAQAGoAEwBNqAEXAJMBEAESABA
17=AVAjQKlIsUABuApYE0ABSABAAUgAJ98K17VoWCVIALglQAGoG1hMUCMnCABABwOOlj+PlT
18=1AJVCJUAtEAkgASAlIAEABSABAAUgAQAFIAEABSACoCTAUAEQUSABIFUgABqSZTJ+XS5yR
19=R0sA/wAAqABcAkAESABAAUgASA+sAVhMUAu0EjOUBFAFSABUIT8IAEAKSABQBVgZTApIAE
20=AWSABAAagATAFQX6wEWAQqXAlUJFglqACwETAUAKAHJygBVAk5LAAwiAQqRABUWnQJn0qi
21=lEyoJCcUAAa0n0qilkeppk9uBKdQSBVIAEwBSABAAUgAQAGoACcsAEABSAAnUAA5rAQnjA
22=C8BVhJSD+sGageTAFMBCeABi2UBEAlSABAJbQAQAFIAKAHtABMB0QLSABcSlwjVAlUAEgA
23=QAFIAEABSABAAUgAQAFIAEABSAAqcAQqLABUCUgAVAlIAF9Kno9JUEpIAEwlrExAJSeAAE
24=wETAFIAEABSABAAUgAQAFIAEABqAAnLABAAUgAOaAEqANMBCfgACdcCbgWTEmkVkwEVCRI
25=AKwiTBOgAUQjQAFIAEABSABAAUgAtyTmvnNYCkAHSACgAayIpAtUAEgAWCJIAEABqAAnLA
26=BAAUgAJ1AAWCVEEbAIJzQBYQGUeHC0JEQmJ+ASaQOoInArQAFIAEAHSABAAUgAQAFIAEAB
27=SABAAagAJywAQAGsIlwCJywApAInFABcAkgAQARUP1glvBRIk0BevAIDs6tZ57tuVCFUJC
28=oIAEQjUAJIAEABA+W+c8y2ZG4BvnOsAawHWAqgAbBWpCBUAFQMVCqgAUwBQAFYAUgArAFY
29=AUABSABAASokAkgJqwCQjUanC62aSSeMCbxKvAJYBEABSABAAUgAQAFIAEABSABAAUgAQA
30=FIAEABqAAnLABAAUgAJ1AATAFAJVgBQAFIAEABSABAAUgATBNEFEgApEonXwDFs2VAIkgh
31=SAC4JbgBWyKPl0RYwQa8r16Mlz6ao0lAAVwIQAdIAEABSACgAUQLqABQCycgAKwBVABIAE
32=QOTE9IAEixWAFMBFhJUAJIAKQISAlIAEwBSABAAUgAQAFJAKOal7yhIvgtUAJIAFACSABA
33=AUgAQAFIAEABSABAAUgAQAFIAEABSABAAUgAQAGoACcsAEABSAAnUAAtLABQSiecAkg5WA
34=RABEgAQAFIAEABSwDJtWWsAXzgnEcntAhUG0ydSFFABEgAUAVIAEABSABAAVALJ8QKUCBI
35=AFwFqCGgBFQASABEBUgAWBBEpFTnPJQERAWoAEAHSD9IAFgBTAFIAEABSABAAUgAQAFIAE
36=ABSABAAUgAJyAArAEnOABAAagAM1wAUAJIACeAAEwBUBQnOABAAUQCqAAtLABQJrxHVB5I
37=AEAfSABELEwlJ7wAJ8gAoAEnBAREBVQkSAC8AlQAqABABycgAKwBVACoAC1cAFgBJ1wASC
38=QtCABIA0AESABAAUgAQAFIAEABSAAnIACsASc4ACcgACdcAKQCVABIAFACSAAnIAAwLABI
39=A0gAM1wAUAJIAEhFJ5QEQAEnoARUBkgAQARIAEABSACgAVQASABYAUgAQAFIAKABTJSsAV
40=gBSACsAVQAqABEAkgAPCwALawEJzgATF5AE0szkJY+TAFYXkyFTAFACkgAPEwBQARIACeM
41=AKABVABQAqgAJywAQAFIACdQAC0sAKCUTBxIALARUGVIAC28AFQGqABcAkABVABIAEABSA
42=BAAVAXSABcFyc8QUAZRAtIA0AESABAAUgAQAFIAEABSABAAUgAQAFIAEABSABAASdkBDMg
43=AEAlpBRAAUgATAFMFkgApCZECKgAXAigAVQATAFIAEABSABAAUgAQAFIAKABJxQAoAG8Aj
44=MsAExJWI5AHLwOSA9IAEwBJ7AAM+wAVANIAEgDSABAAUgkSABQCEwHqABECEABJxQAVCdI
45=AFgZvAVIBkABSABAAUgAQAFIAEABSABAAUgAM5QEUAKsClgKSABMAUgAQAFIACcgAEgMJx
46=ABXAhMAagAJywAQAFIACdQAFQ5XCxIAEQCvAJUAEAZXAJEAkgAWAFIAEABSABAAUgArJpc
47=j0DWWI489A1cBaAHVAAnqAUntAKkFyc4AEABqABcAlgKSAZYB0gAQAFIAEABSABAAUgAQA
48=FIAEAiNggAuDFcCKAKVAAwLACkMifEBLgKVABIAFALSABAAUgAQAFERKQIUAhcBbALUCZY
49=AVwCSABAAVwCUAVIAFwFSABAAUgAQAFIAEABSABAAUgAQAFIAEABSABAAUgAQAFIAEABSA
50=AqIABELKQLUAtAAUgAQAFIAEABSABAAUgAoAFQelARWAdIAEQISABAAUgAQAFIAEABNpQE
51=RDKsGVwISABACkgAQAGoAKwBVACoAFACKsQEWApQC0gAQAGoAEwBVAlYBEgASAa0AEABSA
52=BMAUgAQAFIAEABSABAAVTbQAdUBqgATAFIACAMLABQBUgGqABMAUQmUFNMUkAiTAFcU0gA
53=QA1YDbACXAInsABcBawBVABMAUyaSE5IEkwBKrgEVANIAFACSACsCkAKSABMCkgAQAFIAE
54=ABSABAAUgAQAGoAKwBVABIADBsCEQvWARIA1QASABAAUgAJyAArAFYAUgATAFYLkgASDxI
55=AFARSABQEUkAFOAATAFQAkgAQAFIACcgAKwBuAFUAEgAJ0QAKiwAUAJIAEgnswKPlT2gAV
56=ACSABMAUgAQAFIALw7SBJIAFACSABQAkgAQAFIAEABSABAAagATAFEJkgAJxQGuBlMB0AB
57=SABAAUgA8Bh8ALACtDAnEAFcCFwCqABcBScgADksAEg5WAdAB0gAfAoyDABABEgAQARIAE
58=ABSABAAUgAoAFUAKgApAInLAAqbAgnLAAnjABAAUgAtCRcFKQUTDdAQFAaJxABTAQwLABE
59=AlwCuCVAPawHsAhMAS0EAyo8C1QGqABECFxKTAdIAEAHSABAB0gAQAFIAEABSABAAUgAQA
60=FIAEABSAC4E0wHSAC8CC2sASc4AEAESACsBEABSABMAVQASAAnIAAnTAQ8IAC8BUAlTM1E
61=ESrAAlwRWAFIAKwEsAswLABEAkgApLNUGFAISABAAUgAQAEnzAKgAVAIqABIBicgAEwBVC
62=1IADx8CkAKSABMCkgAQAFIAEABQDqkCzkUAFwLKqwBTAEqVB08fAQwdACkHVw+SABcmFgW
63=SACkF0QmQF5ATDDEAUQCqABUD0gAqAZIGEgAVBhIAEABSABAAUAZpAtYBEgGtABAAUgATA
64=FIAEABSABECEgAvA5AB0gATAdIACcgAKwBJzgAQAFIAFACXAtIALwIQAEqCABQAkgAUAtI
65=AEABSABAAUgGVABIADAoBDxHAJykUaQIvJisAVwIWBZIAKQXUAJIAFACSABAAagAJywAQA
66=FIAFACvAVcCKABSBJIALQkQARIAEwESABAAUgAQAFIAEABSABAAagATAGsB7wOSCFIAFAI
67=SABAAUgAQAFIACcgAKwBQDpATEwHJxABrAFQ1EhITAFAAagGWAFMAUQUKqQAXCNYAVgEQA
68=E5CACsBFgEQAFIAEABSABAAUgAQAFIACdEGEwBUAJIAEABSABAAUgAQAFIAEABSABAAUgA
69=QAGoACcsAEABSABQAlQAqABMAUgANiwAqANEJrQbtCFYASf0BEQCqABABEgArAFYJawBVC
70=FIiqwBSANAASrsAFgBUwK8sFw29AFcAjC4BKgSSANAAagArAFUAKgAJ1AAWAE8LABUA0wE
71=RJuoAEwBRAJIAEABSABAAUgAQAFIAEABSABAAUgAQAFIAEABSABAAUgAQAFIAEABSABAAU
72=gAQAEnTAFIHkgAJ8QEvAJAH1gfqACsAVQAqABcWQa+rmDcuGvJsWIn4ABEjFc/4cCBRAtI
73=AEgMSABAAUgAQAFIAEABSABAAUgAJ9AETAFQAqgATAEkxEy0ACdQAAWjp1CiqFCiqBEAAO
74=wG4A4KUKOnUKOnUKKoUKKoUCctAHgyAACgBCoUACe8ALACWAEnIACsASc4AEABSABQAkgA
75=QAGoAC0sAAmPl0GOlj+PlT2NljxMAQOAiDGCiDBLAH2IL1wFUAVIA0AEA76uYNy4a0gACe
76=XAe9nAjOHAgbepWFACBsmxZcmxYkJFWUQFSABIBkgAQAFIAEABoBqsAVgBQwH6+gBAAUgA
77=TAFIAKMB/wAAJwgAUAJIAFwCSABAAUgAQAFIAEABSABAAUgAQAFIAFALJywAQAFYAagATA
78=FIAEAESABAAUgAQAFIACcgAKwBWAFIAKwBVACoAEQCRBRIAFgBTAFIAEABSABAAagAJywA
79=QAFYDVglSABbJZ6mS0AEUAJIJFwCAAbSsW9qdWOPj2mLj2vauXnlv3PmvXDcvYBLJ0FDWU
80=QFSABQBUgAQAFIAEABSABAAUgAQAFIAKABKhQAUAJIAKQCWCWsAbgBTQEU4ABMAVACSABA
81=AUgAQAFIAEABSACgAVgTSABMAUgAUAJIACcgADAsACdoAEABSABABEgAXCMwCABcAkAESA
82=BAAUgAQAGoAEwBBZ2lT4GLN3uEaEsGipA6s6tZ57tuTBAJ4bx417l9UlpdTFNbWCIMQkRZ
83=T1Zbe4djcn9lQURZUEonBAEnIABUCSAbLADwJCscAD9MAUQOMIwARAKoAFQDtCFYAaABIA
84=kUACrsAEwBqABcCERxWCVIclxKQCWqAGt6WCIBVz9CV0MlQUNYqyRCRVpCJUBDK7gERAgA
85=BnJ3P3JwOHhlNqqDSp6fUGxeNH1dNHl1OCeIAUwETAFUAKgATAFIAKwBK3QELDAATARIAF
86=gEtABAAUgALSwAJzgAJyAArAQgCVgEIAOkAKwKSAy0S1FK5ZRsA8yxeneEZlJKRUlsIrAj
87=dktFWVQAQCVUAFQGWAdIAEArBnp2OHdXLqJsN1ACSABQAkgACamfTZGHSmpTOINyNVACSA
88=BQAkgAQAFIAEABSACgASx4BC40AEwEqAAnvABAAUgAJ1AAMCwAIAPsAyqMACfIASpQADYv
89=AIyVP0BwXLZYlAPcuHjNsXdQSkAlTEmlI0JebkRZWAFcJkgAowF3dTtIAANnVS+qcjoq5A
90=JcCKwuTMEIpKJYf2w5dGQ0fnsrJAUqvABIFVgBSB5AAUgAMCwASANQAkgAQAFIAEABQDRI
91=AKwBWAFAAUgAJyAATAE2pANcAkgMPAgATAQ8CAAAApCWPsWzZeW9dNK0fNm8hFlkXkNH0E
92=pEI2xwWXBDeCVYAVglQBNIAFQSVAAGoKdQoadPh5E8J5QESMBMGScIADlUDlgHUAhIAKAB
93=VBisAbgBrAFUAKgAUAIDlJtGhI45SwCDjDRYASdcAKABVAA5mANQCyADCAA5BAGoA0gPWC
94=VAuwnnvnPUtnXNtntWYF1YIlhtsEpcI84BRVpcAlgBSBVIAFgTSAC0JLAjD+O9d9KzeFBY
95=XHZ/Ydu6e+C8cEBMSAAJo6FQuqFLwItIcG42QAdIAEAHSABAAUgAQAFIAEABSABAAUgAQA
96=FIAEABSABAASeUBEj2SABU9kgAWBZIA0AESABAAawZMBQAIAOIBCqMADAEAS1EAFwOWCVI
97=AAnXtWjjvHbhvnzVt3xY30gksCNQJsIBRVpAE0gApBRAnUxSVAZYUgbGrXPIrnRcaF9IUU
98=wHA1FUWn18Xa8o5L11RCa/mJNsPz8cE1ALSAC0DEABTElIJEgASCRIAEABSABAAUgAJ4wA
99=LUQDKjgAKigEOSwAKsgAMywATA1Yu6QaQJdAH6COA76vfXeGZ7BxtCREIERKrAFUBkgAVB
100=hIAKABWCVIAAnjvXbgvHmqnmhLUVpMClAFpCZPTOW/d1glSABUcgOijkWGYTY8rBxEC6gA
101=WCJIAFgiSABAAagArAEniAdMEEgAXAUzjAOwAlQkJyAATAEqCAC8AjwUALwLSAwk5CBAEE
102=hLWCVycbd/UHEDa3djS1JbdCSYu0wfWCVUBgOpp1i7q11AAUwHtACncdCwb0hLA2p4YE1U
103=WiLIISn0HDCPCX9uPSesHFwIqAC0CawBJxAHQBOoJFQAJywAQAFIAEQCSABBAZ4jLC0n+A
104=A84AMgDHQAJ0wBQAFLEoGLN7xcJ6QGRCZcREgACaqga3N+Y3F+ZVReXFAmWCUD////27x+
105=QAe4kUABqBtTBdW1c0hLA3F9ZFdiXVQqJ+QOVAZXcnh8XUQmIhQwBb10vK9evLBcT0yjdD
106=4nPCa8CFQATApUEriUqCFUIUgArAEqFABQAkgAWBZQYlglrAdYB0ABSAAgDEwEMLAAJxwB
107=QAGoAEwKXEpJAHsjDC9EEUgAQBCsTFiXDNC0fc6zeXF9ZEFDWUJFWhEAAA==

[AITriggerTypesEnable]
043F40BC-G=yes
043F521C-G=yes
043F874C-G=yes
044082BC-G=yes
05CB5B6C-G=yes
05CB830C-G=yes
05CBAEDC-G=yes
05CBC04C-G=yes
05CBC19C-G=yes
05CBC2EC-G=yes
05FC088C-G=yes
05FC0C9C-G=yes
05FC13EC-G=yes
05FC1A8C-G=yes
05FC1C5C-G=yes
05FC333C-G=yes
05FC37CC-G=yes
05FC3C9C-G=yes
05FC50EC-G=yes
05FC747C-G=yes
05FC75CC-G=yes
05FFA7DC-G=yes
05FFB18C-G=yes
06002BFC-G=yes
0611A1EC-G=yes
0611A33C-G=yes
0612B11C-G=yes
0612CD8C-G=yes
0612EAEC-G=yes
0612F46C-G=yes
0612F9AC-G=yes
0616004C-G=yes
06C551AC-G=yes
078F4B2C-G=yes
07C04C7C-G=yes
07C04EDC-G=yes
07C0B14C-G=yes
07C30A5C-G=yes
07C310BC-G=yes
07C3266C-G=yes
07C329FC-G=yes
07C330CC-G=yes
07C33DDC-G=yes
07C4853C-G=yes
08A3EEDC-G=yes
08B902EC-G=yes
08B90B1C-G=yes
08B911BC-G=yes
08B9154C-G=yes
08B9213C-G=yes
08B9305C-G=yes
08B9356C-G=yes
08B940EC-G=yes
08B9423C-G=yes
08B9483C-G=yes
08B9586C-G=yes
08B9641C-G=yes
08B9708C-G=yes
08B9767C-G=yes
08B97C6C-G=yes
0A31295C-G=yes
0A44F17C-G=yes
0A44F2CC-G=yes
0A452C6C-G=yes
0A452E5C-G=yes
0AA845AC-G=yes
0AA846FC-G=yes
0ABC484C-G=yes
0AD2BAEC-G=yes
0C0C7AEC-G=yes
0C0D184C-G=yes
0C0D251C-G=yes
0C1245AC-G=yes
0C1246FC-G=yes
0C32599C-G=yes
0C32D84C-G=yes
0C87B45C-G=yes
0C87B99C-G=yes
0C87E5AC-G=yes
0C8B81BC-G=yes
0C8BC5AC-G=yes
0C8C2AEC-G=yes
0C8C2C3C-G=yes
0C8C430C-G=yes
0C8C4C3C-G=yes
0C8C51BC-G=yes
0C8C56FC-G=yes
0C8C645C-G=yes
0C8C6EDC-G=yes
0C8C71BC-G=yes
0C8E2C3C-G=yes
0C8EE1BC-G=yes
0C8EEAEC-G=yes
0C8EEEDC-G=yes
0C91D45C-G=yes
0C92C1BC-G=yes
0C92C45C-G=yes
0C955AEC-G=yes
0C955C3C-G=yes
0C9561BC-G=yes
0C9565AC-G=yes
0C96F45C-G=yes
0C96F5AC-G=yes
0CA1F84C-G=yes
0CA24D8C-G=yes
0CA2A04C-G=yes
0CA2B06C-G=yes
0CA2D99C-G=yes
0CA2FEDC-G=yes
0CA5945C-G=yes
0CA6621C-G=yes
0CA6AEDC-G=yes
0CAD0B2C-G=yes
0CAD0C7C-G=yes
0CAD0DCC-G=yes
0CAD130C-G=yes
0CAD145C-G=yes
0CAD25AC-G=yes
0CAD2AEC-G=yes
0CAD2C3C-G=yes
0CAD5AEC-G=yes
0CADD99C-G=yes
0CADDEDC-G=yes
0CB29EDC-G=yes
0CB2CEDC-G=yes
0CDF899C-G=yes
0CDF8D8C-G=yes
0CDF8EDC-G=yes
0CE2395C-G=yes
0CE23AAC-G=yes
0CE26B5C-G=yes
0CE26CAC-G=yes
0CE2E8DC-G=yes
0CE2EA2C-G=yes
0CE44D0C-G=yes
0D022B1C-G=yes
0D022C6C-G=yes
0D052AEC-G=yes
0D0803CC-G=yes
0D08461C-G=yes
0D0848BC-G=yes
0D084A0C-G=yes
0D084B5C-G=yes
0D0873DC-G=yes
0D087D8C-G=yes
0D0B3B9C-G=yes
0D2769BC-G=yes
0D2C41EC-G=yes
0D2C448C-G=yes
0D2C45DC-G=yes
0D53099C-G=yes
0D53130C-G=yes
0D53430C-G=yes
0D535EDC-G=yes
0D62145C-G=yes
0D6215AC-G=yes
0D6216FC-G=yes
0D62199C-G=yes
0ECCB2BC-G=yes
0ECCB40C-G=yes
0ECCB55C-G=yes
0ECCB7FC-G=yes
0ECCBC3C-G=yes
0ECCF14C-G=yes
0ECCF29C-G=yes
0ECCF68C-G=yes
0ECCFA7C-G=yes
0ECCFCAC-G=yes

[Africans]
IQ=0
Edge=North
Color=DarkRed
Allies=Africans
Country=Africans
Credits=0
NodeCount=0
TechLevel=1
PercentBuilt=0
PlayerControl=no

[Alliance]
IQ=0
Edge=North
Color=Gold
Allies=Alliance
Country=Alliance
Credits=0
NodeCount=0
TechLevel=1
PercentBuilt=0
PlayerControl=no

[Americans]
IQ=0
Edge=North
Color=Gold
Allies=Americans
Country=Americans
Credits=0
NodeCount=0
TechLevel=1
PercentBuilt=0
PlayerControl=no

[Arabs]
IQ=0
Edge=North
Color=DarkRed
Allies=Arabs
Country=Arabs
Credits=0
NodeCount=0
TechLevel=1
PercentBuilt=0
PlayerControl=no

[Basic]
Name=Jungle Feaver
Percent=0
GameMode=standard, meatgrind, nukewar, airwar, teamgame
HomeCell=98
InitTime=10000
Official=no
EndOfGame=no
FreeRadar=no
MaxPlayer=3
MinPlayer=2
SkipScore=no
TrainCrate=no
TruckCrate=no
AltHomeCell=99
OneTimeOnly=no
CarryOverCap=0
NewINIFormat=4
NextScenario=
SkipMapSelect=no
CarryOverMoney=0.000000
AltNextScenario=
MultiplayerOnly=1
IceGrowthEnabled=yes
VeinGrowthEnabled=yes
TiberiumGrowthEnabled=yes
IgnoreGlobalAITriggers=no
TiberiumDeathToVisceroid=no

[British]
IQ=0
Edge=North
Color=Gold
Allies=British
Country=British
Credits=0
NodeCount=0
TechLevel=1
PercentBuilt=0
PlayerControl=no

[CellTags]

[Confederation]
IQ=0
Edge=North
Color=DarkRed
Allies=Confederation
Country=Confederation
Credits=0
NodeCount=0
TechLevel=1
PercentBuilt=0
PlayerControl=no

[French]
IQ=0
Edge=North
Color=Gold
Allies=French
Country=French
Credits=0
NodeCount=0
TechLevel=1
PercentBuilt=0
PlayerControl=no

[GDI]
IQ=0
Edge=North
Color=Gold
Allies=GDI
Country=GDI
Credits=0
NodeCount=0
TechLevel=1
PercentBuilt=0
PlayerControl=no

[Germans]
IQ=0
Edge=North
Color=Gold
Allies=Germans
Country=Germans
Credits=0
NodeCount=0
TechLevel=1
PercentBuilt=0
PlayerControl=no

[Houses]
0=Americans
1=Alliance
2=French
3=Germans
4=British
5=Africans
6=Arabs
7=Confederation
8=Russians
9=YuriCountry
10=GDI
11=Nod
12=Neutral
13=Special

[Infantry]
0=Neutral,CIV1,256,39,80,0,Guard,64,None,0,-1,0,1,0
1=Neutral,CIVA,256,51,11,2,Guard,64,None,0,-1,0,1,0
2=Neutral,CIV3,256,41,79,1,Guard,64,None,0,-1,0,1,0
3=Neutral,CIVBTM,256,75,37,1,Guard,64,None,0,-1,0,1,0
4=Neutral,CIVBF,256,73,36,1,Guard,64,None,0,-1,0,1,0
5=Neutral,CIV2,256,44,79,1,Guard,64,None,0,-1,0,1,0
6=Neutral,CIVBFM,256,43,79,1,Guard,64,None,0,-1,0,1,0
7=Neutral,CIVSFM,256,41,78,1,Guard,64,None,0,-1,0,1,0
8=Neutral,CIVSF,256,40,79,1,Guard,64,None,0,-1,0,1,0
9=Neutral,JOSH,256,59,63,1,Guard,64,None,0,-1,0,1,0
10=Neutral,JOSH,256,55,63,1,Guard,64,None,0,-1,0,1,0
11=Neutral,JOSH,256,55,63,2,Guard,64,None,0,-1,0,1,0
12=Neutral,JOSH,256,57,71,1,Guard,64,None,0,-1,0,1,0
13=Neutral,CIVBFM,256,51,57,1,Guard,64,None,0,-1,0,1,0
14=Neutral,CIVBFM,256,50,58,1,Guard,64,None,0,-1,0,1,0
15=Neutral,CIVBFM,256,48,57,1,Guard,64,None,0,-1,0,1,0
16=Neutral,JOSH,256,43,51,1,Guard,64,None,0,-1,0,1,0
17=Neutral,JOSH,256,48,51,0,Guard,64,None,0,-1,0,1,0
18=Neutral,JOSH,256,39,43,1,Guard,64,None,0,-1,0,1,0
19=Neutral,JOSH,256,39,43,2,Guard,64,None,0,-1,0,1,0
20=Neutral,JOSH,256,37,48,0,Guard,64,None,0,-1,0,1,0
21=Neutral,JOSH,256,47,72,0,Guard,64,None,0,-1,0,1,0
22=Neutral,JOSH,256,34,61,1,Guard,64,None,0,-1,0,1,0
23=Neutral,JOSH,256,34,61,2,Guard,64,None,0,-1,0,1,0
24=Neutral,JOSH,256,36,58,1,Guard,64,None,0,-1,0,1,0
25=Neutral,JOSH,256,25,65,0,Guard,64,None,0,-1,0,1,0
26=Neutral,JOSH,256,19,61,1,Guard,64,None,0,-1,0,1,0
27=Neutral,JOSH,256,24,59,0,Guard,64,None,0,-1,0,1,0
28=Neutral,JOSH,256,27,60,1,Guard,64,None,0,-1,0,1,0
29=Neutral,JOSH,256,14,57,1,Guard,64,None,0,-1,0,1,0
30=Neutral,JOSH,256,17,55,1,Guard,64,None,0,-1,0,1,0
31=Neutral,JOSH,256,17,45,1,Guard,64,None,0,-1,0,1,0
32=Neutral,JOSH,256,13,42,1,Guard,64,None,0,-1,0,1,0
33=Neutral,JOSH,256,22,35,1,Guard,64,None,0,-1,0,1,0
34=Neutral,JOSH,256,28,34,1,Guard,64,None,0,-1,0,1,0
35=Neutral,JOSH,256,27,30,1,Guard,64,None,0,-1,0,1,0
36=Neutral,JOSH,256,45,21,1,Guard,64,None,0,-1,0,1,0
37=Neutral,JOSH,256,57,22,1,Guard,64,None,0,-1,0,1,0
38=Neutral,JOSH,256,60,23,1,Guard,64,None,0,-1,0,1,0
39=Neutral,JOSH,256,60,23,2,Guard,64,None,0,-1,0,1,0
40=Neutral,JOSH,256,53,6,1,Guard,64,None,0,-1,0,1,0
41=Neutral,JOSH,256,62,40,1,Guard,64,None,0,-1,0,1,0
42=Neutral,JOSH,256,59,30,1,Guard,64,None,0,-1,0,1,0
43=Neutral,JOSH,256,52,32,1,Guard,64,None,0,-1,0,1,0
44=Neutral,JOSH,256,50,33,1,Guard,64,None,0,-1,0,1,0
45=Neutral,JOSH,256,53,40,1,Guard,64,None,0,-1,0,1,0
46=Neutral,JOSH,256,76,28,0,Guard,64,None,0,-1,0,1,0
47=Neutral,JOSH,256,79,44,1,Guard,64,None,0,-1,0,1,0
48=Neutral,JOSH,256,79,44,2,Guard,64,None,0,-1,0,1,0
49=Neutral,JOSH,256,69,38,1,Guard,64,None,0,-1,0,1,0
50=Neutral,JOSH,256,66,36,1,Guard,64,None,0,-1,0,1,0
51=Neutral,ALL,256,73,31,0,Guard,64,None,0,-1,0,1,0
52=Neutral,ALL,256,48,79,1,Guard,64,None,0,-1,0,1,0
53=Neutral,JOSH,256,39,82,1,Guard,64,None,0,-1,0,1,0
54=Neutral,JOSH,256,34,81,1,Guard,64,None,0,-1,0,1,0
55=Neutral,JOSH,256,33,75,1,Guard,64,None,0,-1,0,1,0

[IsoMapPack5]
1=uQwAIAkyAAEAjQAAAAACADFOAI0AQwACADJJAYNEAVkAM0wAyAEBMAADAMEEMUgB1QIyKC
2=kAMygpADQoKwAvAAT5BjBIAdkGMSgpADIoKQAzKCkANCgpADUoKwAuAAXxCS9IAdEJMCgp
3=ADEoKQAyKCkAMygpADQoKQA1KCkANigrAC0ABukMLkgByQwvKCkAMCgpADEoKQAyKCkAMy
4=gpADQoKQA1KCkANigpADdJAYarLSwAB+EPLUgBwQ8uKCkALygpADAoKQAxKCkAMigpADMo
5=KQA0KCkANSgpADYoKQA3SQGKrRA4SgH//0wBAwIAKwAIAMkBLEkBjFACTUEtSAEnZgIIAM
6=kBLyhVADAoKQAxKCkAMigpADMoKQA0SQGIvQo1KCkANkgB2RE3SAHNEDgoKQA5KCsAKgAJ
7=8RQrKCkALEgBJ70CCfEULlQCJ74CCQDBDzBUAskBMSgpADIoKQAzSAHZETRIAdkRNSgpAD
8=YoKQA3KCkAOCgpADkoKQA6KCsAKQAK6RcqKCkAKygpACxJAZC1Iy1IAdEULkgB2REvSAHZ
9=ETAoKQAxSgH3AVwGf3gKAO+pATNUAskBNEkB8bUCNUgBxQg2KCkANygpADgoKQA5KCkAOi
10=gpADsoKwAoAAvhGikoKQAqKCkAKygpACwoKQAtKCkALkgByRcvSAHdFTAoKQAxSQHtqRcy
11=KCkAMygpADQoKQA1SAHFCDYoKQA3KCkAOEgB3SA5SAHdIDooKQA7KCkAPCgrACcADPkcKC
12=gpACkoKQAqKCkAKygpACwoKQAtKCkALkkB9qEaL0gBzRswKCkAMSgpADIoKQAzKCkANCgp
13=ADUoKQA2KCkANygpADhJAfC1DTlIASfEAydBAzsoVQA8KCkAPSgrACYADfEfJygpACgoKQ
14=ApKCkAKigpACsoKQAsKCkALSgpAC5IASceBA0AJxwEJykAMUAE1QIyKCkAMygpADQoKQA1
15=KCkANigpADcoKQA4SAEnHAQnQQM6VALJIjsoKQA8KCkAPSgpAD4oKwAlAA7pIiYoKQAnKC
16=kAKCgpACkoKQAqKCkAK0gBwessSQGFTHeHrQ4Ah6kBLlUC+r02L0kB8qkBMEgBySIxKCkA
17=MigpADMoKQA0KCkANSgpADYoKQA3KCkAOEkB9KkMOUgBySI6KCkAOygpADwoKQA9KCkAPi
18=gpAD8oKwAkAA/hJSUoKQAmKCkAJygpACgoKQApKCkAKkgBwSUrSAHRuSwoKQAtKCkALkgB
19=2ScvSAHVGDBIAd1MMUgB2ScyKCkAMygpADQoKQA1KCkANigpADdIAdlIOEkBj7E1OUgB1Q
20=06KCkAOygpADwoKQA9KCkAPigpAD8oKQBAKCsAIwAQ+SckKCkAJSgpACYoKQAnKCkAKCgp
21=ACkoKQAqSAHF5CtIASclBRDx5S0oVQAuSAEliSIvSAHNGzBIASclBRDldjJUAtEqMygpAD
22=QoKQA1KCkANigpADdIAclOOEgBxRM5SAHJODpIAcEPOygpADwoKQA9KCkAPigpAD8oKQBA
23=KCkAQSgrACIAEfEqIygpACQoKQAlKCkAJigpACcoKQAoKCkAKSgpACpIAdUYK0gBJ30FES
24=h8BScpAC5ABCd8BSc5AjBUAid9BREofAUnKQAzQATJLTQoKQA1KCkANkgB2VM3SAHBZzhI
25=AdkROSgpADpIAcktO0gByS08KCkAPSgpAD4oKQA/KCkAQCgpAEEoKQBCKCsAIQAS6S0iKC
26=kAIygpACQoKQAlKCkAJigpACcoKQAoKCkAKSgpACpIASfVBRLpLSxUAsUeLSgpAC5IAScc
27=JSdlAjBUAifVBRIo1AUnKQAzQAQn1AUnVQA1KFUANkgBJ9YFEgDZEThUAs0QOSgpADpIAc
28=U/O0gBJ9QFJzkCPShVAD4oKQA/KCkAQCgpAEEoKQBCKCkAQygrACAAE+EwISgpACIoKQAj
29=KCkAJCgpACUoKQAmKCkAJygpACgoKQApKCkAKkgB0R8rSAHRHywoKQAtSAHRHy5IAdEfLy
30=gpADBIASctBhMoLAYnKQAzQAQnLAYnVQA1KFUANkgBJy4GEwAlMS04VALZETkoKQA6KCkA
31=O0gB0WE8SAHFEz0oKQA+KCkAPygpAEAoKQBBKCkAQigpAEMoKQBEKCsAHwAU+TIgKCkAIS
32=gpACIoKQAjKCkAJCgpACUoKQAmKCkAJygpACgoKQApSAHFgSpIAd0gKygpACwoKQAtKCkA
33=LkgBySIvSAHJIjBIASVdIjFIAc0xMigpADMoKQA0KCkANUgBJQ0jNkgBwb83SAHdCjhIAc
34=1HOUgB0RQ6KCkAO0gBzUc8SAHZBj0oKQA+KCkAPygpAEAoKQBBKCkAQigpAEMoKQBEKCkA
35=RSgrAB4AFfE1HygpACAoKQAhKCkAIigpACMoKQAkKCkAJSgpACYoKQAnKCkAKCgpAClIAc
36=kiKkgBySIrKCkALCgpAC0oKQAuSAHBJS9IAcElMCgpADFIAck4MkgB2TIzKCkANEgBxTQ1
37=SAHFCDYoKQA3KCkAOEgB0Ww5SAHRFDooKQA7SAHZETxIAdEJPSgpAD4oKQA/KCkAQCgpAE
38=EoKQBCKCkAQygpAEQoKQBFKCkARigrAB0AFuk4HigpAB8oKQAgKCkAISgpACIoKQAjKCkA
39=JCgpACUoKQAmKCkAJygpACgoKQApSAHBJSpIASVpPytIAc0mLCgpAC0oKQAuSAHZJy9IAd
40=knMCgpADEoKQAyKCkAMygpADQoKQA1KCkANigpADcoKQA4KCkAOUgB1U86SAHRFDsoKQA8
41=SAHdgz1IAcUTPigpAD8oKQBAKCkAQSgpAEIoKQBDKCkARCgpAEUoKQBGKCkARygrABwAF+
42=E7HSgpAB4oKQAfKCkAICgpACEoKQAiKCkAIygpACQoKQAlKCkAJigpACcoKQAoKCkAKSgp
43=ACooKQArSAHFKSxIAcUpLSgpAC4oKQAvSAHRKjBIAdEqMSgpADIoKQAzKCkANCgpADUoKQ
44=A2KCkANygpADhIAdnBOUgB2RE6KCkAOygpADxIAdVPPUgB2RE+KCkAPygpAEAoKQBBKCkA
45=QigpAEMoKQBEKCkARSgpAEYoKQBHKCkASCgrABsAGPk9HCgpAB0oKQAeKCkAHygpACAoKQ
46=AhKCkAIigpACMoKQAkKCkAJSgpACYoKQAnKCkAKCgpACkoKQAqKCkAK0gBzX4sSAHNfi1I
47=AdUuLigpAC9IAcktMEgByS0xKCkAMigpADMoKQA0KCkANSgpADYoKQA3KCkAOEgBwVE5SA
48=HNEDooKQA7SAHRFDxIASWtLD1IAdkRPigpAD8oKQBAKCkAQSgpAEIoKQBDKCkARCgpAEUo
49=KQBGKCkARygpAEgoKQBJKCsAGgAZ8UAbKCkAHCgpAB0oKQAeKCkAHygpACAoKQAhKCkAIi
50=gpACMoKQAkKCkAJSgpACYoKQAnKCkAKCgpACkoKQAqKCkAKygpACwoKQAtSAHVRC5IAdky
51=LygpADBIAdGCMUgBzTEyKCkAMygpADQoKQA1KCkANigpADcoKQA4SAHBDzlIAcU/OkgBxT
52=87SAHVDTwoKQA9KCkAPigpAD8oKQBAKCkAQSgpAEIoKQBDKCkARCgpAEUoKQBGKCkARygp
53=AEgoKQBJKCkASkgB35kZABomOWUaSAElVU0bSAHZJxxIAcEaHSgpAB4oKQAfKCkAICgpAC
54=EoKQAiKCkAIygpACQoKQAlKCkAJigpACcoKQAoKCkAKSgpACooKQArKCkALCgpAC0oKQAu
55=SAHdeC9IAcFGMEgBwYgxSAHZHDIoKQAzKCkANCgpADUoKQA2KCkANygpADgoKQA5KCkAOi
56=gpADsoKQA8KCkAPSgpAD4oKQA/KCkAQCgpAEEoKQBCKCkAQygpAEQoKQBFKCkARigpAEco
57=KQBIKCkASUgByUNKSAHBJUsoKwAYABvtiRlIAdEqGkgBzQUbSAHRKhxIAdEqHSgpAB4oKQ
58=AfKCkAICgpACEoKQAiKCkAIygpACQoKQAlKCkAJigpACcoKQAoKCkAKSgpACooKQArKCkA
59=LCgpAC0oKQAuSAHNfi9IAc1+MEgBzX4xSAHZHDIoKQAzKCkANCgpADUoKQA2KCkANygpAD
60=goKQA5KCkAOigpADsoKQA8KCkAPSgpAD4oKQA/KCkAQCgpAEEoKQBCKCkAQygpAEQoKQBF
61=KCkARigpAEcoKQBISAHBRklIAdFASigpAEsoKQBMSAHPJhcAHP2OGEgB3Y4ZSAHFCBooKQ
62=AbSAEnRQkc9U8dVALVLh4oKQAfKCkAICgpACEoKQAiKCkAIygpACQoKQAlKCgABSYAHAD/
63=/wAAEQAACQ0AIAgAAgAnABwA//8AAEgBASgAHADJASkoKQAqKCkAKygpACwoKQAtKCkALi
64=gpAC8oKQAwKCkAMSgpADIoKQAzKCkANCgpADUoKQA2KCkANygpADgoKQA5KCkAOigpADso
65=KQA8KCkAPSgpAD4oKQA/KCkAQCgpAEEoKQBCKCkAQygpAEQoKQBFKCkARigpAEcoKQBISQ
66=GMRC1JLUlJAYOpAUooKQBLSQGGtQJMSgH3AU8BAgBNSQHxqAECFgAdAI1QAkUIF0gBxQgY
67=KCkAGSgpABooKQAbKCkAHEkBh6UIHUgB2T0eKCkAHygpACAoKQAhKCkAIigpACMoKQAkKC
68=kAJSgpACYoKQAnKCkAKCgpACkoKQAqKCkAKygpACwoKQAtKCkALigpAC8oKQAwKCkAMSgp
69=ADIoKQAzKCkANCgpADUoKQA2KCkANygpADgoKQA5KCkAOigpADsoKQA8KCkAPSgpAD4oKQ
70=A/KCkAQCgpAEEoKQBCKCkAQygpAEQoKQBFKCkARigpAEdIAclDSEgByUNJSQGIuT1KKCkA
71=S0kBirUCTEkB9rFLTUkBerUCTsgBAwECABUAHvGCFkgB3VcXSAHJDBgoKQAZKCkAGigpAB
72=soKQAcKCkAHUgBwVEeSAHBUR8oKQAgKCkAISgpACIoKQAjKCkAJCgpACUoKQAmKCkAJygp
73=ACgoKQApKCkAKigpACsoKQAsKCkALSgpAC4oKQAvKCkAMCgpADEoKQAyKCkAMygpADQoKQ
74=A1SAHdNjZJAYWhMDcoKQA4KCkAOUgBzSY6SAHNJjsoKQA8KCkAPSgpAD4oKQA/KCkAQCgp
75=AEEoKQBCKCkAQygpAEQoKQBFKCkARkgByRdHSAHdQUhIAdGYSUgB0ZhKSQHvvUxLKCkATE
76=kB7bUCTUgBdE8BAgIATsgBAQMCAE9JATpABENRFAAf7Z8VSAHBJRZIAcEPFygpABgoKQAZ
77=KCkAGigpABsoKQAcKCkAHUgByRceSAHdKx8oKQAgKCkAISgpACIoKQAjKCkAJCgpACUoKQ
78=AmKCkAJygpACgoKQApKCkAKigpACsoKQAsKCkALSgpAC4oKQAvKCkAMCgpADEoKQAyKCkA
79=MygpADQoKQA1SAHBfTZIAd0rNygpADgoKQA5KCkAOkgB2TI7KCkAPEgB0VY9SAHRKj4oKQ
80=A/KCkAQCgpAEEoKQBCKCkAQygpAEQoKQBFKCkARkgByRdHSAHJF0hIAcE7SUgBwZ5KSAFo
81=TlXpS8gBXUxMSQFctXBNSQFgqQFOyAFBBE9IAWxSWVNQSQE9WFNTVhMAIP2kFEgBzRAVSA
82=HNEBYoKQAXKCkAGCgpABkoKQAaKCkAGygpABwoKQAdSAHBGh5IAdEqHygpACAoKQAhKCkA
83=IigpACMoKQAkKCkAJSgpACYoKQAnKCkAKCgpACkoKQAqKCkAKygpACwoKQAtKCkALigpAC
84=8oKQAwKCkAMSgpADIoKQAzKCkANEgB3Y41SAHdKzYoKQA3KCkAOCgpADkoKQA6KCkAOygp
85=ADwoKQA9SAHJWT4oKQA/KCkAQCgpAEEoKQBCSAHNXUNIAdkyRCgpAEVIAckXRkgByRdHKC
86=kASEgBwTtJSAEnpgogAGRVXUxLVAJoAVVPTEgBZFVNUk1IAWRVQQROyAFBBE9IAWRVQQRQ
87=yAFNXVFIAXBWSwESACHtqhNIAcUeFEgBxRMVKCkAFigpABcoKQAYKCkAGSgpABooKQAbKC
88=kAHCgpAB1IAdkcHkgBwSUfKCkAICgpACEoKQAiKCkAIygpACQoKQAlKCkAJigpACcoKQAo
89=KCkAKSgpACooKQArKCkALCgpAC0oKQAuKCkALygpADAoKQAxKCkAMigpADMoKQA0SAHdgz
90=VIAcktNigpADcoKQA4KCkAOSgpADooKQA7KCkAPCgpAD0oKQA+KCkAPygpAEAoKQBBKCkA
91=QigpAENIAd1BRCgpAEVIAd0VRigpAEcoKQBISAElaSlJSAEn/wohAGOhqUtUAmgBTVJMSA
92=HBUU3IAVUCTkkBPEyqWVNPSQFCqQFQKCkAUUgBeAZNXVLIAU9dEQAi/a8SSAHdKxNIAd0V
93=FCgpABUoKQAWKCkAFygpABgoKQAZKCkAGigpABsoKQAcKCkAHUgBJ1QLJzkCH1QCwVwgKC
94=kAISgpACIoKQAjKCkAJCgpACUoKQAmKCkAJygpACgoKQApKCkAKigpACsoKQAsKCkALSgp
95=AC4oKQAvKCkAMCgpADFIAcWXMkgByUMzKCkANEgByS01KCkANigpADcoKQA4KCkAOSgpAD
96=ooKQA7KCkAPCgpAD0oKQA+KCkAPygpAEAoKQBBKCkAQigpAEMoKQBEKCkARSgpAEYoKQBH
97=SAHJWUhIAck4SUgBJ1ULIpRaQVFLVAJ0WkFRTEkBO7FWTcgBl1oiAD61Ak9UAmgBVQJQSA
98=HBXFFIAdleUsgBQQRTyAFTYRAAI+FcESgpABJJAZClaxNIAcEwFCgpABUoKQAWKCkAFygp
99=ABgoKQAZKCkAGigpABsoKQAcKCkAHUgB1SMeSAHVIx8oKQAgKCkAISgpACIoKQAjKCkAJC
100=gpACUoKQAmKCkAJygpACgoKQApKCkAKigpACsoKQAsKCkALSgpAC4oKQAvKCkAMCgpADFI
101=AcGIMkgB0SozKCkANCgpADUoKQA2KCkANygpADgoKQA5KCkAOigpADsoKQA8KCkAPSgpAD
102=4oKQA/KCkAQCgpAEEoKQBCKCkAQygpAEQoKQBFKCkARkgB2ZVHSAHJOEgoKQBJSAEnrwsj
103=AGa9TEtUAmgBWVNMyAFFYE1IAXheRWBOSAFgXFUCT8gBVQJQyAFJWVFIAWxdQQRSyAFBBF
104=PIAVUCVMgBVwIPACT5XhAoKQARKCkAEigpABNIAdFhFEgBJeFDFSgpABZIAdU5FygpABgo
105=KQAZKCkAGigpABtIAdEJHEgB2V4dSAHNJh4oKQAfKCkAICgpACEoKQAiKCkAIygpACQoKQ
106=AlKCkAJigpACcoKQAoKCkAKSgpACooKQArKCkALCgpAC0oKQAuKCkALygpADAoKQAxSAHF
107=KTJIAc0mMygpADQoKQA1KCkANigpADcoKQA4KCkAOSgpADooKQA7KCkAPCgpAD0oKQA+KC
108=kAPygpAEAoKQBBKCkAQigpAEMoKQBEKCkARSgpAEYoKQBHSAEl6S5ISAHBO0lIAScFDCSE
109=YE1SS1QCZGABBAIATMkBBSKeViQAdFpBXE5UAmgBSWRPSAEitCJVAlDIAVUCUUgBaGRRCV
110=JIAWBnWV5TSAHZwVQoKQBVSAFwCUcIDgAl8WEPKCkAECgpABEoKQASKCkAEygpABQoKQAV
111=KCkAFkgB2T0XSAHNXRgoKQAZKCkAGkgBxWAbSAHBJRwoKQAdKCkAHigpAB8oKQAgKCkAIS
112=gpACIoKQAjKCkAJCgpACUoKQAmKCkAJygpACgoKQApKCkAKigpACsoKQAsKCkALSgpAC4o
113=KQAvKCkAMCgpADEoKQAySAHRxDNIAclkNCgpADUoKQA2KCkANygpADgoKQA5KCkAOigpAD
114=soKQA8KCkAPSgpAD4oKQA/KCkAQCgpAEEoKQBCKCkAQygpAERIAdk9RUgB1RhGKCkARygp
115=AEhIAclkSUkB+iQ5I0pIASUNT0tIAXxiRVVMyAFNXU3IAUFcTkgBaFlZXk9IAXxiVQJQyA
116=FVAlFIASLEOkUIUsgBRQhTyAFNBVTIAU0FVUgBcAlVAlbIAVcCDQAm6WQOKCkADygpABAo
117=KQARKCkAEigpABMoKQAUKCkAFSgpABYoKQAXKCkAGCgpABkoKQAaKCkAGygpABwoKQAdKC
118=kAHigpAB8oKQAgKCkAISgpACIoKQAjKCkAJCgpACUoKQAmKCkAJygpACgoKQApKCkAKigp
119=ACsoKQAsKCkALSgpAC4oKQAvKCkAMCgpADEoKQAySAHFjDNIAd1MNCgpADUoKQA2KCkANy
120=gpADgoKQA5KCkAOigpADsoKQA8KCkAPSgpAD4oKQA/KCkAQCgpAEEoKQBCKCkAQ0gBJZkk
121=REgBwZ5FSAHBGkZIAcEaRygpAEgoKQBJSAHBZ0pIAcHKS0gBdGVRVkzIAUHKTcgBQcpOSA
122=Fkw0VgT0gBbF1dYlDIAVUCUUgBdGVFYFLIAVEJU0gBeAZNBVTIAU0FVUgBZM5VAlZIAdEJ
123=V8gBQwQMACfhZw0oKQAOKCkADygpABAoKQARKCkAEigpABMoKQAUKCkAFSgpABYoKQAXKC
124=kAGCgpABkoKQAaKCkAGygpABwoKQAdKCkAHigpAB8oKQAgKCkAISgpACIoKQAjKCkAJCgp
125=ACUoKQAmKCkAJygpACgoKQApKCkAKigpACsoKQAsKCkALSgpAC4oKQAvKCkAMCgpADEoKQ
126=AyKCkAM0gB1U80SAHVTzUoKQA2KCkANygpADgoKAACOQAnAIMRAAD8DAAgCAAAAAACADoA
127=JwCDRAECAAIAOwAnKQA8KCkAPSgpAD4oKQA/SQGIuQZAKCkAQSgpAEIoKQBDSQGKrQVESg
128=H//08BAgBFKCkARkkBkFACTRBHSAHdCkgoKQBJSQGGoQRKSgH6AU8BAgBLSQHtqQFMSQF8
129=UAJFCE3IAQEBAgBOSQFutQJPyAFVAlBJATxYBgEDAgBRSQE9SAFZBlJJAUKpAVNJATtIAQ
130=ECAgBUyAFNBVVJAT61AlZIAWQIQQRXyAFBBFhIAdgGAgsAKACNoQ8MSQGFqQENKCkADigp
131=AA9JAYehBBBIAdUjESgpABIoKQATKCkAFCgpABUoKQAWKCkAFygpABhJAaxIF1kcGUkBpq
132=kBGkgB1Q0bKCkAHCgpAB0oKQAeKCkAHygpACAoKQAhKCkAIigpACMoKQAkKCkAJSgpACYo
133=KQAnKCkAKCgpACkoKQAqKCkAKygpACwoKQAtKCkALigpAC8oKQAwKCkAMSgpADIoKQAzKC
134=kANEgBzVI1SAHJZDYoKQA3KCkAOCgpADkoKQA6KCkAOygpADwoKQA9KCkAPkgByWQ/SAHZ
135=MkAoKQBBKCkAQigpAEMoKQBEKCkARSgpAEYoKQBHKCkASCgpAElIAdkcSkgBwVFLSQH2tU
136=RMSAFka01dTcgBTV1OSAFka1UCT8gBVQJQSQFrqVlRyAFdbVJIAWwFVU9TyAFVAlRIAWxo
137=SQFVSAFgZ0EEVkgBdAJJAVfIAUEEWEgB2XRZSAHYdAEKACkAwSULSQGMoQ8MSAHRNQ0oKQ
138=AOKCkADygpABBIAcUeEUgB0QkSKCkAEygpABRJAaypIhVJAaSpARYoKQAXKCkAGEkBoqEE
139=GUkBpakBGkgByQwbKCkAHCgpAB0oKQAeKCkAHygpACAoKQAhKCkAIigpACMoKQAkKCkAJS
140=gpACYoKQAnKCkAKCgpACkoKQAqKCkAKygpACwoKQAtKCkALigpAC8oKQAwKCkAMSgpADIo
141=KQAzKCkANCgpADVIAc1SNkgB2cE3KCkAOCgpADkoKQA6KCkAOygpADwoKQA9SAHRbD5IAc
142=0xPygpAEAoKQBBKCkAQigpAEMoKQBEKCkARSgpAEYoKQBHKCkASCgpAEkoKQBKSQGOsVZL
143=SAHR2kxJAfKhRk1IAd3bTkgBbGgBBAIAT8gBAQUCAFBIAXxtVXBRyAFVcFJIAWwFVQJTyA
144=FVAlRJAWq1DVXIAUVrVkkBabUCV8gBVQJYSQFstQJZSAHfbQkAKv1tCigpAAtJAYytBQxI
145=ASfpDSomVSEOKFUADygpABAoKQARSAHVcBJIAdkyE0kBrL0gFEgB2WkVKCkAFigpABcoKQ
146=AYKCkAGUgBJ+gNJ+kCG1QCyQwcKCkAHSgpAB4oKQAfKCkAICgpACEoKQAiKCkAIygpACRI
147=AdX/JUkBhbUjJigpACcoKQAoKCkAKSgpACooKQArKCkALCgpAC0oKQAuKCkALygpADBIAd
148=EqMUgBxR4yKCkAMygpADQoKQA1KCkANigpADcoKQA4KCkAOSgpADooKQA7KCkAPCgpAD0o
149=KQA+KCkAPygpAEAoKQBBKCkAQigpAEMoKQBEKCkARSgpAEYoKQBHKCkASCgpAEkoKQBKSA
150=HFjEtIAcU0TEgBzSZNSAHBck5IAcFyTygpAFAoKQBRSAHZdFJIAWhvWXRTyAFZdFRIAWhv
151=QXJVyAFBclZIAWhvVQJXyAFVAlhIAWhvV3AIACsmESkJSAHRFAooKQALSAHdbQwoKQANKC
152=kADigpAA8oKQAQKCkAEUkBhrlTEkgB1UQTSQGv628rAKepARVUAtVwFigpABcoKQAYKCkA
153=GSgpABpIAdHlG0kBprEJHEgB1Q0dKCkAHigpAB8oKQAgKCkAISgpACIoKQAjKCkAJEkBjK
154=EaJUgB1SMmKCkAJygpACgoKQApKCkAKigpACsoKQAsKCkALSgpAC4oKQAvKCkAMCgpADFJ
155=AYe5ETJIAcUeMygpADQoKQA1KCkANigpADcoKQA4KCkAOSgpADooKQA7KCkAPCgpAD0oKQ
156=A+KCkAPygpAEAoKQBBKCkAQigpAEMoKQBEKCkARSgpAEYoKQBHKCkASCgpAEkoKQBKKCkA
157=S0gB1XBMSAHd/E1IAc1dTigpAE8oKQBQSAHRKlFIAdl0UkgB2XRTKCkAVCgpAFUoKQBWKC
158=kAV0kB9K9SBwAs/W0ISAHNRwkoKQAKKCkACygpAAwoKQANKCkADigpAA8oKQAQKCkAEUkB
159=hqlDEkgByUMTKCkAFCgpABVJAauxFBZIAdVwFygpABgoKQAZKCkAGigpABtJAaWlCBxIAd
160=UNHSgpAB4oKQAfKCkAICgpACEoKQAiSAHd2yNJAYW1GCRIAc0mJSgpACYoKQAnKCkAKCgp
161=ACkoKQAqKCkAKygpACwoKQAtKCkALigpAC8oKQAwKCkAMUgB3SsySAHFHjMoKQA0KCkANS
162=gpADYoKQA3KCkAOCgpADkoKQA6KCkAOygpADwoKQA9KCkAPigpAD8oKQBAKCkAQSgpAEIo
163=KQBDKCkARCgpAEUoKQBGKCkARygpAEgoKQBJKCkASigpAEsoKQBMKCkATUgBwXJOSAHBck
164=9IAcE7UCgpAFFIAcU/UigpAFMoKQBUKCkAVSgpAFYoKwAGAC0mPSkHSAHZtghIAdUNCSgp
165=AAooKQALKCkADCgpAA0oKQAOKCkADygpABAoKQARSAHJQxJIAclDEygpABQoKQAVSAHN4R
166=ZJAaetaBdIAdVwGCgpABkoKQAaSAHNBRtIAc0FHEkBpqUIHUgBwQ8eKCkAHygpACAoKQAh
167=KCkAIkgBwSUjSAHBJSQoKQAlKCkAJigpACcoKQAoKCkAKSgpACooKQArKCkALCgpAC0oKQ
168=AuKCkALygpADAoKQAxSQGGsYIySAHZHDMoKQA0KCkANSgpADYoKQA3KCkAOCgpADkoKQA6
169=KCkAOygpADwoKQA9KCkAPigpAD8oKQBAKCkAQSgpAEIoKQBDKCkARCgpAEUoKQBGKCkARy
170=gpAEgoKQBJKCkASigpAEsoKQBMKCkATSgpAE4oKQBPSAHBclBIAcFyUUgBxT9SKCkAUygp
171=AFQoKQBVKCsABQAu/W0GSAHFuAdIAdEJCCgpAAkoKQAKKCkACygpAAwoKQANKCkADigpAA
172=8oKQAQKCkAESgpABJIAcGIE0kBh6FGFEgBwUYVKCkAFigpABdIAc3hGEgBxWsZSQGppWsa
173=SAHFCBtIAdF3HEgBwQQdSAHBBB4oKQAfKCkAICgpACEoKQAiSAEn6Q0uJnU7JFQC2SclKC
174=kAJigpACcoKQAoKCkAKSgpACooKQArKCkALCgpAC0oKQAuKCkALygpADAoKQAxKCkAMkgB
175=0SozSAHFHjQoKQA1KCkANigpADcoKQA4KCkAOSgpADooKQA7KCkAPCgpAD0oKQA+KCkAPy
176=gpAEAoKQBBKCkAQigpAEMoKQBEKCkARSgpAEYoKQBHKCkASCgpAEkoKQBKKCkASygpAEwo
177=KQBNKCkATigpAE8oKQBQKCkAUUgB0UBSSAHFP1MoKQBUKCsABAAvJj0pBUgBzV0GSAHZBg
178=coKQAIKCkACSgpAAooKQALKCkADCgpAA0oKQAOKCkADygpABAoKQARKCkAEigpABNIAc21
179=FEgB1UQVKCkAFigpABdIAdlpGEgB2WkZSAHZBhooKQAbKCkAHCgpAB0oKQAeKCkAHygpAC
180=AoKQAhKCkAIkgB1S4jSAHZJyQoKQAlKCkAJigpACcoKQAoKCkAKSgpACooKQArKCkALCgp
181=AC0oKQAuKCkALygpADAoKQAxKCkAMkgB0SozSAHVIzQoKQA1KCkANigpADcoKQA4KCkAOS
182=gpADooKQA7KCkAPCgpAD0oKQA+KCkAPygpAEAoKQBBKCkAQigpAEMoKQBEKCkARSgpAEYo
183=KQBHKCkASCgpAEkoKQBKKCkASygpAEwoKQBNKCkATigpAE8oKQBQKCkAUUgBzeFSSAHN4V
184=MoKwADADD9bQRIAdVEBSgpAAYoKQAHKCkACCgpAAkoKQAKKCkACygpAAwoKQANKCkADigp
185=AA8oKQAQKCkAESgpABIoKQATKCkAFEgBzbUVSAHBRhYoKQAXKCkAGCgpABkoKQAaKCkAGy
186=gpABwoKQAdKCkAHigpAB8oKQAgKCkAISgpACJIAdUuI0gB1S4kKCkAJUgByS0mKCkAJygp
187=ACgoKQApKCkAKigpACsoKQAsKCkALSgpAC4oKQAvKCkAMCgpADEoKQAySAEn6Q0wJr0jNF
188=QC0So1KCkANigpADcoKQA4KCkAOSgpADooKQA7KCkAPCgpAD0oKQA+KCkAPygpAEAoKQBB
189=KCkAQigpAEMoKQBEKCkARSgpAEYoKQBHKCkASCgpAEkoKQBKKCkASygoAApMADAA//8AAA
190=ACAE0AEQAASgwAIAgwAP//AAAAAgBOACcpAE8oKQBQKCkAUSgpAFIoKwACADHlCANKAYwA
191=QwACAARJAYNEAV0KBSgpAAYoKQAHKCkACCgpAAkoKQAKKCkACygpAAwoKQANKCkADigpAA
192=8oKQAQKCkAESgpABIoKQATKCkAFEkBhr0VFUgBySIWKCkAFygpABgoKQAZKCkAGigpABso
193=KQAcKCkAHSgpAB4oKQAfSAF8DkElICgpACEoKQAiKCkAIygpACQoKQAlSAHVLiZIAdUuJy
194=gpACgoKQApKCkAKigpACsoKQAsKCkALSgpAC4oKQAvKCkAMCgpADEoKQAySAHFKTNIAcUp
195=NCgpADUoKQA2KCkANygpADgoKQA5KCkAOigpADsoKQA8KCkAPSgpAD4oKQA/KCkAQCgpAE
196=EoKQBCKCkAQygpAEQoKQBFKCkARigpAEcoKQBIKCkASSgpAEooKQBLKCkATCgpAE0oKQBO
197=KCkATygpAFAoKQBRKCsAAQAy/W0CSQGNc0cCAANIAcU/BCgpAAUoKQAGKCkABygpAAgoKQ
198=AJKCkACigpAAsoKQAMKCkADSgpAA4oKQAPKCkAECgpABEoKQASKCkAEygpABRIAcFGFUgB
199=wUYWKCkAFygpABgoKQAZKCkAGigpABsoKQAcKCkAHSgpAB4oKQAfSAF0J4lvMoQBSQEhKF
200=UAIigpACMoKQAkKCkAJUgBJ+oNMgDBMCdUAskBKCgpACkoKQAqKCkAKygpACwoKQAtKCkA
201=LigpAC8oKQAwKCkAMSgpADJJAYp/GAIAM0gBxSk0KCkANSgpADYoKQA3KCkAOCgpADkoKQ
202=A6KCkAOygpADwoKQA9KCkAPigpAD8oKQBAKCkAQSgpAEIoKQBDKCkARCgpAEUoKQBGKCkA
203=RygpAEgoKQBJKCkASigpAEsoKQBMKCkATSgpAE4oKQBPKCkAUCgoAGwpzTwDWCrBOwQoKQ
204=AFKCkABigpAAcoKQAIKCkACSgpAAooKQALKCkADCgpAA0oKQAOKCkADygpABAoKQARKCkA
205=EigpABMoKQAUKCkAFUkBh7VEFkgB1UQXKCkAGEgBfANRYRkoKQAaKCkAGygpABwoKQAdKC
206=kAHigpAB8oKQAgKCkAISgpACIoKQAjKCkAJCgpACVJAZB/EQIAJkkBiKkBJygpACgoKQAp
207=KCkAKigpACtIAd02LCgpAC0oKQAuKCkALygpADBIAdUNMUgBxWsySAHNJjMoKQA0KCkANS
208=gpADYoKQA3KCkAOCgpADkoKQA6KCkAOygpADwoKQA9KCkAPigpAD8oKQBAKCkAQSgpAEIo
209=KQBDKCkARCgpAEUoKQBGKCkARygpAEgoKQBJKCkASigpAEsoKQBMKCkATSgpAE4oKQBPKC
210=sAAwA06aYEKCkABSgpAAYoKQAHKCkACCgpAAkoKQAKKCkACygpAAwoKQANKCkADigpAA8o
211=KQAQKCkAESgpABIoKQATKCkAFCgpABVIAdnXFkgByUMXKCkAGEgBbFaZaTSEAUkBGihVAB
212=soKQAcKCkAHSgpAB4oKQAfKCkAICgpACEoKQAiKCkAIygpACQoKQAlKCkAJigpACcoKQAo
213=KCkAKSgpACpIAc0bK0gBwXIsSAHJZC0oKQAuKCkAL0gBwWcwSAHFCDEoKQAyKCkAMygpAD
214=QoKQA1KCkANigpADcoKQA4KCkAOSgpADooKQA7KCkAPCgpAD0oKQA+KCkAPygpAEAoKQBB
215=KCkAQigpAEMoKQBEKCkARSgpAEYoKQBHKCkASCgpAEkoKQBKKCkASygpAEwoKQBNKCkATi
216=grAAQANe1oBSgpAAYoKQAHKCkACCgpAAkoKQAKKCkACygpAAwoKQANKCkADigpAA8oKQAQ
217=KCkAESgpABIoKQATKCkAFCgpABVIASfhDDUmTSsXVALVRBhIAZtlAgAZKCkAGigpABsoKQ
218=AcKCkAHSgpAB4oKQAfKCkAICgpACEoKQAiKCkAIygpACQoKQAlKCkAJigpACcoKQAoKCkA
219=KSgpACpIAcEaKygpACwoKQAtKCkALigpAC8oKQAwKCkAMSgpADIoKQAzKCkANCgpADUoKQ
220=A2KCkANygpADgoKQA5KCkAOigpADsoKQA8KCkAPSgpAD4oKQA/KCkAQCgpAEEoKQBCKCkA
221=QygpAEQoKQBFKCkARigpAEcoKQBIKCkASSgpAEooKQBLKCkATCgpAE0oKAABBQA2ANmVBk
222=gBJU0gBygpAAgoKQAJKCkACigpAAsoKQAMKCkADSgpAA4oKQAPKCkAECgpABEoKQASKCkA
223=EygpABQoKQAVSAEniQw2KIgMJykAGEAEJ4kMNoQBjMsnKQAbKIEAHCgpAB0oKQAeKCkAHy
224=gpACAoKQAhKCkAIigpACMoKQAkKCkAJSgpACYoKQAnKCkAKCgpACkoKQAqSAEniAwnbQMs
225=KFUALSgpAC4oKQAvKCkAMCgpADEoKQAyKCkAMygpADQoKQA1KCkANigpADcoKQA4KCkAOS
226=gpADooKQA7KCkAPCgpAD0oKQA+KCkAPygpAEAoKQBBKCkAQigpAEMoKQBEKCkARSgpAEYo
227=KQBHKCkASCgpAEkoKQBKKCkASygpAEwoKAABBgA3AMX6B0gB3WIIKCkACSgpAAooKQALKC
228=kADCgpAA0oKQAOKCkADygpABAoKQARKCkAEkgBzXMTKCkAFCgpABVIASUpIRZIAcFGFygp
229=ABhIAYhgfcU3hAGQYScpABsogQAcKCkAHSgpAB4oKQAfKCkAICgpACEoKQAiKCkAIygpAC
230=QoKQAlKCkAJigpACcoKQAoKCkAKSgpACpIAc0bKygpACwoKQAtKCkALigpAC8oKQAwKCkA
231=MSgpADIoKQAzKCkANCgpADUoKQA2KCkANygpADgoKQA5KCkAOigpADsoKQA8KCkAPSgpAD
232=4oKQA/KCkAQCgpAEEoKQBCKCkAQygpAEQoKQBFKCkARigpAEcoKQBIKCkASSgpAEooKQBL
233=KCgAAQcAOAAllT8ISAHFYAkoKQAKKCkACygpAAwoKQANKCkADigpAA8oKQAQKCkAEUgB3b
234=oSSAHZPRMoKQAUKCkAFSgpABYoKQAXKCkAGEgBkF15XjiEAZheJykAGyiBABwoKQAdKCkA
235=HigpAB8oKQAgKCkAISgpACIoKQAjKCkAJCgpACUoKQAmKCkAJygpACgoKQApKCkAKkgB3S
236=ArKCkALCgpAC0oKQAuKCkALygpADAoKQAxKCkAMigpADMoKQA0KCkANSgpADYoKQA3KCkA
237=OCgpADkoKQA6KCkAOygpADwoKQA9KCkAPigpAD8oKQBAKCkAQSgpAEIoKQBDKCkARCgpAE
238=UoKQBGKCkARygpAEgoKQBJKCkASigrAAgAOSbNMAkoKQAKKCkACygpAAwoKQANKCkADigp
239=AA8oKQAQKCkAEUgBzbUSSAHBOxMoKQAUKCkAFSgpABYoKQAXKCkAGEgBmFphXDmEAYBcJy
240=kAGyiBABwoKQAdKCkAHigpAB8oKQAgSAEl+VwhSAElTUwiSAGPDAIAIygpACQoKQAlKCkA
241=JigpACcoKQAoKCkAKSgpACpIAd0gKygpACwoKQAtKCkALigpAC8oKQAwKCkAMSgpADIoKQ
242=AzKCkANCgpADUoKQA2KCkANygpADgoKQA5KCkAOigpADsoKQA8KCkAPSgpAD4oKQA/KCkA
243=QCgpAEEoKQBCKCkAQygpAEQoKQBFKCkARigpAEcoKQBIKCkASSgrAAkAOvVaCigpAAsoKQ
244=AMKCkADSgpAA4oKQAPKCkAEEgBwbQRSAHdQRIoKQATSAHVORQoKQAVKCkAFigpABcoKQAY
245=SAHRCRkoKQAaKCkAGygpABwoKQAdKCkAHigpAB8oKQAgSAHZ1yFIAdnXIkkBhXgNalk6AM
246=FcJFQCcAJNaCUoKQAmKCkAJygpACgoKQApKCkAKigpACtIAd0gLCgpAC0oKQAuKCkALygp
247=ADAoKQAxKCkAMigpADMoKQA0KCkANSgpADYoKQA3KCkAOCgpADkoKQA6KCkAOygpADwoKQ
248=A9KCkAPigpAD8oKQBAKCkAQSgpAEIoKQBDKCkARCgpAEUoKQBGKCkARygpAEgoKwAKADsm
249=bToLSAHJOAwoKQANKCkADigpAA8oKQAQSAEn0Qo7iDxNPBJUAo8BAgATSAHQNQcUADsA//
250=8AAAACEQAAlQwAIAoAFQA7AP//AAAAAgAWSQGNRAFJARdJAYWpARgoKQAZKCkAGkkBh6EE
251=G0gBZAFZBhwoKQAdKCkAHigpAB8oKQAgSQGMfwYCACFJAYOpASIoKQAjKCkAJEgB2RElKC
252=kAJigpACdIAdkRKEgBbAlZESkoKQAqKCkAKygpACwoKQAtKCkALigpAC8oKQAwSgH//0cL
253=AgAxKCkAMigpADMoKQA0KCkANSgpADYoKQA3KCkAOCgpADkoKQA6KCkAOygpADwoKQA9KC
254=kAPigpAD8oKQBAKCkAQSgpAEIoKQBDKCkARCgpAEUoKQBGKCkARygoAAILADwAjFggXSsM
255=SAHdNg0oKQAOKCkADygpABBJAYa5BhFIAWQBRQgSKCkAE0gB3SsUKCkAFUkBjXAFelM8AN
256=UNF1QCyQEYKCkAGSgpABooKQAbSQGHpQgcSAFkAUEPHSgpAB4oKQAfKCkAIEgB2RwhSAHV
257=DSIoKQAjKCkAJCgpACUoKQAmKCkAJygpAChIAdkRKUgB2REqKCkAKygpACwoKQAtKCkALi
258=gpAC8oKQAwKCkAMSgpADIoKQAzKCkANCgpADUoKQA2KCkANygpADhIAdkyOSgpADooKQA7
259=KCkAPCgpAD0oKQA+KCkAPygpAEAoKQBBKCkAQigpAEMoKQBEKCkARSgpAEYoKwAMAD3pQw
260=0oKQAOKCkADygpABBIASchCj2cL11BElQCjwECABNIAclOFEgB3Y4VSAHRQBYoKQAXKCkA
261=GCgpABkoKQAaKCkAG0gBwQ8cSAHRKh0oKQAeKCkAHygpACBIAScgCieZAyJUAtkRIygpAC
262=RJAYh7GAIAJSgpACYoKQAnKCkAKEkBiq0FKUgBZAFdICooKQArKCkALCgpAC0oKQAuKCkA
263=LygpADAoKQAxKCkAMigpADMoKQA0KCkANSgpADYoKQA3KCkAOCgpADkoKQA6KCkAOygpAD
264=xIAd0rPSgpAD4oKQA/KCkAQCgpAEEoKQBCKCkAQygpAEQoKQBFKCsADQA+9U8OKCkADygp
265=ABBIAcktEUgByS0SKCkAE0gBzTwUSAHBOxUoKQAWKCkAFygpABgoKQAZKCkAGigpABtIAS
266=fKCT4AySIdVALNEB4oKQAfKCkAIEkBkGQEaPMnbQMiVALFEyNIAd0KJEgBaAVNRyUoKQAm
267=KCkAJygpACgoKQApKCkAKigpACsoKQAsKCkALSgpAC4oKQAvKCkAMCgpADEoKQAyKCkAMy
268=gpADQoKQA1KCkANigpADcoKQA4KCkAOSgpADooKQA7KCkAPEgB3Ss9KCkAPigpAD8oKQBA
269=KCkAQSgpAEIoKQBDKCkARCgoAAEOAD8A1XsPSAHFShBIAcEwESgpABIoKQATSAEncQk/5V
270=UVVALVORYoKQAXKCkAGCgpABkoKQAaKCkAG0gB0UAcSAHRHx1IAdkRHigpAB8oKQAgKCkA
271=IUgBxRMiSAHZESNIAd0KJEgB0QklKCkAJigpACcoKQAoKCkAKSgpACooKQArKCkALCgpAC
272=0oKQAuKCkALygpADAoKQAxKCkAMigpADMoKQA0KCkANSgpADYoKQA3SAHNyzhIAc3LOSgp
273=ADooKQA7SAElpSA8SAHdKz0oKQA+KCkAP0gBwSVAKCkAQSgpAEIoKQBDKCsADwBAlAYBAA
274=IAECgpABEoKQASKCkAE0gB0TUUSAHRNRUoKQAWKCkAFygpABgoKQAZKCkAGigpABtIAclZ
275=HEgBnxECAB0oKQAeKCkAHygpACAoKQAhSAHZlSJIAcUTI0gB3QokSAHdCiUoKQAmKCkAJy
276=gpACgoKQApKCkAKigpACsoKQAsKCkALSgpAC4oKQAvKCkAMCgpADEoKQAyKCkAMygpADQo
277=KQA1KCkANigpADdIAc0xOEgBxR45KCkAOigpADsoKQA8SAHJTj0oKQA+KCkAP0gByU5ASA
278=HNJkEoKQBCKCsAEABBnANNRxEoKQASKCkAE0gB0RQUSAHRFBUoKQAWKCkAFygpABhIAdWc
279=GSgpABpIAdU5G0gBhw8CABwoKQAdKCkAHigpAB8oKQAgKCkAISgpACJJAZJ3CQIAI0gBZA
280=FBGiQoKQAlKCkAJigpACcoKQAoKCkAKSgpACooKQArKCkALCgpAC0oKQAuKCkALygpADAo
281=KQAxKCkAMigpADMoKQA0KCkANSgpADYoKQA3SAHNMThIAc0xOSgpADooKQA7KCkAPCgpAD
282=0oKQA+KCkAPygpAEBIAdFLQUgB20gRAEIm2SESKCkAE0gB2REUSAHZERUoKQAWKCkAF0gB
283=2cEYSAHFNBkoKQAaKCkAGygpABwoKQAdKCkAHigpAB8oKQAgKCkAISgpACIoKQAjKCkAJC
284=gpACUoKQAmKCkAJygpACgoKQApKCkAKigpACsoKQAsKCkALSgpAC4oKQAvKCkAMCgpADEo
285=KQAyKCkAMygpADQoKQA1KCkANigpADdIAc0xOEgBzTE5KCkAOigpADsoKQA8KCkAPSgpAD
286=4oKQA/KCkAQCgrABIAQ4Q4UWwTSAHZthRIAc1+FSgpABYoKQAXSAHZfxhIAYsIAgAZKCkA
287=GigpABsoKQAcKCkAHSgpAB4oKQAfKCkAICgpACEoKQAiKCkAIygpACQoKQAlKCkAJigpAC
288=coKQAoKCkAKSgpACooKQArKCkALCgpAC0oKQAuKCkALygpADAoKQAxKCkAMigpADMoKQA0
289=KCkANSgpADYoKQA3SAEnEghDACcQCCcpADpABNUCOygpADwoKQA9KCkAPigpAD8oKwATAE
290=SYNkU/FCgpABUoKQAWKCkAFygpABgoKQAZKCkAGigpABsoKQAcKCkAHSgpAB4oKQAfKCkA
291=ICgpACEoKQAiKCkAIygpACQoKQAlKCkAJigpACcoKQAoKCkAKSgpACooKQArKCkALCgpAC
292=0oKQAuKCkALygpADAoKQAxKCkAMigpADMoKQA0KCkANSgpADYoKQA3SAEnuQdEKLgHJykA
293=OkAEJ7gHJ1UAPChVAD0oKQA+KCsAFABF7TwVKCkAFigpABcoKQAYKCkAGSgpABooKQAbKC
294=kAHCgpAB0oKQAeKCkAHygpACAoKQAhKCkAIigpACMoKQAkKCkAJSgpACYoKQAnKCkAKCgp
295=ACkoKQAqKCkAKygpACwoKQAtKCkALigpAC8oKQAwKCkAMSgpADIoKQAzKCkANCgpADUoKQ
296=A2KCkAN0gBzao4SAHJODkoKQA6KCkAOygpADwoKQA9KCsAFQBG9TkWKCkAFygpABgoKQAZ
297=KCkAGigpABsoKQAcKCkAHSgpAB4oKQAfKCkAICgpACEoKQAiKCkAIygpACQoKQAlKCkAJi
298=gpACcoKQAoKCkAKSgpACooKQArKCkALCgpAC0oKQAuKCkALygpADAoKQAxKCkAMigpADMo
299=KQA0KCkANSgpADYoKQA3KCkAOEgB2XQ5SAHVOTooKQA7KCkAPCgrABYAR/02FygpABgoKQ
300=AZKCkAGigpABsoKQAcKCkAHSgpAB4oKQAfKCkAICgpACEoKQAiKCkAIygpACQoKQAlKCkA
301=JigpACcoKQAoKCkAKSgpACooKQArKCkALCgpAC0oKQAuSAEl1TwvKCkAMEgBmCMiHGcnoQ
302=QyKFUAMygpADQoKQA1KCkANigpADcoKQA4SAHJbzlIASexBkf5qzsoVwAXAEiIEE3hGCgp
303=ABkoKQAaKCkAGygpABwoKQAdKCkAHigpAB8oKQAgKCkAISgpACIoKQAjKCkAJCgpACUoKQ
304=AmKCkAJygpAChIAdEqKSgpACooKQArKCkALCgpAC1IAYseAgAuSAHFCC8oKQAwKCkAMSgp
305=ADIoKQAzSAHFCDQoKQA1KCkANigpADcoKQA4KCkAOUgB2Wk6SAHHNBgASZgKTTEZKCkAGi
306=gpABsoKQAcKCkAHSgpAB4oKQAfKCkAICgpACEoKQAiKCkAIygpACQoKQAlKCkAJigpACco
307=KQAoSAHZJykoKQAqKCkAKygpACwoKQAtKCkALigpAC8oKQAwKCkAMSgpADIoKQAzSAGHJQ
308=IANCgpADUoKQA2KCkANygpADgoKQA5SAHLZBkASowJVS4aKCkAGygpABwoKQAdKCkAHigp
309=AB9IAd0gICgpACEoKQAiKCkAIygpACQoKQAlKCkAJigpACcoKQAoKCkAKSgpACooKQArKC
310=kALCgpAC0oKQAuKCkALygpADAoKQAxKCkAMigpADMoKQA0KCkANSgpADZIAZ8nAgA3KCkA
311=OCgrABoAS5wDXSsbKCkAHCgoAAQdAEsAAAAAEQAA/QQoCgYAAAIAHgBLAABgAAUCAB8ASw
312=D//08BAgAgKCkAISgpACIoKQAjKCkAJCgpACUoKQAmKCkAJygpACgoKQApSAFMDW0QKigp
313=ACsoKQAsKCkALSgpAC4oKQAvKCkAMEgByRcxKCkAMigpADMoKQA0KCkANSgpADYoKQA3KC
314=sAGwBMjBRBJRwoKQAdKCkAHigpAB9IAc0QICgpACEoKQAiKCkAIygpACRJATdzDAYAJcgB
315=AQEGACZJATa1AifIAVUCKEgBBYABAAADBgApSQE4oQQqSAHFCCvIAU0FLEkBNaEELcgBVQ
316=IuSAHdCi/IAVUCMEgBxQgxyAFVAjJIAc0FM8gBVQI0SAHNBTXIAVUCNkgB0x8cAE14DmE7
317=HSgpAB4oKQAfSAHNBSAoKQAhKCkAIigpACNJAT57CQIAJEgBYA8BAgIAJcoBAwJCJU0AcB
318=RVAidUAmgBVQIoSAFiJQYCQiVNAGAlAQECACpUAsUIK8gBTQUsSAFgJUUILcgBVQIuSAFw
319=CVUCL8gBVQIwSAHFCDHIAVUCMkgBzQUzyAFVAjRIAc0FNcgBVwIdAE7xbB4oKQAfKCkAIC
320=gpACEoKQAiSQFBfyAGACPJAQFoIgFOADUDRC1oIiddASZBBPdURFFWJ0kB76kBKCgpACko
321=KQAqKCkAKygpACwoKQAtKCkALigpAC8oKQAwKCkAMSgpADIoKQAzSQHxrRA0SAHHPx4AT/
322=0gHygpACAoKQAhKCkAIkkBQVEfAnIfTwBoAUUpJFQCUAJUH1xBJzEBJlUC9rUNJ0kB7akB
323=KEkBeXAFfkFPAGkBAX9BTwBZtQIrQARoAVUCLMgBWSctyAFVAi7IAVUCL8gBVQIwyAFVAj
324=HIAVUCMkkBXL0KM0kB9K8QHwBQ5R4gKCkAISgpACJJAUBYBpocUABoAZkcUEwCSABsPCcF
325=ASZMBSeaA1AAJ5kDUIwbUVYpQAR4HEUIKkgBbBtVAivIAVUCLMgBVQItyAFVAi7IAVUCL8
326=gBVQIwyAFVAjHIAVUCMkgBeBxHHiAAUe0bISgpACJJAT9FFwB+NlEAaAFNBSRUAnECAGAa
327=J9kAJlQCJ0EDUShDA1EAZHAFfDaoAUUIKk0FPFAqSQErSQFCSAFRCSxJATtIAVEULcgBUR
328=QuSQE6tQIvSQE9qQEwyAFBBDFIAcMEIQBS9RgiSAF8FY0xUogXTQUkVAJ9bQ5rF1IAjaUT
329=JlQCJ+kCUijrAlIAe6EEKUAEaAFdFSpJAWy1AitJAWipASzIAUEELUgBeBFJAS5JAT5cFU
330=0bL0gBZB5JATDIAUMEIgBThBOQFKgBkRRT9RglQQSQqQwmSAEnkQJTKJECU5AUTSYpQARw
331=FEUIKkgBcBRJDCtIAXAUQQQsyAFBBC1IAXAUSQEuSAFwFEEEL0gBcBRLASMAVO0QJCgpAC
332=UoKQAmSQH6rRsnSQHyqQEoKCkAKSgpACpIAcFcK0gBcBRdICzIAVEULUgBfBVVAi5IAXgR
333=RxMkAFXtECUoKQAmKCkAJygpACgoKQApSAHNJipIAc0mK0gBYA9NGyzIAUkMLUgBYA9PEC
334=UAVvUNJigpACcoKQAoKCkAKSgpACpIAd0gK0gB3SAsSAHXhiYAV/0KJygpACgoKQApKCkA
335=KigpACsoKAACJwBYAPv+K1gA2cEpVALJASpJAfXjBFkAXaBGCCkAWQAAAAAAAAIAEQAA

[Lighting]
Red=1.000000
Blue=1.000000
Green=1.000000
Level=0.032000
Ground=0.000000
IonRed=1.000000
Ambient=1.000000
IonBlue=1.000000
IonGreen=1.000000
IonLevel=0.032000
IonGround=0.000000
IonAmbient=1.000000
DominatorRed=0.850000
DominatorBlue=0.300000
DominatorGreen=0.200000
DominatorLevel=0.000000
DominatorGround=0.000000
DominatorAmbient=1.500000
DominatorAmbientChangeRate=0.009000

[Map]
Size=0,0,50,40
Theater=TEMPERATE
LocalSize=2,4,46,34

[Neutral]
IQ=0
Edge=North
Color=Grey
Allies=Neutral
Country=Neutral
Credits=0
NodeCount=0
TechLevel=1
PercentBuilt=0
PlayerControl=no

[Nod]
IQ=0
Edge=North
Color=Gold
Allies=Nod
Country=Nod
Credits=0
NodeCount=0
TechLevel=1
PercentBuilt=0
PlayerControl=no

[OverlayDataPack]
1=HgAAIP4wFACDBgoI/v0BAIEF/v8BAIED//8BMRT+0AUAgIQAACD+JA4AgwYHBv/8ASkMhA
2=gKCwr/+gEmDoIGCv4EAAuBB/75AQCBB/4FAAuBCNcMDoIHB//dAScQNACECggHBP4TAACB
3=BAYcAB3/3QFEFIEI/gcAC9EnEjQd/94BJhIkAf/7AScWggAHDADWRRiBCAIb/+ABJxCBCN
4=cmFAYC1yYe/qQBAIB9AAAg/iQAAIMEBwTyCwD+7BMAgwYHBv/8AU4ShQgKCwoI/+IBShTR
5=QAAh/f4FAAuBCv/hAUwWgwcLCM0gGFH9/gQAC8wwGv/EAZQSyxAcgQfNSxiBCP4NAAv/wQ
6=FMGIEEF8hxxSPeggoHyBYcggoLyCMeIBD+DQALyjEe/qUBAIDkAAAg/g4AAIEH/gQAC4EH
7=ywUAgwsKBv4KAACDBgcE/gwAAIEI/g8AC3A7/rYBAMwOAIMECAraSgCBByAf/8sBQwCFBg
8=oLCgjJMQAj4dVOAgAu/88BPwIF4MgkAFHj1U4ENh//zQFCBP4RAAAEAckjAM0TCP/hAT8G
9=BAGBCOUlBMsRBP/JAVkG5iQG1SMK/r0BAIEEyzAA2TAM/9IBTgjf8QH/+wFADso7CoQKCA
10=cH/9MBTgrdAwhh///vAUwQzTYQ/9UBTAznGxLWIwj/4AFeEhf3/gMAB//2AUcYDhz/9wFG
11=Gv7KAQCAmgAAIP4cAgCBBv4EAAeBBP4KAACBBP4DAAeBBv7pAQCDBAgK/gQAC4EI/goAAI
12=EH/gMAC4IKCMghAv7dAQAR7hHxc/IwEoEH/+4BMwTIMQb/7gEsBIEIzhsIgQYGEcghBP/f
13=AT4AJ/7LHgSBCP/qATAIRf+BCv4DAAh4AYEE/+oBMAIUAIIKCB3vgQb/6QEwDM0OAv/rAS
14=4O/vkLAIAFAAAg/gAgAIAFAAAg/gAgAIAFAAAg/gAgAIAFAAAg/gAgAIAFAAAg/gAgAIAF
15=AAAg/gAgAIAFAAAg/gAgAIAFAAAg/gAgAIAFAAAg/gAgAIAFAAAg/gAgAIAFAAAg/gAgAI
16=AFAAAg/gAgAIAFAAAg/gAgAIAFAAAg/gAgAIAFAAAg/gAgAIAFAAAg/gAgAIAFAAAg/gAg
17=AIAFAAAg/gAgAIAFAAAg/gAgAIAFAAAg/gAgAIAFAAAg/gAgAIAFAAAg/gAgAIAFAAAg/g
18=AgAIAFAAAg/gAgAIAFAAAg/gAgAIAFAAAg/gAgAIAFAAAg/gAgAIA=

[OverlayPack]
1=FwAAIP4wFP/+AwDL//4BMxL//wMxEv7QBf+ARQAAIP4kDv/+AwBw//4BKQz//AEkDv4HAH
2=D/GAIoEP4FAB7/4wFFEtMlFP4IAB7/5QFFFP/3AysWMgH/+QEoFNwhDv/AAUIcgFsAACD+
3=JAD//gMAcP4ZAP/+AwAe/gUU/9kkAP/kAWcS/gUAcP7hAf/RQAD+DABw//EBThb+DwBw/9
4=IBbBjLSxr+BAAe2TIa/8ABTRr+BgAezTYc1yQc/hEAcP6xAf+AqQAAIP4OAP/+BgAe/gkA
5=//4IAHDKBAD+DAD//gUAcP4DAB7+CQBw/r8B/94OAP4OAP/+BgBw/gYAHv/UAUkAUeLgJg
6=L/xgFIAs0uAP/xAR4E0ysG2QkI/ggAHv/bAUkG4SUG/9gBSAgR5uYkCv7UAf/pIgb+7gH/
7=yDsO/8YBSAD2DBD/xwFHAPMLEv/2AUYSzTgU/vQB//8AAjwWyDsY/vYB///5AUQa/soB/4
8=BKAAAg/hwC//4GAHD+CgD//gUAHv/vATMAziAC/+kBLwL+CQBw/w4EIwT/8AEyAs0gBP/y
9=ATEKySIK//ABMgAB/MkhDP/vATAA/uMN/4AFAAAg/gAg/4AFAAAg/gAg/4AFAAAg/gAg/4
10=AFAAAg/gAg/4AFAAAg/gAg/4AFAAAg/gAg/4AFAAAg/gAg/4AFAAAg/gAg/4AFAAAg/gAg
11=/4AFAAAg/gAg/4AFAAAg/gAg/4AFAAAg/gAg/4AFAAAg/gAg/4AFAAAg/gAg/4AFAAAg/g
12=Ag/4AFAAAg/gAg/4AFAAAg/gAg/4AFAAAg/gAg/4AFAAAg/gAg/4AFAAAg/gAg/4AFAAAg
13=/gAg/4AFAAAg/gAg/4AFAAAg/gAg/4AFAAAg/gAg/4AFAAAg/gAg/4AFAAAg/gAg/4AFAA
14=Ag/gAg/4A=

[Russians]
IQ=0
Edge=North
Color=DarkRed
Allies=Russians
Country=Russians
Credits=0
NodeCount=0
TechLevel=1
PercentBuilt=0
PlayerControl=no

[Special]
IQ=0
Edge=North
Color=Grey
Allies=Special
Country=Special
Credits=0
NodeCount=0
TechLevel=1
PercentBuilt=0
PlayerControl=no

[SpecialFlags]
Inert=no
FogOfWar=no
IonStorms=no
MCVDeploy=no
Meteorites=no
Visceroids=yes
FixedAlliance=no
TiberiumGrows=yes
InitialVeteran=no
HarvesterImmune=no
TiberiumSpreads=yes
TiberiumExplosive=no
DestroyableBridges=yes

[Structures]
0=Neutral,CATEXS02,256,52,8,64,None,1,0,1,0,0,None,None,None,0,0
1=Neutral,CAFRMB,256,55,12,64,None,1,0,1,0,0,None,None,None,0,0
2=Neutral,CAFRMB,256,54,12,64,None,1,0,1,0,0,None,None,None,0,0
3=Neutral,CAMSC07,256,48,55,64,None,1,0,1,0,0,None,None,None,0,0
4=Neutral,CAMSC08,256,51,56,64,None,1,0,1,0,0,None,None,None,0,0
5=Neutral,CAMSC09,256,49,57,64,None,1,0,1,0,0,None,None,None,0,0
6=Neutral,CAEAST01,256,47,58,64,None,1,0,1,0,0,None,None,None,0,0
7=Neutral,CAMSC02,256,72,34,64,None,1,0,1,0,0,None,None,None,0,0
8=Neutral,CAMSC05,256,73,34,64,None,1,0,1,0,0,None,None,None,0,0
9=Neutral,CAMSC06,256,74,37,64,None,1,0,1,0,0,None,None,None,0,0
10=Neutral,CAMSC06,256,51,58,64,None,1,0,1,0,0,None,None,None,0,0

[TeamTypes]

[Terrain]
1050=TREE18
2050=TREE17
3048=TREE04
3050=TREE02
3051=TREE19
4047=TREE02
4048=TREE10
4049=TREE18
4050=TREE10
4051=TREE02
4052=TREE17
5047=TREE18
5048=TREE17
5049=TREE02
5050=TREE17
5051=TREE17
5052=TREE07
5053=TREE19
5054=TREE19
6045=TREE04
6046=TREE17
6047=TREE18
6048=TREE19
6049=TREE10
6050=TREE04
6052=TREE04
6054=TREE02
6055=TREE10
7045=TREE18
7047=TREE19
7048=TREE18
7049=TREE10
7050=TREE17
7051=TREE04
7052=TREE04
7053=TREE18
7054=TREE17
8046=TREE02
8047=TREE17
8048=TREE07
8049=TREE10
8050=TREE17
8051=TREE10
9048=TREE18
9049=TREE02
9050=TREE19
15044=TREE07
15045=TREE02
15055=TREE02
16042=TREE19
16043=TREE19
16044=TREE10
16045=TREE18
16056=TREE04
17043=TREE19
17044=TREE10
17045=TREE17
17046=TREE17
17055=TREE17
17056=TREE10
17057=TREE04
18042=TREE19
18043=TREE17
18044=TREE10
18045=TREE02
18046=TREE04
18055=TREE19
18056=TREE17
18057=TREE17
19043=TREE02
19044=TREE02
19045=TREE02
19056=TREE18
19057=TREE17
19058=TREE10
20043=TREE02
20044=TREE10
20045=TREE07
20057=TREE04
20058=TREE04
20059=TREE19
21043=TREE19
21044=TREE02
21057=TREE02
21058=TREE07
21059=TREE19
22042=TREE19
22043=TREE10
22044=TREE04
22059=TREE19
23044=TREE07
23045=TREE10
23058=TREE18
23059=TREE04
24045=TREE18
24046=TREE04
24057=TREE18
24058=TREE17
24059=TREE07
24060=TREE19
25045=TREE02
25046=TREE02
25047=TREE07
25057=TREE19
26047=TREE07
26074=TREE21
26075=TREE13
27024=TREE19
27025=TREE20
27026=TREE22
27036=TIBTRE01
27073=TREE20
27074=TREE21
27075=TREE23
28024=TREE13
28025=TREE24
28026=TREE19
28073=TREE21
28075=TREE24
29022=TREE33
29023=TREE21
29025=TREE20
29026=TREE23
29073=TREE24
29074=TREE20
29075=TREE20
30022=TREE24
30023=TREE19
30024=TREE22
30025=TREE20
30026=TREE31
30071=TREE13
30072=TREE22
30073=TREE13
30075=TREE33
31021=TREE24
31022=TREE23
31023=TREE31
31024=TREE13
31025=TREE21
31027=TREE23
31056=TREE22
31057=TREE23
31058=TREE21
31071=TREE19
31072=TREE21
32020=TREE22
32021=TREE31
32022=TREE24
32023=TREE13
32024=TREE20
32025=TREE31
32026=TREE22
32027=TREE33
32053=TREE21
32054=TREE20
32055=TREE33
32056=TREE22
32057=TREE21
32058=TREE33
32059=TREE22
32060=TREE24
32061=TREE23
32063=TREE19
32069=TREE33
32070=TREE23
32072=TREE24
33018=TREE20
33019=TREE23
33020=TREE13
33022=TREE22
33023=TREE31
33024=TREE33
33025=TREE22
33026=TREE13
33027=TREE21
33054=TREE21
33056=TREE24
33057=TREE22
33059=TREE20
33060=TREE13
33061=TREE13
33062=TREE13
33063=TREE23
33066=TREE24
33068=TREE21
33070=TREE21
33071=TREE24
33072=TREE21
34020=TREE31
34021=TREE13
34022=TREE22
34023=TREE13
34024=TREE23
34025=TREE13
34026=TREE22
34054=TREE13
34055=TREE33
34056=TREE19
34057=TREE21
34058=TREE24
34059=TREE24
34060=TREE22
34061=TREE23
34062=TREE20
34063=TREE33
34064=TREE21
34065=TREE24
34066=TREE21
34067=TREE33
34068=TREE19
34069=TREE22
34070=TREE31
35024=TREE22
35026=TREE31
35027=TREE13
35028=TREE24
35050=TREE33
35051=TREE33
35052=TREE23
35053=TREE31
35054=TREE19
35055=TREE19
35056=TREE33
35058=TREE33
35061=TREE22
35062=TREE23
35063=TREE33
35065=TREE22
35066=TREE19
35067=TREE31
35068=TREE21
35069=TREE20
35070=TREE23
36025=TREE31
36026=TREE19
36050=TREE19
36051=TREE33
36053=TREE33
36056=TREE20
36057=TREE24
36058=TREE22
36059=TREE13
36060=TREE24
36061=TREE24
36062=TREE33
36063=TREE24
36064=TREE21
36065=TREE21
36069=TREE23
36071=TREE22
37051=TREE21
37052=TREE13
37053=TREE23
37054=TREE20
37055=TREE31
37056=TREE23
37057=TREE33
37058=TREE19
37059=TREE33
37061=TREE13
37063=TREE31
37064=TREE22
37065=TREE33
37068=TREE33
37069=TREE21
37070=TREE33
37071=TREE24
38052=TREE33
38053=TREE31
38054=TREE20
38055=TREE33
38056=TREE24
38057=TREE21
38058=TREE19
38059=TREE19
38060=TREE19
38061=TREE22
38062=TREE33
38063=TREE13
38064=TREE33
38066=TREE21
38067=TREE31
38068=TREE20
39053=TREE20
39054=TREE31
39055=TREE13
39056=TREE24
39057=TREE22
39061=TREE23
39062=TREE23
39063=TREE20
39064=TREE21
39065=TREE23
39066=TREE22
39072=TREE23
39073=TREE31
39074=TREE22
40054=TREE22
40055=TREE21
40057=TREE19
40058=TREE24
40059=TREE24
40061=TREE24
40074=TREE31
40075=TREE24
40076=TREE21
40077=TREE21
41055=TREE23
41056=TREE21
41057=TREE33
41059=TREE21
41060=TREE23
41061=TREE31
41075=TREE33
41076=TREE13
41077=TREE22
41078=TREE21
41079=TREE20
41080=TREE24
42010=TREE06
42011=TREE03
42012=TREE06
42015=TREE04
42016=TREE03
42079=TREE22
42080=TREE24
42081=TREE22
43009=TREE05
43010=TREE05
43011=TREE04
43012=TREE01
43015=TREE08
43016=TREE08
43078=TREE13
43079=TREE22
43080=TREE31
43081=TREE21
43082=TREE33
43083=TREE23
43086=TREE22
43087=TREE21
44010=TREE08
44011=TREE03
44012=TREE03
44013=TREE04
44014=TREE09
44015=TREE05
44016=TREE05
44041=TREE09
44042=TREE08
44045=TREE03
44080=TREE21
44081=TREE31
44082=TREE21
44083=TREE23
44084=TREE21
44085=TREE13
44086=TREE22
45009=TREE03
45010=TREE03
45012=TREE09
45013=TREE05
45014=TREE08
45015=TREE01
45016=TREE05
45037=TREE04
45038=TREE04
45039=TREE03
45040=TREE08
45041=TREE04
45042=TREE04
45043=TREE03
45045=TREE06
45082=TREE31
45083=TREE20
45084=TREE13
45085=TREE24
46006=TREE03
46007=TREE06
46008=TREE03
46009=TREE01
46010=TREE04
46011=TREE03
46012=TREE03
46013=TREE03
46014=TREE01
46015=TREE05
46016=TREE08
46036=TREE08
46037=TREE01
46038=TREE06
46039=TREE05
46040=TREE09
46041=TREE09
46042=TREE05
46045=TREE04
46070=TIBTRE01
46084=TREE20
47006=TREE03
47007=TREE08
47008=TREE04
47009=TREE06
47011=TREE06
47012=TREE01
47013=TREE01
47014=TREE06
47037=TREE05
47038=TREE08
47039=TREE01
47040=TREE06
47041=TREE09
47042=TREE06
47043=TREE05
47044=TREE05
47045=TREE01
47046=TREE09
47083=TREE31
48004=TREE03
48005=TREE08
48006=TREE04
48007=TREE01
48008=TREE03
48009=TREE09
48010=TREE09
48011=TREE08
48012=TREE09
48013=TREE09
48038=TREE05
48039=TREE08
48040=TREE05
48041=TREE01
48042=TREE05
48044=TREE03
48045=TREE06
48046=TREE09
49003=TREE06
49004=TREE01
49006=TREE03
49007=TREE03
49008=TREE06
49009=TREE03
49010=TREE01
49011=TREE06
49012=TREE09
49013=TREE06
49039=TREE09
49040=TREE04
49041=TREE03
49042=TREE06
49043=TREE08
49045=TREE05
49046=TREE09
49047=TREE06
49048=TREE06
49063=TIBTRE01
50003=TREE01
50004=TREE08
50005=TREE08
50006=TREE09
50007=TREE05
50008=TREE05
50009=TREE03
50010=TREE04
50011=TREE01
50012=TREE01
50013=TREE08
50040=TREE04
50041=TREE06
50042=TREE09
50043=TREE05
50044=TREE05
50045=TREE04
50046=TREE09
50048=TREE08
50049=TREE08
51003=TREE06
51004=TREE03
51005=TREE05
51006=TREE08
51007=TREE09
51008=TREE08
51009=TREE06
51010=TREE06
51011=TREE03
51012=TREE08
51013=TREE03
51016=TREE04
51017=TREE04
51042=TREE04
51044=TREE01
51045=TREE05
51046=TREE06
51047=TREE01
52004=TREE05
52005=TREE06
52007=TREE01
52008=TREE09
52009=TREE06
52010=TREE08
52011=TREE06
52012=TREE06
52013=TREE03
52015=TREE06
52017=TREE03
52045=TREE04
53004=TREE03
53005=TREE04
53006=TREE06
53007=TREE08
53008=TREE05
53009=TREE05
53010=TREE03
53011=TREE05
53012=TREE03
53013=TREE03
53014=TREE04
53015=TREE01
53016=TREE03
53017=TREE04
53018=TREE05
53019=TREE05
53020=TREE03
53069=TIBTRE02
54006=TREE08
54007=TREE06
54008=TREE06
54009=TREE04
54010=TREE06
54011=TREE08
54012=TREE03
54013=TREE08
54015=TREE03
54016=TREE04
54018=TREE01
54019=TREE08
54020=TREE03
55009=TREE06
55010=TREE09
55011=TREE09
55012=TREE01
55013=TREE05
55016=TREE09
55018=TREE04
55019=TREE08
56007=TREE04
56008=TREE04
56009=TREE08
56011=TREE06
56013=TREE03
56014=TREE01
56015=TREE03
56016=TREE01
57008=TREE06
57010=TREE08
57012=TREE04
57013=TREE01
57014=TREE01
57015=TREE09
57016=TREE08
57063=TIBTRE03
58009=TREE04
58010=TREE03
58011=TREE03
58012=TREE08
58013=TREE08
58016=TREE01
58034=TREE23
59011=TREE03
59012=TREE06
59013=TREE04
59014=TREE05
59015=TREE08
59016=TREE09
59033=TREE24
59034=TREE31
59035=TREE22
59036=TREE20
60011=TREE06
60012=TREE03
60013=TREE06
60014=TREE03
60015=TREE06
60033=TREE23
60034=TREE21
60035=TREE31
60036=TREE13
60037=TREE21
60038=TREE20
61012=TREE05
61013=TREE06
61014=TREE04
61015=TREE06
61022=TREE08
61023=TREE01
61024=TREE09
61025=TREE01
61026=TREE04
61027=TREE01
62014=TREE01
62015=TREE01
62021=TREE05
62023=TREE01
62024=TREE04
62026=TREE05
62034=TREE31
63021=TREE03
63022=TREE09
63023=TREE08
63024=TREE08
63025=TREE01
63026=TREE01
63034=TREE20
64021=TREE03
64022=TREE05
64024=TREE05
64025=TREE04
64026=TREE04
64057=TREE31
64058=TREE22
64061=TREE22
65020=TREE09
65021=TREE03
65022=TREE05
65023=TREE01
65024=TREE05
65026=TREE01
65057=TREE19
65058=TREE20
65059=TREE24
65060=TREE21
65062=TREE21
66022=TREE05
66023=TREE03
66057=TREE31
66058=TREE19
66059=TREE21
66060=TREE33
66061=TREE13
66062=TREE19
66063=TREE24
67022=TREE08
67023=TREE04
67057=TREE33
67058=TREE21
67059=TREE13
67060=TREE21
67061=TREE19
67062=TREE13
67063=TREE24
68030=TIBTRE03
68056=TREE19
68058=TREE22
68059=TREE21
68060=TREE21
68061=TREE19
68062=TREE19
69056=TREE22
69057=TREE33
69058=TREE21
69059=TREE13
69060=TREE20
69061=TREE22
70058=TREE20
70059=TREE21
70060=TREE20
71058=TREE31
71059=TREE23
72048=TREE23
73047=TREE24
73048=TREE22
73049=TREE21
78036=TREE33
78037=TREE31
78038=TREE24
78039=TREE24
78040=TREE20
79036=TREE23
79037=TREE22
79038=TREE31
79039=TREE07
80036=TREE07
80037=TREE20
80038=TREE14
81036=TREE20
81037=TREE24
81038=TREE24
82036=TREE21
82037=TREE23
82038=TREE14
83036=TREE07
83037=TREE24
83038=TREE31
83039=TREE22
84036=TREE20
84037=TREE31
84038=TREE13
84040=TREE23
85036=TREE20
85037=TREE23
85038=TREE07
85039=TREE07
85040=TREE13
85042=TREE31
85043=TREE24
85044=TREE21
85045=TREE21
86037=TREE20
86038=TREE23
86039=TREE24
86040=TREE31
86041=TREE20
86043=TREE07
86044=TREE22
87039=TREE13
87040=TREE20
87041=TREE31
87042=TREE24
87043=TREE31
88040=TREE31
88041=TREE14
88042=TREE07
89040=TREE33
89041=TREE33

[Triggers]

[Units]
0=Neutral,PTRUCK,256,49,11,64,Guard,None,0,-1,0,-1,1,0
1=Neutral,CRUISE,256,44,81,64,Guard,None,0,-1,0,-1,1,0

[Waypoints]
0=67039
1=18051
2=42023

[YuriCountry]
IQ=0
Edge=North
Color=DarkRed
Allies=YuriCountry
Country=YuriCountry
Credits=0
NodeCount=0
TechLevel=1
PercentBuilt=0
PlayerControl=no



[Digest]
1=F55keLoyWaV8cHAOSH0IAtR9q/I=


