; Map created with FinalAlert 2(tm) Mission Editor
; Get it at http://www.westwood.com
; note that all comments were truncated

[Header]
Width=45
Height=44
StartX=233
StartY=30
Waypoint1=238,64
Waypoint2=271,60
Waypoint3=0,0
Waypoint4=0,0
Waypoint5=0,0
Waypoint6=0,0
Waypoint7=0,0
Waypoint8=0,0
NumberStartingPoints=2


[Preview]
Size=0,0,100,50

[PreviewPack]
1=vREAIAqiqFCjp1BCRFlCRVlClwBBQ1lIAHgBRQJFbQFApQJEbAFoA2IBWEF0ACnIAIwHdA
2=ZAAUgAYAcBWEFDWGQC/AgnLAAJTFNa1LmD5L98ybFiQBBIAAyjp1C7q13Ar2CcpFGWnEZY
3=AUABCYCIMYKIMIeRPI+XRCcsAAapp1jlv3PmvXBMBwnJsWXjvHbHrHRLUltQC0gSVABUGD
4=PcAVACSABgBNwRzBOkGlQGqANQCFgESABYAWgDkAWNAVhuBERZJzQEWAFQBUgDSABEBcwB
5=TB9EI1QAQAeUALwFQARYBKwBwAGUA0wBQAdIAEABSABAAYUFWkwBCT9CV1pmXZidcN26eE
6=geA+C8cLepWEQjWCUAA5qgS5eeRKSnVYOMNH2IL42WPISOOUgkrAFQJkABA76uYNy4a0gA
7=TAdIAEQmSAAJ1LJw4Lx5qp5oS1FaTA3cEUEWQ4BATBZAN1gBjBNQIEwEdACcOCcsAIQUKb
8=wAeEPMPSeMAFAUSBWoJFACWBlIAMAHsAtUDFAOlABABEgAQARcBVQAKlQC3AJVEkNIDHxN
9=nBFqUUJFVSRaTAoJQENYSU9Zc3tf176KJ6QDWCWsAbxEBua+c7ywXHuEMUATA7CsWLeuWk
10=wBJywJ1CQCwHvjwoVUJEAHCeK8da+hccKrcWp4YCgMAoQXRBRIAFACSA+gFmwBqAN4GdxK
11=bATsFowBTBZIGHQDQAcEUlpccn9jSlYwQ1lAE0QIA36KaFliXnQbcAjEHScoBFAdTATYDU
12=AuTASkDmQjKGQBJ7wAXAhQBUANVABUD3wC3QVaSD8GTlVbd3ld5b10RB1IAEgeSABAAUgA
13=QAFIAFVveIMAm6RKTAEDs6tZ57tutCQACdy4eM2xd9y9gNnAjNy7e9i4edKzeHJ+Yk5WWl
14=gZWA18FIBJXA54AXAgQB9gRic8AlgTJ5gAQAF4E9BBRAVoAEwHAANKUVh6iWl3gGVxemPH
15=rnLjvXbPs3pYN1xKAdG1fXVcAgJ9ZFdiXUgMSA8DcIJjUVlcfAuAIlACqABkAkwlpCaIDF
16=wCRA78AtB6WA1EAqgAYASAXrQSUwJbZ15EHQPhwIHlwn9IJAPlvnPMtmRIAAnJtWWMlz6a
17=o0nXtWhcTUgApHRsBIyUBtK0fH+SbXR9YEwuA5KOYXZ9XkifWBlIP0EWcZwXaCGgE1AmSB
18=VYNEgAtBi0ANgBaK5cFHgTCERZTFJadn9lTFRZQAqsqQPavYXWuYBID1g3aQC+YF5AN5k4
19=eEgnD36DYdm6feO+eL+pbXuIaMCpcEMBTVVcSFFYK0wBQCgDVV5fa3hjUAJUHnQkJ+gBRB
20=RYE5wRYBacAnERRf6hRVpYcFgcA3F7X9u4d1gQSAB4EAW9cJ2lT4+XQVhtWJSwEbQAQASg
21=AVQATQEUgABLk0lPWEgJpHpIG0gDXAhcFwN1fGBGS1hUoqxhWBNgEEQRUCYrjAl8R7wXAA
22=JPVluDh2pudWLXvYniwoPhwobjvWypJwcHxbNlvAu8SkhLRAJIAEI65MGMPZw4Bt7AhuLB
23=gePDhVACQCgD4b144b9+UAJQJgZrd2NZZmBKUFu4IlApUDvAYXAmjJREFFwUdCfYf0gYSA
24=BYE5AecABQICcLAIqQOicsACcgAFAgJywAYAbvAFBMVlguJ0QPCOO9d3mBYFBYXElOTKNI
25=IWSJTA14E1wRWhBEWVAUJ8QHXAJISAZ5gmZzemLYvou0IUwNQAFIAEABSABQI0gAtA9AqV
26=QkWAFIAEABSABUYKwBUCZIBkgASAZIAEABvCzMAYcpqqBrWF5LUXuCYUBhWBAD37x4vqhz
27=TBBAOlQ2WFtYOswB5LzsHSscAFhtSABEbkyUTA3YEwi9cNCwb3mOaFxoX1AgK8AA8AFIDE
28=QvUIZTDk9WXJh8QCUnaAZklUwQSGwD3L6D5L96RD5Qj0NA28CJWxbWuoRYDVAaSABAHCju
29=A75zrAFMIlxuWyK8r14nRABAAUgASANIACd0AGYIv3NQCFCJTAFABAOnqVPHtWJMAUgMSA
30=BAAVAOWHYnPxpob19ME0gAbCVESkA6QHNCTENZ/BsrHABAQ1iXApmba+HBmBaYgkwQUFy/
31=C8Ksc0CUUG6EazQQAUwNlCSMSeQOTBBIAFQGKpQirApYFlBlJywAQAFIAFACRN1MHEgAQB
32=BIAEABSABAAUgAoAFUALTzpAJYAUABSABAAUgAQAGoKqwBWAFAAVApTNNQC0gMRNoMxq1z
33=yK50cn5id2ddWVBWRBSMSSh8Byt0BPABVGAnzBFIvUgJQApQMrBKtAAI4bx4d4RmUlpdTV
34=RRellYClALSADsCCscAEQmSANYCkgAXE1IAFhJA3h5YW1xXiqUIkANSABMDUgAQAGsRl8O
35=xrRjQG1YJawcWBxAAUgAQAFIAKABVABIAFgBrEZAYUwBSABQAkgAQAEkBCgq/CNcAlQMSA
36=BYDUsA1bVzJ/cNd2lejBbIGyswA/ABSB5IAFwaWBlMjlBoA3h8XeW/d1hwqCQqFAADa3pl
37=QURXbApgRk2RWWwBRXpENIwJTApIJEC1QNlQ/khvJ5wCQAFIAEAWSABQZUgbQBlIAEABSA
38=BAAUhmQAFIAEwBSABAAUgAQAFIAEMBnqZLVABIAFgBSABAAUgAQAFIAEABSABAAayXJ/wF
39=UAJIACdcACTPI9KzeFRvxCBIbzXEDUAEZB1ocmj2WAFkJgJFWVFUWlNxhYVnqGOvJcyxel
40=BKQCVcaFQGUAVIAFwFWEZ4AUS2RiZFWuQwKxwAXJJQ2ihkBOSJXEdUe6wZSEhAGUgATBlI
41=AEMBj5dEIUg1rAFYAUABSABQAgODjDSQlj4nRABAAUgASANIAEABSABAAUgAQAFIAEABSA
42=BAAQPBrmLPt2hMTFBNpBEkzCNQvCJsJkmTRTe4B0AcUD5wHWREjItcBUwBSACDAVNYXUcm
43=2rl5XHonXhtFSaBJdLR0JFwsnAVMAWgJRCZYASyMCUATtC1+R79zUCNYPVQkXBdIAEAZSA
44=BAAVAgJ2QEBp2lT4GLN4SOOVgiSABEI0wEUAIkJyOCiDBM9FQAKtcAlJtGIQg2UAJQBVwC
45=SABIBkgAQAFIAEABWJRAASu8EoziJGwjK2gH8AEnRANsJUwiqAAjEDpIAyf0BEwfSABYAU
46=hyJ1wbKsgANS0AWkRuQG2s3FQkSABIJEgAQAFQekiKWBZAAUgArAFcF1AgJ2QEUCBQa0wE
47=WCKsH1gfUAJYBFACSABQAkgAUAKkAlwpWAFIAEQCSABAASdsBUAESABIBkgAQAFIAEABSA
48=BQNVARSBJIAExA4CMrHABIIdjTdHJwbkQCSABsIkQmXEElmCr0wIAobCJQR0BGTASIAEQC
49=SAZIAEwHSABAAUgAVCpIwwZKUFpxe2DfvHtQEUgAUBFIAEABSABAAUgAQAFIAEABXEpsFi
50=OMMFRvJ2cEjZY8UBpQRFAgSABNH30j5D5AKEgqWAFAIkgAQAFUHifUAKQCUAJAAUgAWCVY
51=K0gGTARUCUgAQAFIAEABSABAAU9M575zK3QE8AFAi0AcWBlIAAhRWlzStHTLsHRPViLQNE
52=gDXB1IAHwdiCFsAZwmUAWsAWwHbJFUbyKkJFACLggAXAVIAJgHWAoDeHlff4NgTJRYIkgA
53=RCNIAEABSABAAUgAUEqvAdy4a1AXUCAnXAm8HSqUBLQnJ4wAQAS0J0AHVB5AB0QCSABIJE
54=gAQAFIAEABSABABEgATwSkp1VAAUgATAFIAFyV4CMrHABIIVBiJW41UlondAxA5VO/SU5a
55=gLUqjAlgkUghXCNwUOQgRgJAQiIgM0ABSANAK0gAKhwucAJ4T8xSQJ0qnCZY3EBJVCRIJF
56=hJXJVsASmEKUREA46WP4+VPUwcUB20IbQkJ4wDJ4wAvAJUHlhPUAVIBkgAQAFIAEABSABA
57=AUgAQAEw7BIn5BQqmARQF0iNMGw1QOUCf5JtXWoi7C1EKUgAWB9ISEwfzAGkdFBurB9kcU
58=QgBFlBRFhAQFBEJkQFSAZcCyq8AEQIUAJpAEQiwDsktDIinCaUbEAlSB5IAEAcSABA3ycs
59=AEABSABQAkgAQAFIAEABUCZAAUgATAFIAEABSABAAUgAQAFIAKABVABAIlgiSABAAUgAQA
60=FIAEABSABALqQFWARDAamnWCEAU0wBXDVIAFA1SwDhvnwh1DADz7eDhopnImw1lBVcAkAE
61=rzrZvIQh20d1gGVQKUAfSbdwIxxDfERcI+xJSiE/QlFuWlQkA0hFSD5AU3BQQQRDUHHc5k
62=xPKtwKJxwlIrQynA4tlARMFkgAQBZIAEABSABAAUgAQAFQREhvSOFMAUgAUAJIAEABSABA
63=AUgAQAFIAEABSABAAVQhRE1KAHuEIsBWSCRIAFACSABAAUgAQAEtXAlYH1AgSCFIAEhdUA
64=hICVBcImgk9BUGrKp7u7SouLWdSANcBUgAQAQG1bd8gYVj1rl+QIsw9D2kRAZAQllHQ0tA
65=QlZZRkNcTYAlTAFUA1MsTFNavEdJJOImTEBAAVgQSCRIAFARSABQDkgAQAFIAEABSABAAU
66=gAQAFIAEABtCRAJUAcSACvHI+XREi0UB1MBEAEJ1wAJ7wAQAFIA0gAWCW/d42WPEABvAJA
67=KC1cCbwCVLpYJUNbvK9eQvHBriLYXFAIWwG5tJ6kdFQAWCUDsqqen6RfSANcBUgAWSvkIx
68=xDs3eqoGsnvEJAIkxGQG1CAT9CQHCcmIhOVCRI3iQERnxHI5QiSAlIJLwRXA4qdAZQAkgA
69=UA5IAEABSABAAUgAQAFIAEABMHwWWB9QHVAmSCRIAEABSAAn7ANIA1ACQAdYB0gAQAFIAE
70=ABSABAAUgAQAFIAEABSABAAUgAQAFIAEABSABAAUgAQAFIAEABSABUJAO3sJ+yqptIAEAl
71=qwC0rpBDBPr6AEgAtBu0JCoUAEQmBnN+Y3F+ZVReXHxHnCNEJkwBlCdMl0BzAVlLUVoq9B
72=akCLwOrA1UAFQzSAC8WVwOSABABEgAQAFIRUBJpG6sAVQhRCAnLAlYJVgBUAJIACeUBKwH
73=WAegAVQASABYAUgAQAFIACo0ClACSABQAkgAQAFIAEABSABAAUgAQAFIACqUBFslt66dSC
74=RIAFwjMAgAXFC4HLQAUE1IAFsozrN5KsQElCRslFBKSABAnbTGVLegByoXALWsnUAlqABE
75=NVglSAAtxAQwLAknZARYJawBUClAASqkJLQqpCxEHUgeJ0QAQAFQBUArSABIBkgDQARIAE
76=ABSABAAUgAQAFIAEABSABUJKQUVAA/lAS8JifvAKepU6wBRGhAmifEBCoUGFi4SJMkFDx0
77=xvRvKqAEUAhIAFARRCZsEOxbWCVIAC3EBLRpJ4wDQAFIAFAdSABAAVhJSJBIAEAKSABMCq
78=QsvAIwRABEBSe8ElAFQARIAEABSABAAUgAQAFIAEABSABAAUQUQCWoAExJUAKsIjAUAEgD
79=XAVIAEABAAO9uVS5tlmVmESqr1OTmT+UmELHtWJEJkgALRcY5L98dLf0JEyUpAtYBFkr4C
80=nUbFgKUAsqPAJUEkCmvAJJA50mpFqkI1AjQAFIAEABSABAAUgAUAVIAFAFSABAAUgAQAEk
81=RCFAAVgBWElYT1QkTAFIAFACSAAqJA42LABQBUgAUwWrqYaoGDMUAKwEWARIJK4Bsa8iZC
82=tYAaYmp6x4AUAEUCZYJUgASCG0wEAiRHRIAEABMHABXAInUABYB1ALSABAAUQmSIGsAVgB
83=QAFIAEABSAAqXBJIJEgASCRIAEABSABAAUjhUAVIAFAFSABAAUgAoAFUAEAlTHZIAFgEWA
84=FcL7QGQAdAAUgAQAFIAEABSABAAUgAUAVQdCQENCe0AjAgALQMTApYIicsAEABWAFUJGgA
85=BalUn5lLpZhGVCRcAkgAUAVMAVDsSE5AT1AmVCRIACpYBDCgASdEAFgHUAhIAEABSABAAU
86=gAQAFIAEABSBtYalwdQBlIAEAZSABAAUgAQAFIAEABSABAAUghXAVQRFCVrAdUAFwsSABA
87=eUAERCCkBTw0Abx3LRwKJ7QCBfr6AKKoUL25EQAANA+YGgAEVLm2WZWYRL25VKyeT6KUTK
88=6eTaKoUEgAAAyjp1C6uFajoFCkmUyej0mckUe8oUuOlECQk0CgqE5CAb25bAdbB5OZP0gA
89=BpSYQte1aOW+c68B+voAPwgASAxADUgAQAFIAEABSABAAUsAj5dBSAAGe4QxgogwgIgxSA
90=BAAUgAQAFIAEABSABAAUgAQAFIAAaDjDSKkDqepksnBAFIA0gASANIAEABSABAAUgAQAFI
91=AEABSABAAUgAQAFIAEAHSABID0gAQAFIAEABSAB6HKlUWyKxr1VQArQkQCUAA5+XS7SfSq
92=KWR6mmT6KoS7e4Vbm4VksAkI1GUCNUJEgAQwGnrFNYKFQkTAdIAEAKSgCnrGgJQAFIAFgl
93=SABUJ0wBOcQEJ+wAQAEDj5dEh5E8XAVMAUgAQAFIAEAZSABAGUsAfYgvvAJAKFACSABQAk
94=gAQAFIAEABSACgBFQASABYB6QFIAnMBagtrAdYB1QkS0W1l0qkI1AjQEZIAEABtCRAJVQh
95=XQV4LwAAXAKsAlwIWChIAFgoTAFQBUMrtLVV7QFQQAFLAJCUQEgDQAFIAEABSABAAagnrA
96=FYAUgkpx2EjjlMQ0sAkJY+XAJABEgAQAG8HawESANQAkgAJ1wAQyiNljxUJEABvAK0AEAE
97=QAFIAEABSABYJUgASAlEBUgJSABAAUgAQAEnXABID0gASAxcBUAHSABAAUAcWGpKRa2aZG
98=tpJKh0G1gBVCGsBFsErKp7J2QEoAEqFABbK6WYRlglA6+0VJ2hRlxNTAFTTa2tU08HpKlR
99=QCVIdUwBQApIAEABSABAAUgAQAFLAJ2lT0gVQBZIAEABSABAAUgAQBasAVhMUAVIAFAFWB
100=xQAkAiRCMq9AdcAkAESABMBEgAoAFUAEgwWAekAlgBQAFIAFgiSABIBlQMVAlMdqQaTAFI
101=AFACSABUD1wCSAxcBUAHSABAAUQmQAFIAEwBSABUGyfUDFACsAgtFAAnXABYlydoAEwHXA
102=JYVUhySwCqr1O/CJGSP1wCSABABEgAQAFIAEABSABAGawTTElAAUgAUBRIAEABSABAAUgA
103=QAEwZwSPlT1QCEgAUAhLAJSbRlgEUAVQQVACSABQArQARAtUHkgASAOwArwCTAFYJbQGQA
104=dQAkgAUAJAKFMCjpY/SAxYMVACSABcAkgAQI5YQFglTAFQAkgAQAFIAFBBJxAEJyMAuLWd
105=JywAQwG7tKhUAKgAQAdICVhJVCRYJVgBUAhIAFglSABclUgAUAJIAFACSAAndANcFEwTSA
106=BAAUgAQAFIAEABSABIJLwFWBZAAUgAQAdIAEABUCy0RSocASe8AKwEUCNICUgASAlIAFgl
107=rAFAB0QISABbBIGLN1ACQAdYIkhIUAJIAFwCSABAAUgAQAFIAEABSABAAUgAWCVYHCrUDK
108=QgJxQAA7Kqm7ewn0gAJ0QAJyAAUAJIALgBXAhIAEQvSABQC0gAUAtIAEQvUHpYc1BxKnQD
109=XBRIAEAZSABAAUgAQAFIAEABSABAAVwdUAgnZARMAUB2QBxURUAESABMBEgAQAFIAEABKr
110=wAUAVID1ACSANIAEABSABAAUgAQAEqZAQwLAasB1gHQAFIAEABSABAAVhAUEFIAEwBSABQ
111=ArRmux+xrJ4nKASkJrwCtAADt66dtK6QXAJMTAOyqp6fpF9YB1glpC9EJkgkKkwBrAEtnA
112=tMYSfMC0ABJ48A/wAAJwgAVEIn9BBcBUgAUAhQQSq8AFAgSABcIEgAXAVEEVgBSABYAUgA
113=QAFIAEABSABICbQMTARAAScsBiccB6wuSANABEgAQAEnlwSsnk9Y37S0XAJAHExAtCEwFA
114=BEIydQACosAFACTAdIAFALTCVAAUgATAFIAAO5qVSfmUtIwC0kDkAESABABEgAQAFIAEAB
115=SABAASeUBCcgAEQjXAJIAEAESABUIUgAUBpMASeMA1wgQCKsaqQFSCpEAkgASANIAEABSA
116=BAAUAHQAQqlAq0BkgDQAFIA1gKSABAASeUBEwBSABQAlS0XOC0JDagBEQjQElMIqsArKWM
117=SE5QAkgAQAFIAEABTJpACkgATApdSqMpBCtbJbyhSyHAJiAPxARICUAKSABAAUgAQBy8Sl
118=waQB9IAEABSABAAUgAQAFIAFAFtABYKEB2TAFIA0gAQAFIAEABSEtYcFQJSAknOAZUBieM
119=CUwBSABABC3cB1ACWN+kICcXAK6eTScsAFAgSCFIACdEACcgAFACSABABEgAJ1AASAxMCk
120=gAQAFHJqSZTEgAWDFIV0ANtL1IA0AESABAAUgAUBpIGEAZpD4nXABAAQOcpFGWnEZMBEwB
121=SABAAUgAUAVIAFwFSAAnJAgqFAmkBVCbWARIAFgESABAAUgAQAG0VFAOJ6AEJyAAWFUk7C
122=dUAFAIvEpQuUABWAFID0w9SBgnsANIcicsACcgAFQhWCInOAAnLAAtXwC5tJ5YT1yYWJdQ
123=C7zjTA1MCkgAWCVQcUwNQL5IvUgPTARMFi30B6QmA8CvYK2pVkwEQBwDjZg/m6RKTAEtXA
124=lAJUAfUERcAliXQLVIIV8FvLBcRAJYRkAopAJQAkABSABQSlAOSAmkKSeUBEAEXCMwCAAn
125=lARIBiesB1S6qCGsQKwBJxQAvAtcBQPJsWXgvHAnXAAnIwCioXmsBEQCQAFbBMmxYlwFVL
126=1IAEBMWApEfVgNQA1EfUwEWBlAFkAlXBS0HkwZQAFIA0MH57tuQAFIAEwBSABAAUgAQAFI
127=AFgivAtTI76uYF8Rt6lYXAJQAqwBJ6QAWCVIAKQmJ2QBRAVABEgAQAFECFQJrAFYAS2sBK
128=QXUBdABEgAQARIAEA9vJVbPZCNRkMQ3LhrSAAG5cB72r+J4cCBUBFQIAPkvXTcu3xAAUgS
129=VAAwCABAB7ACA+a9cOa+cyd8AUB/ULxIe6wNJ1wAKmwCUwKzq1lIJFAsTAFIAFAFSABYcK
130=8Bu6tdXwvlv3NyC71wQAFIACcsAK8T48KFXw5CRFlIBkgAWAdIAFQhWChYCkwBUAJIAEAB
131=SABAASfEAVhYKjACrAFMBFglUBdIY0QmSCRIAEA9SABMB1ARSCRIAAAS0rFvanVjTlVbdn
132=9h2rl53Lt72Lh50rN4f4FfT1ZbeHxd5b93SBWkI1QAAtnAjNu6JUE05fckpKdVTFhQvCXu
133=OZlLJ4QXsBEwFABMCkgARCBcaFwRSABAFkgAQAFIAEABIhxDBb9z4r9+4L59WARAAQPCsX
134=+0qHCsE0MWd3ldpAVQBVsZxbNlSAZEBVw7WChYClwCQAQn9ARYDUgAQAQwMAJTF7m2WUgA
135=XAVIAEAHUGJAAaQsVCQM0LBveY5oXGhfTFNbQURZSAAGQkVZko5hdn1eQAGrAFFUWkQmDH
136=uHY9GycnmBYEBDWUFDWUAoBt28fNvAi+HBhFxQTApIAFwLRDJYu1tVrZpJJ1Q+XAJIACp4
137=AlAFrBBYFlwaSABQCEwEXAInXANMHwbYt3PKrnHVuYJIJAZqeGROVlyhnXFAAUAQWElUAE
138=gAUBRUBkgAWAdIACfsBlAmUAJQCFgcVAwqXABYJVBoWFKoErQqREpcBUgAUAhIAEABvEpU
139=b0gwSAZQCAnCrHN1fGBGS1g/QldiEERZVA+oAAZBQ1hOVlpKUVpYAUABpClMAUQUCUhNWX
140=J9Y5mba+DEjVsQzLZkUDhcC7QzWFhMAbyVTA1MAbQSKhQAXBFAECc0DVglWAFcEUgbQwHj
141=vXdQRwPBqXJ0gWNEDkMTUVlewBCEFEwTuAFQC0gJTHZAAUgATAFIAEABKJYEv3NACkQLWD
142=FQAr8v3L2AtGNIZkgDXAVIAEAHTD1AAbQktG+sOlQSCdy4eH+SbV1qX0lOWkgPSABhE0Vg
143=TA9NT1ltcV5yf2NwgmNxfWRXYl1IJFQDvEoDR0xZwapxvEqsDbzgKgwLSA8nHBwqlASsAQ
144=bivHW8p3LKr3NEfbRpBuW9dOO+eH+EYVBHQG1MWCc8AlAOSA9EJlQAKiwAoARYGSc0BEQd
145=QCKJG2tQR0AiRLBEFEAESI1YDbwvoAe0Y1iOSA9EKUwHt1qdoUZMAUgASBhIAFxKSABDVd
146=m8hEghS0tMU1pQEVAICURJWGhtXXh5Yda2eUgMQA0Fz7N6WWReQ0doTqA6UgVxei5cCUyj
147=SABIM1wLQA0ndAZQF7wIJ5QEBq+hccKrcXN/YUwfqABYfEhXWAoDT1ZcaHRjfDJ8R4Y4Q1
148=lAE1gEVCTeAkRZJywAQA1YDVjEKmQEUEdAUk8Ki49rSCGksEgzWLJcCLQJaQlFZBpQngbb
149=vH7hwIPnvnFQHURcA8a0Y8OuXlgKUAtIAEABSABIGFgKT4K+qHNYcHwIC0VZREhYvKhz3r
150=6E5b52TAcJ575z1LZ1zbZ7VmBdRylAQ1hQSkNw1LmDWAdABEBwQApIAEAKSABYJSeMSyeU
151=BFgEUAVbo8iudFNrcn5iSAm4DUABfi9DWFgBYAFoJGgYTAFEAtwa7KlEAie8AFAdTAFABE
152=B2U1BQWFxEIwPStXdyf2VCLlZfdBVgBOSwQApIAFwFUAJAAUgAVAkJQEJYR0tZY29fwqp1
153=RBRAJUBMVBhAiydEA1QYQ3DNsXesUtg0QSVJYCUD3bp44sKETAdU3kgARB0Dvq99d4ZnWC
154=VeC0pQVL0EXJuVaOS/eVALWARABFj0QFhYAawNXAu8AkgDQAFIAEMBxq1zSMnMWIw6WBZA
155=CkgAYB9dR0Vso1QY3AK8Ryf0BOQmoASsBKQaxCCEBVBTSANACnICQ1iNAVhIBlQMRAJoAE
156=gPiAlIA1ACSANMKwN4eV9/g2BQgEgVSABUFUhLJxcD0rR8UJUn5AJQCwZQV15zemKYnXBQ
157=SkgkLQgASEtUdQF0fWBLVr1EWVALBlRcXHmHYuS/eFALSABcC0gAQAFIAEABSABAAUgAQA
158=FIAEABpIasWFkNQidkBFQkmBxYFlAXqABAGUgALSwAQARIALwdQAFQCAn///9VXl9reGNN
159=VVxkAlwISABUIZSuZALkVsgJXPiAJbgBaAn8BVimBlNYXXl8XuLBgVQVA8m1ZbyvXqQXrA
160=HEF5wFA3mCZtO3frwCTAQqrAQn7AADqp5oSU9YvFADSk9amppuJ7wAJ4wATAczLACkhqwH
161=SBVgGZwOrAF4FowcmAFslGAEWCgqUACMAQlBQ1lCRFlBQ1lCRVoRAAA=

[AITriggerTypesEnable]
043F40BC-G=yes
043F521C-G=yes
043F874C-G=yes
044082BC-G=yes
05CB5B6C-G=yes
05CB830C-G=yes
05CBAEDC-G=yes
05CBC04C-G=yes
05CBC19C-G=yes
05CBC2EC-G=yes
05FC088C-G=yes
05FC0C9C-G=yes
05FC13EC-G=yes
05FC1A8C-G=yes
05FC1C5C-G=yes
05FC333C-G=yes
05FC37CC-G=yes
05FC3C9C-G=yes
05FC50EC-G=yes
05FC747C-G=yes
05FC75CC-G=yes
05FFA7DC-G=yes
05FFB18C-G=yes
06002BFC-G=yes
0611A1EC-G=yes
0611A33C-G=yes
0612B11C-G=yes
0612CD8C-G=yes
0612EAEC-G=yes
0612F46C-G=yes
0612F9AC-G=yes
0616004C-G=yes
06C551AC-G=yes
078F4B2C-G=yes
07C04C7C-G=yes
07C04EDC-G=yes
07C0B14C-G=yes
07C30A5C-G=yes
07C310BC-G=yes
07C3266C-G=yes
07C329FC-G=yes
07C330CC-G=yes
07C33DDC-G=yes
07C4853C-G=yes
08A3EEDC-G=yes
08B902EC-G=yes
08B90B1C-G=yes
08B911BC-G=yes
08B9154C-G=yes
08B9213C-G=yes
08B9305C-G=yes
08B9356C-G=yes
08B940EC-G=yes
08B9423C-G=yes
08B9483C-G=yes
08B9586C-G=yes
08B9641C-G=yes
08B9708C-G=yes
08B9767C-G=yes
08B97C6C-G=yes
0A31295C-G=yes
0A44F17C-G=yes
0A44F2CC-G=yes
0A452C6C-G=yes
0A452E5C-G=yes
0AA845AC-G=yes
0AA846FC-G=yes
0ABC484C-G=yes
0AD2BAEC-G=yes
0C0C7AEC-G=yes
0C0D184C-G=yes
0C0D251C-G=yes
0C1245AC-G=yes
0C1246FC-G=yes
0C32599C-G=yes
0C32D84C-G=yes
0C87B45C-G=yes
0C87B99C-G=yes
0C87E5AC-G=yes
0C8B81BC-G=yes
0C8BC5AC-G=yes
0C8C2AEC-G=yes
0C8C2C3C-G=yes
0C8C430C-G=yes
0C8C4C3C-G=yes
0C8C51BC-G=yes
0C8C56FC-G=yes
0C8C645C-G=yes
0C8C6EDC-G=yes
0C8C71BC-G=yes
0C8E2C3C-G=yes
0C8EE1BC-G=yes
0C8EEAEC-G=yes
0C8EEEDC-G=yes
0C91D45C-G=yes
0C92C1BC-G=yes
0C92C45C-G=yes
0C955AEC-G=yes
0C955C3C-G=yes
0C9561BC-G=yes
0C9565AC-G=yes
0C96F45C-G=yes
0C96F5AC-G=yes
0CA1F84C-G=yes
0CA24D8C-G=yes
0CA2A04C-G=yes
0CA2B06C-G=yes
0CA2D99C-G=yes
0CA2FEDC-G=yes
0CA5945C-G=yes
0CA6621C-G=yes
0CA6AEDC-G=yes
0CAD0B2C-G=yes
0CAD0C7C-G=yes
0CAD0DCC-G=yes
0CAD130C-G=yes
0CAD145C-G=yes
0CAD25AC-G=yes
0CAD2AEC-G=yes
0CAD2C3C-G=yes
0CAD5AEC-G=yes
0CADD99C-G=yes
0CADDEDC-G=yes
0CB29EDC-G=yes
0CB2CEDC-G=yes
0CDF899C-G=yes
0CDF8D8C-G=yes
0CDF8EDC-G=yes
0CE2395C-G=yes
0CE23AAC-G=yes
0CE26B5C-G=yes
0CE26CAC-G=yes
0CE2E8DC-G=yes
0CE2EA2C-G=yes
0CE44D0C-G=yes
0D022B1C-G=yes
0D022C6C-G=yes
0D052AEC-G=yes
0D0803CC-G=yes
0D08461C-G=yes
0D0848BC-G=yes
0D084A0C-G=yes
0D084B5C-G=yes
0D0873DC-G=yes
0D087D8C-G=yes
0D0B3B9C-G=yes
0D2769BC-G=yes
0D2C41EC-G=yes
0D2C448C-G=yes
0D2C45DC-G=yes
0D53099C-G=yes
0D53130C-G=yes
0D53430C-G=yes
0D535EDC-G=yes
0D62145C-G=yes
0D6215AC-G=yes
0D6216FC-G=yes
0D62199C-G=yes
0ECCB2BC-G=yes
0ECCB40C-G=yes
0ECCB55C-G=yes
0ECCB7FC-G=yes
0ECCBC3C-G=yes
0ECCF14C-G=yes
0ECCF29C-G=yes
0ECCF68C-G=yes
0ECCFA7C-G=yes
0ECCFCAC-G=yes

[Actions]
01000000=2,99,7,_Amb_OceanLight,0,0,0,0,AY,99,7,_Amb_OceanLight,0,0,0,0,AZ
01000002=1,14,0,4475,0,0,0,0,A
01000004=1,14,0,4476,0,0,0,0,A
01000006=2,38,0,4475,0,0,0,0,A,38,0,4476,0,0,0,0,A

[Africans]
IQ=0
Edge=North
Color=DarkRed
Allies=Africans
Country=Africans
Credits=0
NodeCount=0
TechLevel=1
PercentBuilt=0
PlayerControl=no

[Alliance]
IQ=0
Edge=North
Color=Gold
Allies=Alliance
Country=Alliance
Credits=0
NodeCount=0
TechLevel=1
PercentBuilt=0
PlayerControl=no

[Americans]
IQ=0
Edge=North
Color=DarkGreen
Allies=Americans
Country=Americans
Credits=0
NodeCount=0
TechLevel=1
PercentBuilt=0
PlayerControl=no

[Arabs]
IQ=0
Edge=North
Color=DarkRed
Allies=Arabs
Country=Arabs
Credits=0
NodeCount=0
TechLevel=1
PercentBuilt=0
PlayerControl=no

[Basic]
Name=Showdown (1 on 1)
Percent=0
GameMode=standard, meatgrind, airwar, megawealth
HomeCell=98
InitTime=10000
Official=no
EndOfGame=no
FreeRadar=yes
MaxPlayer=2
MinPlayer=2
SkipScore=no
TrainCrate=no
TruckCrate=yes
AltHomeCell=99
OneTimeOnly=no
CarryOverCap=0
NewINIFormat=4
NextScenario=
SkipMapSelect=no
CarryOverMoney=0.000000
AltNextScenario=
MultiplayerOnly=1
IceGrowthEnabled=yes
VeinGrowthEnabled=yes
TiberiumGrowthEnabled=yes
IgnoreGlobalAITriggers=no
TiberiumDeathToVisceroid=no

[British]
IQ=0
Edge=North
Color=Gold
Allies=British
Country=British
Credits=0
NodeCount=0
TechLevel=1
PercentBuilt=0
PlayerControl=no

[Confederation]
IQ=0
Edge=North
Color=Grey
Allies=Confederation
Country=Confederation
Credits=0
NodeCount=0
TechLevel=1
PercentBuilt=0
PlayerControl=no

[Events]
01000000=1,8,0,0
01000002=1,8,0,0
01000004=1,8,0,0
01000006=1,8,0,0

[French]
IQ=0
Edge=North
Color=Gold
Allies=French
Country=French
Credits=0
NodeCount=0
TechLevel=1
PercentBuilt=0
PlayerControl=no

[GDI]
IQ=0
Edge=North
Color=Gold
Allies=GDI
Country=GDI
Credits=0
NodeCount=0
TechLevel=1
PercentBuilt=0
PlayerControl=no

[Germans]
IQ=0
Edge=North
Color=Gold
Allies=Germans
Country=Germans
Credits=0
NodeCount=0
TechLevel=1
PercentBuilt=0
PlayerControl=no

[Houses]
0=Americans
1=Alliance
2=French
3=Germans
4=British
5=Africans
6=Arabs
7=Confederation
8=Russians
9=YuriCountry
10=GDI
11=Nod
12=Neutral
13=Special

[Infantry]
0=Neutral,EINS,256,58,61,1,Guard,64,None,0,-1,0,1,0
1=Neutral,RMNV,256,56,67,1,Guard,64,None,0,-1,0,1,0
2=Neutral,YURI,256,57,65,1,Guard,64,None,1,-1,0,1,0
3=Neutral,YURI,256,59,63,1,Guard,64,None,0,-1,0,1,0
4=Neutral,INIT,256,62,70,1,Guard,64,None,0,-1,0,1,0
5=Neutral,INIT,256,62,69,1,Guard,64,None,0,-1,0,1,0
6=Neutral,INIT,256,62,69,2,Guard,64,None,0,-1,0,1,0
7=Neutral,INIT,256,62,68,1,Guard,64,None,1,-1,0,1,0
8=Neutral,INIT,256,62,68,2,Guard,64,None,1,-1,0,1,0
9=Neutral,INIT,256,62,68,3,Guard,64,None,1,-1,0,1,0
10=Neutral,INIT,256,63,68,1,Guard,64,None,0,-1,0,1,0
11=Neutral,INIT,256,63,68,2,Guard,64,None,0,-1,0,1,0
12=Neutral,INIT,256,63,68,3,Guard,64,None,0,-1,0,1,0
13=Neutral,INIT,256,62,70,2,Guard,64,None,0,-1,0,1,0
14=Neutral,INIT,256,62,70,3,Guard,64,None,0,-1,0,1,0
15=Neutral,INIT,256,60,69,1,Guard,64,None,1,-1,0,1,0
16=Neutral,INIT,256,60,69,2,Guard,64,None,1,-1,0,1,0
17=Neutral,INIT,256,53,61,1,Guard,64,None,0,-1,0,1,0
18=Neutral,INIT,256,53,61,2,Guard,64,None,0,-1,0,1,0
19=Neutral,INIT,256,53,60,1,Guard,64,None,0,-1,0,1,0
20=Neutral,INIT,256,54,60,1,Guard,64,None,0,-1,0,1,0
21=Neutral,INIT,256,54,60,2,Guard,64,None,0,-1,0,1,0
22=Neutral,INIT,256,54,61,1,Guard,64,None,0,-1,0,1,0
23=Neutral,INIT,256,54,61,2,Guard,64,None,0,-1,0,1,0
24=Neutral,INIT,256,54,61,3,Guard,64,None,0,-1,0,1,0
25=Neutral,INIT,256,54,62,1,Guard,64,None,0,-1,0,1,0
26=Neutral,INIT,256,54,62,2,Guard,64,None,0,-1,0,1,0
27=Neutral,BRUTE,256,53,68,1,Guard,64,None,0,-1,0,1,0
28=Neutral,BRUTE,256,58,60,0,Guard,64,None,0,-1,0,1,0
29=Neutral,BRUTE,256,67,62,1,Guard,64,None,0,-1,0,1,0

[IsoMapPack5]
1=nQ8AIAQyAAEAOgEAYAAJMQACADsBAAADAAAySQE6SAEBAgAAM8gBVQIwSQM9VAJRBTHIAV
2=UBMkkBPFwAVQIzyAFVATRIAXAJVAIBLwAEAHgGhAioAV0KMShVADJIAXQNTQUzSQFwXABJ
3=ADTIAVEJNUkBbEgCSAABLgAFANUNL8gBQQQwSAHVDTHIAVUCMkgBfApVDTNIAXwKSQE0yA
4=FZETVIAXwKTQU2SQHxXABLDC0ABpwVVQEuSAF0DVkGL8gBWQYwSAF0DVUCMcgBVQIySAF4
5=HFkGM0kBdEQJSQA0yAFVAjVJAe1cAFUCNigpADdIAcAPAiwABwA+oQQtyAFVAS5IAd0KLy
6=gpADBIAWwQUQkxyAFNBTJJAXZIAkkAM8gBVQI0yAFdFTVIAScPAgcA8lQDTQU3KFUAOEgB
7=2xErAAiYEU0bLMgBRQgtyAFVAi5IAWQTSQEvKCkAMEgBZBNNBTHIAUEEMkgBZBNJATPIAQ
8=EEAAA0yAEBBQAANUkB8LkRNkoB//9fEgAAN0kB+rUCOEgByRc5SAHQFAEqAAkAbDxVBSvI
9=AVkFLEgBfDZVAi3IAVUCLkgBZBNJAS/IAUEEMMgBVQIxSAHRCTJIAck4M8gBQQQ0SAHNED
10=VIASe+AgkAJ7wCJykAOEAEyRc5SQH0WAdVDTpIAc8FKQAKnExJIipIAWAPTSYryAFVAixI
11=AXQYVQItyAFVAi5IAXQYSQEvSAFgMF0KMMgBVQwxSAFoLVUCMsgBVQIzyAFRCTRIAScWAw
12=oAyQE2VALRKjdIAdEUOCgpADkoKQA6KCkAOygrACgAC+0xKcgBQQ8qSAF0GFkRK8gBVQIs
13=SAFkHlUCLcgBVQIuyAGNGwuUI10VMFQCeBxVAjFIAWwbSQEyyAFZSDPIAVlINEgBwRo1KC
14=kANkgB0TU3SAEnbQML/TY5KFUAOigpADsoKQA8KCsAJwAM+RwoyAFJFylIAXgcSQEqSAF8
15=FUkBK0gBcDVZHCzIAVUCLUgBcB9VGC5IAWx+VQIvSAHNBTDIAVUCMUkBc1gHSQAyyAFVAj
16=NIAdkcNCgpADVIAcl6NkgByU43SAEnxQMMKMQDJykAOiiBADsoKQA8KCkAPSgrACYADZgy
17=WREnyAFZEShIAcEaKUgBfCBNGypIAXwgSQErSAF0AlkGLMgBWQYtyAFVAi7IAVUCL0gBfC
18=CFPw3p0jFUAnwgVQIyyAFdCjNIASceBA0AzTw1VALFHjYoKQA3KCkAOCgpADkoKQA6KCkA
19=OygpADxJAY1EFEkAPUkBhVwASQA+SQGHXABLACUADogiWREmyAFRFCfIAVUCKEgBYBpNGy
20=lIAdk9KkgB1QIrSAF0I1kGLMgBWQYtyAFVAi7IAVUCL0gBZAhJATDIAUEEMUkBckwRSQAy
21=yAFVDTNIASd1BA7hfTVUAsF9NkgBwSU3KCkAOCgpADkoKQA6KCkAOygpADxJAYxUDkkAPU
22=kBg1wASQA+KCkAP0gBzyYkAA/hZyXIAVEUJkgBdERZBifIAVUCKEgBdCNZHClIAcEEKsgB
23=QQQryAFZBizIAVUCLcgBVQIuyAFVAi9IAXAJSQEwSAFkVUEEMUgBbCZZJzLIAVUNM0gBJ8
24=0EDyjMBCcpADZBBPNECUUIN0gBxSk4SAHFKTkoKQA6KCkAOygpADxJAZBYB0kAPUkBiFwA
25=SQA+SAHZJz8oKQBAKCsAIwAQkGFNBSTIAVkQJUgB1SMmyAFVAifIAUEaKEgBcEtZBilIAW
26=wFRR4qyAFBBCvIAVUCLMgBVQItyAFVAi5IASLwJEUIL8gBSQwwSAEi8CRVAjFJAX1cAEkA
27=MsgBQQQzSAEnJQUQKCUFEPl0NkAEzSY3SQH8TAZFCDhIAdUCOSgpADooKQA7KCkAPCgpAD
28=0oKQA+SAHNUj9IAdEqQCgpAEFJAYZIDUsAIgARkHdNDyNIAXRERR4kyAFdICVIAc0mJsgB
29=VQInSAF4SFkGKEgBYHJRCSlIAXQCSQEqSAHVLitIAcEELMgBWQYtSAHNBS5IAXwrQQ8vyA
30=FJDDBIAXwrTQUxSAF8K0EEMsgBQQQzSAEnfQURKH4FEQDBvzZABMUpNygpADgoKQA5SAHJ
31=mzpIAdl0OygpADxIAdWcPUgB0Qk+SAHdVz9IASd+BREAyQFBVALdK0JIAdgGAiEAEgBqSC
32=NJACLIAU0bI0kBaEgCSQAkyAFVAiVIAdknJsgBVQInSAFsJlEfKEgBcCpJIilIAXQCSQEq
33=SAF4BkkBK0gBwQQsyAFZBi1IAc0FLkkBcVQOSQAvyAFJDDBIAdEqMSgpADIoKQAzKCkANE
34=gBJ8UZEuHrNlQCxR43KCkAOCgpADlIAdlTOkgBzSY7KCkAPCgpAD1IAcEwPkgB3Qo/SAHF
35=CEBIAcUIQUgBJ9QFJzkCQ1QC2AYCIAATAPdMHEUeIUgBbDFBJSLIAVUjI0gBbDFVAiTIAV
36=UCJUgB0SomyAFVAidIAXxiXQkoSQFCXABdCilIAXQuVQEqSAF4BlUCKygpACzIAUEELUgB
37=fG1BBC5IAWwxQQ8vyAFJDDBIASctBhPhXDIoVQAzKCkANEgBJy0GEygsBicpADdABN0gOC
38=gpADlIAclZOkgBybE7SAHRKjwoKQA9SAHdKz5IAdEJP0gBxQhASAHFCEFJAYpAG0kAQkgB
39=zQVDKCkARCgrAB8AFPkyIEgBxR4hKCkAIigpACNJAWFQCkkAJMgBRSklSAHVWiZIAdUuJ8
40=gBQQQoyAFZBilIAdE1KigpACsoKQAsSAFkCEEwLUgBZDRZMi5JAXVYB0kAL8gBXQowyAFB
41=BDFIAckXMigpADMoKQA0KCkANUgB3eY2SAHVIzcoKQA4KCkAOSgpADooKQA7SAHFYDxIAd
42=E1PUgBJ4UGFPFAP1QCyQxAKCkAQSgpAEIoKQBDKCkARCgpAEVIAdykAh4AFQD7RB9dIB9I
43=AcUeICgpACEoKQAiKCkAI0gBfDZBJSTIAV0rJUgBYL9RCSbIAUkLJ0gBYL9VAihJAWdcAE
44=kAKcgBQQQqSAF4MkkBK0gBdHBBBCwoKQAtyAFBBC5IAXw2VQ0vyAEBBAAAMMgBAQUAADFI
45=AdUYMigpADMoKQA0SAElUTE1SAEnbRkV/Ss3VALVIzhIAdXIOUgBxZc6SAHBMDtIASfeBh
46=UAJ94GFQAn3AYnXQE/TAXZBkAoKQBBKCkAQigpAEMoKQBEKCkARUgB1Q1GSAHUDQEdABYA
47=3RUeSAHRFB9JAfZAJkUpIEgBySIhKCkAIigpACNJAWRABUkAJMgBRQclSAF0OU08JsgBVS
48=4nSAF0OUEEKEgBdDlBBCnIAUEEKkgByTgryAFNBSzIAU0FLcgBTQUuSAHBfS9IAWimTRAw
49=yAFZBjFIAckXMigpADNIAdGjNEgB0So1KCkANigpADdIAc0mOEgBzSY5SAHFNDpIAcUIO0
50=gBzQU8SAHNBT1IAc0FPkgBzQU/KCkAQCgpAEEoKQBCSAHZMkNIAdlIRCgpAEVIAdmrRigp
51=AEdIAcetHAAX4TsdSAHZER5IAdkRH0gBJ40HF+HKIVUCelgoSQAiyAFFKSNJAV9IAkkAJM
52=gBVQIlSQF0SAJJACbIAVUCJ0gB1S4oSAHJQynIAUEEKkgBbDxVOStIAWg4RQgsyAFBBC1I
53=AXzmVQIuyAFVAi9IAWw8WQYwyAFRQDFIAdUNMigpADNIASeNBxftczVUAsEwNigpADdIAc
54=3WOEgB0So5SAHNJjpIAcEwO0gB1QI8KCkAPUgB0So+SAHJDD8oKQBAKCkAQSgpAEJIAcFG
55=Q0gB3QpESAHRCUVIAdEJRigpAEcoKQBIKCsAGwAY+T0cSAHRCR0oKQAeSAHJQx9IASflBx
56=go5gcYAGQ/XSsiQARoAV0rI0gBZD9VAiTIAVUCJUkBd1gzSQAmyAFFNCdJAVxIAkkAKEkB
57=YFwASQApyAFBBCpIAWQ/VQIrSAFkP10KLMgBXQotSAFkP1UCLkgBInBLTQUvyAFFCDDIAU
58=EEMUgBJ+QHJxUDM1QCJ+UHGCjkBycpADZABCXdJzdIAcXvOEgByS05SAHZMjpIAcUpOygp
59=ADxIAdVEPUgB0So+SAHFCD8oKQBAKCkAQSgpAEJIAckMQ0gByQxESAEn5AcnvQJGVALdCk
60=dIAdGCSEgBzVJJSAHYtgIaABkAkUAmSQAbSAHdChwoKQAdSAHJDB5IASftHhnxQCBUAtEq
61=IUkBfEQJSQAiyAFBMCNIASJULFUCJMgBVQIlSAF8QVkyJsgBVTknSAF8QUEEKEgBfEFBBC
62=nIAUEEKkgBfEFVAivIAV0KLMgBWQYtSAF0RFUCLkgBfEFZBi/IAY73GQB0Aoz3JxUDMkAE
63=1RgzSAHB9jRJAe9QClEJNSgpADZIAcEEN0gBzUc4SAHVLjlIAd2DOkgBxT87SAHFPzxIAc
64=0FPSgpAD4oKQA/KCkAQEgByThBSQGFTBFJAEJIAdE1QygpAERIAdE1RUgByQxGKCkAR0gB
65=2UhISAHFCElIAdkGSkgB2wYZABpADYkAGigpABtIAcUIHEgBzRsdKCkAHkgB0UsfSAEn1R
66=Aa4UYhVAJ0REk4IsgBRTQjSAF0RFUCJMgBVQIlSQFHoTAmSAFkP1UBJ8gBTRMoSAElOS4p
67=SAFgBEUIKsgBRQgryAFVAizIAVUCLUkBOkQJVQIuSAEiGEtRCS/IAUEDMEgB3UExKCkAMk
68=gB2T0zSAHBJTRIAdkcNUgBwQQ2SAHBBDdIAcEEOEgBwYg5SAHBBDooKQA7KCkAPCgpAD1I
69=AdFAPkgB0UA/KCkAQEgB1TlBKCkAQigpAEMoKQBESAHZPUVIAc0QRigpAEdIAd1XSEgBzT
70=xJSAHdV0pIAdkGSygoAAIYABsA+UwnRSkZSAHZihpIAd0VG0gBwQ8cSAFcBGkAHUkB/bkG
71=HkkBkm8CAAAfSAEl+WcgSAHNMSEoKQAiKCkAI0gBJdEgJMgBXQklSAHdQSZIAdVEJygpAC
72=goKQApKCkAKkgBYMpZECtIASIoN0kBLMgBXQotSAEi+DBVAi5IAWxHWUgvyAFRSzBIAd0V
73=MSgpADIoKQAzSAHZijRIAc0FNSgpADZIAcEEN0gBwQQ4SAHRSzlIAcEwOigpADsoKQA8KC
74=kAPUgBxXY+SAHVRD8oKQBAKCkAQUgB2T1CKCkAQ0gB2QZEKCkARUgBwX1GSAHZEUcoKQBI
75=KCkASSgpAEooKQBLKCkATCgrABcAHCaJOBhIAcWtGUkB9VQvVS4aSAHZUxtIAd0VHEgB3U
76=wdSQGLQAVJAB5IAVgAaQAfKCkAIEgBwXIhSAHdKyJJAWVnBQAAI8gBQQ4kyAFNPCVIASdE
77=CQMcAEIBAAARAAADDwAgBgAAACcAHAA+AUABAwAAKAAcAGgBVQEpyAFdAirIAVUCK0kBPF
78=wAAQIAACxJAUBIAUEELcgBVQEuSQFxSAJJAC/IAVUCMEkB7VwAVQIxKCkAMigpADMoKQA0
79=KCkANSgpADYoKQA3KCkAOEkB8L0KOUoB//9DDAAAOigpADsoKQA8KCkAPUkBjIoFAD5JAY
80=OpAT8oKQBASQGGtQJBSAHdCkIoKQBDSAHFCERIAcUIRUgB2QZGSAHZBkcoKQBIKCkASSgp
81=AEooKQBLKCkATCgpAE0oKwAWAB2/EgAAFygpABgoKQAZSQGTqQQaSQH3tSMbSQHxqQEcSQ
82=GSoQQdSAHBBB5JAe+hBB8oKQAgSAHdNiEoKQAiSQFlRAgBAwAAI8gBAQQAACTIAQEFAAAl
83=SQE7sQkmyAFVASfIAUUHKMgBVQIpSAFoTkVKKsgBXQoryAFNBSxIAXxMQQQtyAFBBC5IAX
84=xMVQIvyAFVAjBIAd0VMSgpADIoKQAzKCkANCgpADUoKQA2KCkAN0kB8kQUTRA4SQH0qQE5
85=SAHBOzooKQA7KCkAPCgpAD1IAdVEPkgB1UQ/KCkAQCgpAEFJAYVIDUkAQigpAENIAdkGRC
86=gpAEVIASeeCR0A2RFHVALJAUgoKQBJKCkASigpAEtJAY1IDUkATEgBwQ9NSQGHSAJJAE5I
87=AdAJARUAHgDVRBZIAdlIF0gBXARpABgoKQAZSAHNBRpIAc0xGygpABxIAd1MHUgB3SseSA
88=HNBR8oKQAgKCkAISgpACJJAWR4DnZPHgBoAUUzJFQCaE5RQCXIAUlDJsgBVQInyAFVAijI
89=AVUCKUkBPVgHXQkqyAFVAStJAUJcAFUCLEgBeFNNBS3IAUUILkgBdE9BBC/IAVkFMEgB1R
90=gxKCkAMigpADMoKQA0KCkANSgpADZIAd1MN0gBwTA4KCkAOSgpADooKQA7KCkAPCgpAD1J
91=AZBEFEkAPkkBiFwASQA/SAHFSkAoKQBBKCkAQigpAEMoKQBEKCkARSgpAEZIAc1HRygpAE
92=goKQBJKCkASigpAEtIAc0QTCgpAE0oKQBOSAHBUU9IAdwgAhQAHwB0SBhJABXIAVUuFkgB
93=1S4XSAHRSxgoKQAZSAHBBBooKQAbKCkAHEgB1S4dSQGPXAtJAB5JAfZcC0kBH0gBxQggKC
94=kAISgpACJJAXtABUkAI8gBRQckSQFoSAJJACXIAVUCJkgBaE5JASdIAXTpQQQoSAHJTiko
95=KQAqKCkAKygpACxJATpYB0kALUgBcAlFCC5IAWxSWVMvyAFRVjBIAckXMSgpADIoKQAzKC
96=kANCgpADVIAcHrNkgBwTA3KCkAOCgpADkoKQA6KCkAOygpADwoKQA9KCkAPigpAD9IAd2k
97=QEgByUNBKCkAQigpAEMoKQBEKCkARSgpAEYoKQBHKCkASCgpAEkoKQBKKCkASygpAEwoKQ
98=BNKCkATkgB0a5PSAHJIlAoKAABEwAgAHQ5VS4USQF1TDJJABXIAVE1FsgBRTQXSAHZMhgo
99=KQAZKCkAGigpABtIAc0xHEgB2bYdSAHZER5JAfpcC1UNH0gB3QogKCkAISgpACJIAWRVTR
100=AjyAFdFSRIAWRVVQIlyAFVAiZIAc1SJygpAChIAXgcVQ0pyAFNDyrIAVUCK8gBVQIsSAHZ
101=Uy1IAdEJLkkBeEAFSQAvyAFNBTBJAVtIAkkAMcgBVQIySQFcSAJJADNJAYBcAEkANMgBQQ
102=Q1SAHVIzZIAdkyNygpADgoKQA5KCkAOigpADsoKQA8KCkAPUgByS0+SAHVnD9IAdlTQCgp
103=AEEoKQBCKCkAQygpAEQoKQBFKCkARigpAEcoKQBIKCkASSgpAEooKQBLKCkATCgpAE0oKQ
104=BOSQGKVCRJAE9IAckiUCgpAFEoKAABEgAhAMU0E8gBUSoUSAF8V1FAFcgBAQQAABbJAQUi
105=7ikhAN1MGFQCyQEZKCkAGigpABtIAcU0HEgBydIdSAHJ0h5IAdW9H0gByVkgSAHdCiFIAS
106=WlICIoKQAjSAHBBCRJAWZYHUkAJcgBVRgmyAFVWidIAdkcKEgBfFdVAinIAVkcKsgBVQIr
107=yAFVAixIAdkGLcgBXQouSAF8V00FL8gBTQUwSAF8V1UCMcgBVQIySAF8V1kGM0gBfFdBBD
108=TIAUEENUgB1SM2SAHRNTcoKQA4KCkAOSgpADooKQA7KCkAPCgpAD1IAc2qPkgB0VY/KCkA
109=QCgpAEEoKQBCKCkAQygpAEQoKQBFKCkARigpAEcoKQBIKCkASSgpAEooKQBLKCkATCgpAE
110=1IAd2ZTkgB3SBPKCkAUCgpAFEoKQBSKCsAEQAiiFlRKhLIAUktE8gBVQIUSAEiLCdVAhVJ
111=AXdURUkAFsgBRTQXSAFwNVUCGEgBcDVJARnIAUEEGkgByU4bKCkAHEgBJdkhHUgBJYEsHk
112=gBzV0fSQGLRAlJACBJAfhECUkBIUgBWABpACIoKQAjSAEl2SEkSAF0WkkXJcgBVXAmyAFV
113=cCdIAXhTQRooSAEi/CtVCSnIAVUMKkgBZB5VAivIAVUCLEgB2QYtSAHZBi7IAVEJL8gBQQ
114=8wSAHNBTHIAVUCMkgBfApNBTNJAXJcC0kANMgBSQw1SAEnVQsiJoUyN1QCwTs4KCkAOSgp
115=ADooKQA7KCkAPCgpAD1IAdEqPkgBwYg/KCkAQEgBzV1BKCkAQigpAEMoKQBEKCkARSgpAE
116=YoKQBHKCkASCgpAElIAcEPSigpAEsoKQBMKCkATSgpAE5IAdXITygpAFBIAc2fUUgB1SNS
117=KCkAUygoAAEQACMAItwnSS0RyAFJLRJIAWg4TTETSAHN7BQoKQAVSAFsXUEEFsgBSTgXSA
118=FsXUUIGEgBbF1BBBnIAUEEGkgBJ60LI/W9HChVAB0oKQAeSAHFYB8oKQAgSAHFCCFIAd1i
119=IkgBRBhpACNIAdW9JEgBzQUlSAF4XkUEJsgBURQnyAFRFChIAWxSQQQpyAFBBCrIAVUCK8
120=gBVQIsSAFsJkkBLUgBYCVJAS5IAXxXTQUvyAFVAjBIAWTDVQIxyAFVAjJIAc0FM0gBbF1N
121=EDTIAUElNUgBJ60LIyisCycpADhABME7OSgpADooKQA7KCkAPCgpAD0oKQA+KCkAPygpAE
122=BIAdFhQUgBzVJCKCkAQ0gB0WFEKCkARSgpAEYoKQBHKCkASEgBybFJSAHJF0ooKQBLKCkA
123=TCgpAE0oKQBOSAHRz09IAc0QUEgB3QpRSAHdClIoKQBTSAElzSVUSAHXZQ8AJPleEMgBQT
124=ARyAFBMBLIAVUCE0gBJwUMJJjBVTkVKFUAFkgBdDlNBRfIAUUIGEgBaGRNBRnIAUU/GkkB
125=WUgCSQAbyAFVAhxJAVpIAkkAHcgBVQIeSAF4aVUCH0gBeGlJASDIAUEEIUgB1UQiSAFQA2
126=kAIygpACRIAcG/JUgBZGBFEybIAUG/J8gBQb8oSAFkYFUYKcgBTQUqyAFVAivIAVUCLEgB
127=ZGBJAS1IAWRgSQEuSAHdIC/IAVUCMEgBZGBFCDHIAVUCMkkBdncVAAAzyAFBGjTIAU0FNU
128=gBzRs2SAHBOzcoKQA4KCkAOSgpADooKQA7KCkAPCgpAD0oKQA+KCkAPygpAEAoKQBBKCkA
129=QigpAENIAcFRREgBwVFFKCkARigpAEcoKQBIKCkASUgBwVFKKCkAS0gB2bZMSAHFHk0oKQ
130=BOSAHBD09IAcEPUCgpAFFIAd0KUigpAFNIAc0FVCgpAFVIAcBnAQ4AJQB8NlkxD8gBTTEQ
131=SAHdNhHIAV02EkgB0WETKCkAFEgBzUcVyAFNBRZIAXwKVTkXyAFVAhhIAXxiVQIZyAFVAh
132=pIAXxiVQIbyAFVAhxIAXxiVQIdyAFVAh5IAXxiURQfSAF8YkEEIMgBQQQhSAHBvyJIAdXI
133=IygpACRIAcEEJSgpACZIASLoT10gJ8gBSQwoSAFsG1UCKcgBVQIqSAF4XlUCK8gBVQIsSA
134=F8YkkBLUgBeAZJAS5IAWwFSQEvyAFZBjDIAVUCMUgBYCVVAjJIAXxiVRgzyAFZdDTIAVl0
135=NUgBJ18MJQDYWAdZBjdVAtCpATgoKQA5KCkAOigpADsoKQA8KCkAPSgpAD5JAdKxCT9IAc
136=FRQCgpAEEoKQBCKCkAQ0gBycdESAHJx0UoKQBGSAHBUUcoKQBIKCkASSgpAEooKQBLSAHF
137=VUxIAdkRTSgpAE5IASdeDCUAyQxQVALJAVEoKQBSKCkAUygpAFQoKQBVSAHVDVZIAdcNDQ
138=AmnMVVIg5IAWA7VS4PyAFVAhBIAWw8XTYRSAFwQEEEEkgBJ7UMJiMkR0VVFFQCwQQVKCkA
139=FkgB0UAXSAHZBhgoKQAZKCkAGkgBZAhRCRvIAUEPHEgBbBBBDx3IAUUTHsgBVQIfSAFob0
140=kBIMgBQQQhSAFob1UCIsgBVQIjSAFob1UCJMgBVQIlSAFob1UCJkkBYFwASQAnyAFBBChI
141=AXQjRRMpyAFFEypIAWQTVQIryAFVAixIAXQYSQEtSAHFHi4oKQAvSAHZBjDIAU0FMUgBaG
142=RBDzLIAUEPM8gBSQw0SAHVezVIASUZVjZJAddABVkGN0kBFkAFSQE4KCkAOSgpADooKQA7
143=KCkAPCgpAD0oKQA+SQHRvQo/SAHBRkAoKQBBKCkAQigpAEMoKQBEKCkARSgpAEZIAdlpR0
144=gB2WlIKCkASSgpAEooKQBLSAEloUZMSAHZEU0oKQBOSAEntQwmKLQMJykAUUAE1Q1SSAHN
145=aFMoKQBUKCkAVSgpAFZIAdHPVygrAAwAJ4BnVS0NyAFJOA5IAdVED8gBVQIQSAF4PVEpEU
146=gBaENZBhJIAd1iE0gBeAZdNhRIAcEEFSgpABZIAWwFWQYXyAFdChjIAVUCGUgB3UwaSAHR
147=CRvIAUEPHEgBbBBNBR1IAWDgVQ0eyAFBBB9IAWxoQQQgyAFJDCFIAWxoVQIiyAFVAiNIAW
148=xoVQIkyAFVAiVIAWxoUQkmSAFsaEEEJ8gBQQQoSAHFEynIAU0FKkgBZB5ZESvIAVUCLEgB
149=fBVVAi3IAVUCLkgB2RwvSAF0GF0KMEgBfApVDTFIAWxoVQIyyAFZzDPIAVnMNEgB2cw1SA
150=HZSDZIAScODScAJwwNJygAAjkAJwAWEQAAfg8AIAgCAAAAAAA6ACcAFqoBOwAnKQA8KCkA
151=PSgpAD5LAdEBAGEAP0oB//9mAQBAKCkAQSgpAEIoKQBDKCkARCgpAEUoKQBGKCkARygpAE
152=goKQBJKCkASigpAEsoKQBMKCkATUkBjYITAE5JAYOpAU8oKQBQSQGKtQJRSAHVGFJJAYy1
153=AlNIAdkGVCgpAFUoKQBWKCkAVygpAFgoKAACCwAoADxAJV0qDEkBPkgBSQsNyAFVAQ5JAT
154=pcAFUCD0gBbAVJARBJAT21AhFIAcEEEsgBQQMTSAFgBF0KFMgBAQMAABVIAcUIFkkBO0AF
155=UQkXyAFVARjIAVUCGUkBQkgCSQEaSAHRCRvIAVEJHMgBQQQdSAHNEB7IAUUHH0gByQwgyA
156=FVAiHIAUUTIsgBUQkjSAFwH1UCJEgBwQ8lSAHFCCbIAUUIJ0gBeBFBDyjIAVUCKcgBUQkq
157=SAF4EVEJK8gBVQIsSAFwCVUCLcgBVQIuSAHVDS9IAXwKUQkwSAHBJTFJAXJIDUkAMsgBQQ
158=QzSQHtXABVAjRJAfCpATVIAdVENkkB27UCN0kB06kBOCgpADkoKQA6KCkAOygpADwoKQA9
159=KCkAPkkB1bEJP0gB1Q1AKCkAQSgpAEIoKQBDKCkARCgpAEUoKQBGKCkAR0gB3WJISQGFTB
160=xJAElJAYdcAEkASkgBwQ9LKCkATCgpAE1IAclkTkgByWRPSQGGWAdJAFBIAcUIUSgpAFJI
161=AdkGU0gB2QZUKCkAVUkBiFgHSQBWSAHBBFcoKQBYSAHBBFlIAdN3CgAp8WwLSAFsPEUIDE
162=gByU4NyAFdQQ5IAc1HD0gBcEBBRhBIAXgGSQERSAHBBBJIAWQIUQkTyAFFMxRIAWAEVQIV
163=SAHFCBZIAdVPF8gBVQ0YyAFdChlIAcFRGigpABsoKQAcSAHNEB1IAWgMWQYeyAFRCR9IAc
164=kMIMgBVQIhSAFsEFkRIkgB3RUjyAFdFSRIAcEEJcgBVQImSAFwCUUIJ0gBwQ8oyAFVAilI
165=Ad0VKkgBfApZEStJAUVUA1UNLMgBUQktyAFBBC5IAdkGL0gBaAxNBTDIAU0FMUgBfG1NBT
166=LIAV0JM0gBJ74NKQDJATVVAvFMBkUINkgBxUo3KCkAOCgpADkoKQA6KCkAOygpADwoKQA9
167=KCkAPigpAD8oKQBAKCkAQSgpAEIoKQBDSAHNaERIAc1oRSgpAEYoKQBHSAHJWUgoKQBJSA
168=HVZUpIAc0bSygpAEwoKQBNSQGQUCBJAE5IAcVgTygpAFBIAc0QUSgpAFJIAcEPUygpAFRI
169=AcEPVUgBwQ9WSAHJDFdIAcVrWEkB96EwWUkB76kBWkgB2DIBCQAqAGRVRRMKSAF0REkBC0
170=gBxUoMyAFNPA1IAWAERT8OSAHZBg/IAUkLEEgBwUYRSAHBBBJIAdkGE8gBUQkUSAFgBFEJ
171=FUgByU4WSAFkCFUCF0gBeF5JARjIAVkGGUgB0QkaSAHBBBvIAUEEHEgByRcdSAFoDEEaHs
172=gBURQfyAFVAiDIAVUCIUgBfApVAiLIAVUCI8gBVQIkyAFVAiVIAWAPVQ0mSAF0DVUCJ0gB
173=xQgoyAFVAilIAWwFRQgqyAFVAitIAXRwRQgsyAEBBAAALcgBAQUAAC5IAXwgTQUvyAFdID
174=DIAVkGMUkBd1AKSQAyyAFNBTNJAYBIAkkANMgBVQI1SAHB4DZIAcFGN0gByUM4SAHdQTlI
175=AcEEOigpADsoKQA8KCkAPSgpAD4oKQA/KCkAQCgpAEEoKQBCKCkAQ0gBwcpESAHNXUUoKQ
176=BGKCkARygpAEgoKQBJSAHNXUpIAckXSygpAEwoKQBNKCkATigpAE8oKQBQSAHZEVFIAdkR
177=UigpAFMoKQBUKCkAVUgBxe9WSQH5SC5BMFdIAdkRWEkB9rUCWUkBeVQDSQBayAFBA1tJAV
178=xIAkgAAQgAKwBkP0kBCUgBfFdFPwpIAXBLSQELyAFRQAzIAVUCDcgBVQIOSAHZBg/IAVEJ
179=EEgBfApNBRFIAcEEEkgBfFdBBBPIAVkRFEgBdA1VAhVIASdtDiuU9FUCF1QC2QYYyAFZBh
180=lIAc1dGkgBwQQbSAF0DVkGHMgBTQUdyAFZER7IAUkXH8gBVQIgyAFVAiFIAXgRVQIiyAFV
181=AiPIAVUCJMgBVQIlSAF4HEkMJkgBbBBVAidIAcUIKMgBVQIpSAF8FUUIKsgBVQIrSQFFXA
182=ABBgAALMkBB25zKwB1Aghsc6Q0TQQvQAR0DU0bMEgB2RwxSAFsc10KMsgBTQUzSAFsc1UC
183=NMgBVQI1SAEnbg4rAMFGN1QCwUY4SAHV6TlIAcW4OkgBxXY7SAHZBjwoKQA9KCkAPigpAD
184=8oKQBAKCkAQSgpAEJIAdniQ0gBxWBEKCkARSgpAEYoKQBHKCkASEgB1dNJSAHFE0ooKQBL
185=SAHJDExIAdXeTUgBzWhOSAHZBk8oKQBQSAHd21FIAcnoUkgB0RRTKCkAVCgpAFVIAdkRVk
186=gB0SpXSAHFKVhIAd0rWUgBbHNFNFrIAUU0W0gBbHNFSlxIAdk9B1BDcEtFPwhIAXQCWQYJ
187=yAFVAgrIAVkGC8gBVQIMyAFVAg1IAXRPVQIOKCkAD0gBeEhRCRBIAcEEEcgBWQYSSAFgD0
188=EEE0kBcFgHSQAUyAFBBBVJAWdIAkkAFsgBVQIXSAHZBhjIAU0bGUgBaAxRCRpIAcEEG0gB
189=zRAcyAFNBR1IAdkcHsgBVQIfSAFsBUkBIEgBwQQhyAFNECLIAU0QI0gBdHBVAiTIAVUCJU
190=gBeAZFCCZIAWAEWREnyAFVAihIAXAUSQEpSAF0DUUIKsgBRQgrSAFtcwlldiyZdApkdqkB
191=C2V2LISXTQUvTAVoDEUIMMgBVQIxSAF8CkkMMkgBdA1NEDNJAXNABUkANMgBTQU1SAHBRj
192=ZIAdlIN0kB8lQDTQU4SAHBBDkoKQA6KCkAO0gB0Xc8SAHNXT0oKQA+KCkAPygpAEAoKQBB
193=KCkAQkgBzdZDSAHRYUQoKQBFKCkARigpAEcoKQBIKCkASUgBwXJKKCkAS0gB3QpMKCkATU
194=gBxWtOSAHVGE8oKQBQKCkAUSgpAFJIAd0VU0gB3QpUKCkAVUgBxfpWSAEnxQ4sJlExWFQC
195=3StZSQFkSC5JAFrIAU0wW0gBbDxVOVxIAXBLVTldyAFMBQEGAC0AbF1JAQfIAUEECEgBeA
196=ZVAglIAdkGCsgBUQkLyAFNBQzIAVUCDUgBwUYOKCkAD0gByQwQSAHBBBHIAVkGEkgByQwT
197=SAF8eF0KFMgBQQQVSAF8eFUCFsgBVQIXSAF8ClkcGEgBfApdFRnIAVUCGkgB3QobSAF0Wk
198=EEHMgBQQQdSAHZHB7IAVUCH0gBfApNBSDIAVUCIUgBcAlVAiLIAVUCI0gBZAhFEyRIAckM
199=JcgBQQQmSAHRCSfIAVUCKEgBcAlJASlIAXgGRQgqyAFNGytIAX14DH14LZ14DXx4qQEOfX
200=gtnHhNBS9MBc0QMMgBVQIxSAFoIkkMMkgBaAxJFzNIAXx4VQ00yAFNBTVIAdlINkgB0fA3
201=SAHJWThIAdVPOUgBzQU6KCkAOygpADxJAfVUDlUNPUgBxQg+KCkAPygpAEAoKQBBKCkAQk
202=gB3dtDSAHdYkQoKQBFKCkARigpAEcoKQBIKCkASSgpAEooKQBLSAHd5kwoKQBNSAHdbU5I
203=AckXTygpAFAoKQBRKCkAUkgB3RVTSAHdClRIAdEJVUgBJX0xVkgB2SdXKCkAWEkBZUAmSQ
204=BZyAFFKFrIAVE1W0gBYEZBBFzIAUEEXcgBQQReyAFXOQUALiMcO0kBBkgBdE9BBAdIAcUI
205=CEgBwUYJyAFNBQpIAcEEC0gB2QYMyAFBBA3IAVEJDkgBzQUPSAHNBRBIAWhOURQRyAFRFB
206=JIAc0FE0kBdFQDSQAUyAFBBBVJAWFIAkkAFsgBVQIXSAF8CkEPGEgBfApBDxnIAVUCGkgB
207=1VobyAFBBBzIAUEEHUgB2RweyAFVAh9IAXwKTQUgyAFVAiFIAXAUVQIiyAFVAiNIAWwFWR
208=EkSAF0DUEEJcgBQQQmSAFgBFUCJ0gBcBRVGCjIAVkGKcgBVQIqyAFVAitIAXV7D3V7LpV7
209=EHR7qQERdHuoOE0FL0wFdBhFCDDIAVUCMUgBeBFVAjJJAXZcAEkAM8gBQQQ0yAFFEzVIAc
210=lONigpADdIAcH2OEgBwQQ5KCkAOigpADtJAfRQCkkMPEgB3WI9KCkAPigpAD8oKQBAKCkA
211=QSgpAEIoKQBDSAHB4ERIAcF9RSgpAEYoKQBHKCkASCgpAElIAd1tSkgB3W1LSAHRFEwoKQ
212=BNKCkATigpAE8oKQBQSQGPTBxJAFFIAcUIUigpAFMoKQBUSAHJelVIAdknVigpAFcoKQBY
213=SAF0e0FGWcgBAQQAAFrIAQEFAABbSAHNPFzIAVUtXcgBWRFeyAFVAl9IAcc/BAAv7fcFyA
214=FBBAbIAVkGB0gB1VoIyAFNEAlIAWQISUMKSAHBBAtIAc0QDMgBUQkNSAFgBFEJDkkBbVwA
215=SQAPyAFBBBBJAWpIAkkAEcgBVQISSQFsSAJJABNJAX1cAEkAFMgBQQQVSAFsfk0QFsgBRR
216=MXSQFBVANNBRjIAVUBGUkBQlwAVQIaKCkAGygpABxIAWgXUQkdyAFRCR7IAVUCH0gB1Rgg
217=yAFdCSFIAcV2IkgByQwjSAHVAiTIAU0FJcgBTRAmyAFVAifIAUkMKMgBQQ8pyAFVAirIAV
218=UCK0gB0RQsyAFVAi1IAc0xLsgBVQIvSAHNBTDIAVUCMUgBzQUySAFsflUCM8gBRUo0yAFF
219=SjVIAc1SNigpADcoKQA4KCkAOSgpADpIAdX/O0gBxWA8KCkAPSgpAD4oKQA/KCkAQCgpAE
220=EoKQBCSAEloTtDSAHBfUQoKQBFKCkARigpAEcoKQBISAHVe0lIAcUTSigpAEsoKQBMKCkA
221=TSgpAE4oKQBPSQGRSDlJAFBIAdkRUUkBi0gCSQBSSAHJDFMoKQBUSAElFSRVSAHdK1YoKQ
222=BXSAFgfUUIWMgBVURZyAFdQVpIAXzFXTZbSAHNPFzIAVUCXcgBTQVeyAFVAl9IAcU/YMgB
223=VwIDADCYf00FBCgpAAXIAUEEBsgBQQQHyAFVAghIAXAJSQEJSAHZXgpIAdUCC0gBxRMMSA
224=EiOC5BGg3IAUEaDkgBZIFdCg/IAVEJEEgBZIFVAhHIAVUCEkgBZIFZBhNIAWSBQQQUyAFB
225=BBVJAXtcC0kAFsgBTQUXSAEixC9VAhjIAVUCGUgBcBRJARpIAXAUQAQKGwAwAEIBAAAAAA
226=AcABEAAO4PACADMAA6AQAAQgAdAKgBAQEAAB5JAT5cAFUCH0kBO0gBAQIAACBJAW9IAkkA
227=IcgBQQMiSQFnSAJJACPIAVUCJEgBeAZJASXIAUEEJsgBVQInSQFCXABVAihJATxIAUkAKU
228=gB2REqyAFVAitIAXAJTQUsSAFsBVkRLcgBAQMAAC5IAWAEVQIvSAHJFzDIAUUIMUgB3Qoy
229=SQF0RAlJADPIAUEENEkB7VwAVQI1KCkANigpADcoKQA4KCkAOUkB8rkGOkkB9KkBO0oB//
230=9LCQAAPCgpAD0oKQA+KCkAPygpAEAoKQBBKCkAQkkBjI4JAENJAYOpAUQoKQBFKCkARigp
231=AEdJAYatBUhIAdkRSSgpAEooKQBLKCkATCgpAE0oKQBOKCkATygpAFBJAZKpDFFIAckMUk
232=kBj7UCU0kB+6kiVEgBwSVVKCkAVkgB1S5XSQFlWAZVOVjIAQEEAABZyAEBBQAAWkgBYDtd
233=CVvIAVkFXMgBVQJdSAFsPFFAXkgB1URfSQE9VANVAmBIAXQCWQZhyAGBAzGEYEgBAQMAMQ
234=BoDEEEBMgBVQIFSAHZBgZIAdFWB0gBbAVdCgjIAUkXCUgBdA1FCArIAUUIC0gBeFNVAgxJ
235=AXBcAFkGDcgBWQYOSQFtVAJFHg/IAUUeEEgB1SMRKCkAEigpABMoKQAUKCkAFUkBe1AJSQ
236=wWyAFJDBdIAXh0VQIYyAFVAhlIAWwmSQEaSAHBGhsoKQAcSAFgBFkGHcgBTQUeSAHNBR/I
237=AVUCIEgBfINNBSHIAVUCIkgBwQ8jyAFVAiRIAWgiSQElyAFZBiZIAXQjVRcnyAFZJyhJAW
238=pIAkkAKcgBVQIqyAFVAivIAVUCLEkBaUgCSQAtyAFVAi7IAVUCL8gBVQIwSQFrSAJJADHI
239=AVUCMkkBfkgCSQAzyAFVAjRIAc0xNSgpADYoKQA3KCkAOEkB8EwGRQg5SQEeXABJADooKQ
240=A7KCkAPEkBIlQDSQA9SAHNaD4oKQA/KCkAQCgpAEEoKQBCSAEnfhAxACd8ECcpAEVABNUC
241=RkkBiEgNSQBHSQGKXABJAEhIAcEPSSgpAEooKQBLKCkATCgpAE0oKQBOKCkAT0kB+bEfUE
242=gB3QpRKCkAUkgB1YZTSAHBBFQoKQBVKCkAVkkB9rEJV0kBYlAVSQBYyAFBA1lJAT5cAE1H
243=WsgBRUpbyAFVAlzIAVUCXUgBzXNeSAHJel9IAWBcXQpgSAF0AlkGYcgBWQZiSAHbBgEAMo
244=iFQQQCyAFBBANIAc0QBMgBVQIFSAFwCV0KBkkBQlAUSQEHSAHVDQjIAUEDCUgBaAxdCgpI
245=AWSBTQULyAFBBAxIAc1SDcgBVQIOSAHNUg8oKQAQSAHFrRFIAcEEEkgB1QITSAHVAhQoKQ
246=AVKCkAFigpABdJAWRMEUkAGMgBQQ8ZSAF0GEkBGkgBaBdBBBtIAXwgSQEcyAFBBB1IAWwF
247=TRseyAFVIx9IAWwFVQIgSQFxTAZJACHIAVkGIkgBwQ8jyAFVAiRIAXAqSQElSAF8ClkGJk
248=gBdIZRCSfIAUkMKEgBdIZVAinIAVUCKsgBVQIryAFVAixIAXSGVQItyAFVAi7IAVUCL8gB
249=VQIwSAF0hlUCMcgBVQIySAFkNFUCM8gBVQI0SAHJLTVIAcEwNigpADcoKQA4SAEl/SA5SA
250=GfYgEAOigpADsoKQA8SQEfRB9JAD1IAY8FAAA+KCkAPygpAEAoKQBBKCkAQkgBJ9UQMijU
251=ECcpAEVABCX9IEZIAckMRygpAEgoKQBJKCkASkkBjVgSSQBLSQGFXABJAEwoKQBNKCkATk
252=kBh1QDSQBPSQH6VDpJAVBJAfWpAVFIAcEPUigpAFMoKQBUKCkAVSgpAFZIASfXEDIAYlAK
253=WTJYVAJoAVkyWUgBcFZJAVpIAXzQQQRbyAFVAlxIAXBLWRBdSAFsBUkBXkgBbAVdCV/IAV
254=UCYEkBQlwAVQJhSAHZU2JIAXgGXQpjSAHDBAIAMyOAIVkFA0gBwQQEyAFBDwVIAWQIWQYG
255=yAFVAgdIAXgRVQIISAFsXVUNCcgBUQkKSAF0hkEEC8gBWQYMSAHNUg3IAVUCDkgBzVIPSA
256=HB1RBIAcktEUkB/FAKSQwSSAHVAhNIAcU0FEgBxQgVKCkAFigpABdJAXxYB0kAGMgBXQkZ
257=SQFsSAJJABpIASJMIEkBG8gBQQQcSAFwglEUHUgBaC1BGh7IAVUCH8gBWQYgSAF0hkEEIc
258=gBQQQiSAHBDyPIAV0KJEgBZHZZBiXIAVUCJkgBdCNVAifIAVUCKEgBzRspSAHFdiooKQAr
259=SAHBBCwoKQAtKCkALkgB2QYvSAHNBTBIAdUCMSgpADIoKQAzKCkANEgBxYE1SQEhRBRJAD
260=ZJAR5cAEkANygpADhJASVIAkkAOUgBkDV2hjMAyQE7KFUAPEkBJkAFSQA9SAEl2SE+SAGP
261=BQAAPygpAEAoKQBBKCkAQkgBJ9UQMyjUECcpAEVABCVVIUZIAd0KRygpAEgoKQBJKCkASk
262=gB3QpLSAEltSJMKCkATSgpAE5IAcGTT0gByQxQKCkAUSgpAFIoKQBTKCkAVCgpAFVJAfdY
263=PkkiVkgB0TVXSAHRz1jIAU0EWUgBzXNayAFJTltIAc1zXMgBVQJdSAF0e0kBXkgByVlfyA
264=FVAmBIAXAJXQphSQE+XABJAGLIAVkRY0gB1IYBAwA0AHAJVQIEyAFNBQVIAWAPVQIGyAFV
265=AgdIAXQNVQIISAFohUlkCcgBQQ8KSAFohQEEAAALyAEBBQAADEgB0R8NKCkADigpAA8oKQ
266=AQSAHBtBFIAcEwEigpABMoKQAUSAHVhhVIAcVgFkgB1Q0XSAFkdlEUGMgBURQZSAFohUEa
267=GkgBaIVBBBvIAUEEHEgB2ScdSAHdIB7IAVkGH0kBdlAgSQAgyAFVAiHIAVEJIkgBwQ8jyA
268=FdCiRIAWiFQQQlyAFVAiZIAWiFVQInyAFVAihIAdWnKUgB3SAqKCkAK0gB0R8sSAHFHi1I
269=AdV7LkgB2QYvSAHRrjBIAc1+MUkBHkgYSQAyKCkAMygpADRIAd14NUkBHUAFSQA2SAGfCg
270=EANygpADhIAVADAgAAAQA5SAHBBDooKQA7SAHBBDwoKQA9SAHVhj5IAdkRPygpAEAoKQBB
271=SAHZEUJJAZCWCQBDSAEl1TFESAHdg0VIAY8QAABGKCkARygpAEgoKQBJKCkASkgB3QpLSA
272=EnqRA09ZFNKFUATkgB1Q1PSAHBfVBJAe9QQVETUUkB8akBUkgB2RFTKCkAVCgpAFVIASVV
273=IVZIASKsQkUIV8gBUQhYyAFVRFlIAdF3WkkBPVQDSQBbSQE+XABZBlzIAVUBXUgBfFdJAV
274=5IAdF3X8gBVQJgSAFsXUlOYUgBZAhJAWLIAVcNBAA1nINVAgVIAXxXSQwGyAFFCAdIAXhp
275=VQIISQF9XABJAAnIAUEECkgB2VMLKCkADCgpAA0oKQAOKCkAD0gBxWAQSAHZJxEoKQASSA
276=HVLhNIAcktFEgBzQUVKCkAFkgB3SsXSAHZERgoKQAZKCkAGkgBwbQbyAFVGBxIAcElHUgB
277=cCpVIx7IAVUjH0gBcIJJASDIAVmgIcgBWaAiSAHBDyNIAdmVJCgpACUoKQAmSAHNBScoKQ
278=AoSAHJIilIAdkcKigpACsoKQAsSAHNfi1IAc0FLkgB2X8vSQEeRDVJADBIAd38MUgBjAUi
279=OTo1/fwzKFUANEgBJXUwNUkBHVgHSQA2SAHZBjcoKQA4SAFQA7OCNQAnjgEAOlUCIKkBO0
280=kBKKkBPEgBhxMBAD1IAYcTAQA+KCkAPygpAEBIAYeBAQBBSAHZEUJIAY0QAFCCyxcAAEQo
281=VQBFKCkARigpAEcoKQBIKCkASSgpAEooKQBLSAElKSFMSAHdg01IASXRIE5IAc0QT0gBwb
282=RQSAHVOVEoKQBSSAHJhVMoKQBUKCkAVUgB2QZWSAFwglFLV8gBUUtYyAFRS1lIAdV7WsgB
283=UVZbSQE+XABFVVzIAUUIXUgBfFdJAV5IAXgGQQRfyAFVAmBJAT1YBkUzYcgBVAEBBQA2AH
284=h/TQUGyAFNBQdIAXh/QQQISAF4f0EECcgBQQQKSAHVGAtIAdleDEgB1QINKCkADkgBwQQP
285=SAHF2RBIAdEqEUgBzX4SSAHFCBNIAd1iFEgBzQUVSAHNBRZIAd0KF0gB2QYYKCkAGSgpAB
286=pJAWZEH0kAG8gBTRscyAFNGx1IAWwmTRseSAFkKVUCH0kBc0wGSQAgyAFZBiFIAdUNIkgB
287=wRojSAHRFCQoKQAlKCkAJkgBzUcnSAHFCCgoKQApSAHNRypIAc2fK0gB3QosKCkALUgBhG
288=siKmM2AMF9L/cCAQAwSQEeXBYBAAEAMSgpADIoKQAzSAHdbTRIAd1tNUkBHXkGAEEBNumF
289=N1ABjxABADgoKQA5SAHZBjpIAYMEAAA7SAHFCDzoAXh/0QkCWH8nKQA/QASTDQIAQEgBkA
290=l6fzYAJf0gQlQClBh6fzYAyQFEKFUARSgpAEZIAYMaAABHSAHZEUgoKQBJKCkASigpAEtI
291=ASf5DzYoTiA2ACf4D98VAABPTAXdClBIAdU5UUgB1TlSKCkAU0kBeZIbAFTIAU1HVUkBXL
292=UCVkkBYKkBV8gBQQRYSQE9XABBUVlIAWxSQVFayAFVAlvIAUUHXMgBWQVdSAFk2VUCXsgB
293=WQZfyAFZBmBIAXwKVAIBBgA3AMkXB0gBzWgIKCkACSgpAApIAcFcC0gB0R8MSAHFCA1IAc
294=EEDkgBwQQPKCkAECgpABFIAcH2EkgBzSYTSAHFCBRIAcUIFUkB+EAbQRoWSAHVAhdIAcEP
295=GEgByRcZSAHRCRpIAWB9RR4byAFNqhzIAU2qHUgBYCVJCx5IAWgiSQwfSAFgfVUjIMgBRQ
296=ghSAHJkCJJAdhMBk0FI0kB0KkBJCgpACVJAdK1AiZIAd0VJ0gBxR4oSAHRFCkoKQAqSAHR
297=HytIAdkGLCgpAC1JAR1UDkkALkgBgwQBAC9IAZQCY303AKxhDwJDfTcApKkBMkEEpqkBM0
298=gBxWs06QEAR8A3ACRQCkkANlUCIFwASQA3KCkAOCgpADlJASNUA0kAOkgBjBBifTcAjBAi
299=zHLIAWF9N7SGYH0nKQA/WAZWBwAAYn03ANkRQVQCkwkBAEJIAZUYAVz81RgBXPwnKQBFQA
300=SDGgEARkgB3YNHSAHRgkgoKQBJSAHFgUpIAYsMAABLSAElHTBMSAElfTFNSAElxS9OSAEl
301=IWJPSAHZBlAoKQBRSAHVT1JIAdU5U0gBYH1NR1TIAU1HVUgBYH1NMFZIAWB9QQRXyAFBBF
302=hIAXR7QQRZSAFsUkUkWsgBVQJbSAFgBFkGXMgBWQZdSAFsBVUCXkkBPUAFWQZfyAFVAQdI
303=tMkXCCgpAAkoKQAKKCkACygpAAwoKQANKCkADigoAAcPADgA//8AAAAAEQAA3A4AIAYAEA
304=A4APsBAABBABFKAfIBQwEAABJJAfSpARNKAf//lQIUKCkAFUkB+qEEFkkB9akBF0gBzQUY
305=KCkAGUgBzQUaSQHtrQUbSQF8mgoAHMgBQQMdSQFrtQIeyAFVAh9JAX61AiDIAVUCIUkB8F
306=wAQQMiSQHXqQEjSgEWAk8CAAAkKCkAJUkB0aEEJkgB0RQnSQH2tQIoSAHRHylIAdEfKkgB
307=zQUrKCkALEkBIYYMAC1JASWpAS5IAY8FAQAvSQEddwIBADBJAatrDAIAMUkBoqkBMkkBpa
308=kBM0kBH60FNOsBAAA1SAGTCQAANkkBrG8FAAA3SQGkqQE4SQGmqQE5SAHNBTooKQA7SAGP
309=EAAAPEkBJKkMPUkBIKkBPigpAD8oKQBASQEjoQRBSAGfCgEAQkgBlxgBAENIAZcYAQBEKC
310=kARSgpAEZIAZMUAQBHKCkASEgBnxUBAElIAYceAABKSAGLDAAASygpAEwoKQBNKCkATkkB
311=+KUeT0gB2QZQKCkAUSgpAFJIAcE7U0kBY2MaAABUyAFRCFVJATxcAAEDAABWyAFNRlfIAV
312=UCWEkBQkAERQdZSAFsBUEEWsgBQQRbSQE7QARVAlzIAVUCXUkBOlQCWQZeSQE9SAFABAEI
313=ADkA3RUJKCkACigpAAsoKQAMKCkADSgpAA4oKQAPKCkAECgpABEoKQASKCkAEygpABQoKQ
314=AVKCkAFigpABcoKQAYKCkAGSgpABpIAdEqG0gBcHdNGxzIAVEfHUgBcHdVAh7IAVUCH0gB
315=cHdVAiDIAVUCIUgBJ/IOOQAn8g45ACfwDicpACVMBSfwDiclBSdUAt1BKEgB3SspKCkAKi
316=gpACsoKQAsSQEdWDNJAC1IAVgAAgAAAQAuSAGECHJ3OQCABHN3OQCvSTgAc3c5AKepATJN
317=BampATNIAYtZAQA06AFwdyeRAjZUAoBncnc5AIFnAEJDOQCZfwBYAyetADpQAY8QAAA7SA
318=GEdnN3OQAglhQAPVQCyQE+KCkAP0kBKKEEQEgBhwgBAEEoKQBCSAGUGHB31BhwdycpAEVA
319=BI8bAQBGSAGQFHB33xUBAEhUAp0VAVN3OQAmtQ1KVQIiqQFLSAGDDwAATCgpAE0oKQBOSA
320=HNwE9JAe97JwAAUEkB8akBUUgBxQhSSAHdTFNIAXB3TUdUyAFNR1VJAT1YBkkAVkgBbHNZ
321=EFfIAVUCWEgBJ/IOOQDJAVpUAs1zW8gBTQVcKCkAXcgBVw0JADrldgpJAf1ABUkMC0gB0R
322=QMSQH7tQINSAHBGg5IAc3hD0gBzQUQKCkAESgpABIoKQATKCkAFCgpABUoKQAWKCkAFygp
323=ABgoKQAZKCkAGkgByS0bSAHZ7RwoKQAdKCkAHigpAB9IAcHgIEgB2QYhSAHN4SJIASeZDj
324=oomA4nKQAlQAQnmA4n+QQnVQL8oSUoSAHJIikoKQAqKCkAKygpACxJAR1ILkkALUgBWgAA
325=AHl0OoQBSQEvVAKIZHt0OgAgfQIBTOwnKQAyQATVAjNIAdHaNEgBhHZ4dCeRAjZUAohkeX
326=Q6oH16dDoAgH17dDoA2LUYOk0F0KkBO0kB0qkBPEgBzRs9KCkAPigpAD9IAZ8VAABASAGF
327=EwBYdN0VAEzsJykAQyiBAEQoKQBFSAHBfUZIAZwVeHTcFXh03BV4dCehBEpMBcV2S0kBHm
328=AlenQ6ANF3TVQCyRdOKCkAT0gB1XBQSAHJQ1FIAc1dUkgB1URTSQFhvQpUyAFVIlVIAXxt
329=SQFWSQE+XABNBFfIAVUBWMgBVQJZyAFVAlpIAXgGVXBbyAFNflwoKQAKWKPdFQtIAc1zDE
330=gB1QINSAHJTg5IAdUCDygpABAoKQARKCkAEigpABMoKQAUKCkAFSgpABYoKQAXKCkAGCgp
331=ABkoKQAaKCkAG0gBzXMcSAHZJx0oKQAeSAHZ4h9IAckXIEgByd0hSAHVAiJIASdBDjsoQA
332=4nKQAlQAQnQQ47/ZknVALFCCgoKQApKCkAKigpACsoKQAsSAEnQA7QCWByJykAL0AEnApj
333=cjsAJ1Q6SQAxVALNXTIoKQAzKCkANEgBjHNgctAJItArJykAN0AEyW84SAHJbzlJARZIRE
334=kMOigpADsoKQA8SAHNBT1IAdl0PkgBkxQAAD8oKQBAKCkAQSgpAEIoKQBDKCkARCgpAEVI
335=Acl6RkgB2RxHKCkASEgBxXZJSQGsVFsBAAEASkgBJYEsS0gBJVUsTEgBwZNNSAHRFE4oKQ
336=BPSAHVWlBIAcEEUUgB2XRSSAHFSlNIAWByQSRUyAFNaFVIAWRrSQFWSAFgckEEV0gByehY
337=yAFdFFlIASJ4K10rWsgBVQJbSAF4BksBCwA85UoMKCkADSgpAA4oKQAPKCkAEEkBjVAKSQ
338=ARSQGFXABJABJJAYdcAEkAE0gBzRsUKCkAFSgpABZIAcXvF0gB2e0YSAHZBhkoKQAaSAHd
339=gxtIAcEEHEgBzSYdSAHNJh4oKQAfSAHVnCBIAcHgIUgBxQgiSAEn6Q08KOgNJykAJUAEJ+
340=gNJ6EEJ1QCxQgoKCkAKSgpACooKQArKCkALEgBJ+oNPADZSC5UAtlIL0gB2UgwSAHZSDFI
341=AdUNMigpADMoKQA0KCkANSgpADYoKQA3SAHZHDhIAd1tOSgpADooKQA7KCkAPEkB00hEVT
342=k9SAHZBj5IAcFyPygpAEBIAc1zQUgB3RVCSAHNfkNIAcEEREgBwQRFKCkARigpAEcoKQBI
343=SAHNJklJAat4EWlvPCQPLgEAS1UCpbUCTEgBxeRNSAHZ4k5IAdUNTygpAFBJAfd7BgAAUU
344=gBzUdSKCkAU0kBZEQfSQBUyAFZBVVJAT1cAEkAVkgBdHBBBFdIAWhvVXBYyAFNc1lIAWhv
345=VQJayAFXAgwAPf1tDSgpAA4oKQAPKCkAEEkBjFwLSQARSQGDXABJABIoKQATSQGFSAJJAB
346=QoKQAVSAHVcBZIAdEfFygpABgoKQAZKCkAGigpABtIAc1zHEgBJdEgHUgBwSUeKCkAH0gB
347=xWsgSAHVDSEoKQAiSAHVTyNIAdlIJCgpACVIASeQDSd1BCdUAtEJKCgpACkoKQAqKCkAKy
348=gpACxJAR1cIUkALUgBwUYuSAElPTQvSQGlXDdFuDBIASeQDSfhATJUAtFWM0gBzV00SAHd
349=VzVIAcUTNkgBzQU3SAHNGzgoKQA5KCkAOigpADtIAcUePEgB0Qk9SAHBJT5IAdEJPygpAE
350=BIAdkGQUgB2QZCSAHZBkNIAcEEREgBwQRFSAHNXUZIASWlNkdIAcEESEgBzSZJSQGvtSNK
351=SQGnqQFLSQGpqQFMSAFNKwBZJ01IAd1tTkkBHpoCAE9IAclvUEgBwbRRSAHNR1IoKQBTSQ
352=F7uQZUyAFVDFVJAWe1AlbIAVUCV0gBJQU4WEgBZGtVAllIAWhvWwUNAD7law4oKQAPKCkA
353=EEgBJzoNPgAnOA0nKQATQATVAhQoKQAVKCkAFkkBhUgNSQAXKCkAGEkBh0gCSQAZSAHRKh
354=ooKQAbKCkAHCgpAB1IASURKR5IAc1oH0gBxQggKCkAISgpACJIAdk9I0gB1UQkKCkAJUgB
355=0UAmSAHRCScoKQAoKCkAKSgpACooKQArSAElYVQsSAElYVQtSAEnOQ0+/a8vVQKlQDFdQT
356=BIASc4DSctBjJVAttjBAAAM0gBwco0SAHJFzVIAdFsNkgB1QI3KCkAOCgpADkoKQA6KCkA
357=OygpADxIAdEJPUgB0Qk+KCkAPygpAEAoKQBBSAHZBkJIAdkGQ0kB1akXREgBzWhFSAHJWU
358=YoKQBHSAElDSNISAElPSlJSQEgXEJJAEooKQBLSAElPSlMSAGHNAEATSgpAE4oKQBPSAHR
359=KlBIASc6DT4AzRBSVALJAVNIAXhpRc5UyAFFzlVIAXhpVQJWyAFVAldJAT5MG0kAWEgBx9
360=kOAD/taA9IASWFJxBIAd1iESgpABIoKQATKCkAFCgpABUoKQAWKCkAFygpABhJAYZII0kA
361=GUgBnyAAABooKQAbKCkAHCgpAB0oKQAeKCkAHygpACAoKQAhKCkAIkgBJ+EMPyiwJycpAC
362=VABCfgDCcdBCdUAsUTKCgpACkoKQAqKCkAK0gBwaksSAFcGn2kLUgBJ+EMPyjhDD8k8FAi
363=njU/AM08MUwF1Q0yKCkAMygpADRIAdUYNUgBxVU2KCkANygpADgoKQA5KCkAOigpADtIAc
364=FyPCgpAD1IAd0KPigpAD8oKQBAKCkAQUgBxQhCSAHVZUNIAdUYREgB0VZFSAHFVUZIASV9
365=PEdIAc0FSCgpAEkoKQBKKCkAS0gB3StMSAGYBmBn0zUBAE4oVQBPSAHRKlBIAc0QUUgBzR
366=BSKCkAUygpAFQoKQBVSAEi1FJZOFbIAVVlV0gBYGdMaAEPAEAAwcoQSAEnigxAAMkBEihV
367=ABMoKQAUKCkAFSgpABYoKQAXKCkAGCgpABlJAYVMEUkAGkgBxc4bSAGfIAAAHCgpAB0oKQ
368=AeKCkAHygpACAoKQAhKCkAIkgBzbUjSAHBOyQoKQAlSAHNPCZIAcEPJygpACgoKQApKCkA
369=KkgBwcorSAHByixJAaxEKgEAAQAtSAElfSYuKCkAL0gBJdkhMEgB1TkxSAHBDzIoKQAzKC
370=kANEgB1Rg1SAHJWTYoKQA3KCkAOCgpADkoKQA6SAHFgTtIAdUNPCgpAD1IAdVwPkgByQw/
371=KCkAQEgBxQhBSAHFCEJIAdXIQ0gBJW06REgBzVJFKCkARigpAEdIAc0FSCgpAElIASUtJ0
372=pIAckMS0gBJ4kMQLC5aGQnKQBOQASPBQEAT0gB0SpQSAEniQxAKGwZJykAU0AE0RRUKCkA
373=VUgBaGSOy0AAaAFcYgIQAEEAiFhUSQARSAEnMQxB/WITKFUAFCgpABUoKQAWKCkAFygpAB
374=goKQAZKCkAGkgB1cgbSAGMG3FhQbMfAAAdKFUAHigpAB8oKQAgKCkAISgpACIoKQAjKCkA
375=JCgpACUoKQAmKCkAJygpACgoKQApKCkAKkgBxTQrSAHFYCxIAcVgLSgpAC5JAaWpZC9IAU
376=AqYcowSAEl4C0EMQBBAB4AABEAAEYPACAGAAAAADIAQQAiXABIAAMzAEEA//9DAQAANCgp
377=ADVKAdcBlQI2SgEWAokBNygpADgoKQA5KCkAOkkB0bkGO0gB3Qo8KCkAPUgB3Qo+SAHdCj
378=9JAdO5BkBJAdWpAUFIAcUIQkkB9rUCQ0kBepYRAETIAUEDRUkBWbUCRsgBVQJHSQGAtQJI
379=yAFVAklJAfBcAEEDSkgByQxLSQEkSAJJAExJASBcAEkATSgpAE4oKQBPSQEjVANJAFBIAc
380=UTUUkB7b0KUigpAFMoKQBUKCkAVUkB9KwFAhEAQgCQRAlJABJJAYNcAEkAEygpABQoKQAV
381=KCkAFigpABcoKQAYKCkAGUkBiEQJSQAaSQGKXABJABtIAcUeHCgpAB0oKQAeKCkAHygpAC
382=AoKQAhKCkAIigpACMoKQAkKCkAJSgpACYoKQAnKCkAKCgpACkoKQAqSQEdUBVJACtJAatj
383=JQEALEkBoqkBLSgpAC5JAam1Ai9IAY8bAQAwKCkAMSgpADJJAR9QCkkAM0gBjAV5XkLlYD
384=VVAttzCQAANkgB2VM3KCkAOCgpADkoKQA6KCkAO0kB0KUIPCgpAD1IAdEJPkgBwVw/SAHN
385=EEAoKQBBKCkAQkgB0UtDSAF4XkFxRMgBAQMAAEVIAXheVQJGyAFVAkdIAXheVQJIyAFVAk
386=lIAdlTSkkB77EUS0kB8akBTEgB2RFNKCkATigpAE8oKQBQSAHFE1FIAd0KUigpAFMoKQBU
387=SAHMXQISAEMAjFQvSQATSAHNXRQoKQAVKCkAFigpABcoKQAYSAHJWRlIAd0VGigpABsoKQ
388=AcKCkAHSgpAB4oKQAfKCkAICgpACEoKQAiSQGNUBVJACNJAYVcAEkAJCgpACVJAYdIAkkA
389=JkgB2REnKCkAKCgpACkoKQAqSAEngwtDAK9gMGNcQwCnqQEtQATVWi5IAVgLAgAAAQAvSA
390=GIDGFcQ7NWAQAxKFUAMkkBJpIFADNIAcm8NEgBmwYAADUoKQA2SAHNXTdIAd2vOEgBxVU5
391=KCkAOigpADsoKQA8KCkAPUgB1Vo+SQH3dxgAAD9IAd1MQCgpAEEoKQBCSAHNR0NJAWSpF0
392=TIAVEIRUkBPlwAXVdGSQE6SAFVWkdJAXitBUjIAUEDSUgBeF5BA0rIAVUCS0gB1b1MSAHd
393=IE0oKQBOSAHdFU9IAd0VUEgBxRNRKCkAUigpAFNIAdVaE0TRJyoLRADJARUoVQAWKCkAF0
394=kBhkQUSQAYSAHZERkoKQAaKCkAGygpABwoKQAdKCkAHigpAB8oKQAgKCkAISgpACJIAclv
395=I0gB0RQkKCkAJUgBxRMmSAHFEycoKQAoKCkAKSgpACpIAd3mK0kBIEAbSQAsKCkALSgpAC
396=5JAShUA0kAL0gBiAxpWUQoKQtETANLAAEAMkAEQAF5XjNIAdVaNEkBHpgCSllEAMFcNlQC
397=kwkAADcoKQA4SAElrSE5SAHVWjooKQA7KCkAPEgB3Vc9SAHRCT5IAdWcP0kBeaEPQMgBUU
398=tBSAF8r0EDQsgBVQJDSQFgSAJJAETIAVUCRUkBPVwASQBGSQE+XABBBEdIAWhZVVpIyAFN
399=XUlIAWhZVQJKyAFVAktIAScoC88mAABNVALdV05IAdFWTygpAFAoKQBRKCkAUkgB3VcUXM
400=glpSAVKCkAFigpABdIAdGuGEgB1SMZKCkAGkgB3aQbSAHdpBxJAYdMHEkAHUgB2QYeKCkA
401=HygpACBIAcUIIUgBxQgiSAHFVSMoKQAkKCkAJUgBJ9EKRbtIAAAnVALVDSgoKQApKCkAKi
402=gpACsoKQAsKCkALSgpAC5IAcFcL0gBwVwwKCkAMUgB1VoySAGBDwFcr9sRAQA0KFUANUgB
403=JQUiNkgBjAVwVs8FAAA4VALVsjlIAdWyOigpADtIAcVVPEgBxQg9KCkAPkgBJ9IKRQBwVl
404=lIQFQCaAFZSEFIAXBWVQJCyAFVAkNIAXBWVQJEyAFVAkVIAXBWSQFGSAFwVkEER8gBVQJI
405=SQE7SFlVAklJAXRMPUkASsgBQQNLSAHNUkxIAdmrTUgB1QJOKCkATygpAFAoKQBRSAHHVR
406=UARu08FigpABcoKQAYKCkAGSgpABpIAc2fG0gBxUocSAHNRx1IAcUpHigpAB8oKQAgSAHF
407=CCFIAcUIIigpACMoKQAkKCkAJSgpACZIAdVaJ0gB3WIoSAHBDykoKQAqKCkAKygpACwoKQ
408=AtKCkALigpAC8oKQAwKCkAMUkBHUwySQAySQGsTTIAe1NGAKSpATRVAqapATVIASd4Ciep
409=BTdUApgGeFPbBgAAOVQCmwYAADpIAdUYO0gB1ZE8SAHZPT0oKQA+SAHFPz9IAcn+QMgBWR
410=BBSAFkSlFLQsgBUUtDyAFVAkQoKQBFSQE9TAZBBEZIAXgGWRxHyAFBA0hJATxcAFUCSUgB
411=ZK1JAUrIAUEDS0kBW0gCSQBMyAFVAk1JAV1IAkkATsgBVQJPSAHJF1BIAc9SFgBH7VIXKC
412=kAGCgpABkoKQAaSQGMUApJABtIAdlIHEgB2asdSAHFKR5IAcWiH0gBzUcgSAHZBiEoKQAi
413=KCkAIygpACQoKQAlKCkAJigpACcoKQAoSAHJDCkoKQAqKCkAK0gB0VYsSAHRFC0oKQAuKC
414=kALygpADAoKQAxSQEdRB9JADJIASVVNzNIASVVNzRJAaVcLFlTNUgBJyAKJ30FN1QCmAZi
415=UUcAmAZgUScpADpABM1SO0gB2aA8SAFsn0EPPcgBVQw+SQFcSAJJAD9JAV9cAEkAQMgBQQ
416=RBSQE9XABJAEJIASLsKUEEQ0kBcFwASQBEyAFBBEVJAWxIAkkARkkBblwASQBHyAFBBEhI
417=AWBRRVVJSAFgUUkBSsgBVVpLSAFgUVUCTMgBVQJNSAFgUVUCTsgBVQJPSAHXTxcASPVPGC
418=gpABlIAc1HGkgBwUYbSQGGWBJJABxIAck4HSgpAB5IAdlTH0gB2QYgKCkAISgpACIoKQAj
419=KCkAJCgpACUoKQAmKCkAJygpACgoKQApKCkAKigpACtIAd0VLEgB3RUtKCkALigpAC8oKQ
420=AwKCkAMUkBHVgdSQAySAElnTUzSQGnTDJdTDRIASWdNTVIASfICSdRBTdUApgGaU5IKMgJ
421=JykAOkAEk1YAADtIASfJCUjl7z1UAnRPXTY+SAFoTk0PP0gBaE5BO0DIAUEEQUkBPVQDSQ
422=FCSAFoTkEEQ0gBaE5JAUTIAUEERUgBaE5ZBUZIAWhOQQRHyAFBBEjIAVEfScgBTQVKSAHd
423=CktIAcmmTMgBQQRNSAFoTgEEAABOyAEDBQAAGABJ/UwZSAHVRBpIAdVEG0gB0TUcSAHRNR
424=0oKQAeSAElnUsfSAHZBiAoKQAhKCkAIigpACMoKQAkKCkAJSgpACYoKQAnSAElISsoSAHJ
425=DCkoKQAqKCkAK0gB0a4sSAHdFS0oKQAuKCkALygpADAoKQAxSQEdUCtJADJIAYQIYOvAJS
426=LcJycpADVABCUJMzZJAR5MBkkAN0gBJQkzOEgB3Uw5SAGYU2LrSQCYU3JLSQAncwlJAGNY
427=B0kAPUwFaAFdNj5JAT1cAEU/P0gBYDtdQUDIAVUCQUgBZD9NBEJIAXSRRQhDSQFxXABJAE
428=TIAUEERUgByd1GSAFwS11BR8gBXUFIyAFJDEnIAUkMSkgBbFJRCUtJAWhcAEkATMgBXQpN
429=SAFwFFsGGQBKJt1TGkgB3TYbSAEnGQlK6U4dVAKfKwAAHigpAB9IAcFRIEgB2T0hKCkAIi
430=gpACMoKQAkKCkAJSgpACZIAcEPJ0gB1Q0oSAHRVilIAdEUKkgBzUcrSAHNBSwoKQAtKCkA
431=LigpAC8oKQAwKCkAMUkBHVQkSQAySAGQCXhI0B97SEoAIVQDWZU1QASPRwEANkgBj0cBAD
432=dIAdFLOEgBgAR54komfTw6VAKcCnlISigZCUqYSE0xPUAEeEhJOD5IAWhDUTU/SQE9XABN
433=D0DIAVUBQUgBYARVAkLIAVUCQ0gBeEhRCUTIAVEJRUgBJxoJSgDJAUcoVQBISAHRS0nIAV
434=FLSkgBeEhdCktIAXhIXQpMyAFfChoAS+lDG0gB0UAcSQGFWBJJAB0oKQAeKCkAH0gB1UQg
435=KCkAISgpACIoKQAjKCkAJCgpACUoKQAmKCkAJ0kBh1QOSQAoSAHJLSkoKQAqKCkAKygpAC
436=woKQAtKCkALigpAC8oKQAwKCkAMUkBHUgNSQAySAGUDWBGyCJiRksAgwQBADVABF8EAAAC
437=QkZLAJREYUZLXGhfAgEAOEAE2Ug5SAHB4DpIAZwKYUZLKMMISwB7VAZJAD1ABGgBRTQ+SQ
438=FnSAJJAD/IAVUCQEkBPVwAUTVBSAFgRkk4QsgBVQJDSQF1TAZJAETIAVkFRcgBTQVGSAEn
439=wQhL7UdIKFUASSgpAEooKQBLSAElbyQbAEwmtVkcSAHFPx0oKQAeKCkAHygpACAoKQAhKC
440=kAIigpACMoKQAkKCkAJSgpACYoKQAnKCkAKEgB2VMpSAHBRipIAcktKygpACxIASUBJy1I
441=AdkGLkgB2QYvSAHZBjAoKQAxSAElrUIySQEgUCtJADNIASWBQjRJAR1JAgBpQ0ysaGhDJy
442=kAN0AEnQoCSkNMAJ9BAQA5VAKIAWjSzAVpQ0woaQhMiENdNj1MBWhDTTw+SAFoQ1UCP8gB
443=VQJASAHd0EFIAWDVRRJCyAFRQENIAWhDTQVEyAFRz0XIAV2DRkgBJ2kITChoCCcpAEkogQ
444=BKSAHcQQEcAE0AxbgdKCkAHkgByUMfKCkAICgpACFIAdkGIigpACMoKQAkKCkAJSgpACYo
445=KQAnSAHJDCgoKQApSAHFzipIAZcuAAArKCkALEgByZstSAHFCC5IAdkGL0gB2QYwKCkAMS
446=gpADIoKQAzSAGEPyLBa00ofRBNKBAIJykAN0wFnApxQE0oEAjIAXBAzAVzQE0A+lA2STg8
447=WQbyqQE9SAHFND5JAXxUA0kAP8gBTQRASAFovFUCQUgBdERJAULIAUEEQ0gB1URESAF8QU
448=EERcgBQQRGyAFRS0dIAdUNSCgpAElIAcc/HQBOuBwi/SBOJtkhH1QCwTsgSAHF+iFIAZEf
449=AFjnJ9kAIyhVACQoKQAlKCkAJigpACdIASXRIChIAckMKUgByQwqSAHJDCsoKQAsSAEnuQ
450=dOJhlhLlQC2QYvSAHZBjAoKQAxKCkAMigpADNIASe4BwpOACQAAAAAAQA1AE4AEQAAKwqy
451=FAggAAAAAAEANgBOAMkBNygpADhJASNcAwEAAQA5SQEmawEAADpJAR6pATtJASKpATxKAf
452=//jQE9SgH2AYkBPkkBfEQBAQIAAD/IAQEDAABASQFsVAJNBEFJAWdIAUEEQsgBQQRDSQE+
453=VANJAERJAXVABFUCRcgBAQQAAEbIAQEFAABHSQHtQAVNBEhJAfSoAQEeAE8A2REfKCkAIC
454=gpACEoKQAiKCkAIygpACQoKQAlKCkAJigpACcoKQAoKCkAKSgpACooKQArSQGNRBRJACxJ
455=AYNcAEkALUkBhlwASQAuSAHdFS9IAc0FMEkBhVQDSQAxSQGHXABJADJIAc0FM0kBJEgCSQ
456=A0SQEgXABJADUoKQA2KCkAN0kBKFQDSQA4SAGECGA7wSUBQDsnKQA7QQQfQAVJADxIAY8F
457=AAA9SQH6vSs+SQHyqQE/KCkAQEgBzTFBSQFiWAdJAELIAVkFQ0gBYDtVOURJATpIAkU/RU
458=kBckAFSQBGyAFBA0dIAdc5HwBQ9TkgKCkAISgpACIoKQAjKCkAJCgpACVIAdEqJkgB0Son
459=SAHRKihIAdkcKSgpACooKQArSQGMRBRJACxIAScKB1AAJwgHJ5ECL0AEzQUwSAHNBTFIAc
460=0FMkgB1Q0zKCkANCgpADUoKQA2KCkAN0kBHUAQSQA4SAGECGg4wA9oOCcpADtABCcIB9QC
461=aDgnKQA+QASECGxzJ1UAQFQC0XdBSAFoOEU0QsgBXTZDSAF8NkU0REkBO1wAWRFFSAFoOE
462=0FRsgBTwUgAFH9NiFIAcEwIkgBwTAjKCkAJCgpACVIAc0mJigpACcoKQAoSAHdNilIAdUY
463=KigpACtJAZBYEkkALEkBiFwASQAtSAHdCi5IAc0QL0gB1QIwKCkAMUkBikwGSQAySAHJDD
464=MoKQA0KCkANUkB+b0gNkgBzQU3SAEnsAbcIHA1JykAOkAEjwUBADtIASewBsAEcDUnKQA+
465=QASMBXA1J1UAQFQCJ7IGUQBkrV0VQlQCaAFFEkNIAXirVQJEyAFVAkVIAXw2RDQBIQBSAM
466=VVIkgB3SAjKCkAJCgpACUoKQAmKCkAJygpACgoKQApSAHdKypIAdE1K0gB1RgsKCkALUgB
467=zRAuSAHNEC8oKQAwSAHBZzFIAcUIMigpADMoKQA0KCkANUgB2ZU2SQHxRB9dIDdIAcmmOE
468=gByaY5KCkAOigpADtIAYPgAAA8SAHBDz0oKQA+SAHFPz9IAcEEQEgBJ1kGUpgyXWJCVAJ4
469=MlUuQ0gBeDJVAkTIAVQCASIAUwDRHyMoKQAkKCkAJSgpACYoKQAnKCkAKCgpACkoKQAqKC
470=kAK0gBzTEsSAHdFS1IAScABicNAi9UAtkRMEgB0WExSAHZBjJIAdEfM0gB1QI0SAHVAjVI
471=AdUCNkgBySI3SAHNMThIAcEEOSgpADooKQA7SQH3vTY8SQHvqQE9SQHzqQE+SQHwqQE/SA
472=HRCUBIAdUNQUgBydJCKCkAQ0gBz8sjAFT1LiQoKQAlKCkAJigpACcoKQAoKCkAKSgpACoo
473=KQArSAHRVixIAcUTLUgBwZMuSAHBky9IAd0rMEgBzQUxSAHRHzJIAdUYM0gB3SA0SAHVAj
474=VIAdUCNkgB1QI3KCkAOEgBwQQ5KCkAOigpADtIAdkGPEgB0So9SAHZET5IAdEqP0gBwTBA
475=SAElISBBSAHFCEJIAd8rJABV/SslKCkAJigpACcoKQAoKCkAKSgpACooKQArKCkALEgByV
476=ktSAHRFC4oKQAvKCkAMCgpADFIAdGCMkgB3RUzKCkANCgpADVJAXpIhkkANsgBSU03SQFZ
477=SAJJADjIAVUCOUkBXEgCSQA6SQFdXABJADvIAUEEPEgB1Q09SAHNMT5IAdUCPygpAEAoKQ
478=BBSAHEKQElAFYAwUYmKCkAJ0gB2XQoKCkAKSgpACooKQArKCkALEgB2VMtSAEn+QRW4fYv
479=KFUAMCgpADEoKQAySAHdQTNIAdFANEgBwRo1SAF4J1WcNsgBVZw3SAF4J1UCOMgBVQI5SA
480=F4J0ElOkgBeCdBBDvIAUEEPEkBW0QqSQA9yAFNBT5JAVpIAkkAP8gBVQJASAHPJiYAV+Ea
481=J0gB1ZwoSAHNJikoKQAqKCkAKygpACxIASegBCcxAS5UAs0mLygpADAoKQAxSAEn8g5XAN
482=lpM1QC2QY0SAHZJzVJAWJIGEkANsgBVRg3SQE8XABdIDhJAT1IAUEEOcgBVQE6SAFgJQEE
483=AAA7yQEFYtVXAGAlWQY9VAJoAVknPkgBYCVVAj/IAVQCAScAWADVkShIASdJBFjldiooVQ
484=ArKCkALEgBJ0kEWP0rLlQCzRsvKCkAMEkB+1AVSRcxSAHJQzIoKQAzSAHRYTRIAcEENUgB
485=aCJdFTbIAV0VN0gBIvgwUQk4SAFoIkEEOcgBQQQ6SAEiZCNBBDvIAU0PPMgBTQU9yAFNBT
486=5IAd8rKABZ/SApSAHRbCooKQArKCkALEgBzbUtSAHNPC5IAdUYL0gB3dswSAHJIjFIAdk9
487=MkgB2RwzKCkANCgpADVJAWNIGEkANsgBVRg3SAFwH1UYOEgBaBdBBDnIAUEEOkgBcB9BBD
488=vIAVkcPEgBeAZNBT3IAU8FKQBa/TYqKCkAKygpACxIAc0bLUgB3RUuKCkAL0gBzX4wSAHZ
489=wTFIAc0FMigpADMoKQA0KCkANUgBeBxdFTbIAV0VN0gBdBhdFTjIAV0VOcgBVQI6yAFVAj
490=tIAXBASQE8SAF4HFEJKlxf1S4rKCkALEgBwTAtSAHJFy5IAc1zL0gB2QYwKCkAMUgB2QYy
491=SAF8mU0QM8gBQQ80SAFkl1UCNUkBX1wASQA2yAFBBDdIAXA1SQE4SAFwFEEEOcgBVQI6SA
492=FkHlEfO0gBYBpLASsAXOU0LEkB/EAFWQYtSAHRFC5IAdUCL0gB1QIwKCkAMUgBJ+oCXABo
493=F1UjM1QCaAFJDDRIAWgXSQs1SAFoF0EENsgBQQQ3SAFoF0kBOEgBaBdBBDnIAVUCOkgBaB
494=dHCCwAXf0VLSgpAC4oKQAvKCkAMCgpADFIASeSAl0AbH5ZHDNUAmgBXQo0SAFoDFUNNUgB
495=eBFNEDbIAU0FN8gBTQU4SAEibDpVAjnIAVQCAS0AXgDJkC5IASeaDl4AyQEwKFUAMUgBJ/
496=0KXpgRVQ0zVAJ4EU0QNEgBaAxdCjXIAVUNNkgBxRM3yAFNBThIAWwFRAgBLgBfACXZIS9I
497=AckMMEgBbDFFCDHIAV0KMkkBYEgCSQAzyAFVAjRIAXAJXQo1SAFoIkEENkgBYA9JATfIAU
498=8FLwBg9Q0wSAFoDE0QMcgBRQgySAFoDFUCM8gBVQI0SAFwCUkBNUgBaAxBBDZIAXQCSAEC
499=MABhAGRIDUkAMcgBVQ0ySAHBBDPIAUUINMgBWQY1SAFsR5oGYgB0GFUCMlQraAxVAjPIAV
500=EJNMgBVAICMgBjAG1cAEgACDMAYwBtAAAAAQAAEQAA

[Lighting]
Red=0.710000
Blue=1.190000
Green=0.810000
Level=0.032000
Ground=0.000000
IonRed=0.710000
Ambient=0.750000
IonBlue=1.190000
IonGreen=0.810000
IonLevel=0.032000
IonGround=0.000000
IonAmbient=0.750000

[Map]
Size=0,0,50,50
Theater=TEMPERATE
LocalSize=2,4,46,44

[Neutral]
IQ=0
Edge=North
Color=Grey
Allies=Neutral
Country=Neutral
Credits=0
NodeCount=0
TechLevel=1
PercentBuilt=0
PlayerControl=no

[Nod]
IQ=0
Edge=North
Color=Gold
Allies=Nod
Country=Nod
Credits=0
NodeCount=0
TechLevel=1
PercentBuilt=0
PlayerControl=no

[OverlayDataPack]
1=BQAAIP4AIACAFQAAIP4jGAD+DQAB/vMBAP4NAAL+0AUAgF0AACD+HAgAggEC/xcKHgaDBA
2=cE//0BOBCDBwsH/wICOBCBBP4FAAf/3AE3EtscEIEI/gUAC//cATcU2BwYhAQHCAr//AE7
3=GIEH/gUAC4IKCP/4AT8WAgAB/YEG/sIBAICnAAAg/hwAAIIBAv4ZAACEBAcHBv7hAQDYHA
4=D+5QEA/w0CHAKDBAcE//0BLASDBwsH//0DLAT+IwAADBX/zQErCsgcDOJMDIMHCwv/zQEr
5=CMgcDoEI4U0OAgCBCP/WAVAOggYK4SgQggQH/gMACP/VASoKA9rjTg7iJxD/2wF0Ev/QAU
6=wO6h8S/9MBSQz+CAAA5ScY/tcBAAQAgQr/4gE6AP/qATIQ/goAAIAhAAAg/iYAAIQHCwsH
7=/vwBAIQEBwcE/gcaAP8AAiYC/88BJgCANgAAIP4xAACEBwsLCP78AQCGBAgKCggE/vwBAI
8=QICwsH/vwBAAYC//0BNgSDBAcH//0BNgL+zRUAgAUAACD+ACAAgAUAACD+ACAAgAUAACD+
9=ACAAgAUAACD+ACAAgAUAACD+ACAAgAUAACD+ACAAgAUAACD+ACAAgAUAACD+ACAAgAUAAC
10=D+ACAAgAUAACD+ACAAgAUAACD+ACAAgAUAACD+ACAAgAUAACD+ACAAgAUAACD+ACAAgAUA
11=ACD+ACAAgAUAACD+ACAAgAUAACD+ACAAgAUAACD+ACAAgAUAACD+ACAAgAUAACD+ACAAgA
12=UAACD+ACAAgAUAACD+ACAAgAUAACD+ACAAgAUAACD+ACAAgAUAACD+ACAAgAUAACD+ACAA
13=gA==

[OverlayPack]
1=BQAAIP4AIP+AHAAAIP4jFv+N4c7PztDO0NDOzs3P3//zBTAU/t0D/4BiAAAg/hsI//4DAO
2=P+/QH//gMA1/79Af/+AwDZ//0DHgr+AwDY/xcCHgj+AwAe/uMB//4DANb//QEeEtcbECIA
3=/gcAcP/5AUEM/+EBOhbXGxRh/f/5AT4W/+QBNxrZGxD/yQE6HICFAAAg/hsA//4DANn+GQ
4=D//gQAcP7gAf/ZGwD+5AH//w4CGwL+AwAe/u8B//4DANb//QEeBv4DANj//QEeCP4DANf+
5=LgD//88BNwDJGwziTAz/zwFMDMkbCP/0AScO/gMA5clEEOMqEP/WATgA5k4S/9cFTxL/5Q
6=E2AP9EAAsY/9sBTxr+1gH/gBsAACD+JgD//gQAcP78Af//AAImAP4LGP//zwMmAIAfAAAg
7=/jEA//4EAHD+/AH//gYAcP8AAjUA//wFNwL+zRX/gAUAACD+ACD/gAUAACD+ACD/gAUAAC
8=D+ACD/gAUAACD+ACD/gAUAACD+ACD/gAUAACD+ACD/gAUAACD+ACD/gAUAACD+ACD/gAUA
9=ACD+ACD/gAUAACD+ACD/gAUAACD+ACD/gAUAACD+ACD/gAUAACD+ACD/gAUAACD+ACD/gA
10=UAACD+ACD/gAUAACD+ACD/gAUAACD+ACD/gAUAACD+ACD/gAUAACD+ACD/gAUAACD+ACD/
11=gAUAACD+ACD/gAUAACD+ACD/gAUAACD+ACD/gAUAACD+ACD/gAUAACD+ACD/gAUAACD+AC
12=D/gA==

[Russians]
IQ=0
Edge=North
Color=DarkRed
Allies=Russians
Country=Russians
Credits=0
NodeCount=0
TechLevel=1
PercentBuilt=0
PlayerControl=no

[Smudge]
0=BURNT01,50,71,0
1=BURNT08,54,77,0
2=BURNT12,45,63,0
3=BURNT05,58,51,0
4=BURNT02,70,56,0
5=CRATER11,64,56,0
6=BURNT09,57,57,0
7=BURNT04,52,70,0
8=BURNT08,63,58,0
9=CRATER09,66,68,0
10=CRATER10,75,68,0
11=BURNT12,59,74,0
12=BURNT08,58,61,0
13=BURNT01,51,60,0
14=BURNT03,53,55,0

[Special]
IQ=0
Edge=North
Color=Grey
Allies=Special
Country=Special
Credits=0
NodeCount=0
TechLevel=1
PercentBuilt=0
PlayerControl=no

[SpecialFlags]
Inert=no
FogOfWar=no
IonStorms=no
MCVDeploy=no
Meteorites=no
Visceroids=yes
FixedAlliance=no
TiberiumGrows=yes
InitialVeteran=no
HarvesterImmune=no
TiberiumSpreads=yes
TiberiumExplosive=no
DestroyableBridges=yes

[Structures]
0=Neutral,CAOILD,256,35,56,64,01000003,1,0,1,0,0,None,None,None,0,0
1=Neutral,CAOILD,256,35,62,64,01000003,1,0,1,0,0,None,None,None,0,0
2=Neutral,CAOILD,256,55,38,64,01000005,1,0,1,0,0,None,None,None,0,0
3=Neutral,CAOILD,256,60,38,64,01000005,1,0,1,0,0,None,None,None,0,0
4=Neutral,CAAIRP,12,59,64,64,None,1,0,1,0,0,None,None,None,0,0
5=Neutral,CASLAB,256,55,60,64,None,1,0,1,0,0,None,None,None,0,0
6=Neutral,CAPOWR,205,55,65,64,None,1,0,1,0,0,None,None,None,0,1
7=Neutral,CAPOWR,52,60,60,64,None,1,0,1,0,0,None,None,None,0,0
8=Neutral,YAPPET,256,57,69,64,None,1,1,1,0,1,None,None,None,1,1
9=Neutral,GAWEAT,256,65,64,64,None,1,1,1,0,1,None,None,None,1,1
10=Neutral,CAMACH,256,34,34,64,None,1,0,1,0,0,None,None,None,0,0
11=Neutral,YAPOWR,256,51,65,64,None,1,0,1,0,0,None,None,None,0,1
12=Neutral,TEMMORLAMP,256,56,73,64,None,1,0,1,0,0,None,None,None,0,0
13=Neutral,YAPOWR,256,51,63,64,None,1,0,1,0,0,None,None,None,0,1
14=Neutral,YAPOWR,256,51,61,64,None,1,0,1,0,0,None,None,None,0,1
15=Neutral,YAPOWR,256,56,57,64,None,1,0,1,0,0,None,None,None,0,1
16=Neutral,YAPOWR,256,53,57,64,None,1,0,1,0,0,None,None,None,0,1
17=Neutral,YAPOWR,256,63,65,64,None,1,0,1,0,0,None,None,None,0,1
18=Neutral,TEMMORLAMP,256,68,62,64,None,1,0,1,0,0,None,None,None,0,0
19=Neutral,TEMMORLAMP,256,53,59,64,None,1,0,1,0,0,None,None,None,0,0
20=Neutral,INGALITE,256,37,37,64,None,1,0,1,0,0,None,None,None,0,0
21=Neutral,CAAIRP,256,30,30,64,None,1,0,1,0,0,None,None,None,0,0
22=Neutral,CABHUT,256,48,26,64,None,1,0,1,0,0,None,None,None,0,0
23=Neutral,CABHUT,256,26,58,64,None,1,0,1,0,0,None,None,None,0,0
24=Neutral,NAPSYB,256,54,71,64,None,1,0,1,0,0,None,None,None,0,0
25=Neutral,NAPSYB,256,64,61,64,None,1,0,1,0,0,None,None,None,0,0
26=Neutral,YATECH,256,50,58,64,None,1,0,1,0,0,None,None,None,1,0
27=Neutral,YAGGUN,256,69,64,64,None,1,0,1,0,0,None,None,None,0,0
28=Neutral,YAGGUN,256,59,58,64,None,1,0,1,0,0,None,None,None,0,0
29=Neutral,YAGGUN,256,49,60,64,None,1,0,1,0,0,None,None,None,0,0
30=Neutral,YAGGUN,256,53,72,64,None,1,0,1,0,0,None,None,None,0,0
31=Neutral,YAGGUN,256,58,63,64,None,1,0,1,0,0,None,None,None,0,0
32=Neutral,YAGGUN,256,58,64,64,None,1,0,1,0,0,None,None,None,0,0
33=Neutral,CABUNK02,256,33,28,64,None,1,0,1,0,0,None,None,None,0,0
34=Neutral,CABUNK01,256,28,34,64,None,1,0,1,0,0,None,None,None,0,0
35=Neutral,CASYDN02,256,71,75,64,None,1,0,1,0,0,None,None,None,0,0
36=Neutral,TEMDAYLAMP,256,7,55,64,None,1,0,1,0,0,None,None,None,0,0
37=Neutral,TEMDAYLAMP,256,55,8,64,None,1,0,1,0,0,None,None,None,0,0
38=Neutral,TEMMORLAMP,256,74,45,64,None,1,0,1,0,0,None,None,None,0,0
39=Neutral,TEMMORLAMP,256,39,74,64,None,1,0,1,0,0,None,None,None,0,0
40=Neutral,YAPSYT,256,33,33,64,None,1,0,1,0,0,None,None,None,0,0
43=Neutral,YAGGUN,256,29,29,64,None,1,0,1,0,0,None,None,None,0,0
44=Neutral,YAGNTC,256,54,67,64,None,1,0,1,0,0,None,None,None,0,0

[Tags]
01000001=0,Weather Sounds 1,01000000
01000003=0,Ownership A 1,01000002
01000005=0,Ownership B 1,01000004
01000007=0,Enemies 1,01000006

[Terrain]
8055=TREE25
8056=TREE25
9055=TREE27
10055=TREE25
12054=TREE27
12055=TREE26
15054=TREE27
16051=TREE25
16054=TREE25
17051=TREE26
17054=TREE27
18051=TREE27
19050=TREE26
20049=TREE26
21050=TREE26
29050=TREE26
29051=TREE26
29052=TREE25
30049=TREE27
31049=TREE27
32050=TREE26
32051=TREE26
33051=TREE26
42090=TREE26
44088=TREE27
45059=TIBTRE01
45087=TREE25
46087=TREE27
46088=TREE25
48019=TREE26
49018=TREE26
49020=TREE27
49087=TREE26
50069=TREE26
50071=TREE27
51021=TREE25
51067=TREE27
51072=TREE26
51086=TREE25
52015=TREE26
52016=TREE27
52017=TREE27
52020=TREE25
52066=TREE25
52070=TREE26
52072=TREE25
52085=TREE27
53037=TREE27
53038=TREE26
53039=TREE27
53050=TREE26
53051=TREE25
53053=TREE25
53056=TREE26
53060=TREE27
53067=TREE26
53068=TREE26
53069=TREE26
53072=TREE27
53084=TREE26
54013=TREE27
54025=TREE25
54036=TREE27
54040=TREE26
54048=TREE26
54054=TREE27
54062=TREE26
54063=TREE25
54064=TREE25
54065=TREE25
54066=TREE25
54068=TREE25
54069=TREE26
54083=TREE26
55025=TREE27
55044=TREE27
55047=TREE27
55048=TREE26
55059=TREE25
55061=TREE27
55063=TREE25
55072=TREE27
55075=TREE27
55081=TREE27
56025=TREE27
56053=TREE27
56067=TREE25
56068=TREE27
56071=TREE27
56081=TREE27
57025=TREE26
57047=TREE27
57049=TREE27
57050=TREE27
57052=TREE26
57066=TREE27
57067=TREE26
57068=TREE25
57072=TREE27
58033=TREE25
58049=TREE25
58052=TREE27
58070=TREE25
58072=TREE26
58074=TREE25
59033=TREE25
59034=TREE25
59035=TREE27
59047=TREE27
59071=TREE25
59075=TREE27
59076=TREE25
60040=TIBTRE01
61073=TREE27
61078=TREE25
62046=TREE26
62047=TREE27
62073=TREE25
62076=TREE25
62077=TREE26
62078=TREE26
62082=TREE25
63045=TREE25
63082=TREE25
64048=TREE27
64079=TREE26
64082=TREE27
65045=TREE25
65077=TREE27
65078=TREE26
65082=TREE27
66083=TREE25
66084=TREE26
67044=TREE27
67045=TREE27
67048=TREE26
67049=TREE26
68047=TREE25
68048=TREE27
68050=TREE25
69047=TREE26
69051=TREE26
70047=TREE27
70052=TREE25
71044=TREE27
71046=TREE26
71050=TREE26
72046=TREE25
72047=TREE25
72048=TREE25
72050=TREE27
73051=TREE27
73052=TREE25
74054=TREE26
74055=TREE25
77055=TREE25
79056=TREE26
81056=TREE26
81057=TREE27
81058=TREE26
83064=TREE25
83065=TREE26
84064=TREE25
84065=TREE27
85063=TREE26
86063=TREE25
89052=TREE27
92050=TREE27

[Triggers]
01000000=,<none>,Weather Sounds,0,1,1,1,0
01000002=Neutral,<none>,Ownership A,0,1,1,1,0
01000004=Neutral,<none>,Ownership B,0,1,1,1,0
01000006=,<none>,Enemies,0,1,1,1,0

[Waypoints]
0=81046
1=45075
50=44031
51=34042

[YuriCountry]
IQ=0
Edge=North
Color=DarkRed
Allies=YuriCountry
Country=YuriCountry
Credits=0
NodeCount=0
TechLevel=1
PercentBuilt=0
PlayerControl=no



[Digest]
1=LAEQavvhXgswYanZz7KTzge5SCY=

