; Map created with FinalAlert 2(tm) Mission Editor
; Get it at http://www.westwood.com
; note that all comments were truncated

[Header]
Width=60
Height=61
StartX=226
StartY=37
Waypoint1=271,41
Waypoint2=260,89
Waypoint3=230,41
Waypoint4=228,92
Waypoint5=0,0
Waypoint6=0,0
Waypoint7=0,0
Waypoint8=0,0
NumberStartingPoints=4


[Preview]
Size=0,0,130,65

[PreviewPack]
1=NBAAIAiiqFCiqFCjp1Cjp2IBoqhgASBRLQAUgAC/DkFDWEgAMiwAAVlCRFm8AgPcxpTjw4
2=WsAQOcpFGWnEasAQNxUi53ZDSsASA/LAMDp6xVsa9VICSsAagVVABIAEAKSABAAUgAQAFI
3=AEABSABAAUgAQAFIAEABSABAAUgAQAFIAEABSABAAUgAQAFIAEMBb1gwQAFIAEwBSABAAU
4=gAQAFIAEABSABAAUgAQAGYL3AADOK8dXmBX1ZfXU9WW0JFWUAxSABYLlYAQUN8L4EBWEgD
5=SAAJhYVn27+J4MKH5L95UweMlEFIAAOIkj++f0RMCkgAUAtIAEABSABAAUgAQAFIAEABSA
6=BAAUgAQAFIAEABSABAAUgAQAFIAEABSABAAUgAQAFIAEABSABAAWgACKhQoZ9Nm55PmaRR
7=UAJIAHACIFwMCzwPAn9hNkAESAAznAIDs6tZ57tuTCgJ4bx4d4RmUlpdUFhcSC1QLEgAoA
8=FUAEsAQkValQBZXAJIAFIyQURsAQmblWjau33bvH7kv3hcCAmNmD+olUymdkRxdDhQDkgA
9=M9wBICFcAAOeoEmjn0wgIRwBWBNQCKgAJywAQAFIACdQACAhLAAGj5dEh5E8aVszNkwBSC
10=cJ47130rN4a3plQURXRCyoACjMBZQtsAJUAChcAHBlCllAQlhKT1p5h2LhwINICUgACbyw
11=XHlWL2NYM3R0OCAh/AJYFlAISABAAUgAQAFIAAinqlmnmkmnnkmnqCBzLwz6+gCrAJSbRq
12=ABKhYAhmkrXAwMvq5g5b10xq1zyK50eYFgRCyoACqcBaQCtABcAqgAnWJZrGFIAwlHS1lb
13=Z16Zm2vhwYRXMOa+c0MxnG89UCZIAFAmSABAAUgAQAFIAEABSABAAUgAQAFIAEABSABAAU
14=gAQAFIAEABSABAAUgAQAFIAEABSABAAUgAQAEInaRLp6VQoJ1QmKR46FACSABcAkgAQAFI
15=AEABSABAAUgAQAFIAEABSABAAUgAQAFIAEABSABAAagAJywAQAFIACdQACAJLABbLoSOOS
16=rMBTYsACqMEgzXtWjVtXPjvXbPs3pXYl1QLFQqJwgAWAFIAIwucPVtAURQxWgA8MUKWEhN
17=WXJ9Y3F6Y9y7e0gwqAADn6FUpIBFQMRY9CASLANIBkAfSABAAUgAQAFIAEABSABAAUgAQA
18=FIAEABA6ugUKerVKwBWAFAAUgAQAFIAEABSABAAUgAQAFIAEABSABAAUgAQAFIAEABSABA
19=AUgAQAFIAEABSABAAUgAQAFIAEABSABAAUgAQAFIAEABSABAAUgAQAFIAEABSABDAYGLNz
20=bYBTNeAHZebJQnXBgGvq99d4ZnVmBdqDBALkgA6C188owBKfwFmDFQAgZHTFnBqnHauXlY
21=akgwUBFIAFwRSAADfFozgW03QMRMAVACSABAAUgAQAFIAEABSABAAUgAQAFIAEABSABAAU
22=gAQAFIAEABSABAAUgAQAFIAEABSABAAWgACKpRp5FGqZZIpahSUAJIAHACIBeMHrgHVABI
23=ACAVHAFAYTOoBT9TAJqjSUgnqAAGzbZ7cX1kWWReaI1wLNxfWDFEAljxTC5IACcsAPwCew
24=R3eV1A9EvD575xVAlAGUgATBlY9EABSABMAUgAQAFIAEABSABAAUgAQAFIAEABSABAAUgA
25=QAFIAEABSABDAf8AAKgATAFIAFACSABAAUgAQAEDsKFSpJ5JrAFYAUABSABAAUgAQAFIAE
26=ABSABAAUgAQAFIAEABSABAAUgAQAFIAEABSABAAUgAQAFIAEABSABAAUgAQAFIAEABSACk
27=EbQAUAJIAFACSwCdpU8/qAU2gAAJeXs9n4VDn3A9nWo2SCeoAAZxg2lDR1lHRlNwYpzydi
28=1DWPwvbC4tLABA9EjDA2NvX8KqdbAItAAGqZRPf249b2U5XBRAFkgAQAFIAEABSABAAUgA
29=QAFIAEABSABAAUgAQAFIAEMBnp9MvB0qFABcAkgAQARIAAmepFCyk0Oun02gqE5QAkgAUA
30=JIAEABSABAAUgAQAFIAEABSABAAUgAQAFIAEABSABAAUgAQAGoACcsAEABSAAnUACsASoY
31=AqwBvAJYBEABSAA2nAU2XAAJenY4dG49omw3nnRApCa3ANS2dUiTQDGgXij8BSIQN9ySVD
32=MnXAyMAd8yW2deSMMD4cCB5cJ/QPSsEwmrdUFqUziIajd+ezdcFFACSABAAUgAQAFIAEAB
33=SABAAQAGppFCuow/o5tJo6ZWp5ZLt4s9r5VJtYlAvB1UAAAIpaBLuIw+v5RGrZxIo55OtI
34=1Cu45Cq5lJqaZ4kVAISABcCEgAQAFIAEABSABAAUgAQAFIAEABSABAAUgAQAFIAEABSABA
35=AUgAQAFIAEABSABAAUgAQAFIAEABSABAAUgAQAFEEUgArAFYAUABSABAAUgAQAFIADbMBS
36=pcAAh3dTuvkUqqcjqGaSv8BbQwVwDUt39AxANzfmNQWF1sXlVgRSJcMGAueJRsMXQzTAGE
37=ZUwECURJWLyoc926eOS/fEQIJzwCQAFIAEMTxYU9IUA9rAFYAUABSABAAQ+hpk2npU2qkE
38=G4jD26jECwmUe8AgKum0uyn9yMA6ukVaaeS7wCA6mdTZ6kTawBC6abTLaXR66TQ6OcTZug
39=Ny8Mj5dEux+HkTwqLABQCEgATBBIAEABqAAnLABAAUgAJ1AAIBIsALAOMBQAJ00BbyxMPV
40=wmKgkAeOMAcX5lzDEivDYsXR5E/DIKQ1lQV15zemKYnXDeviKYKksJvLBcJ6wBvBcGp55S
41=s4VAf10yXAIDmohJnqBNXwKnqllYAUABA5+bTLyWRawBWAFAAUgAQAFIAEABSABAAUgAQA
42=FIAEABSABAAUgAQAEDoZZHoqNPrAFYAUABSABAAUgAP68ckJY+UAVIAFAFSABAAUgAQAFI
43=AEABSABAAUgAQAFIAEABSABAAUgAQAFIAEABSABAAUgAQAFIAEABSABAAUgAQAFIAFQwA4
44=6WP4+VPUABSAAnXABAAUgAQAQt7DBUJ7wCSAP8MAF40LR9KSwGIoAwrJFMYQxKUVh6iWl3
45=gGV5gmbTt35YB6gAUAhIAFAISABAAUgAQAFIAAADpKJYpopEr5xMoIFIsrFZt7hVubhWXA
46=JABEgAQAFIAEABSABAAUgAQAFIAEABSABAAUgAQAFIAEABSABAAUgACJ2mV66SRK6XQ5mh
47=KywMP/wFQCInCgCepmBtTApIAEwKVABIAEABSABAAUgAQAFIAEABSABAAUgAQAFIAEABSA
48=BAAUgAQAFIAEABSABAAUgAQAFIAEABSABAAUgAQAFIAEABSABAAUgAQAFIAEMBhGI1QAED
49=jIpAkHM7WAFMAUgAQAGoKrQArzFxfWQhQDEPaVlUVFlc17mA47542r2F1rmArAS0AKwHWA
50=dAAUgAQAFIAEABSABAAQOuoU2yo1K8L0gwBKakUYyHSZVQvCAXbClMCgGjnUejmJFuAadQ
51=IAz8BaAxrBNYB0ABA7q4Vq2tU6wBWAFAAUgAQAFIAEABSABAAUuoqJ9MrAECpZxPm53MAU
52=gDUAJIAEABSABAAUgAQAFIAEABSABAAQKgpkyhpjeMOQt9Wy+GjD+Lk0WNkkSLlijPO4iS
53=P7grVAADz7N6gYVjQAFKAOLC0I9MAagASAxADUgAQAFIAEABSABAAUgAQAFIAEABSABAAV
54=wvCK2lUpBuOX1lOZWAcL+8AkgDQAFIAEABSABAAUgAQAFIAEABSABAAUgAQAFIAEABaAAI
55=qlG3lkqqolKtrlVTAp2lTyAM0zSKkDpAYVwITAeoACcsAEABSAAnUACsAUioA6qoV6SdS0
56=DZD7OcR6WaS8GQQLGOQbKQRqCWR6wEAqGZSJyUJWxZA6OfUpufTr8CpppNIbAhCaKUSKKc
57=S6WWRp6WSrwCAqOaSqGbbAcABZ6gToWLPnyEOoh4PYeSPIuUQYiTQJmiKIwPvCwqFAACjJ
58=U/kJfQ+0gVQApIAEABSABAAUgAQAFIAEABSABAAUgAQAFIAEABSABAAQOTk0WThUUgIXw9
59=AaeWSJ4pvzCAiDFLAIKIMLxcNhQAA32IL42WPEgAUBFIAFwRSABAAUgAQAFIAEABSABAAU
60=gAQAFIAEABSABAAUgAQAFIAEABSABAAQAEuZBAt4pAsp9QtpNHroo+t45AsKNQoExDAByZ
61=SK2bSqulTLOhTLeIPraSQ6ijU6ukVbWTQrKKQLqaS8CbTr6ZRq6XRJ+iT5mibHALkpo8fW
62=U0dlcsxK5MoKc0rFJAMbwOWM1AAUgATBBIAEABSABAAUgAQAFIAEABSABAAUgAQAFIAEAB
63=SABAAUgAQAFIAEABSwB8WjMgGNxPBqCoU62WR7CmUUgYQAqsYTkIBkA0OfwFRAhcEVQASA
64=BAAUgAQAFIAEABSABAAUgAQAFIAEABSABAAUgAQAFIAEABSAAFrJA/nKJLnaYi7CFQAkgA
65=UAJIAEABSABAAUgAQAFIAEABSgCmpWhdQgGhpiLgJydfAGZZL6wBKqxJWARQAkgAQAFIAE
66=ABSABAAUgAQAFIAEABSAAGl5VSe4NKjo5JTAFQAkgAQAFIAEABSABAAUgAQAFIAEABSABA
67=AUgAQAEn3E+4AVQASABcAkgAQAFIAEABSABAAUgAQAFIAEABSABAAQKjlUmcoXjrbAECp1
68=CPl0FLAHuEMbRgWC4nUAY5/AWsB0AKSAAgGCwABaesVrCiTquhIvAyIBscATDsACSsSTBc
69=AEgVBaGnUaadSp+bfJsAApaNS3VwQ3RyR3Z2TYGATISCSpaTbJ1AB0gAUAVIAEABSABAAU
70=gAQAFIAEABSwCfoVQtPGKoA1QASABABEgAJyAArAEoOAAFqU+0jD+xkUMt7DxAMUgATDFI
71=MEAxJKwoP/wRuApUAEgAQA1IAEABSABAAUgAQAFIAEABSABAAUgAQAFIAEABSABAAUgAA6
72=2QRqKiT1ARTAFQAkgAQAFIAEMBlJtGIaxVP8wyUAVIAFwFSABAAUgAKnxDUAJIAFACSABA
73=AUgAQAEAEa6eUKyUQqiRQqCfSHd2THd1Q3V1RHN1SXV7S4WDR4OESZOPIAdfDHlWLyFZN3
74=cpnHSoDLQATA1IAE8Bnp9MQtyhpihceAKmlEGjmnh5QARIAEwESABAAUgAUC8nLABAAUgA
75=UAJIAEABSABAAUgAQAFIAEABSABAASADjCQDnJ1Knp1IXAVQEQa1iUC1hTqhoEpMBwSpm0
76=mskEKoKTwdTARcArRySDCgATAUAEwESABQBUgAQAFIAEABSAAqfENQAkgAUAJIAEABSABA
77=AUgAABSPkFNseEt/g0i1k0WrmUmxlkippFWCgUt4eUZ8eUmEf0x5fEqMiCisEEAHSABAB0
78=gAQAFIAEABSABAAUgAQQG+NZx0TaanJn09ryNPQ7SSQ0DcCp6WSqWXS7OTQq2VRKhA9AAb
79=n02wkkOulEShmkalpFSxjkOyiD2al0mpmEm5lUa+lkeemE2onEq2iT68jEGtL6wEAqKoUK
80=KoEQAA4hEAIAZQo6dQoqhQoqhgATYsAAANmZtOspVEsp9Jqp9Ls49BtJJDpp5LqKFJuoo/
81=sJhKoinvAPr6ACAJCABAB0gAUA5IAAl6djh0bj2ibDeedEBQAkgAUAJIAEABSABAAUgAAB
82=WLh0xmZ0VmakpobU5wdExyd0uHiUizk0OslEKokUKgn0iPilSNhEknvABAAUgAQAdIAEAB
83=SABAAUgAQAFIAEABSAAJp55Spp5OnG89dHQ4UAJIAFACSwCnqlmvAZ+bTEAfrwGrpFVAH6
84=wBA7anUaukTKwBA6GhUJugU6wBAq+cS7Cd3AIDn6VNp6VNvAILqJxLuI5BrZdHoaVMnaZw
85=ArwCTA1AAUgAQAFIAEABSABAAUgAQAFIAEABSAAJoKhSqaJTs5hKqaNPUAJIAFACSABAAU
86=gAQAFIAEABBp2lT4GLN4SOOSADFwZ9iC9IBkAHSAAId3U7r5FKqnI6hmk3/AVQBUgAUAUA
87=EmhrS2dsRGdsRmVsS2ZwS3N4R3F3SYWGSrWTRauZSbGWSKmkVVgEUQV44ABMAUgAUAJIAE
88=ABSABAAUgAQAFIAEABSAAGVEEqgW03cXQ4TAFQAkgAQAFIAEABSABAAUgAQAFIAEABSABA
89=AUgAQAFIAEABSABAAUgAQAFIAEABSABAAUgAQAFIAAmboVSqiT+slEempFBQAkgAUAJIAE
90=ABqAAnLABAAUgAJ1AALSwACaWjUJ2lV5yeTauXRjaPAI+XQUsAe4QxIAMgBgaepkthWDOZ
91=ejxTX59wPTZMATNcAA9ydkppcEhvcUp2d01pcUp7fUtYBEAWXGIJpphHpKNNmptLoKZN/D
92=B8AEAESABMBEgAQAFIAEABSABAAUgAQwGmdkRAAUgATAFIAG4GeHhAAUgAUAJIAEABSABA
93=AUgAQAFIAEABSABAAUgAQAFIAEABSABAAUgAQAFIAAGim0uzVGMBqVKsnHCGKF0AqHgxQA
94=RIAFACSABAAUgAQAFIAEABSABAAUgAQAFIAEABSABAAUgACKSmTayjULekTqKjcG4nXABA
95=AUgAQARIAEAxSAA8LAYDdWU2mXpEcl9sN0AHSABAB0gAQAFIAEABSABAAUgAQAFIAEABSA
96=BAAUgAQAFIAEABAYODVID8L1gBUAJIAEABA5qhT6iqVawBWAFAAUgAQAFIAEABSABAAUgA
97=QAFIAEABSAAJqZRPpIBFvn9Ed2Q0KvwFKiwAUAVIAFAFSABAAUgAQAFIAEABSABAAUgAQA
98=EDoaJUnJ9NTAEJoaVRpaRMqKJOoaJSXAJIAFACSABAAUgAQAFIAEABqAAnLABAAUgAJ1AA
99=OSwAB6SlUaioWK2mVp+QwkgGUAVIAEABSABAAUgANjgMA3l7PZ+FQ1BfSJBQBUgAUAVIAE
100=ABSABAAUgAQAFIAEABSABAAUgAQAFIAEABSABAAUgAQAFIAEABSABAAbglVABMAUgAUAJI
101=AEABSABAAUgAKjwCUAJIAFACSABAAUgAQAFIAAN8WjNjWDNAxEwBSAlIAEABSABABEgAQA
102=FIAEABA6eaSaObScwBAp1LoJdHzAEIqlWvrFSgmUqrn05YBFACSABAAUgAQAFIAEABSABA
103=AUgAQAFIAEABSABAAUgAQAFIAEABSABAAUgAQAFIAEABSABAAUgAQAFIAEABSABAAUgACJ
104=6lV6qWR7SNP6aoN6wHKuwDIAP8HVALSABQC0gAQAFIAEABSABAAUgAQAFIAEABBZqkTJ+h
105=SZqf3HFYJSoIAKwEWARAAUgAKgwCKiwAQARIAEAESABAAUgAQAFY9EABtAlYAUwBAqGoUq
106=GmbFtMAQAOqptNuoxAuow/q5JEqZ9JrptLt4s9spBDpqROmaBOoKhwL1gEQAdIAEABSABA
107=AUgAQAFIAEABSABAAUgAQAFIAEABqABMAQien0y1iUC1hTqhoGyXU2itqlNcAieAADAsAA
108=mzmEnJn060l0aul0dYBEAESABAAUgAQAFIAEABSABAAUgACHJ3P56CQMCHRKqDfAsnXABA
109=AUgAQARIAEABSABAAUgAQAFIAEABSABAAUgAQAFIAEABSABAAUgACKWoTqGmUaaaRrKiIs
110=wgKtwEJ4wAQAEq2AUzLABMBEgAQApIAAACn6FUpKJYv4tKdGQ0mohJsrFZraxt/aVEsAig
111=Tp+bTLiMPbqPQie8AEABSABAB0gAQAFIAEABSABAAUgAQAFIAEABSABAAUgAQAFIAEABSA
112=BAAUgAQAFIAEEBsjL8KQGrkUWpVvCjTKwEWARAAUgAQAEIpZ9NuZFDv5tIq6BoYFACSABc
113=AkgAQAFIAEABSABAAUgAA3JwOH9sRVAvSJBQAkgAUAJIAEABSABAAUgAQAFIAEABSABAAU
114=gAQAFIAEABSABAAUgAQAFIAEABSABAAUgAQAFIAFBxWEADmqJSqaxaUAJIAFACSAAzwAU5
115=UABAB0gAQAdIAAACpopEsqNSs5RNrqJVt7hVpqRRmp3MYTasByfsAEABSABQCEgAQAFIAE
116=ABSABAAUgAQAFIAEABSABAAUgAQAGoACcsAEABSAAnUABI8AOnmkqqnElQv7wCCKSeTaeU
117=RKiRQ7uhaFpQAkgAXAUDblcuaFcurAEDf3M7d3g8TAEn/CNIYEwESABQAkgAQAFIAEABSA
118=BAAUgAQAFIAEABSABAAUgAQAFIAEABSABAAUgAQAFIAEABSABAAUgAB56gTaWXRqSiTJyQ
119=sCdcADmoBTxoAEwKUAhIAEMBvbVZXC8IraVSno9Mhn1EjIciDDKoMCcUAFgEUAVIAEABSA
120=BAAUgAQAFIAEABSABAAUgAQAFIAEABSABAAUgAQAFIAEABSABAAUgAQAFIAEABSABAAUgA
121=QAFIAEABSABAAUjwDKqZSaePQ66URq+LPrCYRbwCSAMnnAUCkWU3rZolrCgDuYZCrZJIrQ
122=SiIBr8I1wLUAhIAEABSABAAUgAQAFIAAiloE2wmk2sqFicndzCUAJIAEAESABAATy0BTZ0
123=AKwHWAdAAUgAQAEMnJRHkG45k4VFimY8fXA1UAKoMEgDTAFIAEABSABAAUgAQAFIAEABSA
124=BAAUgAQAFIAEABSABAAUgAQAFIAEABSABAAUgAQAGoACcsAEABSAAnUACsAQ6mpEuymEe3
125=jz+ziz+slEKnoMxzWARDBG9YMEABSABMAUgAQAFIAEABSABAAUgAQAFIAEABSABAAUgAQA
126=FIAEABSABAAUgAQAFIAEABSABAAUgAQAFIAEABSABAAUgAQAFIADzsM0AESABQBUgAQAG0
127=LSosAKQCMBQArARIBkABSABAAUgAQAFIAEABSwCmnk4hWzdqVjBMAVACSABAAUgAQAFIAE
128=ABSABAAUgAQAFIAEABSABAAUgAQAFIAEABSABAAUgAQAFIAEABSABAAUgAQAFIAEABSABA
129=AUgAQAFIAEABCK2iTqyXSLGXSL6feN9TAqmPQyGgQAOrmUmknUhYAUwESABDAWlbM0ABSA
130=BMAUgAQAFIAEABSABAAUgAQAFIAEABSABAAUgAQAFIAEABSABAAUgAQAFIAEABSABAAUgA
131=QAFIAEABSAAgJOwzIBL8BUAQSABAEAOujElxUi6sAVgBQAFIAEABSABAAUgAQAFIAAaPl0
132=SDjDSQlj6sAacOh5E8QwSUm0YhYEGsAVgBQARIAEABqAAnLABAAUgAUAIGqKdWsZtOuJ1M
133=VABYAVACSABAAUgAQwGujkEho0CrmkYhgCpYAVACSABDAYZpNkABSABMAUgAQAFIAEABSA
134=BAAUgAQAFIAEABSABAAUgAQAFIAEABSABAAUgAQAFIAEABSABAAUgAUNFYoAOpoU2sqVhQ
135=AkgAUAJIAEABSABAAUgAQAFIAEABSABAAUgAQAFIAEABSABAAUgAQAFIAEABRCNAAUgATA
136=FIAEABSABAAUgAQAFIAEABSABAAUgAQAFIAEABBqeeUrOFQH9dMkwBSABQAkgAQAFIAEAB
137=SABQLEQLqgCAiDH3QIKIMLQDVABYNEAHSABAB0gAQAFIAEABSABAAUgAYwGkTK04/ymgoV
138=NA9AG0jT+omCJcBUgAQAdIAEABTDEHjIpAhow/ho5JlJDIvAJIA0ABSABAAUgAQAFIAEAB
139=SABAAUgAQAFIAEABSABAAUgACKarU66QRLCWSbCqIqBMAnBtV21rMcwmJ7wAQAFIAEAHSA
140=BAAUgAQAFIAEABSABAAUgAQAFIAEABSABAAUgAQAFIAEABSABAAUgAQAFIAEABSABAAUgA
141=QAFIAAaolUx5Vi97YDJMAVACSABAAUgAKvwFRCwgCQgAJywGqAlUAEgAQApIAEABNg8apq
142=FLQPQCp5REuZoiSFBQBUgAXAVIAEABSABAAQADnqBOlJhGpn9Bi5NFh5I8hpRCgpI5XAJI
143=AEAESABAAUgAQAFIAEABSABAAUgAQAFIAEABSABAAUgAQAEABqmVRKWWRop/bFlZVFJVV0
144=5NQltbTHx4UUgDQARIAEABSABAAUgAQAFIAEABSABAAUgAQAFIAEABSABAAUgAQAFIAEAB
145=SABAAUgAQAFIAEABSABAAUgAQAFIAEABSABAAUgAQAFIAEMBpXxEIXA9rAFbAZ2lTz+sRj
146=lQBgV9iC+NljyepiJgIydMAUABvC8qFABMDVwCA5qkTJ2mTFr0sqEieDhQAkgAXAJIAEAB
147=SABAAUgAQAFIAAABhYs+kpo8jJg/h5I+i5RBoKdMoyPoW0AESABABEgAQAFIAEABSABAAU
148=gAQAFIAEABSABAAUgAuBBQLwxqYE5KSkRqXk2De2x/gX5ABCBXXwyfoVRAxFj0TBBIAFAU
149=SAAz/BE58AUnaABMlFAIqABcCCcgAEwBrB+0ACpcAAARo6hPqKVUs5lJpqFMnplIsZVGtJ
150=FEpJhGqZxLs5BEvplGoZsiED1IBlAISAAFfXQ7cWUyb1ggFlwhA4KDgFFUVkgAA0FEQ0tP
151=UlAvA41+ZF5gWiBgXwykgEUhuElAxEwcIB4tDBSAACdcEkAKSABAKEgAQAFIAEABSABAAU
152=gAQAFIAEABSAALpp5Mm6JLoaJKo5VHrJ8l7DYFwJtOrpdLoacivkWZomy4J7wAA4J2OIJw
153=NVDFTAdQAkgAQAFIAEABSABAAUgAQAFIAEABSABAASf8BQZCRERMUFJ+f31IAANTVT+ChI
154=EzXAxIBkAHSABAAUgAQAFIAEABSABAAUgAQAFIAEABSABAAUgAQAFIAEABSABAAUgAQAFI
155=AEABSABAAUgAQAFIAEABSABAAUgAQAFIAEABWvSBbSIoWEwBSABQklhhQFsnkAs/IQAULA
156=AAuApUAEgAQApIAEABSABAAUgAQAFIAEABSABAAUgAQAFLAJ+oTz98W1AFSABQBUgABn53
157=OotaNKNtN0wBUAJIAEABSABAAUgAQAFIAEABN/wFMl8MrZVFMJwmvAhICUABSABAAUgAQA
158=FIAEABSABAAUgAQAFIAEABSABAAUgAQAFIAEABSABAAUgAQAFIAEABSABAAUgAQAFIAEMB
159=qZRPQMRY9EwBW2GBizc/2AUwgAAqHAZcCEgAUAtIAEABSABAAUgAQAFIAEABSABAAUgAQA
160=FIAEABSABAAUgAIAN8W1AFBnFzOmxeNHhRKUwBSABAB0gAQAFIAEABSABAAT/8BSpcDFwF
161=A6WpU6+cSjacJqwKWARAAUgAQAFIAEABSABAAUgAQAFIAEABSABAAUgAQAFIAEABSABAAU
162=gAQAFIAEABSABAAUgAQAFIAEABSwCSdUkhyySmdkQheG4whAUgCUQAUGhM9LgKVABIAFAL
163=SABAAUgAQAFIAEABSABAAUgAQAFIAEABSABAAUgAQAFIAAiepVenoVOsmkqbnjQ8QU4EiX
164=UimCRAAUgAQAdIAEABSABAAQaHhlRXV01JT1QqnAV8j/xfKlwAXAUIpJ5Lo5NCmp1Lr5Mo
165=LEVcAkgAQApIAEABSABAAUgAQAFIAEABSABAAUgAQAFIAEABSABAAUgAQAFIAEABSABAAU
166=gAQAFIAEABSABAAUgAQAFIAEABSABAAUgAQAFLAHlWLyErN3dkNDA4DKhduDGsAVQAuAEn
167=FAAKfYgvjZY8jZY8oqhQohEAAE4SACAHqFCjp1Cjp1CiqGgAIBUvAKehTVgHMOwACXt1Oq
168=J8SKN+RbOSSEAESAAnjAAADHd7ekZISF1XSUtQVEJITGJlZHR4d1NVP4KDgFFUVkgABkJE
169=RExQUn5/fUgAQAcJpKZNqplIros+qo8/WAEnHAEgXS8Avn9EQBBIAFwRBHuEMfr6ABQ+AA
170=BMBAN9iC+NljxIAEAHqABYBycgACAVLAADdWU2YFIyTAcABm5XLq2aS6d2PLS1VWpeM5+G
171=Qp5tNlpDLC18ASecBQk2OjpARkuBg4Byck05/AUJqKNQqpxKnZVLsJ1JSAlADUgAQAFIAE
172=ABSABAAUgAQAFIAEABSABAAUgAQAFIAEABSABAAUgAQAFIAEABSABAAUgAQAFIAEABSABA
173=AUgAQAFIAEABSABAAUgAQAFIAEABSABAAUgAQAFIAAmnnlKolUymdkRxdDhQAkgAUAJMMS
174=ofBoCIMUsAgogwUAJAAQOOlj+PlT0n/AVcBUgAQAdIAEABSABAAUgAQAFIAEABSABAAUgA
175=QAFIAEABSABAAUgAQAFIAEABCGFYM1RPMmdVL5l6aEJQAkgAXAJIAEABSABAAUgAQAFIAE
176=ABJ/wFKpwLOfwFCKChU6iRQ7SPQKqbNKwNTApIS0gAvAtAAUgATAFUAKgATAFMBEgAQAFI
177=AEABSABAAUgAQAFIAEABSABAAUgAQAFIAEABSABAAUgAQAFIAEABSABAAUgAQAFIAEABSA
178=BAAUgABnlWL2NYM3R0OEwBUAJIAEABSC1ALjAsAEgDUAJIAEABSABAAagAJywAQAFIAFAC
179=vBdXAI+XRFg3XziHkTxcAkgAQARIAEABCHFzOmxeNHdXLpl6aANQAkgAXAIDoahSoaZNrA
180=EDqJtJqpxMrAEDg4SBU1ZXLZ8RXmBaM1wGXAgIpqFLr4s+p5REuZo9/AVcFCADCABMCkgA
181=UBFIAEABSABAAUgAQAFIAEABSABAAUgAQAFIAEABSABAAUgAQAFIAEABSABAAUgAQAFIAE
182=ABSABDAZxvPUABSABMAUgAQAFIAEABSABAAUgAQAFIAEABSABAAUgAQAFIAEABSABAAUgA
183=QAFIAEwuPzgDUAVIAFAFSwCJdTknLABAAUgAUAJIAAAPpaROoqBOn5tMuIw9uYw/k35ek3
184=FCYFtSUExCS09SfX98XLxcXwaHhlRXV01JT1QqXAxRCKBcOAWiSq6URLKhTlgBQApIAEAB
185=SABAAUgAQAE/nAI2gABMB0gAUAhIAEABSABAAUgAQAFIAEABSABAAUgAQAFIAEABSABAAU
186=gAQAFIAEABSABAAUgAQAFIAAOfoVSkgEVDxHdkNFACSABQAkgAQAEqTAoDppxInJZIvAIC
187=pqFOpaTMVVgESABfAp2lT6xeNvACLVwABoJ2OIJwNYZpNjDMHaAKTApAAQmJiWReXFJTVV
188=drWz9fL3+BfkgwXS93MlweXAVIAEAHSAAErpRJnKJLnexqJ1wAQAFIAEAESAAtSAIgDDgA
189=UAhIAFAISABAAUgAQAFIAEABSABAAUgAQAFIAEABSABAAUgAQAFIAEABSABAAUgAQAFIAE
190=ABSAAGfFozeGE2eWo3TAFQAkgAQAFIACpMCgADuIg8uKJPtqhRsZlGqpdIq6ZWqataTARQ
191=BUgAQwGBizcgDCADUAUGfXQ7cWUyb1gwWAdQCAOTlkSUmEWsAVgBQAFIAAl0cEZlZUh0cl
192=t+gH1cLyf8ESpcHlAFSABQBUgAQAEGp6xWsKJOq6FSTAFIAFACSABAAUgAQAFIAEgPIBsI
193=ACccAUABSABACkgAQAFIAEABSABAAUgAQAFIAEABSABAAUgAQAFIAEABSABAAUgAQAFIAE
194=ABSABAAQuAY0J/bDmbckOggUieoGCpvAJIA0ABSABAAUgAQQF4gACsAVgBSABMASAPUANU
195=BkgAQAdIAAADgHY4l4NCpn9Bho5JjJhChpVDgpI5XAJABEgAQAFIAEABvGItXBhcAkgAQA
196=RIAEABSABAAUgABq2QRqKiT6CoTkwBUAJIAEABSAAgD5wCLbwAJxwBQAFIAEAKSABAAUgA
197=QAFIAEABSABAAUgAQAFIAEABSABAAUgAQAFIAEABSABAAUgAQAFIAEABSABAAQACoqZQrq
198=FNr5xMuqxWmJNLhn1Emp06LAZIBkAHSABAAViRQGFI8C3MAjM4AECXA4qQOp6mS6wHWAdA
199=AQ6UmEaGjD+LmD+Hkj6GlEKSmzQ8KSheDH99QAdIAEwHSABAAUgAQAFIAEABBaSoTq2fTK
200=iicMJYAVACSABAAUgAQAEzVAI/UACsB1gHQAFIAEABSABAAUgAQAFIAEABSABAAUgAQAFI
201=AEABSABAAUgAQAFIAEABSABAAUgAQAFIAEABSABAAUgAQAFIAAADqqlOqa1QnJRHno9McW
202=Q6aVM3fXA1XAJABEgAhWB4QAFIAFACSABAAYkAeEwBPxQDLYAAgAcurjeMmCIwNUgDQQqj
203=IwA4zQGnIjA4IAwsAAWklkWjo0yZoC4sDFAISABcC7wRKiwApAIwFACsBEgGQAFIAEABSA
204=BAAUgAQAFIAEABSABAAUgAQAFIAEABSABAAUgAQAFIAEABSABAAUgAQAFIAEABSABAAUgA
205=QAFIAEABSABAAUsAkpFHrwGKZjwhECtMASf8BaABVAAnUABcBUwBSABAAVhhLQgDWF4zgA
206=y8BUgGQAFIAEABSABAAUgAQAFI9kABSABMAUgAQAFIAEABSABAAUgAQAFIAEABSABAAUgA
207=QAFIAEABSAAHnaVXqqdTsKpTqDtcFSe8AEABSABABy3wAlACSABcAkgAQAFIAEABSABAAU
208=gAQAFIAEABSABAAUgAQAFIAEABSABAAUgAQAFIAEABSABAAUgAQAFIAEABSABAAUgAQAFI
209=AEABSABAAUgAQAFIAEABSABAAQafoVSujElqVjBMAUgAUC8tCACwAlQAvAWhAXsjDT6OI3
210=w3SDBDMY+XQbMCfYgvrAQqvAA2LABI9lAFSABABEgAQAFIAEABSABAAUgAQAFIAEABSABA
211=AUgAQAGmFJufbGesAbwCSANAAUgAUAInLABAAUgAUAJIAEABSABAAUwxQAFIAEwBSABAAU
212=gAQAFIAEABSABAAUgAQAFIAEABSABAAUgAQAFIAEABSABAAUgAQAFIAEABSABAAUgAQAFI
213=AEABSABAAUgAQAFIAEABSABAAUgAQAFIAEABSABAAUsAqJVMIVo3e2AibEFQAkgYKggAQA
214=RIAFwCSABAAUgAQAFIAEABSABAAUgAQAFIAFAyJywAQAFIAFACSABAAUgAQAFIAEABSABA
215=AUgAQAFIAEMBaVszQAFIAEwBSABAAUgAQAFIAEABSABAAUgAQAFIAEABSABAAUgAQAFIAE
216=ABSABAAUgAQAFIAEABSABAAUgAQAFIAEABSABAAUgAQAFIAEABSABAAUgAQAFIAEABSABA
217=AUgAQAFIAEABSABAAUgAQAFIAEABSABAAUgAQAFIAEABSABAAUgAQAFIAEABSABAAUgAQA
218=FIAEABSABAAUgAQAFIAEABSABAAUgAQAFIAEABA6V8RHFSLqwBWAFUMCcsAAPJsWXmvnO4
219=AVQASABABEgAQAFIAEABSABAAUgAQAFIAEABSABAAUgAQAFIAEABSABAAUgAQAFIAEABSA
220=BAAUgAQAFIAEIBf1twaKwBWAFAAUgAQAFIAEABSABAAUgAQAFIAEABSABAAUgAQAFIAEAB
221=SABAAUgAQAFIAEABSABAAUgAQAFIAEABSABAAUgAQAFIAEABSwD/AACoAEwBUAJIAEABSA
222=BAAUgAQAFIAEABSABAAUgAQAFIAEABSABAAUgAQAFIAEABSABAAUgAQAFIAEABSABAAUgA
223=QAFIAEABSABAAUgAQAFIAEABSABAAQannlKzhUB/XTJMAUgwSABcAgm+rmDkvXTcvYDjwo
224=VcAkgAUAJIAEABSABAAUgAQAFIAEABSABAAUgAQAFIAEABSABAAUgAQAFIAEABSABAAUgA
225=QAFIAEABSABAAUgAQAFIAEMBhGI1QAFIAEwBSABAAUgAQAFIAEABSABAAUgAQAFIAEABSA
226=BAAUgAQAFIAEABSABAAUgAQAFIAEABSABAAUgAQAFIAEABSABAAUgAsC8qFABQAkgAQARI
227=AEABSABAAUgAQAFIAEABSABAAUgAQAFIAEABSABAAUgAQAFIAEABSABAAUgAQAFIAEABSA
228=BAAUgAQAFIAEABSABAAUgAQAFIAEABSAAqXBJcLwzQsG/IrnTSs3iPj2lBQ1m4BFQASABQ
229=BUgAQAFIAEABSABAAUgAQAFIAEABSABAAUgAQAFIAEABSABAAUgAQAFIAEABSABAAUgAQA
230=FIAEABSABAAUgAQgF2XiBMjBInFAZID0AQSABAAUgAQAFIAEABSABAAUgAQAFIAEABSABA
231=AUgAQAFIAEABSABAAUgAQAFIAEABSABAAUgAQAFIAEABSABAAUgAQAFIAEABSABAAUgAQA
232=FIAEABXJIABYFtN7OrWee7bsatc3mOaHR9YEtRWkJFdDCsBFgEQAFIAEABSABAAagYrAFY
233=AUABSABAAUgAQAFIAEABSABAAUgAQAFIAEABSABAAUgAQAFIAEABSABAAUgAQAFIAEIBbF
234=4uvEW8AkgDQAFIAEABSABAAUgAQAFIAEABSABAAUgAQAFIAEABSABAAUgAQAFIAEABSABA
235=AUgAQAFIAEABSABAAUgAQAFIAEABSABAAUgAQAFIAEABSABAAUgAQAFIAEABSABAAUgAQA
236=FIAEABSABAAUgAQAFIAEABSABAAUgAQAFIAEABSABAAUgAQAFIAEABDJSbRoSOOYeRPIyX
237=PqmUT0AxWPQMxbNl3Lh4zbF3qp5oSU9YNiwMvC8qFACsClgKQAFIAEABSABAAUgAQAFIAE
238=ABSABAAUgAQAFIAEABSABAAUgAQAFIAEABSAAFem43tqBJs5IlXEsnXABAAUgAQARIAEAB
239=SABAAUgAQAFIAEABSABAAUgAQAFIAEABSABAAUgAQAFIAEABSABAAUgAQAFIAEABSABAAU
240=gAQAFIAEABSABAAUgAQAFIAEABSABAAUgAQAFIAEABSABAAUgAQAFIAEABSABAAUgAQAFI
241=AEABSABAAUgAQAFIAEABSABAAUgAQAG8L0kwFCkAAAymnk5UQSpqVjDStHx/km3tYVpcBU
242=gAQAdIAEABSABAAUgAKggGUAJIAFACSABAAUgAQAFIAEABSABAAUgAQAFIAEABSABAAUgA
243=QAFIAEABSABAAUgAQwF/dD0h02ejfkVMAUgAUAJIAEABSABAAUgAQAFIAEABSABAAUgAQA
244=FIAEABSABAAUgAQAFIAEABSABAAUgAQAFIAEABSABAAUgAQAFIAEABSABAAUgAQAFIAEAB
245=SABAAUgAQAFIAEABSABAAUgAQAFIAEABSABAAUgAQAFIAEABSABAAUgAQAFIAEABSABAAU
246=gAQAFIAEABSABAATP8BQ/lwHvZwIzhwIGujElxUi7jvXdQwjwsDEgJQApIAEABSABAAUgA
247=QAFIAEABSABAAUgAQAFIAEABSABAAUgAQAFIAEABSABAAUgAQAFIAEMBenY4ITBiA1RPMr
248=WXTFgBUAJIAEABSABAAUgAQAFIAEABSABAAUgAQAFIAEABSABAAUgAQAFIAEABSABAAUgA
249=QAFIAEABSABAAUgAQAFIAEABSABAAUgAQAFIAEABSABAAUgAQAFIAEABSABAAUgAQAFIAE
250=ABSABAAUgAQAFIAEABSABAAUgAQAFIAEABSABAAUgAQAFIAEABSABAATP8BQzNsXJtfGNN
251=VFqLj2vauXknvCQGeYFgOTc9MDNBpJJYB1AISABAAUgAQAFIAEABSABAAUgAQAFIAEABSA
252=BAAUgAQAFIAEABSABAAUgAQAFIAEABSABAAUgAQAFIAEMBd3U7ITBuAmBSMnRuIihkUAJI
253=AFwCSABAAUgAQAFIAEABSABAAUgAQAFIAEABSABAAUgAQAFIAEABSABAAUgAQAFIAEABSA
254=BAAUgAQAFIAEABSABAAUgAQAFIAEABSABAAUgAQAFIAEABSABAAUgAQAFIAEABSABAAUgA
255=QAFIAEABSABAAUgAQAFIAEABSABAAUgAQAFIAEABSABAASQsTi38EUBeSC0DUFhcTFRaSC
256=1LAFZQVVyTAAZPV1RUWE96XjlHQjNMU1rUuYOiqFCjp1ARAAB0AQYDCKKoUKKoUKOnUKOn
257=YgGiqGABICEsAAlydz+AYDN4ZTavkUogJ0wBIHgdAXjgAA8UFBTnvnO8sYFremVSWl1BQ1
258=lLAEJFWkgAQAEAA0BDWEdMWXJ9Y7qhS6mfTat1Qce1YlAaSABALkgAQAFIAEABSABAAUgA
259=QAFIAEABSABAAUgAQAFIAEABSABAAUgAQAFIAEABSABAAUgAQAEJenY4d1cuVE8ynoJAWA
260=FQAkgAQAFIAEABSABAAUgAQAFIAEABSABAAUgAQAFIAEABSABAAUgAQAFIAEABSABAAUgA
261=QAFIAEABSABAAUgAQAFIAEABSABAAUgAQAFIAEABSABAAUgAQAFIAEABSABAAUgAQAFIAE
262=ABSABAAUgAQAFIAEABSABAAUgAQAFIAEABSABAAUgAQAFIAEABSABAAUgAQAHlMHhIMA7l
263=vXTStHzNsXdZY11HRlNCRXQwXC+oAEwxTAQMTlVbhYVn48OFkYdK4r9+EQAA

[AITriggerTypesEnable]
043F40BC-G=yes
043F521C-G=yes
043F874C-G=yes
044082BC-G=yes
05CB5B6C-G=yes
05CB830C-G=yes
05CBAEDC-G=yes
05CBC04C-G=yes
05CBC19C-G=yes
05CBC2EC-G=yes
05FC088C-G=yes
05FC0C9C-G=yes
05FC13EC-G=yes
05FC1A8C-G=yes
05FC1C5C-G=yes
05FC333C-G=yes
05FC37CC-G=yes
05FC3C9C-G=yes
05FC50EC-G=yes
05FC747C-G=yes
05FC75CC-G=yes
05FFA7DC-G=yes
05FFB18C-G=yes
06002BFC-G=yes
0611A1EC-G=yes
0611A33C-G=yes
0612B11C-G=yes
0612CD8C-G=yes
0612EAEC-G=yes
0612F46C-G=yes
0612F9AC-G=yes
0616004C-G=yes
06C551AC-G=yes
078F4B2C-G=yes
07C04C7C-G=yes
07C04EDC-G=yes
07C0B14C-G=yes
07C30A5C-G=yes
07C310BC-G=yes
07C3266C-G=yes
07C329FC-G=yes
07C330CC-G=yes
07C33DDC-G=yes
07C4853C-G=yes
08A3EEDC-G=yes
08B902EC-G=yes
08B90B1C-G=yes
08B911BC-G=yes
08B9154C-G=yes
08B9213C-G=yes
08B9305C-G=yes
08B9356C-G=yes
08B940EC-G=yes
08B9423C-G=yes
08B9483C-G=yes
08B9586C-G=yes
08B9641C-G=yes
08B9708C-G=yes
08B9767C-G=yes
08B97C6C-G=yes
0A31295C-G=yes
0A44F17C-G=yes
0A44F2CC-G=yes
0A452C6C-G=yes
0A452E5C-G=yes
0AA845AC-G=yes
0AA846FC-G=yes
0ABC484C-G=yes
0AD2BAEC-G=yes
0C0C7AEC-G=yes
0C0D184C-G=yes
0C0D251C-G=yes
0C1245AC-G=yes
0C1246FC-G=yes
0C32599C-G=yes
0C32D84C-G=yes
0C87B45C-G=yes
0C87B99C-G=yes
0C87E5AC-G=yes
0C8B81BC-G=yes
0C8BC5AC-G=yes
0C8C2AEC-G=yes
0C8C2C3C-G=yes
0C8C430C-G=yes
0C8C4C3C-G=yes
0C8C51BC-G=yes
0C8C56FC-G=yes
0C8C645C-G=yes
0C8C6EDC-G=yes
0C8C71BC-G=yes
0C8E2C3C-G=yes
0C8EE1BC-G=yes
0C8EEAEC-G=yes
0C8EEEDC-G=yes
0C91D45C-G=yes
0C92C1BC-G=yes
0C92C45C-G=yes
0C955AEC-G=yes
0C955C3C-G=yes
0C9561BC-G=yes
0C9565AC-G=yes
0C96F45C-G=yes
0C96F5AC-G=yes
0CA1F84C-G=yes
0CA24D8C-G=yes
0CA2A04C-G=yes
0CA2B06C-G=yes
0CA2D99C-G=yes
0CA2FEDC-G=yes
0CA5945C-G=yes
0CA6621C-G=yes
0CA6AEDC-G=yes
0CAD0B2C-G=yes
0CAD0C7C-G=yes
0CAD0DCC-G=yes
0CAD130C-G=yes
0CAD145C-G=yes
0CAD25AC-G=yes
0CAD2AEC-G=yes
0CAD2C3C-G=yes
0CAD5AEC-G=yes
0CADD99C-G=yes
0CADDEDC-G=yes
0CB29EDC-G=yes
0CB2CEDC-G=yes
0CDF899C-G=yes
0CDF8D8C-G=yes
0CDF8EDC-G=yes
0CE2395C-G=yes
0CE23AAC-G=yes
0CE26B5C-G=yes
0CE26CAC-G=yes
0CE2E8DC-G=yes
0CE2EA2C-G=yes
0CE44D0C-G=yes
0D022B1C-G=yes
0D022C6C-G=yes
0D052AEC-G=yes
0D0803CC-G=yes
0D08461C-G=yes
0D0848BC-G=yes
0D084A0C-G=yes
0D084B5C-G=yes
0D0873DC-G=yes
0D087D8C-G=yes
0D0B3B9C-G=yes
0D2769BC-G=yes
0D2C41EC-G=yes
0D2C448C-G=yes
0D2C45DC-G=yes
0D53099C-G=yes
0D53130C-G=yes
0D53430C-G=yes
0D535EDC-G=yes
0D62145C-G=yes
0D6215AC-G=yes
0D6216FC-G=yes
0D62199C-G=yes
0ECCB2BC-G=yes
0ECCB40C-G=yes
0ECCB55C-G=yes
0ECCB7FC-G=yes
0ECCBC3C-G=yes
0ECCF14C-G=yes
0ECCF29C-G=yes
0ECCF68C-G=yes
0ECCFA7C-G=yes
0ECCFCAC-G=yes

[Actions]
01000000=1,53,2,01000002,0,0,0,0,A
01000002=5,54,2,01000002,0,0,0,0,A,53,2,01000004,0,0,0,0,A,73,0,95,0,0,0,0,A,72,0,1070000000,0,0,0,0,A,71,0,1019000000,0,0,0,0,A
01000004=2,54,2,01000004,0,0,0,0,A,53,2,01000006,0,0,0,0,A
01000006=5,54,2,01000006,0,0,0,0,A,53,2,01000008,0,0,0,0,A,73,0,35,0,0,0,0,A,72,0,1070000000,0,0,0,0,A,71,0,1019000000,0,0,0,0,A
01000008=2,54,2,01000008,0,0,0,0,A,53,2,01000002,0,0,0,0,A

[Africans]
IQ=0
Edge=North
Color=DarkRed
Allies=Africans
Country=Africans
Credits=0
NodeCount=0
TechLevel=1
PercentBuilt=0
PlayerControl=no

[Alliance]
IQ=0
Edge=North
Color=Gold
Allies=Alliance
Country=Alliance
Credits=0
NodeCount=0
TechLevel=1
PercentBuilt=0
PlayerControl=no

[Americans]
IQ=0
Edge=North
Color=Gold
Allies=Americans
Country=Americans
Credits=0
NodeCount=0
TechLevel=1
PercentBuilt=0
PlayerControl=no

[Arabs]
IQ=0
Edge=North
Color=DarkRed
Allies=Arabs
Country=Arabs
Credits=0
NodeCount=0
TechLevel=1
PercentBuilt=0
PlayerControl=no

[Basic]
Name=Temperate Thrashing
Percent=0
GameMode=standard
HomeCell=98
InitTime=10000
Official=no
EndOfGame=no
FreeRadar=no
MaxPlayer=4
MinPlayer=2
SkipScore=no
TrainCrate=no
TruckCrate=no
AltHomeCell=99
OneTimeOnly=no
CarryOverCap=0
NewINIFormat=4
NextScenario=
SkipMapSelect=no
CarryOverMoney=0.000000
AltNextScenario=
MultiplayerOnly=1
IceGrowthEnabled=yes
VeinGrowthEnabled=yes
TiberiumGrowthEnabled=yes
IgnoreGlobalAITriggers=no
TiberiumDeathToVisceroid=no

[British]
IQ=0
Edge=North
Color=Gold
Allies=British
Country=British
Credits=0
NodeCount=0
TechLevel=1
PercentBuilt=0
PlayerControl=no

[CellTags]

[Confederation]
IQ=0
Edge=North
Color=DarkRed
Allies=Confederation
Country=Confederation
Credits=0
NodeCount=0
TechLevel=1
PercentBuilt=0
PlayerControl=no

[Events]
01000000=1,13,0,50
01000002=1,13,0,32
01000004=1,46,0,95
01000006=1,13,0,32
01000008=1,45,0,35

[French]
IQ=0
Edge=North
Color=Gold
Allies=French
Country=French
Credits=0
NodeCount=0
TechLevel=1
PercentBuilt=0
PlayerControl=no

[GDI]
IQ=0
Edge=North
Color=Gold
Allies=GDI
Country=GDI
Credits=0
NodeCount=0
TechLevel=1
PercentBuilt=0
PlayerControl=no

[Germans]
IQ=0
Edge=North
Color=Gold
Allies=Germans
Country=Germans
Credits=0
NodeCount=0
TechLevel=1
PercentBuilt=0
PlayerControl=no

[Houses]
0=Americans
1=Alliance
2=French
3=Germans
4=British
5=Africans
6=Arabs
7=Confederation
8=Russians
9=YuriCountry
10=GDI
11=Nod
12=Neutral
13=Special

[Infantry]
0=Neutral,JOSH,256,82,89,1,Guard,64,None,0,-1,0,1,0
1=Neutral,JOSH,256,77,95,1,Guard,64,None,0,-1,0,1,0
2=Neutral,JOSH,256,76,94,1,Guard,64,None,0,-1,0,1,0
3=Neutral,BRUTE,256,80,96,1,Guard,64,None,0,-1,0,1,0
4=Neutral,DNOA,256,79,93,1,Guard,64,None,0,-1,0,1,0
5=Neutral,DNOA,256,116,57,1,Guard,64,None,0,-1,0,1,0
6=Neutral,BRUTE,256,115,53,1,Guard,64,None,0,-1,0,1,0

[IsoMapPack5]
1=eQ0AIAFBAAEAgAAEBABAAAIAJW8BAwBBSAFkAQEABABCKCsAPwADkAJVAkAoKQBBKCkAQi
2=gpAEMoKQA+XAWfBgQAPygpAEAoKQBBKCkAQigpAEMoKQBEKCsAPQAFjAlFAj4oKQA/KCkA
3=QCgpAEEoKQBCKCkAQygpAEQoKQBFKCsAPAAG6Qw9KCkAPigpAD8oKQBAKCkAQSgpAEIoKQ
4=BDKCkARCgpAEUoKQBGKCsAOwAH4Q88KCkAPSgpAD4oKQA/KCkAQCgpAEEoKQBCKCkAQygp
5=AEQoKQBFKCkARigpAEcoKwA6AAj5ETsoKQA8KCkAPSgpAD4oKQA/KCkAQCgpAEEoKQBCKC
6=kAQygpAEQoKQBFKCkARigpAEcoKQBIKCsAOQAJ8RQ6KCkAOygpADwoKQA9KCkAPigpAD8o
7=KQBAKCkAQSgpAEIoKQBDKCkARCgpAEUoKQBGKCkARygpAEgoKQBJKCsAOAAK6Rc5KCkAOi
8=gpADsoKQA8KCkAPSgpAD4oKQA/KCkAQCgpAEEoKQBCKCkAQygpAEQoKQBFKCkARigpAEco
9=KQBIKCkASSgpAEooKwA3AAvhGjgoKQA5KCkAOigpADsoKQA8KCkAPSgpAD4oKQA/KCkAQC
10=gpAEEoKQBCKCkAQygpAEQoKQBFKCkARigpAEcoKQBIKCkASSgpAEooKQBLKCsANgAM+Rw3
11=KCkAOCgpADkoKQA6KCkAOygpADwoKQA9KCkAPigpAD8oKQBAKCkAQSgpAEIoKQBDKCkARC
12=gpAEUoKQBGKCkARygpAEgoKQBJKCkASigpAEsoKQBMKCsANQAN8cQ2SgH//0shBAA3KCkA
13=OEgBTQIAQbQ5KCkAOigpADsoKQA8KCkAPSgpAD4oKQA/KCkAQCgpAEEoKQBCKCkAQygpAE
14=QoKQBFKCkARigpAEcoKQBIKCkASSgpAEooKQBLKCkATCgpAE0oKwA0AA7pIjVIAWDqAQEE
15=ADZoAWAhdSMOYAFpIjgoVQA5KCkAOigpADsoKQA8KCkAPSgpAD4oKQA/KCkAQCgpAEEoKQ
16=BCKCkAQygpAEQoKQBFKCkARigpAEdJAY1nFgQASEkBhakBSSgpAEooKQBLSQGHoQRMSAFk
17=AUU/TSgpAE4oKwAzAA+cA0EENGgBBAEAAAMEADXJAQRsJkAEVQIFbCZIAXcFBAA4YASpAT
18=koKQA6KCkAOygpADwoKQA9KCkAPigpAD8oKQBAKCkAQSgpAEIoKQBDKCkARCgpAEUoKQBG
19=SAHBJUdJAYOxFEgoKQBJKCkASigpAEsoKQBMSAHZJ01IAdlpTkgBbAlBJU8oKwAyABCQAl
20=UCMygpADQoKQA1aAFZJwdkKUwFSQEIZykQAAFIAU1SOEAEaAEBAgQAOUgBlwkEADooKQA7
21=KCkAPCgpAD0oKQA+KCkAPygpAEAoKQBBKCkAQigpAEMoKQBEKCkARUgB2SdGSAHZJ0coKQ
22=BIKCkASSgpAEooKQBLKCkATEkBhmcaBABNSAFkAQEABABOKCkATygpAFAoKwAxABGIBU0F
23=MigpADMoKQA0KCkANSgpADZIAWQphVURnSsGZFWoAUEwOcAEQTA6yAEBCQQAO0gBmw0EAD
24=woKQA9KCkAPigpAD8oKQBAKCkAQSgpAEIoKQBDKCkAREgB0SpFSAHRKkYoKQBHKCkASCgp
25=AEkoKQBKKCkASygpAEwoKQBNSQGHeBh8Kyf5BE9UAnACRSlQKCkAUSgrADAAEpwDQQQxKC
26=kAMigpADMoKQA0KCkANSgpADYoKQA3SAFhMAt1LhKBMAx0WqkBDXRaqQEOdy4SAPVID0Vg
27=PFgGRAFpsT0oKQA+KCkAPygpAEAoKQBBKCkAQigpAEMoKQBESQGMYwsEAEVIASfWBRIAyQ
28=FHKFUASCgpAEkoKQBKKCkASygpAEwoKQBNSQGGqQxOSAFkAUUpTygpAFAoKQBRKCkAUigr
29=AC8AE5QGWQYwKCkAMSgpADIoKQAzKCkANCgpADUoKQA2KCkANygpADgoKQA5KCkAOkgBYD
30=BJvDvIAUFnPMgBAQYEAD1IAYsTBAA+KCkAPygpAEAoKQBBKCkAQigpAEMoKQBESAEnLQYT
31=4TBGVAInLAYnVQBIKFUASSgpAEooKQBLKCkATCgpAE1JAYZhFgREjCdRBU9UAnACXStQKC
32=kAUSgpAFIoKQBTKCsALgAUlAZZBi8oKQAwKCkAMSgpADIoKQAzKCkANCgpADUoKQA2KCkA
33=NygpADgoKQA5KCkAOigpADtIAXA1WZU8yQEKZTQUjGhdbT5UAoAWIjw/J+kCQChVAEEoKQ
34=BCKCkAQygpAERIASeFBhQohAYnKQBHQATRNUgoKQBJKCkASigpAEsoKQBMKCkATUgBJ4QG
35=J5ECT1QCyRdQKCkAUSgpAFIoKQBTKCkAVCgrAC0AFYAIUTUuKCkALygpADAoKQAxKCkAMi
36=gpADMoKQA0KCkANSgpADYoKQA3KCkAOCgpADkoKQA6KCkAOygpADxIAWg4TZ89yQEPZ2sV
37=AM5QF1mgP1QCRAF5oEAoKQBBSAElBSJCSAHBBEMoKQBESAEn3QYVKNwGJykAR0AEJ9wGJ1
38=UASShVAEooKQBLKCkATCgpAE1IASfcBiepBU9UAtkRUCgpAFEoKQBSKCkAUygpAFQoKQBV
39=KCsALAAWjAlJOC0oKQAuKCkALygpADAoKQAxKCkAMigpADMoKQA0KCkANSgpADYoKQA3KC
40=kAOCgpADkoKQA6KCkAOygpADwoKQA9SAFpOAN1ORaUOU2qP9QCTapASAGTGwQAQSgpAEIo
41=KQBDSAHNPERIASc1BxYoNAcnKQBHQQSDdAkiHDAnVQBJKFUASigpAEsoKQBMKCkATUgBJz
42=QHJ9UFT1QCeApBMFAoKQBRKCkAUigpAFMoKQBUKCkAVSgpAFYoKwArABeYCl0KLCgpAC0o
43=KQAuKCkALygpADAoKQAxKCkAMigpADMoKQA0KCkANSgpADYoKQA3KCkAOCgpADkoKQA6KC
44=kAOygpADxJAdVRFwJmrRcAaQEDbTwXjTwHZK2pAQgin1YXAPlMBV14QVgGRAF9eEJIAcE7
45=QygpAERIASeNBxcojAcnKQBHQQSDaAhsPCdVAEkoVQBKKCkASygpAEwoKQBNSAEnjAcnAQ
46=ZPVAJ4Ck0xUCgpAFEoKQBSKCkAUygpAFQoKQBVKCkAVigpAFcoKwAqABiEDEkMKygpACwo
47=KQAtKCkALigpAC8oKQAwKCkAMSgpADIoKQAzKCkANCgpADUoKQA2KCkANygpADgoKQA5KC
48=kAOigpADtIAWw8RXY8yQEGZT8YhD9ZPT5UApAbZT8YmD1JQ0BUAmU/A3d7GAD4RARRQEJU
49=AkQBcUBDKCkAREkBkHgCIkUqGCjkBycpAEdBBIOhBEgoKQBJKCkASigpAEsoKQBMKCkATU
50=kBhqUITkgBZAFNMU8oKQBQKCkAUUkBw2cEBABSyAFJF1PIAU0bVEgBfANFCFUoKQBWKCkA
51=VygpAFgoKwApABmUBlkGKigpACsoKQAsKCkALSgpAC4oKQAvKCkAMCgpADEoKQAyKCkAMy
52=gpADQoKQA1KCkANigpADcoKQA4KCkAOSgpADpIAXBASXo7yAEjzSUZkEAjzCUnbQM+QASc
53=HHxBJ1UAQFQCcUADfUEZnEFZwULUAlFLQ0gB2QZEKCkARUgByUNGSQGDZwQEAEcoKQBIKC
54=kASSgpAEooKQBLKCkATCgpAE1JAYqxCU5IAWQBWTJPKCkAUEkB2XsCBABRyAFRQFJIAWhD
55=SRdTyAFJF1RIAWgFRQhVKCkAVigpAFcoKQBYKCkAWSgrACgAGoAIRQgpKCkAKigpACsoKQ
56=AsKCkALSgpAC4oKQAvKCkAMCgpADEoKQAyKCkAMygpADQoKQA1KCkANigpADdJAdZ4FCIe
57=OxoAaAFJIjnUAl1iOskBAyIdOxqJQw0i9EAnbQM9QARgCFkcPigpAD8oKQBAKCkAQUgBYE
58=ZFjELIAVVPQ0kB9kgIQQ9ESAFEAW2JRSgpAEZIAcFGR0kBg2QEfcUa+YpJKFUASigpAEso
59=KQBMSAHJhU1IAWAIXRVOKCkAT0gBcGFFHlDJAQN2RBoAYEZJAVJWAgYBQwcEAFPIAV0VVE
60=gBTAJ9FVUoKQBWKCkAVygpAFgoKQBZKCkAWigrACcAG4wJRRMoKCkAKSgpACooKQArKCkA
61=LCgpAC0oKQAuKCkALygpADAoKQAxKCkAMigpADMoKQA0KCkANSgpADYoKQA3SAFgRkFnOM
62=gBQWc5yQEGIg1EG4RKWT07VAKQG2xHJ5kDPShVAD4oKQA/KCkAQCgpAEEoKQBCSAFgRkEP
63=Q8gBQQ9EyAFBD0VIAdUNRigpAEdIAdlISEkBiGcEBABJKCkASigpAEsoKQBMSAHZik1IAX
64=QGRTROSAFgRkEPT8gBQQ9QyAFFHlFIAc0FUkgBbEdRS1PIAUVKVEgBwQRVKCkAVigpAFco
65=KQBYKCkAWSgpAFooKQBbKCsAJgAcmApRFCcoKQAoKCkAKSgpACooKQArKCkALCgpAC0oKQ
66=AuKCkALygpADAoKQAxKCkAMigpADMoKQA0KCgABTUAHAAAAAAAEQAAcQ4AIAUABAA2ABwA
67=AGAABAQANwAcANZIAQEIBAA4yAEBCQQAOcgBAQoEADpIAV0DAFkGOygpADwoKQA9KCkAPi
68=gpAD8oKQBAKCkAQSgpAEIoKQBDSQH2TAxBD0TIAUEPRcgBAQsEAEZIAVwDbRBHKCkASCgp
69=AEkoKQBKKCkASygpAEwoKQBNSQHVVAlFHk7IAUEPT8gBQQ9QSAFcA3UNUSgpAFJKAQYBUw
70=IEAFPIAQEFBABUSAHNBVUoKQBWKCkAVygpAFgoKQBZKCkAWigpAFsoKQBcKCsAJQAdhAxB
71=MCYoKQAnKCkAKCgpACkoKQAqKCkAKygpACwoKQAtKCkALigpAC8oKQAwKCkAMSgpADIoKQ
72=AzKCkANCgpADUoKQA2SQHhURcBfkwdAGkBAn1MHYlODXxMJ20DOkwFSAVCLAA7KCkAPCgp
73=AD0oKQA+KCkAPygpAEAoKQBBKCkAQigpAEMoKQBESAFoTgEOBABFyQEPf0wdAPRQEF0VR1
74=QCRAF5EUgoKQBJKCkASigpAEsoKQBMSQHTXAZZHE3IAQEDBABOSAFoTkUeT0gBXAN9ClAo
75=KQBRKCkAUkgBfUwGfkwdAGkBB3xMJ6EEVUAExQhWKCkAVygpAFgoKQBZKCkAWigpAFsoKQ
76=BcKCkAXSgrACQAHoQMSU4lKCkAJigpACcoKQAoKCkAKSgpACooKQArKCkALCgpAC0oKQAu
77=KCkALygpADAoKQAxKCkAMigpADMoKQA0KCkANUgBfExVLjbJAQR1Tx6UT0V2OFQCkBt0Ty
78=eZAzooVQA7KCkAPCgpAD0oKQA+KCkAPygpAEAoKQBBKCkAQigpAEMoKQBEKCkARUgBaE5R
79=FEbIAVEUR8gBUUBISAHdFUkoKQBKKCkAS0gBaE5ZBkzIAVkGTcgBTUdOSAHFCE8oKQBQKC
80=kAUSgpAFJJARFUnEU/U8gBUWFUSAHFCFUoKQBWKCkAVygpAFgoKQBZKCkAWigpAFsoKQBc
81=KCkAXSgpAF4oKAACIwAfADFnDwQAJEoB//9PAQQAJUgBQAFtaCYoKQAnKCkAKCgpACkoKQ
82=AqKCkAKygpACwoKQAtKCkALigpAC8oKQAwKCkAMSgpADIoKQAzKCkANCgpADVIAWxSWTI2
83=yAFZMjdIAdUYOCgpADkoKQA6KCkAOygpADwoKQA9KCkAPigpAD8oKQBAKCkAQSgpAEIoKQ
84=BDKCkARCgpAEUoKQBGSAF4U0XkR8gBReRIyAFJ80lIAdUYSkgBYFFB60vIAVkGTMgBWQZN
85=SAHNBU4oKQBPKCkAUCgpAFEoKQBSSQERTFJNqlPIAVV7VEgB0QlVKCkAVigpAFcoKQBYKC
86=kAWSgpAFooKQBbKCkAXCgpAF0oKQBeKCkAXygrACIAICEsJQMAAAMAACNJATFeEQIARVUg
87=kFZRFCVVAjNUAllpJkgB3VcnSAFwAlUCKCgpACkoKQAqKCkAKygpACwoKQAtKCkALigpAC
88=8oKQAwKCkAMSgpADIoKQAzKCkANCgpADVIAWRVXTY2yAFdNjdIAd0VOCgpADkoKQA6KCkA
89=OygpADwoKQA9KCkAPigpAD8oKQBAKCkAQSgpAEIoKQBDKCkARCgpAEUoKQBGKCkAR0gBcF
90=ZR+0jIAVH7SUkBz1gYXZlKyAFFSktIAXBWSfNMSAFcA3mKTSgpAE4oKQBPKCkAUCgpAFEo
91=KQBSSQHiSAhJDFNIAUQBcQlUKCkAVSgpAFYoKQBXKCkAWCgpAFkoKQBaKCkAWygpAFwoKQ
92=BdKCkAXigpAF8oKQBgKCgAAiEAIQCRihMAIkkBiakBIygpACRJAYu1AiVIAXxXVVomyAFV
93=WidJATRjBAQAKEgB1VopSAFwAlVaKigpACsoKQAsKCkALSgpAC4oKQAvKCkAMCgpADEoKQ
94=AyKCkAMygpADRJAd9ED1UuNcgBQTs2SAFoWUE7N0gBXANtMTgoKQA5KCkAOigpADsoKQA8
95=KCkAPSgpAD4oKQA/KCkAQCgpAEEoKQBCKCkAQygpAEQoKQBFKCkARigpAEcoKQBISAFwVl
96=UuScgBAQQEAErIAUn+S0gBzRtMKCkATSgpAE4oKQBPKCkAUCgpAFFIAXBWTSZSyAFVDVNI
97=Ad0KVCgpAFUoKQBWKCkAVygpAFgoKQBZKCkAWigpAFsoKQBcKCkAXSgpAF4oKQBfKCkAYC
98=gpAGEoKQAgRVj3RMNBFSFJAe+pASIoKQAjKCkAJCgpACVJAfGtBSZIAWBcAQUAACdIAXRa
99=TV0oyAFdIClIAXy6lloiAM1dK1QCUA5lSiwoKQAtKCkALigpAC8oKQAwKCkAMSgpADIoKQ
100=AzSAFoWUEPNMgBWT01yAFZPTZIAcEPNygpADgoKQA5KCkAOigpADsoKQA8KCkAPSgpAD4o
101=KQA/KCkAQCgpAEEoKQBCKCkAQygpAEQoKQBFSAEiTEFNJkbIAU1zR8gBXUxIyAFZHElJAc
102=9FGgd1WiJAAUsABABLVAJAAX0rTCgpAE0oKQBOKCkATygpAFAoKQBRSAF0WlknUsgBWSdT
103=SAHdClQoKQBVKCkAVigpAFcoKQBYKCkAWSgpAFooKQBbKCkAXCgpAF0oKQBeKCkAXygpAG
104=AoKQBhKCkAYigoAAIfACMAWoAWXLeoAV1WIVUCW7UCIsgBVQIjSQFdtQIkyAFVAiVJAe1c
105=AEEDJkkB76kBJ0gBxWAoSAF4XkVgKUgBbF1FYCrIAUU0K0gBaGRVOSxIAUAJeTItKCkALi
106=gpAC8oKQAwKCkAMSgpADIoKQAzKCkANEgBeF5RQDVIAckMNigpADcoKQA4KCkAOSgpADoo
107=KQA7KCkAPCgpAD0oKQA+KCkAPygpAEAoKQBBKCkAQigpAEMoKQBEKCkARUgBbF1dTEbIAV
108=1MR8gBAQYEAEjIAU0bSUgBzRtKKCkASygpAEwoKQBNKCkATigpAE8oKQBQKCkAUUgBbF1V
109=DVJIAckMUygpAFQoKQBVKCkAVigpAFcoKQBYKCkAWSgpAFooKQBbKCkAXCgpAF0oKQBeKC
110=kAXygpAGAoKQBhKCkAYigpAGMoKAACHgAkADpEVUkAH0gBZGBNUiDKAQMARsAkAGRgVQIi
111=VAJoAVUCI0gBZGBVAiTIAVUCJUkBgI4iACbIAV0KJ0kB8FwAQQMoSAGfugAAKSgpACpIAX
112=BhXWIrSAFkYF0KLMgBXWItSAFUB3FhLigpAC8oKQAwKCkAMSgpADIoKQAzKCkANCgpADUo
113=KQA2KCkANygpADgoKQA5KCkAOigpADsoKQA8KCkAPSgpAD4oKQA/KCkAQCgpAEEoKQBCKC
114=kAQygpAEQoKQBFSAFlYAgi/UwkI2RPAQkEAEfVAgplYCScJAEABABJVAKMAXS9J1UASyhV
115=AEwoKQBNKCkATigpAE8oKQBQSQHcVAlNy1HIAU3LUkgBUAJ5MlMoKQBUKCkAVSgpAFYoKQ
116=BXKCkAWCgpAFkoKQBaKCkAWygpAFwoKQBdSQGNZw8EAF5JAYWpAV8oKQBgKCkAYSgpAGIo
117=KQBjSQGHuQZkSAFkAU8mHQAlkGFVTx7IAUUDH8gBSVggyAFBBCHIAVleIsgBVQIjSAF9Yg
118=QibjolAGgBVVolVQKARAlBBCbIAVkGJ0gBJ10MJSS8I3xiJykAKkAE1WUrKCkALEgBaGRd
119=Ci1JATZcCgEABAAuyAFFNC9JATi1AjBIAWRrQQQxSAGTCQQAMkgBfANVAjNJAYBAGwEBAw
120=A0yAEBAgMANUkBIGcEAwA2SQGBQAQBAAMAN8gBTQU4SAF8A0UIOSgpADooKQA7KCkAPCgp
121=AD0oKQA+KCkAPygpAEAoKQBBKCkAQigpAEMoKQBESAFk2UUeRcgBTVJGSAFpZA19YiWMFF
122=EUSFQCjAF8YidVAEooVQBLKCkATCgpAE0oKQBOKCkAT0gBcGFBk1DIAUnSUcgBAQUEAFJI
123=AdUNUygpAFQoKQBVKCkAVigpAFcoKQBYKCkAWSgpAFooKQBbKCkAXCgpAF1JAYxkD39iJQ
124=CDqQFfVALJAWAoKQBhKCkAYigpAGNJAYa5BmRIAWQBWSdlKCkAHES7fMVJWR3IAVEEHsgB
125=VQIfyAFBXCDIAUEEIcgBRUkiyAFVAiPIAVUCJMgBRQglSQF0VANJACbIAUEEJ0gBJXUlKE
126=gBJXUlKSgpACpIASWhJStJAZNYB0kALEgBm14AAC1IAXRlSQwuyAFRFC9IAXRlSQwwSAF0
127=ZUEEMckBA3ZlJgBoZEkBM1QCaQEEdGW2AgUCVGUiwElNDQJWZSYAdmUDAlRlqAFNBThYBn
128=QCSUM5SAFoDFEqOkgBhxMEADtIAVwHYak8KCkAPSgpAD4oKQA/KCkAQCgpAEEoKQBCKCkA
129=Q0gBaGRJF0TIAUVVRcgBWRFGSAHBD0coKQBIKCkASSgpAEooKQBLKCkATCgpAE0oKQBOSA
130=EiREBNc0/IAU1zUEgBYGcBBwQAUUgBwQ9SKCkAUygpAFQoKQBVKCkAVigpAFcoKQBYKCkA
131=WSgpAFooKQBbSQGNew0EAFxJAYWpAV1JAYOpAV4oKQBfKCkAYCgpAGEoKQBiKCkAYygpAG
132=RIAd0KZSgpAGYoKwAbACeMy0EOHCgpAB3IAUlOHsgBQQQfyAFNUiDIAVUCIcgBVQIiyAFZ
133=BiPIAUlZJMgBTQUlSQF4XABJACbIAVkGJ0kBXEgCSQAoSAF000kBKcgBQQQqSAHRbCtIAd
134=FsLEgBxWstSAFIBmkALigpAC9IAYtZAAAwKCkAMUgBbF1B1TJIAWBnAQYAADPKAQcARc4n
135=hmsIAUxoJaVWAU1oJ45oBgFMaKgBTQU4WAZsaAEIAAA5SAF8ClEfOskBA21oJ0AKQxMEAD
136=xUApsRBAA9SAFMAmVrPigpAD8oKQBAKCkAQSgpAEIoKQBDKCkAREgBeGldV0VIAd0KRigp
137=AEcoKAACSAAnAAARAAB5DgAgBgAAAAAEAEkAJ1wASAABBABKACcpAEsoKQBMKCkATUkB4U
138=gFAQMEAE7IAQEEBABPyAEBBQQAUEgBXAN9ClEoKQBSKCkAUygpAFQoKQBVKCkAVigpAFco
139=KQBYKCkAWSgpAFpJAY17DQQAW0kBg6kBXCgpAF0oKQBeKCkAXygpAGAoKQBhKCkAYigpAG
140=MoKQBkKCkAZSgpAGYoKQBnSQGGrBAJGgAoADoBAAADAAAbyAEBAgAAHEkBQlQCTQQdKCkA
141=HigpAB9IAdkGIMgBWQYhSAHZBiJIAWAERQgjKCkAJMgBSQslSQF4VANZBibIAU0QJ0kBXF
142=QCQQQoSQFdSAFBBCnIAUEEKkkBgFQCSQAryAFNBSxJAfBcAFUCLUoB//9DAQAALigpAC8o
143=KQAwKCkAMSgpADIoKQAzSQGAUAkBCgAANMgBAQsAADVJASCaCgA2SQGBQAQBCQAAN8gBTQ
144=U4SAHBDzkoKQA6SQExWAYBBQAAO0kBNEgBQRo8yAEBAwQAPUkBM1QCAQAEAD5IAYcIBAA/
145=SAFwAlUCQCgpAEEoKQBCKCkAQygpAEQoKQBFKCkARigpAEcoKQBIKCkASSgpAEooKQBLKC
146=kATCgpAE1IAWVrBmZrKABpAQdlayiYFV0VUEAEjwEEAFEoKQBSKCkAUygpAFQoKQBVKCkA
147=VigpAFcoKQBYKCkAWSgpAFpJAYx4DWdrKACDqQFcVALJAV0oKQBeKCkAXygpAGAoKQBhKC
148=kAYigpAGMoKQBkKCkAZSgpAGYoKQBnKCkAaEkBhbsRGQApkGxVARrIAVlHG8gBVQIcyAFV
149=Ah3IAVUCHsgBVQIfKCkAIMgBQQQhKCkAIsgBUUsjKCkAJMgBQWclyAFBBCbIAVUCJ8gBUQ
150=koSAF+bQQAQgEpAGgBUVYqUQGAVANZBivIAVkGLEgBJ74NKQCQVnxtJykAL0AE1QIwKCkA
151=MSgpADIoKQAzKCkANCgpADUoKQA2KCkANygpADgoKQA5KCkAOigpADsoKQA8SAFob0EaPU
152=gBfG1BGj7JAQN+bSkAeHQBAAQAQFQCixcEAEFIAUwfccRCKCkAQygpAEQoKQBFKCkARigp
153=AEcoKQBIKCkASSgpAEooKQBLKCkATCgpAE1IAXFsCX1tKZ1tCn1tKYATXRVQQASMAXxtJ1
154=UAUihVAFMoKQBUKCkAVSgpAFYoKQBXKCkAWEgBzdZZSAHJWVpJAYN4DX1tKSi8DScpAF0o
155=gQBeKCkAXygpAGAoKQBhKCkAYigpAGMoKQBkKCkAZSgpAGYoKQBnKCkAaCgpAGlJAYawFA
156=IYACoAYmsBAAAZyAFZaRpIAXTTSQEbyAFNBBzIAVUCHcgBVUQeyAFZXh8oKQAgyAFBBCEo
157=KQAiyAFRCSMoKQAkyAFdCiXIAUEEJsgBVQInyAFRCSjIAVUNKcgBVQIqSQF0TAZJACvIAV
158=kGLEkB7VwAVQItSQHxqQEuSAGfVwAALygpADAoKQAxKCkAMigpADMoKQA0KCkANSgpADYo
159=KQA3KCkAOCgpADkoKQA6KCkAOygpADwoKQA9KCkAPkgBYHJNcz9IAXRwRR5AyQEDdXAqQP
160=FTHAQAQlQCjxsEAENIAUwCbXNEKCkARSgpAEYoKQBHKCkASCgpAEkoKQBKKCkASygpAExJ
161=Ad9MDAEBBABNyQECdXAqlXANdXAqWANIACI8KScpAFFMBUwCZRNSKCkAUygpAFQoKQBVKC
162=kAVigpAFcoKQBYSAHd21lJAYNjCwQAWigpAFsoKQBcKCkAXSgpAF4oKQBfKCkAYCgpAGEo
163=KQBiKCkAYygpAGQoKQBlKCkAZigpAGcoKQBoKCkAaUgB1XBqSAFkF1iVAhcAKwD3pVUYSA
164=Fsc1k9GcgBWV4aSAFsc10FG8gBWQUcyAFVAh3IAVUCHigpAB8oKQAgyAFNBSEoKQAiyAFV
165=DSMoKQAkyAFBDyXIAUEEJsgBVQInyAFRCSjIAUEPKcgBVQIqSQF1XABJACvIAUEELMgBUQ
166=ktSAHR5S5IAZxXbXMr/eYwKFUAMSgpADIoKQAzKCkANCgpADUoKQA2KCkANygpADgoKQA5
167=KCkAOigpADsoKQA8KCkAPSgpAD4oKQA/KCkAQEkBMVgdRXZBSAFg61kcQskBA29zKwAzQA
168=RZPURUAoceBABFSAFwAlUCRigpAEcoKQBIKCkASSgpAEooKQBLSAFgckkMTMkBBG5zKwB1
169=AgVtcyuEDEkMT0AEjAFscydVAFEoVQBSKCkAUygpAFQoKQBVKCkAVigpAFcoKQBYSAEnbQ
170=4r7eFaVQKDZA9k5CdVAFwoVQBdKCkAXigpAF8oKQBgKCkAYSgpAGIoKQBjKCkAZCgpAGUo
171=KQBmKCkAZygpAGgoKQBpSAEnbA4ndQRrVAJkF1snFgAs+VMXSQH2SFpFAxhJAWRcAEkAGc
172=gBQQMaSAFkdlFAG8gBQWccyAFNBR3IAU0FHsgBVQIfSQFCSAJJASAoKQAhSAHRCSLIAVEJ
173=I8gBSQwkyAFVAiXIAVUCJkgB0QknSAHFCCjIAU0FKcgBTQUqSAFkdlUCK8oBBABCASwAdA
174=JVWi1QASfEDicdBC9UAotZAAAwKCkAMSgpADIoKQAzKCkANCgpADUoKQA2KCkANygpADgo
175=KQA5KCkAOigpADsoKQA8KCkAPSgpAD4oKQA/KCkAQCgpAEEoKQBCSAFwd0UeQ0gBZHZVI0
176=TJAQNldiwmVSxGVAKTHwQAR0gBTDZ920goKQBJKCkASigpAEsoKQBMSAF5dAdldiyACF1M
177=TlQCjAF06SdVAFAoVQBRKCkAUigpAFMoKQBUKCkAVSgpAFYoKQBXKCkAWEgBJ8UOLCjEDi
178=cpAFtBBIN/EQQAXCgpAF0oKQBeKCkAXygpAGAoKQBhKCkAYigpAGMoKQBkKCkAZSgpAGYo
179=KQBnKCkAaCgpAGlIASfEDiehBGtUAngVRSlsKCsAFQAt8XcWKCkAF0gBJx8PLQBmngYAGV
180=QCaAFBcRrIAVFAG0gBbGhVAhzIAVkFHcgBVQIeKCkAH8gBQQQgKCkAIcgBUQkiyAFdbSPI
181=AVUCJMgBVQIlyAFFCCbIAUkMJ8gBTQUoyAFNBSkoKQAqSQFAQAVBBCtJAXJYB0kALMgBQQ
182=MtSAEnHw8tAI9UA0kAL1QCWABpADAoKQAxKCkAMigpADMoKQA0KCkANSgpADYoKQA3KCkA
183=OCgpADkoKQA6KCkAOygpADwoKQA9KCkAPigpAD8oKQBAKCkAQSgpAEIoKQBDKCkAREgBaH
184=pVe0VIAWD2QSVGyQEDfXgtJl0tSFQC1XtJSAFoI0VKSkgBIiBMAQEDAEvIAQECAwBMSAEj
185=I0wDAE1IASIgTAEAAwBOyAFNBU9IAcUIUCgpAFEoKQBSKCkAUygpAFQoKQBVKCkAVigpAF
186=coKQBYSAEnHQ8tKBwPJykAW0EEg3AQfHgnVQBdKFUAXigpAF8oKQBgKCkAYSgpAGIoKQBj
187=KCkAZCgpAGUoKQBmKCkAZygpAGgoKQBpSQGGpRNqSAFkAUktaygpAGwoKQBtKCsAFAAu6X
188=oVKCkAFigpABdIASd1Dy6Ue1VlGVQCdHtd2xrIAV1BG0gBdHtBBBzIAUlDHcgBVQIeKCkA
189=H8gBQQQgKCkAIcgBWRciKCkAI8gBTQUkyAFRCSXIAVUCJsgBVQInyAFFCCjIAUV2KSgpAC
190=rIAUEEK0gBdHtFCCzIAUUILUgBJ3cPLgCOQAVJAC9UAlgAaQAwKCkAMSgpADIoKQAzKCkA
191=NCgpADUoKQA2KCkANygpADgoKQA5KCkAOigpADsoKQA8KCkAPSgpAD4oKQA/KCkAQCgpAE
192=EoKQBCKCkAQygpAERIAYd2AABFKCkARkgBYH1NPEdIAXD7TSZIyAEBAwQASUgBaHpJAUrJ
193=AQR2ey4AdgIFAlZ7LgCVewJWey4AdnsDAlR7qAFNBU9YBnUCBSJdLS7hiFFUApsRBABSSA
194=F0L1VaUygpAFQoKQBVKCkAVigpAFcoKQBYSAEndQ8uKHQPJykAW0EEg2wMdHsnVQBdKFUA
195=XigpAF8oKQBgKCkAYSgpAGIoKQBjKCkAZCgpAGUoKQBmKCkAZygpAGgoKQBpSAEndQ8uaB
196=QimSRrVAKPAQQAbCgpAG0oKQBuKCsAEwAv4X0UKCkAFSgpABYoKQAXSQH6VGZNCxhIASUt
197=SBlJAWRIAkkAGsgBTQQbSAFsfkkBHMgBQQQdyAFVAh4oKQAfyAFBBCAoKQAhKCkAIsgBWQ
198=YjyAFNBSQoKQAlyAFVTybIAUV2J8gBVQIoyAFVAikoKQAqSQF2RAlJACvIAUkMLMgBWQYt
199=SAEnzQ8vKM0PL0QGiQAwQASDAQAAMSgpADIoKQAzKCkANCgpADUoKQA2KCkANygpADgoKQ
200=A5KCkAOigpADsoKQA8KCkAPSgpAD4oKQA/KCkAQCgpAEEoKQBCKCkAQygpAERIAZBsbH4n
201=lQhGKFUARygpAEhIAXh/RYFJSAF0ewEGAABKygEHAEX6L45+CAFNfi+tfgFNfi+OfgYBTH
202=6oAU0FT1gGbH4BCAAAUEgBfApNMVHJAQNtfi9YLV8uBABTVAKTFAQAVEgBTAJlYFUoKQBW
203=KCkAVygpAFhJAZBzBQQAWUkBiKkBWkkBg6kBWygpAFwoKQBdKCkAXigpAF8oKQBgKCkAYS
204=gpAGIoKQBjKCkAZCgpAGUoKQBmKCkAZygpAGgoKQBpSQGKsRRqSAFkAU2faygpAGwoKQBt
205=KCkAbigpAG8oKwASADD5fxMoKQAUKCkAFSgpABYoKQAXKCkAGEgBJSEgGUkBe54RABrIAV
206=lpG0kBbLUCHEkBbqkBHcgBQQQeSAFohU1zH8gBWT0gSQFCVANZBSFIAWAEVQIiyAFVAiPI
207=AVUCJCgpACXIAVEJJsgBTQUnKCkAKMgBSQspyAFABAoqADAAdgAAAAMAACsAEQAAgw4AIA
208=gwAHYAAAAEAAAsAKgBAQUAAC1LAfABAGEALkkBjmMBAAAvSAGkAUEBMMYBADFQAc0BMigp
209=ADMoKQA0KCkANSgpADYoKQA3KCkAOCgpADkoKQA6KCkAOygpADwoKQA9KCkAPigpAD8oKQ
210=BAKCkAQSgpAEIoKQBDKCkAREoB//+JGkUoKQBGKCkARygpAEgoKQBJKCkASkkBgFgnAQoA
211=AEvIAQELAABMSQEgmgoATUkBgUAEAQkAAE7IAU0FT0gBwQ9QKCkAUUkBNFgGWTJSSQExSA
212=EBAgAAU8gBAQMEAFRJATNUAgEABABVSAGHCAQAVkgBcAJVAlcoKQBYKCkAWSgpAFpJAYxz
213=BQQAW0kBg6kBXCgpAF0oKQBeKCkAXygpAGAoKQBhKCkAYigpAGMoKQBkKCkAZSgpAGYoKQ
214=BnKCkAaEkBhrkRaUgBZAFBGmooKQBrKCkAbCgpAG0oKQBuSQHaXAYBAgQAb0gBRQEARQhw
215=KCkAEURYjyYAABIoKQATKCkAFCgpABUoKQAWKCkAFygpABhJAfZAO1kMGUkBe1wAUTUayA
216=EBAwAAG0kBbFQCTQQcSQFuSAFBBB3IAUEEHkgBYARBAx9IAWAESQEgyAFZBiFJAUBcAEkA
217=IkkBOlwARQgjyAFNBSQoKQAlyAFNBCbIAU0FJygpACjIAUEPKcgBQQQqSQFzRAlJACvIAU
218=UILEkB7VwAVQItSQH0qQEuSQGSSAJJAC9IAVgAaQAwKCkAMSgpADJJAbS5BjPIAVUBNMgB
219=QQ81yAFZETbIAQEEAAA3yAFFYDjIAQEGAAA5SAFoDU0AOigpADsoKQA8KCkAPSgpAD4oKQ
220=A/KCkAQCgpAEEoKQBCKCkAQygpAERIAcFGRSgpAEYoKQBHKCkASCgpAEkoKQBKKCkASygp
221=AEwoKQBNKCkATigpAE8oKQBQKCkAUSgpAFIoKQBTSAFohU0mVEgBfINdK1XJAQN+gzEAeI
222=pRYVdUAoMaBABYSAFAKmlkWSgpAFpJAZB4An+DMQCIqQFcVALJAV1JAYO1Al4oKQBfKCkA
223=YCgpAGEoKQBiKCkAYygpAGQoKQBlKCkAZigpAGcoKQBoSQGKoQ9pSAFkAUEaaigpAGsoKQ
224=BsKCkAbUgBcIIBBQQAbskBBn6DMQB0AgEHBABwVALRCXEoKAABEAAyAIMlAAARKCkAEigp
225=ABMoKQAUKCkAFSgpABYoKQAXKCkAGEkB+kRhRQ4ZSQHyqQEaKCkAG0gByW8cSAFwgl1iHc
226=gBTTweSAF0hkUHH0gBYARZPSDIAVlpIcgBSQwiyAFNBSNIAcGIJCgpACVJAUJUA00FJkgB
227=YARJASfIAUEDKMgBVQIpSAF0kUkBKkgBdIZBDyvIAUEPLEgBJSkhLUkBj0AFSQAuSAHFKS
228=8oKQAwKCkAMSgpADJIAXSGAQcAADPKAQgATlcyAHQCSeg11AJJ6DbIAVntN8gBAQwAADjJ
229=AQ11hjJYD4kAOlQCgwEAADsoKQA8KCkAPSgpAD4oKQA/SAHJF0AoKQBBKCkAQigpAEMoKQ
230=BEKCkARSgpAEYoKQBHKCkASCgpAEkoKQBKKCkASygpAEwoKQBNKCkATigpAE8oKQBQKCkA
231=USgpAFIoKQBTKCkAVCgpAFVIAWCIXUxWSAF0hk08V8kBA3SGZLtPKQQAWVQClyMEAFpIAU
232=wCbYlbKCkAXCgpAF1IASXZIV5JAYNzBQQAXygpAGAoKQBhKCkAYigpAGMoKQBkKCkAZSgp
233=AGYoKQBnSAHJhWhIAXANSYVpKCkAaigpAGsoKQBsSQHaUAUBCAQAbckBCXWGMomFCnSGxE
234=p0hicpAHFMBVQGcR9yKCkAD0RYlyMAABAoKQARKCkAEigpABMoKQAUKCkAFSgpABYoKQAX
235=KCkAGCgpABkoKQAaKCkAG0kB+lB4VRMcSAHRjR0oKQAeSAHRjR9IAWyJUY0gyAFRQCHIAV
236=FAIsgBQX0jSQFpUApJACTIAVUMJcgBVQImyAFVAifIAVUCKMgBVQIpSAFwmFUCKkkBflwA
237=SQAryAFBBCxIAScuETMAJVkyLlQC0SovKCkAMCgpADEoKQAySAF1hg5tiTOBiA9siagBAR
238=AAADXABAERAAA2yQESIgQioQQTbImpARRsiXRiSxQAADpMBYABbIknVQA8KFUAPSgpAD4o
239=KQA/SAHJF0AoKQBBKCkAQigpAEMoKQBEKCkARSgpAEYoKQBHKCkASCgpAEkoKQBKKCkASy
240=gpAEwoKQBNKCkATigpAE8oKQBQKCkAUSgpAFIoKQBTKCkAVCgpAFUoKQBWKCkAV0gBeIpR
241=S1hIASLgIlFLWckBA22JM1ABRCwiBSIzs/AEAFysAnFsXUgBJYkiXkkBiEgFVXtfSQGDqQ
242=FgKCkAYSgpAGIoKQBjKCkAZCgpAGUoKQBmSQGKsQlnSAFkAUkMaCgpAGkoKQBqKCkAa0kB
243=2HMFBABsyQEBbYkzgIgBDQQAblQCfANRCW8oKQBwKCkAcSgpAHIoKQBzKCkADlXhSGsIBA
244=APyAFJDBBJAUq1AhEoKQASSQFJtQITyAFNBRRJAUe1AhXIAVUCFkgBxQgXKCkAGCgpABlI
245=AdEJGsgBWQYbSAHd/BxJAUa9Ch3IAV14HkgByZAfSAHJkCBIAd2OIUgB3Y4iyAFJQyNIAW
246=SMSUMkyAFdjiXIAVUCJsgBVQInyAFVAijIAVUCKUgBZIxNECpIAWSMQQQryAFBBCxIASeG
247=ETQAmz0AAC5UAtl0LygpADAoKAAiKC3BBDJUAmWMFWWMNIWMFmSMqQEXZIypARhkjKkBGW
248=SMqQEaZIypARtkjHRifCdEjCcpADtJDO1QAlUYPMgBVRg9SAFQAmkAPigpAD9IAcUTQCgp
249=AEEoKQBCKCkAQygpAEQoKQBFKCkARigpAEcoKQBIKCkASSgpAEooKQBLKCkATCgpAE0oKQ
250=BOKCkATygpAFAoKQBRKCkAUigpAFMoKQBUKCkAVSgpAFYoKQBXKCkAWCgpAFlIAXCNUUta
251=SAFgt0UpW8kBA2WMNLf3BABd1AJZdF5IAZAqIrYiNADdjmBUAt2OYSgpAGIoKQBjKCkAZC
252=gpAGVIAZ9MBABmSAF8N0kMZygpAGgoKQBpKCkAakkB31AFXW1ryQECZow0AHCNSRdtVAJc
253=A3GjbigpAG8oKQBwKCkAcSgpAHIoKQBzKCkAdCgpAA1M5N0KDkgB3SAPSAHVAhAoKQARKC
254=kAEigpABNJAY1zBQQAFEkBhakBFSgpABYoKQAXKCkAGCgpABkoKQAaKCkAG0kBhrEJHEkB
255=QqkBHcgBVWUeSAEjwykAAB9IAYMPAAAgSAHVkSFIAdWRIigpACMoKQAkKCkAJSgpACYoKQ
256=AnKCkAKCgpACkoKQAqKCkAKygpACxIASVBRS1IAZAqfY41qN0i7FUnKQAwQQTvbxsAADHI
257=AU0bMkkB5rUCM8gBVQI0yAFVWjXIAVWcNsgBWQU3yAFNBTjIAU0FOcgBTQU6SAFwjUkBO8
258=gBAQQAADzIAUFnPUgBQAlpAD4oKQA/SAHVGEAoKQBBKCkAQigpAEMoKQBEKCkARSgpAEYo
259=KQBHKCkASCgpAEkoKQBKKCkASygpAEwoKQBNKCkATigpAE8oKQBQKCkAUSgpAFIoKQBTKC
260=kAVCgpAFUoKQBWKCkAVygpAFgoKQBZKCkAWigpAFtIAWiQUSpcSAEiLDFZMl1IAXQCWTJe
261=yAFVe19IAWSXSYVgSAGLLQQAYUgBYDFVAmIoKQBjKCkAZCgpAGUoKQBmKCkAZygpAGgoKQ
262=BpSAFwjUEPasgBAQQEAGvJAQV9jjWcDkEPbVQCjAEiZCMnVQBvKFUAcCgpAHEoKQByKCkA
263=cygpAHQoKQB1KCsADAA2hAxVDQ0oKQAOKCkADygpABAoKQARKCkAEkgByZATSQGDeAl2kT
264=YAyQEVKFUAFigpABcoKQAYKCkAGSgpABooKQAbSAEnNxI2AECpDB1UAmgBQTseSAEnNBLA
265=D3SRJykAIUAEmxEAACJJAYdnCAAAI0gBmz0AACQoKQAlSQGRoQQmSQGJqQEnKCkAKCgpAC
266=koKQAqSQGLrQUrSAHdCiwoKQAtKCkALigpAC8oKQAwSAF0kVlTMcgBSYUySAF0kUmFM8gB
267=VVo0yQEGIhYkNgBhBAciFCSoAU0FN8AETQU4yAFNBTnIAU0FOkgBdJFVAjvIAVUCPEgBsh
268=gAPSgpAD4oKQA/SAHNG0AoKQBBKCkAQigpAEMoKQBEKCkARSgpAEYoKQBHKCkASCgpAEko
269=KQBKKCkASygpAEwoKQBNKCkATigpAE8oKQBQKCkAUSgpAFIoKQBTKCkAVCgpAFUoKQBWKC
270=kAVygpAFgoKQBZKCkAWigpAFsoKQBcKCkAXSgpAF5IAWCTUTVfSAF0kVFAYMkBA3SRIgg9
271=QzMEAGJUAoMwBABjSAFMAiJdImQoKQBlKCkAZigpAGcoKQBoKCkAaSgpAGpIAWGTB3SRJ1
272=EQbFQCyQxtKCkAbigpAG8oKQBwKCkAcSgpAHIoKQBzKCkAdCgpAHUoKQB2KCsACwA3nA5B
273=kwwoKQANKCkADigpAA8oKQAQKCkAESgpABJIAZ+DBAATSQGDZAttlDcojBInKQAWKIEAFy
274=gpABgoKQAZKCkAGigpABtIASeNEjeMlAECBAAdVAJslF14HkgBI3grIsUkNyTkX2yUJykA
275=IUAEI9ArbZQ3JsE0I1QCmD1tlDcmDSMlKFUAJigpACcoKQAoKCkAKSgpACooKQArKCkALC
276=gpAC0oKQAuKCkALygpADAoKQAxKCkAMkkBs1ywXSozyAFVATTIAUlZNcgBXSA2yAGOlDcA
277=eAZZXjjUAlWROUgBxR46SAFMCmkAOygpADwoKQA9KCkAPigpAD9IAcUIQCgpAEEoKQBCKC
278=kAQygpAEQoKQBFKCkARigpAEcoKQBIKCgAB0kANwD//wAAAAARAAAGDgAgBQBKADcA//8A
279=YQBLKCkATCgpAE0oKQBOKCkATygpAFAoKQBRKCkAUigpAFMoKQBUKCkAVSgpAFYoKQBXKC
280=kAWCgpAFkoKQBaKCkAWygpAFwoKQBdKCkAXigpAF8oKQBgSQExXB0BBQAAYUkBM0gBAQIA
281=AGLIAQEDBABjSQE0VAIBAAQAZEoB//9PAQQAZUgBQQEAVQJmKCkAZygpAGgoKQBpKCkAai
282=gpAGsoKQBsKCkAbSgpAG4oKQBvKCkAcCgpAHEoKQByKCkAcygpAHQoKQB1KCkAdkoB9wFT
283=FwQAd0kB8asBCgA4SAJLAAQACygpAAwoKQANKCkADigpAA8oKQAQKCkAEUkBjUwJVSMSSQ
284=GDqQETKCkAFCgpABUoKQAWKCkAFygpABgoKQAZKCkAGigpABtJAYapDBxJAT+pAR3IAVkb
285=HkgBnzYAAB8oKQAgKCkAISgpACIoKQAjKCkAJEkBhEQJSQAlyAFVRCZJAYVIAkEOJ8gBVQ
286=EoSAHVDSkoKQAqKCkAKygpACwoKQAtKCkALigpAC8oKQAwKCkAMSgpADJJAbNUDgEHAAAz
287=yAEBCAAANMgBAQkAADXIAQEKAAA2ygELAF4+OAB6BgwATAKoAQENAAA5UAFQGWkAOigpAD
288=soKQA8KCkAPSgpAD4oKQA/SAHRH0AoKQBBKCkAQigpAEMoKQBEKCkARSgpAEYoKQBHKCkA
289=SCgpAEkoKQBKKCkASygpAEwoKQBNKCkATigpAE8oKQBQKCkAUSgpAFIoKQBTKCkAVCgpAF
290=UoKQBWKCkAVygpAFgoKQBZKCkAWigpAFsoKQBcKCkAXSgpAF4oKQBfKCkAYCgpAGEoKQBi
291=SAFwmF2ZY0gBZJdFVWTJAQNmlzgAYJ5Nc2ZUApM1BABnSAF4PlUCaCgpAGlJAYBQSwEBAw
292=BqyAEBAgMAa0kBgVQCAQADAGzIAUEEbUgBxQhuKCkAbygpAHAoKQBxKCkAcigpAHMoKQB0
293=KCkAdSgpAHZJAfZgD2eXOAB6ew0EAHhUAmgBAQEEAAlEWHACVRgKKCkACygpAAwoKQANKC
294=kADigpAA8oKQAQKCkAEUkBjGMLBAASSQGDqQETKCkAFCgpABUoKQAWKCkAFygpABgoKQAZ
295=KCkAGigpABtIASc+EzkAfJkBAgQAHVQCaAEBAwAAHkgBnDZ+mTkAyQEgKFUAISgpACIoKQ
296=AjSAFwmEUIJMgBAQQAACXIAQEFAQAmSAF8mQEDAQAnyAFBBCjIAUVKKUgB1Q0qKCkAKygp
297=ACwoKQAtKCkALigpAC8oKQAwKCkAMSgpADJIAWGTDn2ZOY2UD3yZqQEQfJmpARF8makBEn
298=yZqQETfJmpARR9mTloNW0AOlwKfABNADsoKQA8KCkAPSgpAD4oKQA/SAHFHkAoKQBBKCkA
299=QigpAEMoKQBEKCkARSgpAEYoKQBHKCkASCgpAEkoKQBKKCkASygpAEwoKQBNKCkATigpAE
300=8oKQBQKCkAUSgpAFIoKQBTKCkAVCgpAFUoKQBWKCkAVygpAFgoKQBZKCkAWigpAFsoKQBc
301=KCkAXSgpAF4oKQBfKCkAYCgpAGEoKQBiKCkAYygpAGRIAWibTVJlSAF8mVWcZskBA3+ZOQ
302=AyTD1FgWhUAnCYVQJpyQEEfpk5AHYCBQJemTkAfpkDAlyZqAFBBG1MBXQCAQUEAG5IAXQN
303=UQlvSAGfQQQAcEgBZAxVAnEoKQByKCkAcygpAHQoKQB1KCkAdkgBJz0TOZyZQX14VAJ8mV
304=0VeUkBQ6OeCAA6kA1VDQkoKQAKKCkACygpAAwoKQANKCkADigpAA8oKQAQKCkAEUgBJ5cT
305=OgCDfw0EABNUAskBFCgpABUoKQAWKCkAFygpABgoKQAZKCkAGigpABtIASeXEzoASLUNHV
306=QCaAFRuR5JAUe1Ah/IAVUCIEkBSrUCIUgBbAVJIiLIAUEEI0gBdJwBBgQAJMoBBwNWnDoA
307=dgIIAlacOgB2nAYCV5w6AClzCQIAKE0FTmkBBEYCOgDJDCpUAskBK0kBSaEELEkBRqkBLc
308=gBUTQuSAGLQwAALygpADAoKQAxKCkAMkgBdZwVdZw6lZwWdJypARd0nKkBGHScqQEZdJyp
309=ARp0nKkBG3ScyUMAVAonKQA7UAFsFE0APCgpAD0oKQA+KCkAP0gByRdAKCkAQSgpAEIoKQ
310=BDKCkARCgpAEUoKQBGKCkARygpAEgoKQBJKCkASigpAEsoKQBMKCkATSgpAE4oKQBPKCkA
311=UCgpAFEoKQBSKCkAUygpAFQoKQBVKCkAVigpAFcoKQBYKCkAWSgpAFooKQBbKCkAXCgpAF
312=0oKQBeKCkAXygpAGAoKQBhKCkAYigpAGMoKQBkKCkAZSgpAGZIAWCeTZ9nSAF0nFVPaEgB
313=fJkBBgAAacgBAQcAAGrKAQgBVZw6lpwGAVScqAFBBG1ABHacCABWnDoAdJxBqW9UAmkBA3
314=acOgAiPClRbHFUApdEBABySAFASyL5O3MoKQB0KCkAdSgpAHZIASeXEzoAZHwGItQmqAFF
315=dnlBBEBIGEkBekgBw54HADtkBWkMCCgpAAkoKQAKKCkACygpAAwoKQANKCkADigpAA8oKQ
316=AQKCkAEUgBJ+0TOyjsEycpABRBBINjEgQAFSgpABYoKQAXKCkAGCgpABkoKQAaKCkAG0kB
317=hrEJHEgBZAFdKx0oKQAeKCkAHygpACAoKQAhKCkAIigpACMoKQAkSAFhngptnzuOnwsDTZ
318=87jp8JA0+fOwBMRA9FzihMBWkBA22fOyQ/KQQAKlQC2T0rKCkALEkBQlgGXRUtyAFJNy5I
319=AYwFbJ/HCAAAMChVADEoKQAySAFgCE0AMygpADQoKQA1KCkANigpADcoKQA4KCkAOSgpAD
320=ooKQA7KCkAPCgpAD0oKQA+KCkAPygpAEAoKQBBKCkAQigpAEMoKQBEKCkARSgpAEYoKQBH
321=KCkASCgpAEkoKQBKSAHNJksoKQBMKCkATSgpAE4oKQBPKCkAUCgpAFEoKQBSKCkAUygpAF
322=QoKQBVKCkAVigpAFcoKQBYKCkAWSgpAFooKQBbKCkAXCgpAF0oKQBeKCkAXygpAGAoKQBh
323=KCkAYigpAGMoKQBkKCkAZSgpAGYoKQBnKCkAaCgpAGlJAYBBUgptnzsjhicLAE2fO46fCQ
324=BMn6gBQQRtTAXBMG4oKQBvSAFsn1mrcEgBbJ9FonHIAUlkckgBfK8BAAQAc0gBhwgEAHRI
325=AURaeZV1KCkAdkgBJ+8TOwB7ZARsn6gBQZ55QQRotQJ6yAFVAntJAUJUGEsMBgA8eAN9Cg
326=coKQAIKCkACSgpAAooKQALKCkADCgpAA0oKQAOKCkADygpABAoKQARSQGQaA8izTs8KEQU
327=JykAFEEEg6EEFSgpABYoKQAXKCkAGCgpABkoKQAaKCkAGygpABxJAYe9Ch1IAWQBXSAeKC
328=kAHygpACAoKQAhKCkAIigpACMoKQAkKCkAJSgpACYoKQAnKCkAKCgpACkoKQAqKCkAKygp
329=ACxJAUB3FAQALcgBSTcuSAGIQ2WiPKyqZKInKQAxKIEAMkgBYAhNADMoKQA0KCkANSgpAD
330=YoKQA3KCkAOCgpADlJAe5ECUkAOsgBWRE7yAFJWTxJAcRUA0kAPcgBQQQ+SAFEAmkAPygp
331=AEAoKQBBKCkAQigpAEMoKQBEKCkARSgpAEYoKQBHKCkASCgpAEkoKQBKSAHNJksoKQBMKC
332=kATSgpAE4oKQBPKCkAUCgpAFEoKQBSKCkAUygpAFQoKQBVKCkAVigpAFcoKQBYKCkAWSgp
333=AFooKQBbKCkAXCgpAF0oKQBeKCkAXygpAGAoKQBhKCkAYigpAGMoKQBkKCkAZSgpAGYoKQ
334=BnKCkAaCgpAGkoKQBqKCkAaygpAGwoKQBtKCkAbigpAG8oKQBwKCkAcUgBcKNdpHJIAWSi
335=UUtzyQEDZaI8JuUodVQCgzsEAHZJAfpcTUl6d0gBZaICZaI8kKNZBnlUAmSiVQJ6yAFVAn
336=tIAcWifEgBJY8oBQA9YFZxowYoKQAHKCkACCgpAAkoKQAKKCkACygpAAwoKQANKCkADigp
337=AA8oKQAQKCkAESgpABJJAYxgEiLVPD3pphRVAoO1AhUoKQAWKCkAFygpABgoKQAZKCkAGi
338=gpABsoKQAcSAElESkdSAFkDFEqHigpAB8oKQAgKCkAISgpACIoKQAjSQHbSAhRzyTIAUEw
339=JcgBAQMEACZIAVwDaS0nKCkAKCgpACkoKQAqKCkAKygpACxIAXykXQotyAEBAwAALkgBiE
340=N9pD0onBQnKQAxKIEAMkgBjBAi1DzEPyLUPCcpADUogQA2KCkANygpADgoKQA5SAF8pE0Q
341=OsoBBABe7j0AdAJVWjxUAnykVVo9yAFNBT5IAc0QPygpAEAoKQBBKCkAQigpAEMoKQBEKC
342=kARSgpAEYoKQBHKCkASCgpAEkoKQBKSAHNJksoKQBMKCkATSgpAE4oKQBPKCkAUCgpAFEo
343=KQBSKCkAUygpAFQoKQBVKCkAVigpAFcoKQBYKCkAWSgpAFooKQBbKCkAXCgpAF0oKQBeKC
344=kAXygpAGAoKQBhKCkAYigpAGMoKQBkKCkAZSgpAGYoKQBnKCkAaCgpAGkoKQBqKCkAaygp
345=AGwoKQBtKCkAbigpAG8oKQBwKCkAcSgpAHIoKQBzSAFopl1MdEgBYKldTHXIAV1tdsgBSX
346=p3SAHJpnhJAfK1p3lJAXxnUQQAesgBUXd7SAF0p1kGfMgBVQJ9SAHLpgQAPnAGfXgFKCgA
347=BAYAPgAAAAARAABlDQAgBgAABAAHAD4AAGAAAgQACAA+YAF1AgkoKQAKKCkACygpAAwoKQ
348=ANKCkADigpAA8oKQAQKCkAESgpABJJAYx/DQQAE0kBg6kBFCgpABUoKQAWKCkAFygpABgo
349=KQAZKCkAGigpABsoKQAcSQGKqQwdSAFkAVEfHigpAB8oKQAgKCkAISgpACJJAdtcBgEEBA
350=AjyAEBBQQAJMgBAQYEACXIAQEHBAAmSAFIBWUpJygpACgoKQApKCkAKigpACsoKQAsSQFA
351=awgEAC3IAQEBAAAuSgH//3oCAC8oKQAwKCkAMSgpADIoKQAzKCkANCgpADUoKQA2KCkANy
352=gpADgoKQA5SAGbDgAAOigpADsoKQA8SQEHRBRRBD3IAVUBPkgBRAJpAD8oKQBAKCkAQSgp
353=AEIoKQBDKCkARCgpAEUoKQBGKCkARygpAEgoKQBJKCkASkgBzSZLKCkATCgpAE0oKQBOKC
354=kATygpAFAoKQBRKCkAUigpAFMoKQBUKCkAVSgpAFYoKQBXKCkAWCgpAFkoKQBaKCkAWygp
355=AFwoKQBdKCkAXigpAF8oKQBgKCkAYSgpAGIoKQBjKCkAZEgBeDNNAGUoKQBmKCkAZygpAG
356=goKQBpKCkAaigpAGsoKQBsKCkAbSgpAG5IAc0xbygpAHAoKQBxKCkAcigpAHMoKQB0KCkA
357=dUkBM1wWAQUAAHbIAQECAAB3yAEBAwQAeEkBNEAEQX15SQF8SAEBAgQAesgBQQR7SQFotQ
358=J8yAFVAn1JAUNQV1kGfigrAAMAP0QFSQAEXAInKQAFKFUABigpAAcoKQAIKCkACSgpAAoo
359=KQALKCkADCgpAA0oKQAOKCkADygpABAoKQARKCkAEkkBkEwUSRQTSQGIqQEUKCkAFSgpAB
360=YoKQAXKCkAGCgpABkoKQAaKCkAG0gBwakcSAFkDFUNHSgpAB4oKQAfSQHWZwQEACDIAQEB
361=BAAhyAFNMSLIAVUuI0gBeasJbqo/AGkBCmyqJ6kFJkAEbAlVDScoKQAoKCkAKSgpACooKQ
362=ArKCkALEgBbKpBDy3JAQNuqj8AzVIvVALJATAoKQAxKCkAMigpADMoKQA0KCkANSgpADYo
363=KQA3KCkAOCgpADlIAYAabKrbHAAAOyhVADxIAWyqVVo9yAFdFT5IAdkGPygpAEAoKQBBKC
364=kAQigpAEMoKQBEKCkARSgpAEYoKQBHKCkASCgpAEkoKQBKSAHBJUsoKQBMKCkATSgpAE4o
365=KQBPKCkAUCgpAFEoKQBSKCkAUygpAFQoKQBVKCkAVigpAFcoKQBYKCkAWSgpAFooKQBbKC
366=kAXCgpAF0oKQBeKCkAXygpAGAoKQBhKCkAYigpAGNIAdkyZCgpAGUoKQBmKCkAZygpAGgo
367=KQBpKCkAaigpAGsoKQBsKCkAbSgpAG5IAc0xbygpAHAoKQBxKCkAcigpAHMoKQB0KCkAdS
368=gpAHZJAY+lGndIAcWteEgBbKpNUnnIAVF3ekkBMW8FBAB7SQFkqQF8yAFNfn1JAaBMqkkB
369=fkkBdKEEf8gBVgICAGRzWwIEAAMoKQAEKCkABSgpAAYoKQAHKCkACCgpAAkoKQAKKCkACy
370=gpAAwoKQANKCkADigpAA8oKQAQKCkAESgpABIoKQATKCkAFCgpABUoKQAWKCkAFygpABgo
371=KQAZKCkAGigpABsoKQAcKCkAHSgpAB4oKQAfSAFlrQRmrUAAaQEFZK2oAQEGBAAiwQQHIv
372=QqJ6kFJFQCTC4inSolKCkAJigpACcoKQAoKCkAKSgpACooKQArKCkALEgBhJoi9Cqok1E/
373=LlQCxVUvKCkAMCgpADEoKQAyKCkAMygpADQoKQA1KCkANigpADcoKQA4KCkAOUgBmBxkrd
374=AfZK0nKQA8QARkrQEEAAA9ygEFAEz/J4EAP1QCxQhAKCkAQSgpAEIoKQBDKCkARCgpAEUo
375=KQBGKCkARygpAEgoKQBJKCkASkgBzSZLKCkATCgpAE0oKQBOKCkATygpAFAoKQBRKCkAUi
376=gpAFMoKQBUKCkAVSgpAFYoKQBXKCkAWCgpAFkoKQBaKCkAWygpAFwoKQBdKCkAXigpAF8o
377=KQBgKCkAYSgpAGIoKQBjSAHNMWQoKQBlKCkAZigpAGcoKQBoKCkAaSgpAGooKQBrKCkAbC
378=gpAG0oKQBuSAHNMW8oKQBwKCkAcSgpAHIoKQBzKCkAdCgpAHVJAY25GHZJAYapAXdJAfdI
379=ZVUBeEkB8akBeUgBcK5NUnpIAWStXa97yAFdr3xIAXirAQIEAH3IAVUCfkkBNUQJWat/SQ
380=H8cwkEAIBJATa3AgEAQUABSwAEAAIoKQADKCkABCgpAAUoKQAGKCkABygpAAgoKQAJKCkA
381=CigpAAsoKQAMKCkADSgpAA4oKQAPKCkAECgpABEoKQASKCkAEygpABQoKQAVKCkAFigpAB
382=coKQAYKCkAGSgpABooKQAbKCkAHCgpAB0oKQAeKCkAH0gBca4Ifa9Bna8JfK+pAQp8ryep
383=BSNMBU4uAAAipCsnVQAlKFUAJigpACcoKQAoKCkAKSgpACooKQArKCkALEgBfK9dQS3JAQ
384=MipStBKKQrJykAMEAE1VoxKCkAMigpADMoKQA0KCkANSgpADYoKQA3KCkAOCgpADlIAYQe
385=fK/EHnyvJykAPEAEfa8Gfq9BAGkBB3yvJ4EAP0AExQhAKCkAQSgpAEIoKQBDKCkARCgpAE
386=UoKQBGKCkARygpAEgoKQBJKCkASkgB1SNLKCkATCgpAE0oKQBOKCkATygpAFAoKQBRKCkA
387=UigpAFMoKQBUKCkAVSgpAFYoKQBXKCkAWCgpAFkoKQBaKCkAWygpAFwoKQBdKCkAXigpAF
388=8oKQBgKCkAYSgpAGIoKQBjSAHNMWQoKQBlKCkAZigpAGcoKQBoKCkAaSgpAGooKQBrKCkA
389=bCgpAG0oKQBuKCkAb0gB2TJwKCkAcSgpAHIoKQBzKCkAdCgpAHVIASP4USL2QEEAJ/8VQQ
390=D2f6QAAHhBBHq9HHnIAUEDekkBXLUCe0gBaLFVsnxJAaBWAwQAXq9BAGgBVQJ+VAJ8r0lv
391=f0gBcK5ZtoDIAVUCgUkBZbMJAgBCoAEi/CsnKQAEKFUABSgpAAYoKQAHKCkACCgpAAkoKQ
392=AKKCkACygpAAwoKQANKCkADigpAA8oKQAQKCkAESgpABIoKQATKCkAFCgpABUoKQAWKCkA
393=FygpABgoKQAZKCkAGigpABsoKQAcKCkAHSgpAB5JAdRUJlWcH8gBVd4gSQHWVQINfK8nJQ
394=UiVAJSAgAAIvwrJ1UAJChVACVJAY1kBCL3VkIAhakBJ1QCyQEoKCkAKSgpACpJAYetBStI
395=AWQBSQwsSAGQDCL9K0JSAQAAVUMuQAHRVi8oKQAwKCkAMSgpADIoKQAzKCkANCgpADUoKQ
396=A2KCkANygpADgoKQA5SAGEE3yvnBJ1ATsoVQA8SQEGRBRZAj3IAVUBPkgBRAJpAD8oKQBA
397=KCkAQSgoALAcagUAQyhVAEQoKQBFKCkARigpAEcoKQBIKCkASSgpAEpIAc0mSygpAEwoKQ
398=BNKCkATigpAE8oKQBQKCkAUSgpAFIoKQBTKCkAVCgpAFUoKQBWKCkAVygpAFgoKQBZKCkA
399=WigpAFsoKQBcKCkAXSgpAF4oKQBfKCkAYCgpAGEoKQBiKCkAY0gBgy0AAGQoKQBlKCkAZi
400=gpAGcoKQBoKCkAaSgpAGooKQBrKCkAbCgpAG0oKQBuKCkAb0gB2TJwKCkAcSgpAHIoKQBz
401=KCkAdCgpAHVIASf9FUIo/RVCKP4VQgB8r0mmeUwFaAFJpnpIAXyvWVN7SQFAXABNIXwoKQ
402=B9SQF4SAJJAH7IAU0Ef0kBWkgCSQCAyAFVAoFIAXyvSQEDWFZQA32DBCgpAAUoKQAGKCkA
403=BygpAAgoKQAJKCkACigpAAsoKQAMKCkADSgpAA4oKQAPKCkAECgpABEoKQASKCkAEygpAB
404=QoKQAVKCkAFigpABcoKQAYKCkAGSgpABooKQAbKCkAHCgpAB1IAWStAQUEAB7IAQEGBAAf
405=yQEHItErQ5QnTZ8hVAKMASLQKydVACMoVQAkSAHFrSVJAYNwBXKuQwDJAScoVQAoKCkAKS
406=gpACpJAYa5BitIAWQBQQ8sSQFAbAFwriQQPkE7LlQCxVUvKCkAMCgpADEoKQAyKCkAMygp
407=ADQoKQA1KCkANigpADcoKQA4KCkAOUgBdBFNADooKQA7KCkAPEgBcK5BXD3IAUFcPkgBSA
408=ZpAD8oKQBAKCkAQSgpAEIoKQBDKCkARCgpAEUoKQBGKCkARygpAEgoKQBJKCkASkgBzSZL
409=KCkATCgpAE0oKQBOKCkATygpAFAoKQBRKCkAUigpAFMoKQBUKCkAVSgpAFYoKQBXKCkAWC
410=gpAFkoKQBaKCkAWygpAFwoKQBdKCkAXigpAF8oKQBgKCkAYSgpAGIoKQBjSAFsMk0AZCgp
411=AGUoKQBmKCkAZygpAGgoKQBpKCkAaigpAGsoKQBsKCkAbSgpAG4oKQBvSAHZMnAoKQBxKC
412=kAcigpAHMoKQB0KCkAdUgBCIwAAAAAAAB2AEMAEQAAtw0AIAGGAAAAQAADdwBDAPYBQwEA
413=AHhJAWGGAQB5yAFBA3pJAUNcAEEDe0kBQEgBAQIAAHwoKQB9SQF4VANVAn7IAQEDAAB/SQ
414=FatQKAyAFXAgQAREwCSwAEAAUoKQAGKCkABygpAAgoKQAJKCkACigpAAsoKQAMKCkADSgp
415=AA4oKQAPKCkAECgpABEoKQASKCkAEygpABQoKQAVKCkAFigpABcoKQAYKCkAGSgpABooKQ
416=AbKCkAHEkB1FggAQgEAB3IAQEJBAAeyAEBCgQAH0gBXAMCAAAEACAoKQAhKCkAIigpACNJ
417=AY1zBQQAJEkBg6kBJSgpACYoKQAnKCkAKCgpACkoKQAqKCkAK0kBh7EJLEkBQEgBAQIEAC
418=3IAVU5LkoB//9bAgAALygpADAoKQAxKCkAMigpADMoKQA0KCkANSgpADYoKQA3KCkAOCgp
419=ADlIAZsOAAA6KCkAOygpADxJAQZEVQEEAAA9yAEBBQAAPkgB2QY/KCkAQCgpAEEoKQBCKC
420=kAQygpAEQoKQBFKCkARigpAEcoKQBIKCkASSgpAEpIAc0mSygpAEwoKQBNKCkATigpAE8o
421=KQBQKCkAUSgpAFIoKQBTKCkAVCgpAFUoKQBWKCkAVygpAFgoKQBZKCkAWigpAFsoKQBcKC
422=kAXSgpAF4oKQBfKCkAYCgpAGEoKQBiKCkAY0gB2TJkKCkAZSgpAGYoKQBnKCkAaCgpAGko
423=KQBqKCkAaygpAGwoKQBtKCkAbigpAG9IAdkycCgpAHEoKQByKCkAcygpAHQoKQB1SQGMuR
424=h2SAEneRVEKHoVRAB4q12keUAEaAFNaHpJAUJEVUUHeygpAHwoKQB9KCkAfigpAH9IAdey
425=BQBFUAdLAAQABigpAAcoKQAIKCkACSgpAAooKQALKCkADCgpAA0oKQAOKCkADygpABAoKQ
426=ARKCkAEigpABMoKQAUKCkAFSgpABYoKQAXKCkAGCgpABkoKQAaKCkAG0kBzUAeAQEEABzI
427=AUGTHUgBbaoNYKknSQQfVAJIBaCpJ1UAIShVACIoKQAjSAGIOGKpRQAnIBUnKQAmQATVAi
428=coKQAoKCkAKSgpACooKQArSAGfQQQALEkBP3wRYqlFAGgBUT8uVALVTy8oKQAwKCkAMSgp
429=ADIoKQAzKCkANCgpADUoKQA2KCkANygpADgoKQA5SAF0EU0AOigpADsoKQA8SAFhqQZiqU
430=UAaQEHYKnFKQBEGCcpAEBMBUAJaQBBKCkAQigpAEMoKQBEKCkARSgpAEYoKQBHKCkASCgp
431=AElIAcElSigpAEsoKQBMKCkATSgpAE4oKQBPKCkAUCgpAFEoKQBSKCkAUygpAFQoKQBVKC
432=kAVigpAFcoKQBYKCkAWSgpAFooKQBbKCkAXCgpAF0oKQBeKCkAXygpAGAoKQBhKCkAYigp
433=AGNIAXQvTQBkKCkAZSgpAGYoKQBnKCkAaCgpAGkoKQBqKCkAaygpAGwoKQBtKCkAbigpAG
434=9IAcU0cCgpAHEoKQByKCkAcygpAHQoKQB1SAGXcAAAdkgBg2cAAHdIASefKkUAZEwcSQB5
435=VAJoAU1oekgBxaJ7SAHNqnxIAdUCfSgpAH4oKwAGAEZcCEsABAAHKCkACCgpAAkoKQAKKC
436=kACygpAAwoKQANKCkADigpAA8oKQAQKCkAESgpABIoKQATKCkAFCgpABUoKQAWKCkAFygp
437=ABgoKQAZKCkAGkgBfKQBAwQAG8kBBGqmRgB1AgUi7Ckn8QMeQARUIH2kHygpACAoKQAhKC
438=kAIigpACNIAZA1aaZGKMgUJykAJkEEg2MLBAAnKCkAKCgpACkoKQAqKCkAK0gBhD9ppkZW
439=jAAASbwtVAJopl3mLkgB3UwvKCkAMCgpADEoKQAyKCkAMygpADQoKQA1KCkANigpADcoKQ
440=A4KCkAOUgBfBlNADooKQA7KCkAPEkBCEBSQQQ9yAFVAT5IAUQCaQA/KCkAQCgpAEEoKQBC
441=KCkAQygpAEQoKQBFKCkARigpAEcoKQBIKCkASUgBwSVKKCkASygpAEwoKQBNKCkATigpAE
442=8oKQBQKCkAUSgpAFIoKQBTKCkAVCgpAFUoKQBWKCkAVygpAFgoKQBZKCkAWigpAFsoKQBc
443=KCkAXSgpAF4oKQBfKCkAYCgpAGEoKQBiKCkAY0gBbDJNAGQoKQBlKCkAZigpAGcoKQBoKC
444=kAaSgpAGooKQBrKCkAbCgpAG0oKQBuKCkAb0gBxTRwKCkAcSgpAHIoKQBzKCkAdCgpAHVI
445=AZRwaqZGAIBnaaZGKO8pRgBmTBxJAHlMBWgBTVJ6yAEBAgAAe0gB3aR8KCkAfSgrAAcAR1
446=AHSwAEAAgoKQAJKCkACigpAAsoKQAMKCkADSgpAA4oKQAPKCkAECgpABEoKQASKCkAEygp
447=ABQoKQAVKCkAFigpABdJAeBYFQEBBAAYyAFBiBnIAQEDBAAayAFFohtIAWWiB3GjR5CjI2
448=M+RwD3pQgeQAREAbCjJx0EIChVACEoKQAiKCkAI0gBmDJxo0cocBQnKQAmQQSDYAtwoydV
449=ACgoVQApKCkAKigpACtIAYw8c6NHAEKlCC1UAmgBQTsuSAHFSi8oKQAwKCkAMSgpADIoKQ
450=AzKCkANCgpADUoKQA2KCkANygpADgoKQA5SAF0EU0AOigpADsoKQA8SAFwo0lOPcgBUbk+
451=SAFIBmkAP0kBvkgYTQFAyAFVAUHIAVkGQkgBUANpAENIAc0FRMgBTQVFyAFNBUZIAWAFTQ
452=BHKCkASCgpAElIAcElSigpAEsoKQBMKCkATSgpAE4oKQBPKCkAUCgpAFEoKQBSKCkAUygp
453=AFQoKQBVKCkAVigpAFcoKQBYKCkAWSgpAFooKQBbKCkAXCgpAF0oKQBeKCkAXygpAGAoKQ
454=BhKCkAYigpAGNIAUgnaQBkKCkAZSgpAGYoKQBnKCkAaCgpAGkoKQBqKCkAaygpAGwoKQBt
455=KCkAbigpAG9IAcU0cCgpAHEoKQByKCkAcygpAHQoKQB1SAGUcHGjRyhxFEcocRRHkKNBUX
456=lMBXCjAQQAAHrJAQVyo0cAItxTUUt8VALcpAIIAEgAKG8jAwAJSAFkAQEABAAKKCkACygp
457=AAwoKQANKCkADigpAA8oKQAQKCkAESgpABIoKQATKCkAFCgpABUoKQAWSAFsnwEFBAAXyQ
458=EGeqBIAHQCVZwZ1AJVnBrJAQkijShIkBhVGBxUAmyfUaMdyAFRCR7IAVEJH0gBkAUifFIn
459=2QAhKFUAIigpACNIAYAweaBIKBgUJykAJkAEJxgUJ1UAKChVACkoKQAqKCkAK0kBhnAQeq
460=BIACJ8UkkXLVQCaAFRNS5IAc1HLygpADAoKQAxKCkAMigpADMoKQA0KCkANSgpADYoKQA3
461=KCkAOCgpADlIAWATTQA6KCkAOygpADxJAQhEFF1MPcgBXUw+SAFIBmkAP0kBOUAESQBAyA
462=FdmUHIAUVVQkkB5FQDUQVDSAHNBUTIAU0FRcgBTQVGSAFcBGkARygpAEgoKQBJSAHBJUoo
463=KQBLKCkATCgpAE0oKQBOKCkATygpAFAoKQBRKCkAUigpAFMoKQBUKCkAVSgpAFYoKQBXKC
464=kAWCgpAFkoKQBaKCkAWygpAFwoKQBdKCkAXigpAF8oKQBgKCkAYSgpAGIoKQBjSAFsJ00A
465=ZCgpAGUoKQBmKCkAZygpAGgoKQBpKCkAaigpAGsoKQBsKCkAbSgpAG4oKQBvSAHFNHAoKQ
466=BxKCkAcigpAHMoKQB0KCkAdUgBlHB5oEgoGxRIAPq5SHhBBO2pAXlJAXxYHUkAesgBQQN7
467=SAF4oEdKCQBJTANIAGCeJykACyhVAAwoKQANKCkADigpAA8oKQAQKCkAESgpABIoKQATKC
468=kAFCgpABVJAd9IEAEBBAAWyQECYZ5JlZwLYJ4nZQIZQARIBSIBJxooKQAbKCkAHCgpAB1I
469=AWyfRaIeyAEjQWZJIzQoXQogVALRCSEoKQAiKCkAI0gBiC1hnkkowBMnKQAmQAQnwBMnVQ
470=AoKFUAKSgpACooKQArSAEnwRNJgJ5FHi1UAmCeWTIuSAHVRC8oKQAwKCkAMSgpADIoKQAz
471=KCkANCgpADUoKQA2KCkANygpADgoKQA5SAGIIiJAZtcuAAA7KFUAPEkBsaUEPcgBRUo+SA
472=Fkl02fP8oBBgBeGkkAdAIBBwAAQdQCAQgAAEJJAelMBlEIQ0gBYARNBUTIAU0FRcgBTQVG
473=ygEJAFv1SQDETAZJAEhUAmgBUQhJSAHBJUooKQBLKCkATCgpAE0oKQBOKCkATygpAFAoKQ
474=BRKCkAUigpAFMoKQBUKCkAVSgpAFYoKQBXKCkAWCgpAFkoKQBaKCkAWygpAFwoKQBdKCkA
475=XigpAF8oKQBgKCkAYSgpAGIoKQBjKCkAZCgpAGVIAVQoaQBmKCkAZygpAGgoKQBpKCkAai
476=gpAGsoKQBsKCkAbSgpAG4oKQBvSAHFNHAoKQBxKCkAcigpAHMoKQB0KCkAdUkBkHQVYJ7Q
477=bCJTPEkAh7UCeEAEJUlReUgBYJ5d5nrIAVtpCgBKpwUEAAsoKQAMKCkADSgpAA4oKQAPKC
478=kAECgpABEoKQASKCkAEygpABRIAXyZAQMEABXJAQRqm0oAdQIFaJsnOQIYQASLEwQAGSgp
479=ABooKQAbKCkAHCgoAAkdAEoAAAAAAAAEAB4RAABbDQAgCABKAPcAAAAOBAAfyAEBDwQAIE
480=gBBcYAAAABBAAhSAFEAQIAAAQAIigpACNJAYx7AgQAJEkBg6kBJSgpACYoKQAnKCkAKCgp
481=ACkoKQAqKCkAK0kBhrEJLEkBQakBLcgBAQEAAC5KAf//egIALygpADAoKQAxKCkAMigpAD
482=MoKQA0KCkANSgpADYoKQA3KCkAOCgpADlIAZsOAAA6KCkAOygpADxJAbFEBAECAAA9yAEB
483=AwAAPkkBOVwWAQoAAD/IAQELAABAyAEBDAAAQcgBAQ0AAEJJAelMBVEIQ0gBeAZNBUTIAU
484=0FRcgBTQVGyAEBDgAAR0kBxEwGQQ9IyAFBD0lIAcElSigpAEsoKQBMKCkATSgpAE4oKQBP
485=KCkAUCgpAFEoKQBSKCkAUygpAFQoKQBVKCkAVigpAFcoKQBYKCkAWSgpAFooKQBbKCkAXC
486=gpAF0oKQBeKCkAXygpAGAoKQBhKCkAYigpAGMoKQBkKCkAZUgBQClpAGYoKQBnKCkAaCgp
487=AGkoKQBqKCkAaygpAGwoKQBtKCkAbigpAG9IAcU0cCgpAHEoKQByKCkAcygpAHQoKQB1KC
488=kAdkkBkGMXAAB3SAGPaAAAeEkB+qVKeUkB9KsBCwBLpwUEAAwoKQANKCkADigpAA8oKQAQ
489=KCkAESgpABIoKQATKCkAFCgpABVJAd9cDQEHBAAWSAFEAW2JFygpABgoKQAZKCkAGigpAB
490=soKQAcKCkAHSgpAB4oKQAfSAFllwJymEsAaQEDcJgnxQMiQATNECNIAYwmc5hLAIh7AgQA
491=JVQCyQEmKCkAJygpACgoKQApKCkAKigpACtJAYqxCSxIAXCYWREtyAFNcy5IAcU/LygpAD
492=AoKQAxKCkAMigpADMoKQA0KCkANSgpADYoKQA3KCkAOCgpADlIAWATTQA6KCkAOygpADwo
493=KQA9KCkAPigpAD9IAWGTEHKYSwBpARFwmKkBEnOYSwDjvUxDKK0ARMgBTQVFyAFNBUZIAd
494=0gR0kBBrkGSMgBVQFJSAHBBEooKQBLKCkATCgpAE0oKQBOKCkATygpAFAoKQBRKCkAUigp
495=AFMoKQBUKCkAVSgpAFYoKQBXKCkAWCgpAFkoKQBaKCkAWygpAFwoKQBdKCkAXigpAF8oKQ
496=BgKCkAYSgpAGIoKQBjKCkAZCgpAGUoKQBmKCkAZygpAGgoKQBpKCkAaigpAGsoKQBsKCkA
497=bSgpAG4oKQBvKCkAcCgpAHEoKQByKCkAcygpAHQoKQB1KCkAdigpAHdIAYxzc5hLAItEVk
498=sADABMVABLAAQADSgpAA4oKQAPKCkAECgpABEoKQASKCkAEygpABQoKQAVKCkAFigpABco
499=KQAYKCkAGSgpABooKQAbKCkAHEkB1lgVAQAEAB3IAQEBBAAeyAFRgh/IAU2UIEgBeZUFeJ
500=UnmQMiVAJgCEUIIygpACQoKQAlKCkAJigpACcoKQAoKCkAKSgpACooKQArKCkALEkBQnsN
501=BAAtyAFVcC5IAdVwLygpADAoKQAxKCkAMigpADMoKQA0KCkANSgpADYoKQA3KCkAOCgpAD
502=lIAXQRTQA6KCkAOygpADwoKQA9KCkAPigpAD9JASZIGEUIQMgBVQFByQECeZVMKLoSTADN
503=BUTABE0FRcgBTQVGSAHdIEdIAXiVVQJIyAFduklIAcEESigpAEsoKQBMKCkATSgpAE4oKQ
504=BPKCkAUCgpAFEoKQBSKCkAUygpAFQoKQBVKCkAVigpAFcoKQBYKCkAWSgpAFooKQBbKCkA
505=XCgpAF0oKQBeKCkAXygpAGAoKQBhKCkAYigpAGMoKQBkKCkAZSgpAGYoKQBnKCkAaCgpAG
506=koKQBqKCkAaygpAGwoKQBtKCkAbigpAG8oKQBwKCkAcSgpAHIoKQBzKCkAdCgpAHUoKQB2
507=KCkAdygrAA0ATVRNSwAEAA4oKQAPKCkAECgpABEoKQASKCkAEygpABQoKQAVKCkAFigpAB
508=coKQAYKCkAGSgpABooKQAbKCkAHEgBYZMEYpNNAGgBXY4e1QIGIjA4tQIHIhwlJ0EDIUAE
509=RBsiASciKCkAIygpACQoKQAlKCkAJigpACcoKQAoKCkAKSgpACooKQArKCkALEgBIhwlWa
510=AtyAFNcy5IAd1tLygpADAoKQAxKCkAMigpADMoKQA0KCkANSgpADYoKQA3KCkAOCgpADlI
511=AZwgIjA41yMAADsoVQA8KCkAPSgpAD4oKQA/SAHRjUDIAUEaQcgBWYpCSAEnHSVNKGASqA
512=FNBUVABGQITQVGSAHdIEdIAWCTAQQAAEjIAQEFAABJSAHBBEooKQBLKCkATCgpAE0oKQBO
513=KCkATygpAFAoKQBRKCkAUigpAFMoKQBUKCkAVSgpAFYoKQBXKCkAWCgpAFkoKQBaKCkAWy
514=gpAFwoKQBdKCkAXigpAF8oKQBgKCkAYSgpAGIoKQBjKCkAZCgpAGUoKQBmKCkAZygpAGgo
515=KQBpKCkAaigpAGsoKQBsKCkAbSgpAG4oKQBvKCkAcCgpAHEoKQByKCkAcygpAHQoKQB1KC
516=kAdigrAA4ATqNVBAAPKCkAECgpABEoKQASKCkAEygpABQoKQAVKCkAFigpABcoKQAYKCkA
517=GSgpABooKQAbKCkAHEgBfY4IaZBOiZAJImwkqQEKaJAn6QIgTAWYGCJsJCdVACIoVQAjKC
518=kAJCgpACUoKQAmKCkAJygpACgoKQApKCkAKigpACsoKQAsSAFpkAIibiROAGgBSf4uVALF
519=ay8oKQAwKCkAMSgpADIoKQAzKCkANCgpADUoKQA2KCkANygpADgoKQA5KCkAOigpADsoKQ
520=A8KCkAPSgpAD4oKQA/SAFgiEErQMgBWYpByAFZikJIAScJEk4oCBKoAU0FRUAEZAhNBUZI
521=Ad0gR0gBaZAGapBOAGkBB2qQTgDBBEpABMkBSygpAEwoKQBNKCkATigpAE8oKQBQKCkAUS
522=gpAFIoKQBTKCkAVCgpAFUoKQBWKCkAVygpAFgoKQBZKCkAWigpAFsoKQBcKCkAXSgpAF4o
523=KQBfKCkAYCgpAGEoKQBiKCkAYygpAGQoKQBlKCkAZigpAGcoKQBoKCkAaSgpAGooKQBrKC
524=kAbCgpAG0oKQBuKCkAbygpAHAoKQBxKCkAcigpAHMoKQB0KCkAdSgoAAIPAE8AKERLAQAD
525=ABBIAWQBTfcRKCkAEigpABMoKQAUKCkAFSgpABYoKQAXKCkAGCgpABkoKQAaKCkAG0kBtm
526=cPBAAcyQEBcY1PkY0NcY1PeAMiOSMfQASMASK8IydVACEoVQAiKCkAIygpACQoKQAlKCkA
527=JigpACcoKQAoKCkAKSgpACooKQArKCkALEkBQHwRco1PAGgBXW0uVALBZy8oKQAwKCkAMS
528=gpADIoKQAzKCkANCgpADUoKQA2KCkANygpADgoKQA5KCkAOigpADsoKQA8KCkAPSgpAD4o
529=KQA/SQEmSBhNGkDIAVUBQcgBQYhCSAEnsRFPKLARqAFNBUVABGQITQVGSAHdIEdJAQdUA1
530=0KSMgBVQFJSAHBBEooKQBLKCkATCgpAE0oKQBOKCkATygpAFAoKQBRKCkAUigpAFMoKQBU
531=KCkAVSgpAFYoKQBXKCkAWCgpAFkoKQBaKCkAWygpAFwoKQBdKCkAXigpAF8oKQBgKCkAYS
532=gpAGIoKQBjKCkAZCgpAGUoKQBmKCkAZygpAGgoKQBpKCkAaigpAGsoKQBsKCkAbSgpAG4o
533=KQBvKCkAcCgpAHEoKQByKCkAcygpAHQoKwAQAFBQPksABAARKCkAEigpABMoKQAUKCkAFS
534=gpABYoKQAXKCkAGCgpABkoKQAaKCkAG0gBeYoCeopQAGkBA3uKUADkVBFVnB5ABGgBUY0f
535=yAFNBSDIAU0FIUkB5a0FIsgBTQUjyAFNBSTIAU0FJUgBInRnXQomyAFNBSdIAWAIVQIoKC
536=kAKSgpACooKQArSAGTYQQALEgBbIlJDC3IASMNI1Dp8y9UAo8FAAAwKCkAMSgpADIoKQAz
537=KCkANCgpADUoKQA2KCkANygpADgoKQA5KCkAOigpADsoKQA8KCkAPSgpAD4oKQA/SAFwgk
538=0hQMgBWX9ByAFJhUJIASdZEVAoWBGoAU0FRUAEZAhNBUZIAdEfR0gBeIpVAkjIAUElSUgB
539=wQRKKCkASygpAEwoKQBNKCkATigpAE8oKQBQKCkAUSgpAFIoKQBTKCkAVCgpAFUoKQBWKC
540=kAVygpAFgoKQBZKCkAWigpAFsoKQBcKCkAXSgpAF4oKQBfKCkAYCgpAGEoKQBiKCkAYygp
541=AGQoKQBlKCkAZigpAGcoKQBoKCkAaSgpAGooKQBrKCkAbCgpAG0oKQBuKCkAbygpAHAoKQ
542=BxKCkAcigpAHMoKwARAFFESEsABAASKCkAEygpABQoKQAVKCkAFigpABcoKQAYKCkAGSgp
543=ABooKQAbKCkAHEgBYYgFYYhRgYgEIlwiqAFVAh9ABG2JBiJcIrUCByISNFEAYIhNBSJABG
544=gBTQUjyAFNBSTIAU0FJUgBYIhNfibIAQkDBAAnAFEAAAAAAAARAABgDQAgBQQAKABRAAAA
545=QAAFBAApAFEA//+JASooKQArSQE7UAIBAAQALMgBAQEAAC1IAY8FAAAuKCkALygpADAoKQ
546=AxKCkAMigpADMoKQA0KCkANSgpADYoKQA3KCkAOCgpADkoKQA6KCkAOygpADwoKQA9KCkA
547=PigpAD9JASZUGVkbQMgBVQFByAEBAgAAQkkB40gCQQRDSAHNBUTIAUEDRcgBTQVGSAHJIk
548=dJAQdUAwEEAABIyAEBBQAASUgBwQRKKCkASygpAEwoKQBNKCkATigpAE8oKQBQKCkAUSgp
549=AFIoKQBTKCkAVCgpAFUoKQBWKCkAVygpAFgoKQBZKCkAWigpAFsoKQBcKCkAXSgpAF4oKQ
550=BfKCkAYCgpAGEoKQBiKCkAYygpAGQoKQBlKCkAZigpAGcoKQBoKCkAaSgpAGooKQBrKCkA
551=bCgpAG0oKQBuKCkAbygpAHAoKQBxKCkAcigrABIAUlRCSwAEABMoKQAUKCkAFSgpABYoKQ
552=AXKCkAGCgpABkoKQAaKCkAGygpABwoKQAdKCkAHigpAB8oKQAgKCkAISgpACIoKQAjKCkA
553=JCgpACVJAQVQVkF9JsgBAQEEACdIAVEcAFUCKCgpAClIAYtZBAAqSQEnZwQDACtIAWiFUW
554=EsSAGABGmFUriKaIUnKQAvKIEAMCgpADEoKQAyKCkAMygpADQoKQA1KCkANigpADcoKQA4
555=KCkAOSgpADooKQA7KCkAPCgpAD0oKQA+KCkAP0gB2X9AyAFNJUHIAUUeQkgBJ6oQUgDNBU
556=RUAmgBTQVFyAFNBUZIAdUjR0kBB1UDBmqFUgBpAQdohSehBEpABM0FSygpAEwoKQBNKCkA
557=TigpAE8oKQBQKCkAUSgpAFIoKQBTKCkAVCgpAFUoKQBWKCkAVygpAFgoKQBZKCkAWigpAF
558=soKQBcKCkAXSgpAF4oKQBfKCkAYCgpAGEoKQBiKCkAYygpAGQoKQBlKCkAZigpAGcoKQBo
559=KCkAaSgpAGooKQBrKCkAbCgpAG0oKQBuKCkAbygpAHAoKQBxKCsAEwBTdGJhZxQoKQAVKC
560=kAFigpABcoKQAYKCkAGSgpABooKQAbKCkAHCgpAB0oKQAeKCkAHygpACAoKQAhKCkAIigp
561=ACMoKQAkKCkAJUgBcIIBAgQAJskBA3CCJ20DKFQCmFMi/yBTADlsHnCCqAFBWytABHACTQ
562=AsSAGMBXGCUyhQECcpAC8ogQAwKCkAMSgpADIoKQAzKCkANCgpADUoKQA2KCkANygpADgo
563=KQA5KCkAOigpADsoKQA8KCkAPSgpAD4oKQA/SQEmTBxNG0DIAVUBQcgBQX1CSAEnURBTKF
564=AQqAFNBUVABGQITQVGSAHVI0dJAQhUA10KSMgBVQFJSAHBBEooKQBLKCkATCgpAE0oKQBO
565=KCkATygpAFAoKQBRKCkAUigpAFMoKQBUKCkAVSgpAFYoKQBXKCkAWCgpAFkoKQBaKCkAWy
566=gpAFwoKQBdKCkAXigpAF8oKQBgKCkAYSgpAGIoKQBjKCkAZCgpAGUoKQBmKCkAZygpAGgo
567=KQBpKCkAaigpAGsoKQBsKCkAbSgpAG4oKQBvKCkAcCgrABQAVCGYLU85AwAVSAFAAXGCFi
568=gpABcoKQAYKCkAGSgpABooKQAbKCkAHCgpAB0oKQAeKCkAHygpACAoKQAhKCkAIigpACMo
569=KQAkKCkAJUgBeX8Een9UAGkBBXl/VJAYI00gVLx4eX9UmH9JWSpYBsVVKygpACwoKQAtKC
570=kALigpAC8oKQAwKCkAMUkBhFhfSQAyyAFJDDNJAYVIAkERNMgBVQE1SAHBDzYoKQA3KCkA
571=OCgpADkoKQA6KCkAOygpADwoKQA9KCkAPigpAD9JATNUDk0QQMgBVQFByAFRFEJIASf5D1
572=Qo+A+oAU0FRUAEJ/gPxykAAEdUAnh/RQhIyQEDIkwgJ4EASlQC2RxLKCkATCgpAE0oKQBO
573=KCkATygpAFAoKQBRKCkAUigpAFMoKQBUKCkAVSgpAFYoKQBXKCkAWCgpAFkoKQBaKCkAWy
574=gpAFwoKQBdKCkAXigpAF8oKQBgKCkAYSgpAGIoKQBjKCkAZCgpAGUoKQBmKCkAZygpAGgo
575=KQBpKCkAaigpAGsoKQBsKCkAbSgpAG4oKQBvKCsAFQBV7X4WSAFERG1+FygpABgoKQAZKC
576=kAGigpABsoKQAcKCkAHSgpAB4oKQAfKCkAICgpACEoKQAiKCkAIygpACQoKQAlSAF1ewZh
577=fVWBfQdhfVX1eyhBBEB4GGJ9VQBoAV1XKlQCwVErKCkALCgpAC0oKQAuKCkALygpADBIAX
578=R7QVwxyAEBBAAAMsgBSRIzSAFgfQEDAQA0yAFBBDXIAQEFAAA2SAHNEDcoKQA4KCkAOSgp
579=ADooKQA7KCkAPCgpAD0oKQA+KCkAP0gBYH1RFEDIAU0QQcgBTRBCSAEnoQ9VKKAPqAFBJU
580=VABCegD9AqYn1VAGB9UQlIQARoAVEJSUgBwRpKKCkASygpAEwoKQBNKCkATigpAE8oKQBQ
581=KCkAUSgpAFIoKQBTKCkAVCgpAFUoKQBWKCkAVygpAFgoKQBZKCkAWigpAFsoKQBcKCkAXS
582=gpAF4oKQBfKCkAYCgpAGEoKQBiKCkAYygpAGQoKQBlKCkAZigpAGcoKQBoKCkAaSgpAGoo
583=KQBrKCkAbCgpAG0oKQBuKCsAFgBWaGGoeicpABgoVQAZKCkAGigpABsoKQAcKCkAHSgpAB
584=4oKQAfKCkAICgpACEoKQAiKCkAIygpACQoKQAlSAFkSlX0JsgBIzw/J70CKFUCSHwYanpW
585=AGgBQQQqVQJJtQIryAFVAixJAUe1Ai3IAVUCLsgBSQwvyAFVAjBIAWh6TYkxygEHA0p6Vg
586=B0AgEIAgAzVAJqegYCSXpWp4wAADVUAtleNigpADcoKQA4KCkAOSgpADooKQA7KCkAPCgp
587=AD0oKQA+KCkAP0gBanoGAE6ZVgBoAQEHAABB1QIIIupPVgAnSQ9WKEgPqAGIeqgBVfRGWA
588=bJF0dJAbJgJSI+P1YAaAFNBUlUAsEESigpAEsoKQBMKCkATSgpAE4oKQBPKCkAUCgpAFEo
589=KQBSKCkAUygpAFQoKQBVKCkAVigpAFcoKQBYKCkAWSgpAFooKQBbKCkAXCgpAF0oKQBeKC
590=kAXygpAGAoKQBhKCkAYigpAGMoKQBkKCkAZSgpAGYoKQBnKCkAaCgpAGkoKQBqKCkAaygp
591=AGwoKQBtKCsAFwBXqzUEABgoKQAZKCkAGigpABsoKQAcKCkAHSgpAB4oKQAfKCkAICgpAC
592=EoKQAiKCkAIygpACQoKQAlSAFxdwJ98VeRxAN88Se9AihABIwXcHcnVQAqKFUAKygpACwo
593=KQAtKCkALigpAC8oKQAwKCkAMUgBZXYKcXdXkncLA1J3VwBydwkDUXdXlIZZfzVNBUheEQ
594=EEXvFXAMmFN1QCaAFVAjhJAUVABE0FOcgBXWI6SAHdYjsoKQA8KCkAPSgpAD4oKQA/SAFl
595=dglxd1eRdwpwd6kBC3F3VyjxDlco8A6oAUEPRUUIJlwAkXdX6ZBHVAJkdlUCSMgBSf5JSQ
596=H3SBdZBUpIAd0VSygpAEwoKQBNKCkATigpAE8oKQBQKCkAUSgpAFIoKQBTKCkAVCgpAFUo
597=KQBWKCkAVygpAFgoKQBZKCkAWigpAFsoKQBcKCkAXSgpAF4oKQBfKCkAYCgpAGEoKQBiKC
598=kAYygpAGQoKQBlKCkAZigpAGcoKQBoKCkAaSgpAGooKQBrKCkAbCgrABgAWEQxSwAEABko
599=KQAaKCkAGygpABwoKQAdKCkAHigpAB8oKQAgKCkAISgpACIoKQAjKCkAJCgpACVIAXl0BH
600=l0WJl0BXh0J5ECKEAEVBUipSApKCkAKigpACsoKQAsKCkALSgpAC4oKQAvKCkAMCgpADEo
601=KQAyKCkAMygpADQoKQA1KCkANigpADcoKQA4SAGDXAQAOUgBZHZNGzrIAQEFAAA7SAGDBA
602=AAPCgpAD0oKQA+KCkAP0gBcGxBIEDIAU1oQcgBUWxCSAEnjR1YKJgOqAFNBUVABGQITQVG
603=SAHBD0coKQBISAFtcwQifjxYAGgBURRK1AIBBgAAS0gB2QZMKCkATSgpAE4oKQBPKCkAUC
604=gpAFEoKQBSKCkAUygpAFQoKQBVKCkAVigpAFcoKQBYKCkAWSgpAFooKQBbKCkAXCgpAF0o
605=KQBeKCkAXygpAGAoKQBhKCkAYigpAGMoKQBkKCkAZSgpAGYoKQBnKCkAaCgpAGkoKQBqKC
606=kAaygrABkAWUQ9SwAEABooKQAbKCkAHCgpAB0oKQAeKCkAH0kBvkAIUcQgyAFJxyFJAeW1
607=AiLIAVUCI8gBReQkyAFF5CVJAcytBSbIAU0FJ0kB5rUCKMgBVQIpyAFFCCrIAUUIK0kBxK
608=0FLMgBTQUtSAFwAkUTLigpAC8oKQAwKCkAMSgpADIoKQAzKCkANCgpADUoKQA2KCkANygp
609=ADgoKQA5SQFEcxAEADrIAUlkO0gBwVw8KCkAPSgpAD4oKQA/SAEKJgEAAAAAAEAAWQAmAR
610=EAAPYNACAHAAABAABBAFkAJlwABQIAAEIAWQDpSAEBAAAAQ0gBdAJJAUTIAUEDRcgBTQVG
611=SgH//1sDAABHKCkASCgpAElJAfdcAwEJAABKyAEBCgAAS8gBAQsAAExIAcUITSgpAE4oKQ
612=BPKCkAUCgpAFEoKQBSKCkAUygpAFQoKQBVKCkAVigpAFcoKQBYKCkAWSgpAFooKQBbKCkA
613=XCgpAF0oKQBeKCkAXygpAGAoKQBhKCkAYigpAGMoKQBkKCkAZSgpAGYoKQBnKCkAaCgpAG
614=koKQBqKCgAAhoAWgAoVC4BAAMAG0gBZAEBAAQAHEkB1m8BBAAdyAEBAQQAHsgBAQIEAB/I
615=AQEDBAAgSQG+TAVJASFJAeVIAQEEBAAiyAEBBQQAI8gBAQYEACTIAQEHBAAlSQHMTAVRCS
616=bIAUUIJ0kB5lQCRQgoyAFFCCnIAUUIKsgBRQgrSQHETAVFCCzIAUUILUgBUQIAVRguKCkA
617=LygpADAoKQAxSQHbUAVNGzLIAVEJM8gBUQk0SAFcA3EJNSgpADYoKQA3KCkAOCgpADlIAY
618=dVBAA6SQFESAhBGjvIAQEFAAA8SAGDBAAAPSgpAD4oKQA/SAHZaUDIAVlpQcgBWWlCSQHj
619=SAJJC0NJATOpAUTIAVUBRcgBTQVGSAHVDUcoKQBIKCkASSgpAEpIAXVwDmpvWgBpAQ9rb1
620=oA/EgNXQpNQATRCU4oKQBPKCkAUCgpAFEoKQBSKCkAUygpAFQoKQBVKCkAVigpAFcoKQBY
621=KCkAWSgpAFooKQBbKCkAXCgpAF0oKQBeKCkAXygpAGAoKQBhKCkAYigpAGMoKQBkKCkAZS
622=gpAGYoKQBnKCkAaCgpAGkoKwAbAFtcKEgAcmxbAHBsSUMdVAJoAU1dHsgBTV0fyAFNXSBI
623=AVAGYVEhKCkAIigpACMoKQAkKCkAJUkBBFA2UWEmyAFNXSdIAdEJKCgpACkoKQAqKCkAK0
624=kBCKUILMgBRQgtSAHFCC4oKQAvKCkAMEgBZGtNGzHIAU0bMsgBTRszyAFNGzRIAdEJNSgp
625=ADYoKQA3KCkAOCgpADkoKQA6SQFDawgEADvIAUkWPEgBxVU9KCkAPigpAD9IASeRDVuQ2l
626=kGQdQCQWdCSAEnkg1bAHBsAQMAAERUAmgBAQQAAEXIAUl6RkgB1Q1HKCkASCgpAEkoKQBK
627=KCkAS0gBZGtRCUzIAVEJTcgBAQYAAE5IAd0KTygpAFAoKQBRKCkAUigpAFMoKQBUKCkAVS
628=gpAFYoKQBXKCkAWCgpAFkoKQBaKCkAWygpAFwoKQBdKCkAXigpAF8oKQBgKCkAYSgpAGIo
629=KQBjKCkAZCgpAGUoKQBmKCkAZygpAGgoKwAcAFyZaQhs1qkBCWzWqQEKbdZcbERtaCBMBY
630=8BBAAhKCkAIigpACMoKQAkKCkAJUgBeGlRxCbIAVHEJ0gB0QkoKCkAKSgpACooKQArSAF4
631=aUUILMgBRQgtSAHFCC4oKQAvSQHSWAJNBTDIAU0FMUgBZGtNGzLIAU0bM0gBSAVtGzQoKQ
632=A1KCkANigpADcoKQA4KCkAOSgpADpIAYhOemlcAGRrXXg8VAJoAVlTPUgBgwQAAD4oKQA/
633=SQEmQGhdEEDIAVUBQcgBmmlcACc5DVyZaQZ4aakBB3hpqAEBCAAARlgGyQxHKCkASCgpAE
634=koKQBKKCkASygpAExIAWRrAQkAAE3JAQp5aVyE2QELAABPVALJDFAoKQBRKCkAUigpAFMo
635=KQBUKCkAVSgpAFYoKQBXKCkAWCgpAFkoKQBaKCkAWygpAFwoKQBdKCkAXigpAF8oKQBgKC
636=kAYSgpAGIoKQBjKCkAZCgpAGUoKQBmKCkAZygrAB0AXY1oDWFnXUA5SABgZycpACBABEwC
637=fUwhKCkAIigpACMoKQAkKCkAJUgBYGdZSCbIAVnBJ0gB0QkoKCkAKSgpACooKQArSAFgZ0
638=UILMgBRQgtSAHFCC5IAXRlVQIvyAFZzDDIAVnMMUgBzQUyKCkAMygpADQoKQA1KCkANigp
639=ADcoKQA4SAGPRwQAOSgpADpJATpsDGJnXQBoAUVgPFQCjAUisiddAMkBPihVAD9JATdABU
640=lkQMgBWcxByAFFw0JIASfhDF2AZ1VaRFQCfNBVWkXIAVVaRkgByQxHKCkASCgpAEkoKQBK
641=KCkASygpAExIAWFnDWFnXZVlDmBnJ+kCT0AEyQxQKCkAUSgpAFIoKQBTKCkAVCgpAFUoKQ
642=BWKCkAVygpAFgoKQBZKCkAWigpAFsoKQBcKCkAXSgpAF4oKQBfKCkAYCgpAGEoKQBiKCkA
643=YygpAGQoKQBlKCkAZigrAB4AXnA9cWEfKCkAICgpACEoKQAiKCkAIygpACQoKQAlSAFoZF
644=FWJsgBUVYnSAGPDAQAKCgpACkoKQAqKCkAK0kBsXMFBAAsyAEjqiZeAHxiWeIuVAJoAUnH
645=L8gBSccwyAEBCwQAMUgBIvw2AQAEADLIAUUIM8gBXdA0yAFd0DVJAey1DTbIAU0FN0gBcA
646=JFCDhIAZREa2ReACd5AgNNYl5OAAAATV074AQiPTRe/WI9KFUAPkgBfGJRxD/IAVHEQMgB
647=UcRByAFRYUJIASeJDF4jLCdBDkRVAiZEa0kARcgBQQ9GSAGEEyIoQifhAUgoVQBJKCkASi
648=gpAEsoKQBMKCkATUgBdWUSaGQnMQFPVALJDFAoKQBRKCkAUigpAFMoKQBUKCkAVSgpAFYo
649=KQBXKCkAWCgpAFkoKQBaKCkAWygpAFwoKQBdKCkAXigpAF8oKQBgKCkAYSgpAGIoKQBjKC
650=kAZCgpAGUoKwAfAF9ML0gAInBAJykAIShVACIoKQAjKCkAJCgpACVJARFQNllIJsgBUUsn
651=SAFUCn1tKCgpACkoKQAqKCkAK0gBcGFRVizIAVFWLUgBZGABDAQALsgBSd0vyAEBDgQAMM
652=kBD3JhXwBwYUXOMlQCaAFNyzPIAVl0NMgBWXQ1SAFwYVUNNsgBVQ03SAHdFThJATlsAXFh
653=X03GACIpTTpUAnACTQA7SAHBRjwoKQA9SAFkYEm8PsgBSbw/yAEBDAAAQMgBTbVByAFNtU
654=JIAScxDF8oMAyoAV0qRUAEfGKRYV/pb0dUAs0QSCgpAEkoKQBKKCkASygpAEwoKQBNKCkA
655=TigpAE8oKQBQKCkAUSgpAFIoKQBTKCkAVCgpAFUoKQBWKCkAVygpAFgoKQBZKCkAWigpAF
656=soKQBcKCkAXSgpAF4oKQBfKCkAYCgpAGEoKQBiKCkAYygpAGQoKwAgAGBMOkgAInwxJykA
657=IihVACMoKQAkKCkAJUgBeF5ZSCbIAVlIJ0gBSAm4XicxASkoVQAqKCkAKygpACwoKQAtKC
658=kALigpAC8oKQAwKCkAMSgpADIoKQAzKCkANCgpADUoKQA2KCkAN0gBm0gEADhIAXheXUw5
659=SAGVAgBdv2DpTjsoVQA8SQHfXBxZUz3IAVkGPkgBZGABEAAAP8kBEXpeYAB0AlGuQdUCEy
660=I7WmAA4lgHUQhDVAJgXEkBRMgBQQNFyAFdCkZIAdkRRygpAEgoKQBJKCkASigpAEsoKQBM
661=KCkATSgpAE4oKQBPKCkAUCgpAFEoKQBSKCkAUygpAFQoKQBVKCkAVigpAFcoKQBYKCkAWS
662=gpAFooKQBbKCkAXCgpAF0oKQBeKCkAXygpAGAoKQBhKCkAYigpAGMoKwAhAGFULEgAItBX
663=JykAIyhVACQoKQAlKCkAJigpACcoKQAoKCkAKSgpACooKQArKCkALCgpAC0oKQAuKCkALy
664=gpADAoKQAxKCkAMigpADMoKQA0KCkANSgpADYoKQA3SQE/QB5V0zjIAVFLOUgBxUo6KCkA
665=O0gBdVoDIpIjYQBpAQQiHDCpAQUiAT1h8WE/TQXARAlJC0DIAVUBQcgBUVZCSAHJDENIAc
666=0FRMgBTQVFyAFNBUZIAc0FRygpAEgoKQBJKCkASigpAEsoKQBMKCkATSgpAE4oKQBPKCkA
667=UCgpAFEoKQBSKCkAUygpAFQoKQBVKCkAVigpAFcoKQBYKCkAWSgpAFooKQBbKCkAXCgpAF
668=0oKQBeKCkAXygpAGAoKQBhKCkAYigrACIAYlgwSAAi/GInKQAkKFUAJSgpACYoKQAnKCkA
669=KCgpACkoKQAqKCkAKygpACwoKQAtKCkALigpAC8oKQAwKCkAMSgpADIoKQAzKCkANCgpAD
670=UoKQA2KCkAN0gBaFlFzjjIAUVVOUgBzUc6KCkAOygpADxIAWlZB2lZYv1XPlQC2QY/KCkA
671=QCgpAEEoKQBCKCkAQygpAEQoKQBFKCkARigpAEcoKQBIKCkASSgpAEooKQBLKCkATCgpAE
672=0oKQBOKCkATygpAFAoKQBRKCkAUigpAFMoKQBUKCkAVSgpAFYoKQBXKCkAWCgpAFkoKQBa
673=KCkAWygpAFwoKQBdKCkAXigpAF8oKQBgKCkAYSgrACMAY1BXSAAi0G0nKQAlKFUAJigpAC
674=coKQAoKCkAKSgpACooKQArKCkALCgpAC0oKQAuKCkALygpADAoKQAxKCkAMigpADMoKQA0
675=KCkANSgpADYoKQA3SQFASBuer2MAaAFNnzlUAtVPOigpADsoKQA8KCkAPSgpAD4oKQA/KC
676=kAQCgpAEEoKQBCKCkAQygpAEQoKQBFKCkARigpAEcoKQBIKCkASSgpAEooKQBLKCkATCgp
677=AE0oKQBOKCkATygpAFAoKQBRKCkAUigpAFMoKQBUKCkAVSgpAFYoKQBXKCgAC1gAYwD//w
678=AAAAAAWQBjEQAADQ0AIAEA//8AYwBaAGPpAVsoKQBcKCkAXSgpAF4oKQBfKCkAYCgrACQA
679=ZGwKAgAABAAlKCkAJigpACcoKQAoKCkAKSgpACooKQArKCkALCgpAC0oKQAuKCkALygpAD
680=AoKQAxKCkAMigpADMoKQA0KCkANSgpADYoKQA3SQFASBoBAgQAOMgBAQMAADlIAdknOigp
681=ADsoKQA8KCkAPSgpAD4oKQA/KCkAQCgpAEEoKQBCKCkAQygpAEQoKQBFKCkARigpAEcoKQ
682=BIKCkASSgpAEooKQBLKCkATCgpAE0oKQBOKCkATygpAFAoKQBRKCkAUigpAFMoKQBUKCkA
683=VSgpAFYoKQBXKCkAWCgpAFkoKQBaKCkAWygpAFwoKQBdKCkAXigpAF8oKwAlAGVAOEsABA
684=AmKCkAJygpACgoKQApKCkAKigpACsoKQAsKCkALSgpAC4oKQAvKCkAMCgpADEoKQAyKCkA
685=MygpADQoKQA1KCkANigpADdJAURQGEVrOMkBAWFRZfF3OlQCzVI7KCkAPCgpAD1JAYRMBk
686=kAPsgBAQIAAD9JAYVIAkkLQMgBVQFBSAHRCUIoKQBDKCkARCgpAEUoKQBGKCkARygpAEgo
687=KQBJKCkASigpAEsoKQBMKCkATSgpAE4oKQBPKCkAUCgpAFEoKQBSKCkAUygpAFQoKQBVKC
688=kAVigpAFcoKQBYKCkAWSgpAFooKQBbKCkAXCgpAF0oKQBeKCsAJgBmSCtLAAQAJygpACgo
689=KQApKCkAKigpACsoKQAsKCkALSgpAC4oKQAvKCkAMCgpADEoKQAyKCkAMygpADQoKQA1KC
690=kANigpADdIAZBAbp9mAHZPBARMn6gBAQUAADrjBAAAOygpADxIAXxMXaQ9yAEBBAAAPsoB
691=BQFKTmYAaE4BAwEAQFQCaAFBBEHIAV0KQkgBgw8AAEMoKQBEKCkARSgpAEYoKQBHKCkASC
692=gpAEkoKQBKKCkASygpAEwoKQBNKCkATigpAE8oKQBQKCkAUSgpAFIoKQBTKCkAVCgpAFUo
693=KQBWKCkAVygpAFgoKQBZKCkAWigpAFsoKQBcKCkAXSgrACcAZ1BMSwAEACgoKQApKCkAKi
694=gpACsoKQAsKCkALSgpAC4oKQAvKCkAMCgpADEoKQAyKCkAMygpADQoKQA1KCkANigpADco
695=KQA4SQFHRBdJmznKAQEEU0tnAEi1AjtUAmgBVQI8SQGEQJQBBgQAPcoBBwNSS2cAdgIIAl
696=FLZ5JLBgJRS2fxo0FMBcVKQigpAEMoKQBEKCkARSgpAEYoKQBHKCkASCgpAEkoKQBKKCkA
697=SygpAEwoKQBNKCkATigpAE8oKQBQKCkAUSgpAFIoKQBTKCkAVCgpAFUoKQBWKCkAVygpAF
698=goKQBZKCkAWigpAFsoKQBcKCsAKABoeC8iLScpKCkAKigpACsoKQAsKCkALSgpAC4oKQAv
699=KCkAMCgpADEoKQAyKCkAM0kBjWsPBAA0SQGFqQE1KCkANigpADcoKQA4KCkAOUkBh7kGOk
700=gBZAFRSzsoKQA8KCkAPUgBbUcKeUhomkgLA1lIaJpICQNaSGgA2VNBTAVoAUFRQkkBSGEL
701=BE2UaIRVVQJEVQJJtQJFyAFVAkZJAUq1AkdIAWQIWRFIyAFBBElIAdEJSsgBVQJLSAHRCU
702=zIAVUCTUgBaLFFCE7IAV1hT0gBwVxQKCkAUSgpAFIoKQBTKCkAVCgpAFUoKQBWKCkAVygp
703=AFgoKQBZKCkAWigpAFsoKwApAGl8HW1HKigpACsoKQAsKCkALSgpAC4oKQAvKCkAMCgpAD
704=EoKQAySAHVRDNJAYN8DWJGaQDJATUoVQA2KCkANygpADgoKQA5SQGGpQg6SAFkAV0rOygp
705=ADwoKQA9KCkAPigpAD8oKQBAKCkAQSgpAEIoKQBDKCkARCgpAEUoKQBGKCkARygpAEgoKQ
706=BJKCkASigpAEsoKQBMKCkATUgBi0MEAE5IAWxHWfhPyAFZ7VBIAYMEAABRKCkAUigpAFMo
707=KQBUKCkAVSgpAFYoKQBXKCkAWCgpAFkoKQBaKCsAKgBqUNVTLQMAK0gBQAFhRiwoKQAtKC
708=kALigpAC8oKQAwKCkAMUgB3UEySAHRQDMoKQA0KCkANSgpADYoKQA3KCkAOCgpADkoKQA6
709=SAHZijtIAd0VPCgpAD0oKQA+KCkAPygpAEAoKQBBKCkAQigpAEMoKQBEKCkARSgpAEYoKQ
710=BHKCkASCgpAEkoKQBKKCkASygpAEwoKQBNKCkATkkBQ2caBABPyAFZilBIASdqCGoAyQFS
711=KFUAUygpAFQoKQBVKCkAVigpAFcoKQBYKCkAWSgrACsAa2QQsEAnKQAtKFUALigpAC8oKQ
712=AwKCkAMUkBjG8IBAAySAEnEQhr8YI0KFUANSgpADYoKQA3KCkAOCgpADkoKQA6KCkAO0gB
713=3UE8SAF8DlWGPSgpAD4oKQA/KCkAQCgpAEEoKQBCKCkAQygpAEQoKQBFKCkARigpAEcoKQ
714=BIKCkASSgpAEooKQBLKCkATCgpAE0oKQBOSAGMPHFAa0DbSzEEAFBUAmhDSYVRSAGDBAAA
715=UigpAFMoKQBUKCkAVSgpAFYoKQBXKCkAWCgrACwAbJQnWSctKCkALigpAC8oKQAwKCkAMU
716=gBJ7kHbO08M1QCxT80KCkANSgpADYoKQA3KCkAOCgpADkoKQA6KCkAOygpADxIAcU/PUgB
717=jxcEAD4oKQA/KCkAQCgpAEEoKQBCKCkAQygpAEQoKQBFKCkARigpAEcoKQBIKCkASSgpAE
718=ooKQBLKCkATCgpAE0oKQBOKCkAT0gBIpxLQTBQyAFZf1FIASe5B2z5f1MoVQBUKCkAVSgp
719=AFYoKQBXKCsALQBtnCRJDC4oKQAvKCkAMEgBxbgxSAHJODIoKQAzKCkANCgpADUoKQA2KC
720=kANygpADgoKQA5KCkAOigpADsoKQA8SAElISA9SAGAFmA7J+kCPyhVAEAoKQBBKCkAQigp
721=AEMoKQBEKCkARSgpAEYoKQBHKCkASCgpAEkoKQBKKCkASygpAEwoKQBNKCkATigpAE9IAW
722=E7An54bQBpAQN9/G31OVJABM08UygpAFQoKQBVKCkAVigrAC4Abu33L0gBwSUwSAHBcjFI
723=AScJB24obA4nKQA0KIEANSgpADYoKQA3KCkAOCgpADkoKQA6KCkAOygpADxIAScJB26AE0
724=lOPlQCjwEEAD8oKQBAKCkAQSgpAEIoKQBDKCkARCgpAEUoKQBGKCkARygpAEgoKQBJKCkA
725=SigpAEsoKQBMKCkATSgpAE4oKQBPSQE/bBdpOG5aFwAAjXNuKAgHJykAU0wF1TlUKCkAVS
726=grAC8Ab2gJQrsAMEkBkHMBBAAxSAEnsQZvKLAGJykANCiBADUoKQA2KCkANygpADgoKQA5
727=KCkAOigpADsoKQA8SAEnsAYnZQI+VAJgE102PygpAEAoKQBBKCkAQigpAEMoKQBEKCkARS
728=gpAEYoKQBHKCkASCgpAEkoKQBKKCkASygpAEwoKQBNKCkATigpAE9IAXA1nW1vkDWdbW8o
729=sAYnKQBTTAUnsAYnVwAwAHCMH1EfMUgBxTQySAHFNDMoKQA0KCkANSgpADYoKQA3KCkAOC
730=gpADkoKQA6KCkAOygpADxIASdYBic5Aj5UAogTbGgnVQBAKFUAQSgpAEIoKQBDKCkARCgp
731=AEUoKQBGKCkARygpAEgoKQBJKCkASigpAEsoKQBMKCkATSgpAE4oKQBPSQFBbBduaHAAaA
732=GNaHAoWAYnKQBTTAXbMjEAcXAGdWUySAHJmzNIAc0xNCgpADUoKQA2KCkANygpADgoKQA5
733=KCkAOigpADtJAYh/DQQAPEkBiqkBPUgBZAFdQT4oKQA/KCkAQCgpAEEoKQBCKCkAQygpAE
734=QoKQBFKCkARigpAEcoKQBIKCkASSgpAEooKQBLKCkATCgpAE0oKQBOKCkAT0gBdC6dYnGA
735=MJ1icSgABicoAAEyAHIA2V4zSAEnqQVy4ZM1KFUANigpADcoKQA4KCkAOSgpADpIAdEqO0
736=gB0So8KCkAPSgpAD4oKQA/KCkAQCgpAEEoKQBCKCkAQygpAEQoKQBFKCkARigpAEcoKQBI
737=KCkASSgpAEooKQBLKCkATCgpAE0oKQBOKCkAT0gBfPxBRlDIAY1dcustMwBz/Ss0SAHJTj
738=VIAcktNigpADcoKQA4KCkAOUgBxSk6SAHFKTsoKQA8KCkAPSgpAD4oKQA/KCkAQCgpAEEo
739=KQBCKCkAQygpAEQoKQBFKCkARigpAEcoKQBIKCkASSgpAEooKQBLKCkATCgpAE0oKQBOKC
740=kAT0gBcCqdV3MmHyU0AHSMH0ktNUgB0VY2SAHRKjcoKQA4SAHNJjlIAZwGIphbJwUBOyhV
741=ADwoKQA9KCkAPigpAD8oKQBAKCkAQSgpAEIoKQBDKCgACEQAdAAAAAAAAAQAEQAALgNLCA
742=FFAHQAgwAEAEYoKQBHKCkASCgpAEkoKQBKKCkASygpAEwoKQBNKCkATigpAE8oKwA1AHWc
743=DgEABAA2KCkANygpADgoKQA5KCkAOigpADsoKQA8KCkAPSgpAD4oKQA/KCkAQCgpAEEoKQ
744=BCKCkAQygpAEQoKQBFKCkARigpAEcoKQBIKCkASSgpAEooKQBLKCkATCgpAE0oKQBOKCsA
745=NgB29SM3KCkAOCgpADkoKQA6KCkAOygpADwoKQA9KCkAPigpAD8oKQBAKCkAQSgpAEIoKQ
746=BDKCkARCgpAEUoKQBGKCkARygpAEgoKQBJKCkASigpAEsoKQBMKCkATSgrADcAd/0gOCgp
747=ADkoKQA6KCkAOygpADwoKQA9KCkAPigpAD8oKQBAKCkAQSgpAEIoKQBDKCkARCgpAEUoKQ
748=BGKCkARygpAEgoKQBJKCkASigpAEsoKQBMKCsAOAB45R45KCkAOigpADsoKQA8KCkAPSgp
749=AD4oKQA/KCkAQCgpAEEoKQBCKCkAQygpAEQoKQBFKCkARigpAEcoKQBIKCkASSgpAEooKQ
750=BLKCsAOQB57Rs6KCkAOygpADwoKQA9KCkAPigpAD8oKQBAKCkAQSgpAEIoKQBDKCkARCgp
751=AEUoKQBGKCkARygpAEgoKQBJKCkASigoAAI6AHoAKH8YAwA7SAFkAVGYPCgpAD0oKQA+KC
752=kAPygpAEAoKQBBKCkAQigpAEMoKQBEKCkARSgpAEYoKQBHKCkASCgpAEkoKwA7AHuMFJAU
753=JykAPShVAD4oKQA/KCkAQCgpAEEoKQBCKCkAQygpAEQoKQBFKCkARigpAEcoKQBIKCsAPA
754=B85RM9KCkAPigpAD8oKQBAKCkAQSgpAEIoKQBDKCkARCgpAEUoKQBGKCkARygrAD0Afe0Q
755=PigpAD8oKQBAKCkAQSgpAEIoKQBDKCkARCgpAEUoKQBGKCsAPgB+9Q0/KCkAQCgpAEEoKQ
756=BCKCkAQygpAEQoKQBFKCsAPwB//QpAKCkAQSgpAEIoKQBDKCkARCgrAEAAgOUIQSgpAEIo
757=KQBDKCsAQQCB7AUIQgCBAAAAAAAABAARAAA=

[Lighting]
Red=1.000000
Blue=1.000000
Green=1.000000
Level=0.014000
Ground=0.000000
IonRed=1.000000
Ambient=1.000000
IonBlue=1.000000
IonGreen=1.000000
IonLevel=0.032000
IonGround=0.000000
IonAmbient=1.000000
DominatorRed=0.850000
DominatorBlue=0.300000
DominatorGreen=0.200000
DominatorLevel=0.000000
DominatorGround=0.000000
DominatorAmbient=1.500000
DominatorAmbientChangeRate=0.009000

[Map]
Size=0,0,65,65
Theater=TEMPERATE
LocalSize=2,4,61,59

[Neutral]
IQ=0
Edge=North
Color=Grey
Allies=Neutral
Country=Neutral
Credits=0
NodeCount=0
TechLevel=1
PercentBuilt=0
PlayerControl=no

[Nod]
IQ=0
Edge=North
Color=Gold
Allies=Nod
Country=Nod
Credits=0
NodeCount=0
TechLevel=1
PercentBuilt=0
PlayerControl=no

[OverlayDataPack]
1=EQAAIP5HHgCBBP4EAAeBBP6zAQCAYAAAIP5HAACBCP4EAAuBB/74AQCDBAgK//0BSACBB/
2=4GAAv//wFMAoIKBv/+AU0EgQj++QEA/wYCRQj/AAJLBv/7AUsAgQcOAYMKCAT++wEAgQj/
3=+wFKCjQD//wBTBD+ugkAgLUAACD+IAQAgQH+BAAD/gACAP8DAiME/v8BAIEE9PEJ/gMAB/
4=QnCv+PAZkGgwQEBvBiCoEI/gMAC4EI/scBAIIGBu4vCoIICv4DAAuCCgj/yQFfCv4uAACB
5=B/4LAAuBB//zAWgOFf3+CAAL/8UBYgzqLBKBBCX9/ggAC4EK7SsO/4ABoQL/QQAXFMlbEP
6=+yAWQQ0y0W6WcO/9QBWRbpKg7/1AFZGIIHB//oAS8U0xYc6S0c/6cBWRKAHAEAIP4YAACB
7=Af4UAACCCAf+LAAAhAQHCAr+BgALgwoIBP7EAQCDBggG/i8AAEIAgQj+tAEAggED/hAAAI
8=IHB9FJAP4FAAfTLgKCBAj+BgAL6i4A/ooBAIQDBAYGySEC0WUEgQdV4oEH0WcAgQb+BgAH
9=/7kBZwCCCArILAbSLQBCAP+6AWIE2ksGgQc5uwQI/gQABtFlBv/TAUAIgQZJtgHREd4AB4
10=MEBgDKHgbQCAz/ywFICkm1IfnfYgZSAIEK7S4C/pcBAIEEX7XjSQxkAP+1AWUC/0IALQpg
11=L//IAUoM7EAMEgAN/f+7AWMG1QMO40gQEgD/yAFJEMwLFOJJDuAeDv+5AWIU/8oBSgjx5B
12=H/xwFlAPDfD9lBBP7QAQCAywAAIP53AACCBAP+/QEAggYH/7EBxwCBBP5MAACCBwf+rQEA
13=hQQICgsI//sBKgSBCP4DAAuBCv9MAHcG/64BdgaCBgr+BAALggoG//gBLAgT//4DAAv/Sw
14=B3Cv+tAXYKM///TQApDP+tAXYCgQf+BwAL5HcOgQb+BQAH3CkEgQb/TQApBP9iAccE5icQ
15=5SMS/0sAKwr/ZAHFAhHW4isSSCzeKhSCAwP/sAF5AuIoBFgs/0wAKg7/swF4Cv/3AVYWV/
16=3/+AFVGFwq/6sDVRqAVAAAIP5NAACBB/4JAAuCCgb+9AEAggYK/ggAC4EI/vYBAIEI/ggA
17=C4EH/vYBAGYB//sBVwSCCgj+AwAHgQT/+gFYBv/3AVcC/gUAAIEE//oBVAj+txEAgFwAAC
18=D+NRAAgQb+AwAHgQT++gEAggcK/gMAC4EH/vcBAIMEBwgR///5ATgSgQf+BwALgQj//wE6
19=FIIKCP/2ATgQUgD/+AE2FIEGJ/4kAoEG/vUBAIEI/ggAC//FATkWgD0AACD+MgAAgQf+BQ
20=ALhAoIBwT+9gEAgwQICv4DAAuBCP77AQCBCP4DAAuBB/77AQCBBP4DAAf/9wE7AP7RFwCA
21=BQAAIP4AIACABQAAIP4AIACABQAAIP4AIACABQAAIP4AIACABQAAIP4AIACABQAAIP4AIA
22=CABQAAIP4AIACABQAAIP4AIACABQAAIP4AIACABQAAIP4AIACABQAAIP4AIACABQAAIP4A
23=IACABQAAIP4AIACABQAAIP4AIACABQAAIP4AIACABQAAIP4AIACABQAAIP4AIACABQAAIP
24=4AIACABQAAIP4AIACABQAAIP4AIACABQAAIP4AIACABQAAIP4AIACABQAAIP4AIACABQAA
25=IP4AIACA

[OverlayPack]
1=DQAAIP5HHv/+BgBw/rMB/4AzAAAg/kcA//4GAHD++AH//ggAcP//BU0A/vkB//8HAkUI//
2=kFTAIyA/79Af//AAJIEv64Cf+AZwAAIP4gBP/+BQAe/wICIAL/AQIlBP82AigG/gUAcP/7
3=AVwC/8kBXgrxIgb+CgBw/8cBIgTsZw7//gNbDv4QAHD/xAF+EuksFP/VA1kU6C0Y/wwCWR
4=j+AwAe/7ABYgzSLhzrZhL/pQFbEoChAAAg/hgA/4Ee0gQA0hgA/hgA//4KAHD+AwAe/sQB
5=/+9lAP+8AWAAz2QC0WQC/ggAcNhGAP+5AWUA/gQAHt0iAP4LAHD/zwFLAs4oAvArBv62Af
6=9x0f4FAB5AB9NjBv/TAUAIyEIKYgDWLAD/5QFACuM/AP/PAU0M40kO/9EBQQz/AAQREOw/
7=FP/OAUYI7w0U/9IBQBb/0wE/FP82AuUZ/uUB/4CGAAAg/ncA/4IeHv79Af//sQF3AP4DAH
8=D/UQAqAoSxsf+x/6kBgQL/UwAoBBID/6sBfwT/TAApBv+uAXYC/ggAcP/3AywI/gkAcP8m
9=AiwM4iUQ/6wBdg7qIxDlIxL/tAF3Cv4SAP+BQvc/Ev+vAXcC5CgS/goAcP72Af///gFPFv
10=4MAHD/pwVZGIAnAAAg/k0A//4MAHD+9AH///8BTgDJSwL/+wVYAv77Af//AAJOCv6yEf+A
11=LQAAIP41EP/+BQBw//8BOw7/+AE5EP4JAHD/AAQ6Ev/3ATcW/wAEMRjIMBz+xAH/gB0AAC
12=D+MgD//goAcP72Af///QE1AHIC//sDOQL+zBf/gAUAACD+ACD/gAUAACD+ACD/gAUAACD+
13=ACD/gAUAACD+ACD/gAUAACD+ACD/gAUAACD+ACD/gAUAACD+ACD/gAUAACD+ACD/gAUAAC
14=D+ACD/gAUAACD+ACD/gAUAACD+ACD/gAUAACD+ACD/gAUAACD+ACD/gAUAACD+ACD/gAUA
15=ACD+ACD/gAUAACD+ACD/gAUAACD+ACD/gAUAACD+ACD/gAUAACD+ACD/gAUAACD+ACD/gA
16=UAACD+ACD/gAUAACD+ACD/gAUAACD+ACD/gAUAACD+ACD/gA==

[Russians]
IQ=0
Edge=North
Color=DarkRed
Allies=Russians
Country=Russians
Credits=0
NodeCount=0
TechLevel=1
PercentBuilt=0
PlayerControl=no

[Special]
IQ=0
Edge=North
Color=Grey
Allies=Special
Country=Special
Credits=0
NodeCount=0
TechLevel=1
PercentBuilt=0
PlayerControl=no

[SpecialFlags]
Inert=no
FogOfWar=no
IonStorms=no
MCVDeploy=no
Meteorites=no
Visceroids=yes
FixedAlliance=no
TiberiumGrows=yes
InitialVeteran=no
HarvesterImmune=no
TiberiumSpreads=yes
TiberiumExplosive=no
DestroyableBridges=yes

[Structures]
1=Neutral,CAHSE05,256,72,43,64,None,1,0,1,0,0,None,None,None,0,0
2=Neutral,SNODAYLAMP,256,80,42,64,None,1,0,1,0,0,None,None,None,0,0
3=Neutral,CABUNK01,256,79,43,64,None,1,0,1,0,0,None,None,None,0,0
4=Neutral,CAMSC11,256,70,43,64,None,1,0,1,0,0,None,None,None,0,0
5=Neutral,CAMISC05,256,72,41,64,None,1,0,1,0,0,None,None,None,0,0
6=Neutral,CAUKFGL,256,70,41,64,None,1,0,1,0,0,None,None,None,0,0
7=Neutral,CASLAB,256,113,54,64,None,1,0,1,0,0,None,None,None,0,0
8=Neutral,CAURB03,256,116,58,64,None,1,0,1,0,0,None,None,None,0,0
9=Neutral,CAURB03,256,111,56,64,None,1,0,1,0,0,None,None,None,0,0
10=Neutral,CAURB03,256,111,51,64,None,1,0,1,0,0,None,None,None,0,0
11=Neutral,CAURB03,256,116,52,64,None,1,0,1,0,0,None,None,None,0,0
12=Neutral,GAPILL,256,111,54,64,None,1,0,1,0,0,None,None,None,0,0
13=Neutral,CAMACH,256,39,97,64,None,1,0,1,0,0,None,None,None,0,0
14=Neutral,CAOILD,256,118,73,64,None,1,0,1,0,0,None,None,None,0,0
15=Neutral,CAOILD,256,35,52,64,None,1,0,1,0,0,None,None,None,0,0
16=Neutral,INBLULMP,256,116,55,64,None,1,0,1,0,0,None,None,None,0,0
17=Neutral,CAMISC03,256,62,75,64,None,1,0,1,0,0,None,None,None,0,0
21=Neutral,CAFARM01,256,59,50,64,None,1,0,1,0,0,None,None,None,0,0
22=Neutral,CAFARM02,256,61,50,64,None,1,0,1,0,0,None,None,None,0,0
23=Neutral,CAHSE07,256,59,56,64,None,1,0,1,0,0,None,None,None,0,0

[Tags]
01000001=0,Start loop 1,01000000
01000003=2,Sunrise 1,01000002
01000005=2,Ambient is up 1,01000004
01000007=2,Sunset 1,01000006
01000009=2,Ambient is Down 1,01000008

[TeamTypes]

[Terrain]
19072=TIBTRE01
23080=TREE21
23082=TREE11
24079=TREE13
24080=TREE13
25084=TREE14
26082=TREE08
27085=TREE14
28084=TREE16
31073=TREE08
32070=TREE08
33071=TREE12
34070=TREE05
34074=TREE24
34075=TREE25
34080=TREE16
34083=TREE24
35073=TREE18
37078=TREE11
40078=TREE13
44096=TIBTRE02
51107=TREE08
51109=TREE11
53068=TIBTRE02
55116=TREE32
56116=TREE31
57022=TIBTRE02
61034=TREE33
64031=TREE08
67032=TREE13
70039=TIBTRE02
71029=TREE09
72027=TREE07
72028=TREE12
72030=TREE07
72062=LT_GEN03
72066=LT_SGN03
73066=LT_SGN01
73070=LT_GEN01
75029=TREE19
75030=TREE03
75033=TREE20
76029=TREE12
76033=TREE09
77032=TREE12
77033=TREE14
77062=LT_GEN03
77066=LT_SGN03
78066=LT_SGN01
78070=LT_GEN01
78082=TIBTRE02
79027=TREE27
79036=TREE10
80029=TREE14
80037=TREE09
80038=TREE11
81028=TREE23
81038=TREE12
82029=TREE21
82035=TREE09
82036=TREE21
82039=TREE16
82062=LT_GEN03
83036=TREE15
83066=LT_SGN03
84066=LT_SGN01
84070=LT_GEN01
87062=LT_GEN03
88036=TREE04
88081=TREE04
88083=TREE06
89039=TREE10
89066=LT_SGN03
89070=LT_GEN01
89076=TREE07
89079=TREE08
89081=TREE04
89084=TREE08
90029=TREE08
90066=LT_SGN01
90076=TREE02
90078=TREE05
90080=TREE07
91037=TREE11
91039=TREE16
91043=TREE12
91077=TREE06
91078=TREE05
91079=TREE32
91080=TREE31
91083=TREE04
91085=TREE08
92045=TREE09
92062=LT_GEN03
92074=TREE08
92075=TREE05
92076=TREE07
92078=TREE32
92083=TREE08
92086=TREE05
93032=TREE18
93043=TREE14
93048=TREE03
93073=TREE14
93074=TREE02
93075=TREE01
93077=TREE13
93080=TREE33
94036=TREE10
94039=TREE06
94045=TREE04
94049=TREE05
94066=LT_SGN03
94070=LT_GEN01
94072=TREE06
94073=TREE07
94074=TREE14
94075=TREE04
94077=TREE07
94079=TREE02
94080=TREE08
94083=TREE04
94084=TREE14
94085=TREE13
94086=TREE01
95043=TREE11
95047=TREE07
95066=LT_SGN01
95072=TREE05
95075=TREE13
95079=TREE05
95080=TREE07
95082=TREE13
95083=TREE02
96045=TREE12
96075=TREE06
96076=TREE06
96077=TREE07
96079=TREE04
96082=TREE08
96083=TREE07
97082=TREE07
98074=TREE07
98075=TREE05
98076=TREE03
98077=TREE05
98078=TREE05
98079=TREE03
98080=TREE14
98081=TREE05
98082=TREE13
99074=TREE05
109054=TIBTRE02

[Triggers]
01000000=Neutral,<none>,Start loop,0,1,1,1,0
01000002=Neutral,<none>,Sunrise,1,1,1,1,0
01000004=Neutral,<none>,Ambient is up,1,1,1,1,0
01000006=Neutral,<none>,Sunset,1,1,1,1,0
01000008=Neutral,<none>,Ambient is Down,1,1,1,1,0

[Waypoints]
0=25056
1=84093
2=67015
3=120064

[YuriCountry]
IQ=0
Edge=North
Color=DarkRed
Allies=YuriCountry
Country=YuriCountry
Credits=0
NodeCount=0
TechLevel=1
PercentBuilt=0
PlayerControl=no



[Digest]
1=uYBzmrI+AbvJ0sANvdyCW+5ZzbQ=

